
****** vitis-run v2024.1 (64-bit)
  **** SW Build 5074859 on 2024-05-20-23:21:20
  **** Start of session at: Wed Sep  2 03:10:51 2026
    ** Copyright 1986-2022 Xilinx, Inc. All Rights Reserved.
    ** Copyright 2022-2024 Advanced Micro Devices, Inc. All Rights Reserved.

INFO: [vitis-run 82-31] Launching vitis_hls: vitis_hls -nolog -run tcl -f /home/eim32828/Desktop/Vitis_HLS_Gens/SampleNeuralNets_30_8/Basic/build_prj.tcl -work_dir /home/eim32828/Desktop/Vitis_HLS_Gens/SampleNeuralNets_30_8/Basic

****** Vitis HLS - High-Level Synthesis from C, C++ and OpenCL v2024.1 (64-bit)
  **** SW Build 5069499 on May 21 2024
  **** IP Build 5075265 on Wed May 22 21:45:21 MDT 2024
  **** SharedData Build 5076995 on Wed May 22 18:29:18 MDT 2024
  **** Start of session at: Wed Sep  2 03:10:52 2026
    ** Copyright 1986-2022 Xilinx, Inc. All Rights Reserved.
    ** Copyright 2022-2024 Advanced Micro Devices, Inc. All Rights Reserved.

source /opt/Xilinx/Vitis_HLS/2024.1/scripts/vitis_hls/hls.tcl -notrace
INFO: [HLS 200-10] For user 'eim32828' on host 'ei-lan-400.hs-regensburg.de' (Linux_x86_64 version 6.1.0-49-amd64) on Wed Sep 02 03:10:54 CEST 2026
INFO: [HLS 200-10] On os Debian GNU/Linux 12 (bookworm)
INFO: [HLS 200-10] In directory '/home/eim32828/Desktop/Vitis_HLS_Gens/SampleNeuralNets_30_8/Basic'
Sourcing Tcl script '/home/eim32828/Desktop/Vitis_HLS_Gens/SampleNeuralNets_30_8/Basic/build_prj.tcl'
INFO: [HLS 200-1510] Running: open_project SampleNeuralNet_prj 
INFO: [HLS 200-10] Creating and opening project '/home/eim32828/Desktop/Vitis_HLS_Gens/SampleNeuralNets_30_8/Basic/SampleNeuralNet_prj'.
INFO: [HLS 200-1510] Running: set_top SampleNeuralNet 
INFO: [HLS 200-1510] Running: add_files firmware/SampleNeuralNet.cpp -cflags -std=c++0x 
INFO: [HLS 200-10] Adding design file 'firmware/SampleNeuralNet.cpp' to the project
INFO: [HLS 200-1510] Running: add_files -tb SampleNeuralNet_test.cpp -cflags -std=c++0x 
INFO: [HLS 200-10] Adding test bench file 'SampleNeuralNet_test.cpp' to the project
INFO: [HLS 200-1510] Running: add_files -tb firmware/weights 
INFO: [HLS 200-10] Adding test bench file 'firmware/weights' to the project
INFO: [HLS 200-1510] Running: add_files -tb tb_data 
INFO: [HLS 200-10] Adding test bench file 'tb_data' to the project
INFO: [HLS 200-1510] Running: open_solution solution1 
INFO: [HLS 200-10] Creating and opening solution '/home/eim32828/Desktop/Vitis_HLS_Gens/SampleNeuralNets_30_8/Basic/SampleNeuralNet_prj/solution1'.
INFO: [HLS 200-1505] Using default flow_target 'vivado'
Resolution: For help on HLS 200-1505 see docs.xilinx.com/access/sources/dita/topic?Doc_Version=2024.1%20English&url=ug1448-hls-guidance&resourceid=200-1505.html
INFO: [HLS 200-1510] Running: config_array_partition -maximum_size 4096 
ERROR: [HLS 200-101] config_array_partition: Unknown option '-maximum_size'.
ERROR: [HLS 200-101] config_array_partition: Unknown option '4096'.
SYNTAX 
  config_array_partition [OPTIONS]
    -auto_partition_threshold <uint:*4*> *** DEPRECATED***
    -auto_promotion_threshold <uint:*64*> *** DEPRECATED***
    -complete_threshold <uint:*4*> 
    -throughput_driven <off|auto|aggressive|*on*>

SEE ALSO
  INI: syn.array_partition.complete_threshold syn.array_partition.throughput_driven
  docs.xilinx.com/access/sources/dita/topic?Doc_Version=2024.1%20English&url=ug1399-vitis-hls&resourceid=vyw1583260160301.html

INFO: [HLS 200-1510] Running: config_compile -name_max_length 80 
INFO: [XFORM 203-1161] The maximum of name length is set to 80.
INFO: [HLS 200-1510] Running: set_part xc7z010clg400-1 
INFO: [HLS 200-1611] Setting target device to 'xc7z010-clg400-1'
INFO: [XFORM 203-1161] The maximum of name length is set to 80.
INFO: [HLS 200-1510] Running: config_schedule -enable_dsp_full_reg=false 
INFO: [HLS 200-1510] Running: create_clock -period 4 -name default 
INFO: [SYN 201-201] Setting up clock 'default' with a period of 4ns.
INFO: [HLS 200-1510] Running: set_clock_uncertainty 27% default 
INFO: [SYN 201-201] Setting up clock 'default' with an uncertainty of 1.08ns.
***** C SIMULATION *****
INFO: [HLS 200-1510] Running: csim_design 
INFO: [SIM 211-2] *************** CSIM start ***************
INFO: [SIM 211-4] CSIM will launch CLANG as the compiler.
INFO: [HLS 200-2036] Building debug C Simulation binaries
   Compiling ../../../../SampleNeuralNet_test.cpp in debug mode
   Compiling ../../../../firmware/SampleNeuralNet.cpp in debug mode
   Generating csim.exe
INFO: Unable to open input/predictions file, using default input.
-8 -5 22 25 -27 18 -1 5 
-8 -5 22 25 -27 18 -1 5 
-8 -5 22 25 -27 18 -1 5 
-8 -5 22 25 -27 18 -1 5 
-8 -5 22 25 -27 18 -1 5 
INFO: Saved inference results to file: tb_data/csim_results.log
INFO: [SIM 211-1] CSim done with 0 errors.
INFO: [SIM 211-3] *************** CSIM finish ***************
INFO: [HLS 200-2161] Finished Command csim_design Elapsed time: 00:00:04; Allocated memory: 1.332 MB.
***** C SIMULATION COMPLETED IN 0h0m4s *****
***** C/RTL SYNTHESIS *****
INFO: [HLS 200-1510] Running: csynth_design 
INFO: [HLS 200-111] Finished File checks and directory preparation: CPU user time: 0.07 seconds. CPU system time: 0.01 seconds. Elapsed time: 0.09 seconds; current allocated memory: 336.582 MB.
INFO: [HLS 200-10] Analyzing design file 'firmware/SampleNeuralNet.cpp' ... 
WARNING: [HLS 207-5570] unexpected pragma argument 'softmax', expects function/operation (firmware/nnet_utils/nnet_activation.h:402:36)
WARNING: [HLS 207-5538] 'Resource pragma' is deprecated, use 'bind_op/bind_storage pragma' instead (firmware/nnet_utils/nnet_dense_resource.h:33:9)
WARNING: [HLS 207-5538] 'Resource pragma' is deprecated, use 'bind_op/bind_storage pragma' instead (firmware/nnet_utils/nnet_dense_resource.h:107:9)
WARNING: [HLS 207-5538] 'Resource pragma' is deprecated, use 'bind_op/bind_storage pragma' instead (firmware/nnet_utils/nnet_dense_resource.h:189:9)
WARNING: [HLS 207-5292] unused parameter 'keep' (firmware/nnet_utils/nnet_helpers.h:285:99)
WARNING: [HLS 207-5292] unused parameter 'data' (firmware/nnet_utils/nnet_function_stubs.h:14:36)
WARNING: [HLS 207-5292] unused parameter 'buffer' (firmware/nnet_utils/nnet_function_stubs.h:15:36)
WARNING: [HLS 207-5292] unused parameter 'partition' (firmware/nnet_utils/nnet_function_stubs.h:16:44)
WARNING: [HLS 207-5292] unused parameter 'data' (firmware/nnet_utils/nnet_function_stubs.h:24:24)
WARNING: [HLS 207-5292] unused parameter 'buffer' (firmware/nnet_utils/nnet_function_stubs.h:25:24)
WARNING: [HLS 207-5292] unused parameter 'partition' (firmware/nnet_utils/nnet_function_stubs.h:26:32)
WARNING: [HLS 207-5292] unused parameter 'data' (firmware/nnet_utils/nnet_function_stubs.h:33:30)
WARNING: [HLS 207-5292] unused parameter 'res' (firmware/nnet_utils/nnet_function_stubs.h:33:58)
WARNING: [HLS 207-5292] unused parameter 'weights' (firmware/nnet_utils/nnet_function_stubs.h:34:51)
WARNING: [HLS 207-5292] unused parameter 'biases' (firmware/nnet_utils/nnet_function_stubs.h:35:49)
WARNING: [HLS 207-5292] unused parameter 'data' (firmware/nnet_utils/nnet_function_stubs.h:42:30)
WARNING: [HLS 207-5292] unused parameter 'res' (firmware/nnet_utils/nnet_function_stubs.h:42:58)
WARNING: [HLS 207-5292] unused parameter 'weights' (firmware/nnet_utils/nnet_function_stubs.h:43:51)
WARNING: [HLS 207-5292] unused parameter 'biases' (firmware/nnet_utils/nnet_function_stubs.h:44:49)
WARNING: [HLS 207-5292] unused parameter 'data' (firmware/nnet_utils/nnet_function_stubs.h:51:29)
WARNING: [HLS 207-5292] unused parameter 'res' (firmware/nnet_utils/nnet_function_stubs.h:51:80)
WARNING: [HLS 207-5292] unused parameter 'weights' (firmware/nnet_utils/nnet_function_stubs.h:52:50)
WARNING: [HLS 207-5292] unused parameter 'biases' (firmware/nnet_utils/nnet_function_stubs.h:53:48)
WARNING: [HLS 207-5292] unused parameter 'data' (firmware/nnet_utils/nnet_code_gen.h:16:39)
WARNING: [HLS 207-5292] unused parameter 'res' (firmware/nnet_utils/nnet_code_gen.h:17:38)
WARNING: [HLS 207-5292] unused parameter 'weights' (firmware/nnet_utils/nnet_code_gen.h:18:60)
WARNING: [HLS 207-5292] unused parameter 'biases' (firmware/nnet_utils/nnet_code_gen.h:19:58)
INFO: [HLS 200-111] Finished Source Code Analysis and Preprocessing: CPU user time: 5.38 seconds. CPU system time: 0.45 seconds. Elapsed time: 6.06 seconds; current allocated memory: 343.328 MB.
INFO: [HLS 200-777] Using interface defaults for 'Vivado' flow target.
INFO: [HLS 200-1995] There were 3,468 instructions in the design after the 'Compile/Link' phase of compilation. See the Design Size Report for more details: /home/eim32828/Desktop/Vitis_HLS_Gens/SampleNeuralNets_30_8/Basic/SampleNeuralNet_prj/solution1/syn/report/csynth_design_size.rpt
INFO: [HLS 200-1995] There were 11,354 instructions in the design after the 'Unroll/Inline (step 1)' phase of compilation. See the Design Size Report for more details: /home/eim32828/Desktop/Vitis_HLS_Gens/SampleNeuralNets_30_8/Basic/SampleNeuralNet_prj/solution1/syn/report/csynth_design_size.rpt
INFO: [HLS 200-1995] There were 2,844 instructions in the design after the 'Unroll/Inline (step 2)' phase of compilation. See the Design Size Report for more details: /home/eim32828/Desktop/Vitis_HLS_Gens/SampleNeuralNets_30_8/Basic/SampleNeuralNet_prj/solution1/syn/report/csynth_design_size.rpt
INFO: [HLS 200-1995] There were 2,787 instructions in the design after the 'Unroll/Inline (step 3)' phase of compilation. See the Design Size Report for more details: /home/eim32828/Desktop/Vitis_HLS_Gens/SampleNeuralNets_30_8/Basic/SampleNeuralNet_prj/solution1/syn/report/csynth_design_size.rpt
INFO: [HLS 200-1995] There were 2,664 instructions in the design after the 'Unroll/Inline (step 4)' phase of compilation. See the Design Size Report for more details: /home/eim32828/Desktop/Vitis_HLS_Gens/SampleNeuralNets_30_8/Basic/SampleNeuralNet_prj/solution1/syn/report/csynth_design_size.rpt
INFO: [HLS 200-1995] There were 788 instructions in the design after the 'Array/Struct (step 1)' phase of compilation. See the Design Size Report for more details: /home/eim32828/Desktop/Vitis_HLS_Gens/SampleNeuralNets_30_8/Basic/SampleNeuralNet_prj/solution1/syn/report/csynth_design_size.rpt
INFO: [HLS 200-1995] There were 788 instructions in the design after the 'Array/Struct (step 2)' phase of compilation. See the Design Size Report for more details: /home/eim32828/Desktop/Vitis_HLS_Gens/SampleNeuralNets_30_8/Basic/SampleNeuralNet_prj/solution1/syn/report/csynth_design_size.rpt
INFO: [HLS 200-1995] There were 788 instructions in the design after the 'Array/Struct (step 3)' phase of compilation. See the Design Size Report for more details: /home/eim32828/Desktop/Vitis_HLS_Gens/SampleNeuralNets_30_8/Basic/SampleNeuralNet_prj/solution1/syn/report/csynth_design_size.rpt
INFO: [HLS 200-1995] There were 804 instructions in the design after the 'Array/Struct (step 4)' phase of compilation. See the Design Size Report for more details: /home/eim32828/Desktop/Vitis_HLS_Gens/SampleNeuralNets_30_8/Basic/SampleNeuralNet_prj/solution1/syn/report/csynth_design_size.rpt
INFO: [HLS 200-1995] There were 780 instructions in the design after the 'Array/Struct (step 5)' phase of compilation. See the Design Size Report for more details: /home/eim32828/Desktop/Vitis_HLS_Gens/SampleNeuralNets_30_8/Basic/SampleNeuralNet_prj/solution1/syn/report/csynth_design_size.rpt
INFO: [HLS 200-1995] There were 780 instructions in the design after the 'Performance (step 1)' phase of compilation. See the Design Size Report for more details: /home/eim32828/Desktop/Vitis_HLS_Gens/SampleNeuralNets_30_8/Basic/SampleNeuralNet_prj/solution1/syn/report/csynth_design_size.rpt
INFO: [HLS 200-1995] There were 780 instructions in the design after the 'Performance (step 2)' phase of compilation. See the Design Size Report for more details: /home/eim32828/Desktop/Vitis_HLS_Gens/SampleNeuralNets_30_8/Basic/SampleNeuralNet_prj/solution1/syn/report/csynth_design_size.rpt
INFO: [HLS 200-1995] There were 780 instructions in the design after the 'Performance (step 3)' phase of compilation. See the Design Size Report for more details: /home/eim32828/Desktop/Vitis_HLS_Gens/SampleNeuralNets_30_8/Basic/SampleNeuralNet_prj/solution1/syn/report/csynth_design_size.rpt
INFO: [HLS 200-1995] There were 780 instructions in the design after the 'Performance (step 4)' phase of compilation. See the Design Size Report for more details: /home/eim32828/Desktop/Vitis_HLS_Gens/SampleNeuralNets_30_8/Basic/SampleNeuralNet_prj/solution1/syn/report/csynth_design_size.rpt
INFO: [HLS 200-1995] There were 789 instructions in the design after the 'HW Transforms (step 1)' phase of compilation. See the Design Size Report for more details: /home/eim32828/Desktop/Vitis_HLS_Gens/SampleNeuralNets_30_8/Basic/SampleNeuralNet_prj/solution1/syn/report/csynth_design_size.rpt
INFO: [HLS 200-1995] There were 797 instructions in the design after the 'HW Transforms (step 2)' phase of compilation. See the Design Size Report for more details: /home/eim32828/Desktop/Vitis_HLS_Gens/SampleNeuralNets_30_8/Basic/SampleNeuralNet_prj/solution1/syn/report/csynth_design_size.rpt
INFO: [HLS 214-131] Inlining function 'nnet::product::mult<ap_fixed<16, 6, (ap_q_mode)5, (ap_o_mode)3, 0>, ap_fixed<16, 6, (ap_q_mode)5, (ap_o_mode)3, 0> >::product(ap_fixed<16, 6, (ap_q_mode)5, (ap_o_mode)3, 0>, ap_fixed<16, 6, (ap_q_mode)5, (ap_o_mode)3, 0>)' into 'void nnet::dense_latency<ap_fixed<16, 6, (ap_q_mode)5, (ap_o_mode)3, 0>, ap_fixed<36, 16, (ap_q_mode)5, (ap_o_mode)3, 0>, config2>(ap_fixed<16, 6, (ap_q_mode)5, (ap_o_mode)3, 0>*, ap_fixed<36, 16, (ap_q_mode)5, (ap_o_mode)3, 0>*, config2::weight_t*, config2::bias_t*)' (firmware/nnet_utils/nnet_dense_latency.h:42:27)
INFO: [HLS 214-131] Inlining function 'nnet::DenseLatency<ap_fixed<16, 6, (ap_q_mode)5, (ap_o_mode)3, 0>, ap_fixed<36, 16, (ap_q_mode)5, (ap_o_mode)3, 0>, config2>::dense(ap_fixed<16, 6, (ap_q_mode)5, (ap_o_mode)3, 0>*, ap_fixed<36, 16, (ap_q_mode)5, (ap_o_mode)3, 0>*, ap_fixed<16, 6, (ap_q_mode)5, (ap_o_mode)3, 0>*, ap_fixed<16, 6, (ap_q_mode)5, (ap_o_mode)3, 0>*)' into 'void nnet::dense<ap_fixed<16, 6, (ap_q_mode)5, (ap_o_mode)3, 0>, ap_fixed<36, 16, (ap_q_mode)5, (ap_o_mode)3, 0>, config2>(ap_fixed<16, 6, (ap_q_mode)5, (ap_o_mode)3, 0>*, ap_fixed<36, 16, (ap_q_mode)5, (ap_o_mode)3, 0>*, config2::weight_t*, config2::bias_t*)' (firmware/nnet_utils/nnet_dense.h:45:2)
INFO: [HLS 214-131] Inlining function 'nnet::product::mult<ap_fixed<16, 6, (ap_q_mode)5, (ap_o_mode)3, 0>, ap_fixed<16, 6, (ap_q_mode)5, (ap_o_mode)3, 0> >::product(ap_fixed<16, 6, (ap_q_mode)5, (ap_o_mode)3, 0>, ap_fixed<16, 6, (ap_q_mode)5, (ap_o_mode)3, 0>)' into 'void nnet::dense_latency<ap_fixed<16, 6, (ap_q_mode)5, (ap_o_mode)3, 0>, ap_fixed<36, 16, (ap_q_mode)5, (ap_o_mode)3, 0>, config4>(ap_fixed<16, 6, (ap_q_mode)5, (ap_o_mode)3, 0>*, ap_fixed<36, 16, (ap_q_mode)5, (ap_o_mode)3, 0>*, config4::weight_t*, config4::bias_t*)' (firmware/nnet_utils/nnet_dense_latency.h:42:27)
INFO: [HLS 214-131] Inlining function 'nnet::DenseLatency<ap_fixed<16, 6, (ap_q_mode)5, (ap_o_mode)3, 0>, ap_fixed<36, 16, (ap_q_mode)5, (ap_o_mode)3, 0>, config4>::dense(ap_fixed<16, 6, (ap_q_mode)5, (ap_o_mode)3, 0>*, ap_fixed<36, 16, (ap_q_mode)5, (ap_o_mode)3, 0>*, ap_fixed<16, 6, (ap_q_mode)5, (ap_o_mode)3, 0>*, ap_fixed<16, 6, (ap_q_mode)5, (ap_o_mode)3, 0>*)' into 'void nnet::dense<ap_fixed<16, 6, (ap_q_mode)5, (ap_o_mode)3, 0>, ap_fixed<36, 16, (ap_q_mode)5, (ap_o_mode)3, 0>, config4>(ap_fixed<16, 6, (ap_q_mode)5, (ap_o_mode)3, 0>*, ap_fixed<36, 16, (ap_q_mode)5, (ap_o_mode)3, 0>*, config4::weight_t*, config4::bias_t*)' (firmware/nnet_utils/nnet_dense.h:45:2)
INFO: [HLS 214-131] Inlining function 'nnet::product::mult<ap_fixed<16, 6, (ap_q_mode)5, (ap_o_mode)3, 0>, ap_fixed<16, 6, (ap_q_mode)5, (ap_o_mode)3, 0> >::product(ap_fixed<16, 6, (ap_q_mode)5, (ap_o_mode)3, 0>, ap_fixed<16, 6, (ap_q_mode)5, (ap_o_mode)3, 0>)' into 'void nnet::dense_latency<ap_fixed<16, 6, (ap_q_mode)5, (ap_o_mode)3, 0>, ap_fixed<36, 16, (ap_q_mode)5, (ap_o_mode)3, 0>, config6>(ap_fixed<16, 6, (ap_q_mode)5, (ap_o_mode)3, 0>*, ap_fixed<36, 16, (ap_q_mode)5, (ap_o_mode)3, 0>*, config6::weight_t*, config6::bias_t*)' (firmware/nnet_utils/nnet_dense_latency.h:42:27)
INFO: [HLS 214-131] Inlining function 'nnet::DenseLatency<ap_fixed<16, 6, (ap_q_mode)5, (ap_o_mode)3, 0>, ap_fixed<36, 16, (ap_q_mode)5, (ap_o_mode)3, 0>, config6>::dense(ap_fixed<16, 6, (ap_q_mode)5, (ap_o_mode)3, 0>*, ap_fixed<36, 16, (ap_q_mode)5, (ap_o_mode)3, 0>*, ap_fixed<16, 6, (ap_q_mode)5, (ap_o_mode)3, 0>*, ap_fixed<16, 6, (ap_q_mode)5, (ap_o_mode)3, 0>*)' into 'void nnet::dense<ap_fixed<16, 6, (ap_q_mode)5, (ap_o_mode)3, 0>, ap_fixed<36, 16, (ap_q_mode)5, (ap_o_mode)3, 0>, config6>(ap_fixed<16, 6, (ap_q_mode)5, (ap_o_mode)3, 0>*, ap_fixed<36, 16, (ap_q_mode)5, (ap_o_mode)3, 0>*, config6::weight_t*, config6::bias_t*)' (firmware/nnet_utils/nnet_dense.h:45:2)
INFO: [HLS 214-131] Inlining function 'void nnet::dense<ap_fixed<16, 6, (ap_q_mode)5, (ap_o_mode)3, 0>, ap_fixed<36, 16, (ap_q_mode)5, (ap_o_mode)3, 0>, config2>(ap_fixed<16, 6, (ap_q_mode)5, (ap_o_mode)3, 0>*, ap_fixed<36, 16, (ap_q_mode)5, (ap_o_mode)3, 0>*, config2::weight_t*, config2::bias_t*)' into 'SampleNeuralNet(ap_fixed<16, 6, (ap_q_mode)5, (ap_o_mode)3, 0>*, ap_fixed<16, 6, (ap_q_mode)5, (ap_o_mode)3, 0>*)' (firmware/SampleNeuralNet.cpp:51:2)
INFO: [HLS 214-131] Inlining function 'void nnet::dense<ap_fixed<16, 6, (ap_q_mode)5, (ap_o_mode)3, 0>, ap_fixed<36, 16, (ap_q_mode)5, (ap_o_mode)3, 0>, config4>(ap_fixed<16, 6, (ap_q_mode)5, (ap_o_mode)3, 0>*, ap_fixed<36, 16, (ap_q_mode)5, (ap_o_mode)3, 0>*, config4::weight_t*, config4::bias_t*)' into 'SampleNeuralNet(ap_fixed<16, 6, (ap_q_mode)5, (ap_o_mode)3, 0>*, ap_fixed<16, 6, (ap_q_mode)5, (ap_o_mode)3, 0>*)' (firmware/SampleNeuralNet.cpp:55:5)
INFO: [HLS 214-131] Inlining function 'void nnet::dense<ap_fixed<16, 6, (ap_q_mode)5, (ap_o_mode)3, 0>, ap_fixed<36, 16, (ap_q_mode)5, (ap_o_mode)3, 0>, config6>(ap_fixed<16, 6, (ap_q_mode)5, (ap_o_mode)3, 0>*, ap_fixed<36, 16, (ap_q_mode)5, (ap_o_mode)3, 0>*, config6::weight_t*, config6::bias_t*)' into 'SampleNeuralNet(ap_fixed<16, 6, (ap_q_mode)5, (ap_o_mode)3, 0>*, ap_fixed<16, 6, (ap_q_mode)5, (ap_o_mode)3, 0>*)' (firmware/SampleNeuralNet.cpp:59:5)
INFO: [HLS 214-291] Loop 'VITIS_LOOP_549_1' is marked as complete unroll implied by the pipeline pragma (firmware/nnet_utils/nnet_activation.h:549:23)
INFO: [HLS 214-291] Loop 'Result' is marked as complete unroll implied by the pipeline pragma (firmware/nnet_utils/nnet_dense_latency.h:64:5)
INFO: [HLS 214-291] Loop 'Accum1' is marked as complete unroll implied by the pipeline pragma (firmware/nnet_utils/nnet_dense_latency.h:54:5)
INFO: [HLS 214-291] Loop 'Accum2' is marked as complete unroll implied by the pipeline pragma (firmware/nnet_utils/nnet_dense_latency.h:56:9)
INFO: [HLS 214-291] Loop 'ResetAccum' is marked as complete unroll implied by the pipeline pragma (firmware/nnet_utils/nnet_dense_latency.h:48:5)
INFO: [HLS 214-291] Loop 'Product1' is marked as complete unroll implied by the pipeline pragma (firmware/nnet_utils/nnet_dense_latency.h:37:5)
INFO: [HLS 214-291] Loop 'Product2' is marked as complete unroll implied by the pipeline pragma (firmware/nnet_utils/nnet_dense_latency.h:40:9)
INFO: [HLS 214-186] Unrolling loop 'VITIS_LOOP_549_1' (firmware/nnet_utils/nnet_activation.h:549:23) in function 'nnet::thresholded_relu<ap_fixed<36, 16, (ap_q_mode)5, (ap_o_mode)3, 0>, ap_fixed<36, 16, (ap_q_mode)5, (ap_o_mode)3, 0>, ap_fixed<16, 6, (ap_q_mode)5, (ap_o_mode)3, 0>, thresholdedrelu_config7>' completely with a factor of 8 (firmware/nnet_utils/nnet_activation.h:545:0)
INFO: [HLS 214-186] Unrolling loop 'Result' (firmware/nnet_utils/nnet_dense_latency.h:64:5) in function 'nnet::dense_latency<ap_fixed<16, 6, (ap_q_mode)5, (ap_o_mode)3, 0>, ap_fixed<36, 16, (ap_q_mode)5, (ap_o_mode)3, 0>, config6>' completely with a factor of 8 (firmware/nnet_utils/nnet_dense_latency.h:15:0)
INFO: [HLS 214-186] Unrolling loop 'Accum1' (firmware/nnet_utils/nnet_dense_latency.h:54:5) in function 'nnet::dense_latency<ap_fixed<16, 6, (ap_q_mode)5, (ap_o_mode)3, 0>, ap_fixed<36, 16, (ap_q_mode)5, (ap_o_mode)3, 0>, config6>' completely with a factor of 8 (firmware/nnet_utils/nnet_dense_latency.h:15:0)
INFO: [HLS 214-186] Unrolling loop 'Accum2' (firmware/nnet_utils/nnet_dense_latency.h:56:9) in function 'nnet::dense_latency<ap_fixed<16, 6, (ap_q_mode)5, (ap_o_mode)3, 0>, ap_fixed<36, 16, (ap_q_mode)5, (ap_o_mode)3, 0>, config6>' completely with a factor of 8 (firmware/nnet_utils/nnet_dense_latency.h:15:0)
INFO: [HLS 214-186] Unrolling loop 'ResetAccum' (firmware/nnet_utils/nnet_dense_latency.h:48:5) in function 'nnet::dense_latency<ap_fixed<16, 6, (ap_q_mode)5, (ap_o_mode)3, 0>, ap_fixed<36, 16, (ap_q_mode)5, (ap_o_mode)3, 0>, config6>' completely with a factor of 8 (firmware/nnet_utils/nnet_dense_latency.h:15:0)
INFO: [HLS 214-186] Unrolling loop 'Product1' (firmware/nnet_utils/nnet_dense_latency.h:37:5) in function 'nnet::dense_latency<ap_fixed<16, 6, (ap_q_mode)5, (ap_o_mode)3, 0>, ap_fixed<36, 16, (ap_q_mode)5, (ap_o_mode)3, 0>, config6>' completely with a factor of 8 (firmware/nnet_utils/nnet_dense_latency.h:15:0)
INFO: [HLS 214-186] Unrolling loop 'Product2' (firmware/nnet_utils/nnet_dense_latency.h:40:9) in function 'nnet::dense_latency<ap_fixed<16, 6, (ap_q_mode)5, (ap_o_mode)3, 0>, ap_fixed<36, 16, (ap_q_mode)5, (ap_o_mode)3, 0>, config6>' completely with a factor of 8 (firmware/nnet_utils/nnet_dense_latency.h:15:0)
INFO: [HLS 214-186] Unrolling loop 'VITIS_LOOP_549_1' (firmware/nnet_utils/nnet_activation.h:549:23) in function 'nnet::thresholded_relu<ap_fixed<36, 16, (ap_q_mode)5, (ap_o_mode)3, 0>, ap_fixed<36, 16, (ap_q_mode)5, (ap_o_mode)3, 0>, ap_fixed<16, 6, (ap_q_mode)5, (ap_o_mode)3, 0>, thresholdedrelu_config5>' completely with a factor of 8 (firmware/nnet_utils/nnet_activation.h:545:0)
INFO: [HLS 214-186] Unrolling loop 'Result' (firmware/nnet_utils/nnet_dense_latency.h:64:5) in function 'nnet::dense_latency<ap_fixed<16, 6, (ap_q_mode)5, (ap_o_mode)3, 0>, ap_fixed<36, 16, (ap_q_mode)5, (ap_o_mode)3, 0>, config4>' completely with a factor of 8 (firmware/nnet_utils/nnet_dense_latency.h:15:0)
INFO: [HLS 214-186] Unrolling loop 'Accum1' (firmware/nnet_utils/nnet_dense_latency.h:54:5) in function 'nnet::dense_latency<ap_fixed<16, 6, (ap_q_mode)5, (ap_o_mode)3, 0>, ap_fixed<36, 16, (ap_q_mode)5, (ap_o_mode)3, 0>, config4>' completely with a factor of 8 (firmware/nnet_utils/nnet_dense_latency.h:15:0)
INFO: [HLS 214-186] Unrolling loop 'Accum2' (firmware/nnet_utils/nnet_dense_latency.h:56:9) in function 'nnet::dense_latency<ap_fixed<16, 6, (ap_q_mode)5, (ap_o_mode)3, 0>, ap_fixed<36, 16, (ap_q_mode)5, (ap_o_mode)3, 0>, config4>' completely with a factor of 8 (firmware/nnet_utils/nnet_dense_latency.h:15:0)
INFO: [HLS 214-186] Unrolling loop 'ResetAccum' (firmware/nnet_utils/nnet_dense_latency.h:48:5) in function 'nnet::dense_latency<ap_fixed<16, 6, (ap_q_mode)5, (ap_o_mode)3, 0>, ap_fixed<36, 16, (ap_q_mode)5, (ap_o_mode)3, 0>, config4>' completely with a factor of 8 (firmware/nnet_utils/nnet_dense_latency.h:15:0)
INFO: [HLS 214-186] Unrolling loop 'Product1' (firmware/nnet_utils/nnet_dense_latency.h:37:5) in function 'nnet::dense_latency<ap_fixed<16, 6, (ap_q_mode)5, (ap_o_mode)3, 0>, ap_fixed<36, 16, (ap_q_mode)5, (ap_o_mode)3, 0>, config4>' completely with a factor of 8 (firmware/nnet_utils/nnet_dense_latency.h:15:0)
INFO: [HLS 214-186] Unrolling loop 'Product2' (firmware/nnet_utils/nnet_dense_latency.h:40:9) in function 'nnet::dense_latency<ap_fixed<16, 6, (ap_q_mode)5, (ap_o_mode)3, 0>, ap_fixed<36, 16, (ap_q_mode)5, (ap_o_mode)3, 0>, config4>' completely with a factor of 8 (firmware/nnet_utils/nnet_dense_latency.h:15:0)
INFO: [HLS 214-186] Unrolling loop 'VITIS_LOOP_549_1' (firmware/nnet_utils/nnet_activation.h:549:23) in function 'nnet::thresholded_relu<ap_fixed<36, 16, (ap_q_mode)5, (ap_o_mode)3, 0>, ap_fixed<36, 16, (ap_q_mode)5, (ap_o_mode)3, 0>, ap_fixed<16, 6, (ap_q_mode)5, (ap_o_mode)3, 0>, thresholdedrelu_config3>' completely with a factor of 8 (firmware/nnet_utils/nnet_activation.h:545:0)
INFO: [HLS 214-186] Unrolling loop 'Result' (firmware/nnet_utils/nnet_dense_latency.h:64:5) in function 'nnet::dense_latency<ap_fixed<16, 6, (ap_q_mode)5, (ap_o_mode)3, 0>, ap_fixed<36, 16, (ap_q_mode)5, (ap_o_mode)3, 0>, config2>' completely with a factor of 8 (firmware/nnet_utils/nnet_dense_latency.h:15:0)
INFO: [HLS 214-186] Unrolling loop 'Accum1' (firmware/nnet_utils/nnet_dense_latency.h:54:5) in function 'nnet::dense_latency<ap_fixed<16, 6, (ap_q_mode)5, (ap_o_mode)3, 0>, ap_fixed<36, 16, (ap_q_mode)5, (ap_o_mode)3, 0>, config2>' completely with a factor of 8 (firmware/nnet_utils/nnet_dense_latency.h:15:0)
INFO: [HLS 214-186] Unrolling loop 'Accum2' (firmware/nnet_utils/nnet_dense_latency.h:56:9) in function 'nnet::dense_latency<ap_fixed<16, 6, (ap_q_mode)5, (ap_o_mode)3, 0>, ap_fixed<36, 16, (ap_q_mode)5, (ap_o_mode)3, 0>, config2>' completely with a factor of 8 (firmware/nnet_utils/nnet_dense_latency.h:15:0)
INFO: [HLS 214-186] Unrolling loop 'ResetAccum' (firmware/nnet_utils/nnet_dense_latency.h:48:5) in function 'nnet::dense_latency<ap_fixed<16, 6, (ap_q_mode)5, (ap_o_mode)3, 0>, ap_fixed<36, 16, (ap_q_mode)5, (ap_o_mode)3, 0>, config2>' completely with a factor of 8 (firmware/nnet_utils/nnet_dense_latency.h:15:0)
INFO: [HLS 214-186] Unrolling loop 'Product1' (firmware/nnet_utils/nnet_dense_latency.h:37:5) in function 'nnet::dense_latency<ap_fixed<16, 6, (ap_q_mode)5, (ap_o_mode)3, 0>, ap_fixed<36, 16, (ap_q_mode)5, (ap_o_mode)3, 0>, config2>' completely with a factor of 8 (firmware/nnet_utils/nnet_dense_latency.h:15:0)
INFO: [HLS 214-186] Unrolling loop 'Product2' (firmware/nnet_utils/nnet_dense_latency.h:40:9) in function 'nnet::dense_latency<ap_fixed<16, 6, (ap_q_mode)5, (ap_o_mode)3, 0>, ap_fixed<36, 16, (ap_q_mode)5, (ap_o_mode)3, 0>, config2>' completely with a factor of 8 (firmware/nnet_utils/nnet_dense_latency.h:15:0)
INFO: [HLS 214-178] Inlining function 'std::enable_if<!(std::is_same<ap_fixed<16, 6, (ap_q_mode)5, (ap_o_mode)3, 0>, ap_uint<1> >::value), ap_fixed<36, 16, (ap_q_mode)5, (ap_o_mode)3, 0> >::type nnet::cast<ap_fixed<16, 6, (ap_q_mode)5, (ap_o_mode)3, 0>, ap_fixed<36, 16, (ap_q_mode)5, (ap_o_mode)3, 0>, config2>(config2::accum_t)' into 'void nnet::dense_latency<ap_fixed<16, 6, (ap_q_mode)5, (ap_o_mode)3, 0>, ap_fixed<36, 16, (ap_q_mode)5, (ap_o_mode)3, 0>, config2>(ap_fixed<16, 6, (ap_q_mode)5, (ap_o_mode)3, 0>*, ap_fixed<36, 16, (ap_q_mode)5, (ap_o_mode)3, 0>*, config2::weight_t*, config2::bias_t*)' (firmware/nnet_utils/nnet_dense_latency.h:15:0)
INFO: [HLS 214-178] Inlining function 'std::enable_if<!(std::is_same<ap_fixed<16, 6, (ap_q_mode)5, (ap_o_mode)3, 0>, ap_uint<1> >::value), ap_fixed<36, 16, (ap_q_mode)5, (ap_o_mode)3, 0> >::type nnet::cast<ap_fixed<16, 6, (ap_q_mode)5, (ap_o_mode)3, 0>, ap_fixed<36, 16, (ap_q_mode)5, (ap_o_mode)3, 0>, config4>(config4::accum_t)' into 'void nnet::dense_latency<ap_fixed<16, 6, (ap_q_mode)5, (ap_o_mode)3, 0>, ap_fixed<36, 16, (ap_q_mode)5, (ap_o_mode)3, 0>, config4>(ap_fixed<16, 6, (ap_q_mode)5, (ap_o_mode)3, 0>*, ap_fixed<36, 16, (ap_q_mode)5, (ap_o_mode)3, 0>*, config4::weight_t*, config4::bias_t*)' (firmware/nnet_utils/nnet_dense_latency.h:15:0)
INFO: [HLS 214-178] Inlining function 'std::enable_if<!(std::is_same<ap_fixed<16, 6, (ap_q_mode)5, (ap_o_mode)3, 0>, ap_uint<1> >::value), ap_fixed<36, 16, (ap_q_mode)5, (ap_o_mode)3, 0> >::type nnet::cast<ap_fixed<16, 6, (ap_q_mode)5, (ap_o_mode)3, 0>, ap_fixed<36, 16, (ap_q_mode)5, (ap_o_mode)3, 0>, config6>(config6::accum_t)' into 'void nnet::dense_latency<ap_fixed<16, 6, (ap_q_mode)5, (ap_o_mode)3, 0>, ap_fixed<36, 16, (ap_q_mode)5, (ap_o_mode)3, 0>, config6>(ap_fixed<16, 6, (ap_q_mode)5, (ap_o_mode)3, 0>*, ap_fixed<36, 16, (ap_q_mode)5, (ap_o_mode)3, 0>*, config6::weight_t*, config6::bias_t*)' (firmware/nnet_utils/nnet_dense_latency.h:15:0)
INFO: [HLS 214-248] Applying array_partition to 'b6': Complete partitioning on dimension 1. (firmware/weights/b6.h:12:0)
INFO: [HLS 214-248] Applying array_partition to 'b4': Complete partitioning on dimension 1. (firmware/weights/b4.h:12:0)
INFO: [HLS 214-248] Applying array_partition to 'b2': Complete partitioning on dimension 1. (firmware/weights/b2.h:12:0)
INFO: [HLS 214-248] Applying array_partition to 'layer2_out': Complete partitioning on dimension 1. (firmware/SampleNeuralNet.cpp:36:18)
INFO: [HLS 214-248] Applying array_partition to 'layer3_out': Complete partitioning on dimension 1. (firmware/SampleNeuralNet.cpp:39:11)
INFO: [HLS 214-248] Applying array_partition to 'layer4_out': Complete partitioning on dimension 1. (firmware/SampleNeuralNet.cpp:42:18)
INFO: [HLS 214-248] Applying array_partition to 'layer5_out': Complete partitioning on dimension 1. (firmware/SampleNeuralNet.cpp:45:11)
INFO: [HLS 214-248] Applying array_partition to 'layer6_out': Complete partitioning on dimension 1. (firmware/SampleNeuralNet.cpp:48:18)
INFO: [HLS 214-248] Applying array_partition to 'layer7_out': Complete partitioning on dimension 1. (firmware/SampleNeuralNet.cpp:10:0)
INFO: [HLS 214-248] Applying array_reshape to 'input_layer': Complete reshaping on dimension 1. (firmware/SampleNeuralNet.cpp:10:0)
INFO: [HLS 200-111] Finished Compiling Optimization and Transform: CPU user time: 2.7 seconds. CPU system time: 0.26 seconds. Elapsed time: 7.5 seconds; current allocated memory: 352.836 MB.
INFO: [HLS 200-111] Finished Checking Pragmas: CPU user time: 0 seconds. CPU system time: 0 seconds. Elapsed time: 0.01 seconds; current allocated memory: 352.836 MB.
INFO: [HLS 200-10] Starting code transformations ...
INFO: [HLS 200-111] Finished Standard Transforms: CPU user time: 0.02 seconds. CPU system time: 0.01 seconds. Elapsed time: 0.04 seconds; current allocated memory: 354.383 MB.
INFO: [HLS 200-10] Checking synthesizability ...
INFO: [HLS 200-111] Finished Checking Synthesizability: CPU user time: 0.04 seconds. CPU system time: 0 seconds. Elapsed time: 0.04 seconds; current allocated memory: 356.910 MB.
INFO: [XFORM 203-401] Performing if-conversion on hyperblock from (firmware/nnet_utils/nnet_activation.h:548:9) to (firmware/nnet_utils/nnet_activation.h:556:1) in function 'nnet::thresholded_relu<ap_fixed<36, 16, (ap_q_mode)5, (ap_o_mode)3, 0>, ap_fixed<36, 16, (ap_q_mode)5, (ap_o_mode)3, 0>, ap_fixed<16, 6, (ap_q_mode)5, (ap_o_mode)3, 0>, thresholdedrelu_config7>'... converting 17 basic blocks.
INFO: [XFORM 203-401] Performing if-conversion on hyperblock from (firmware/nnet_utils/nnet_activation.h:548:9) to (firmware/nnet_utils/nnet_activation.h:556:1) in function 'nnet::thresholded_relu<ap_fixed<36, 16, (ap_q_mode)5, (ap_o_mode)3, 0>, ap_fixed<36, 16, (ap_q_mode)5, (ap_o_mode)3, 0>, ap_fixed<16, 6, (ap_q_mode)5, (ap_o_mode)3, 0>, thresholdedrelu_config5>'... converting 17 basic blocks.
INFO: [XFORM 203-401] Performing if-conversion on hyperblock from (firmware/nnet_utils/nnet_activation.h:548:9) to (firmware/nnet_utils/nnet_activation.h:556:1) in function 'nnet::thresholded_relu<ap_fixed<36, 16, (ap_q_mode)5, (ap_o_mode)3, 0>, ap_fixed<36, 16, (ap_q_mode)5, (ap_o_mode)3, 0>, ap_fixed<16, 6, (ap_q_mode)5, (ap_o_mode)3, 0>, thresholdedrelu_config3>'... converting 17 basic blocks.
INFO: [XFORM 203-11] Balancing expressions in function 'nnet::dense_latency<ap_fixed<16, 6, (ap_q_mode)5, (ap_o_mode)3, 0>, ap_fixed<36, 16, (ap_q_mode)5, (ap_o_mode)3, 0>, config6>' (firmware/nnet_utils/nnet_dense_latency.h:33:1)...53 expression(s) balanced.
INFO: [XFORM 203-11] Balancing expressions in function 'nnet::dense_latency<ap_fixed<16, 6, (ap_q_mode)5, (ap_o_mode)3, 0>, ap_fixed<36, 16, (ap_q_mode)5, (ap_o_mode)3, 0>, config4>' (firmware/nnet_utils/nnet_dense_latency.h:33:1)...52 expression(s) balanced.
INFO: [XFORM 203-11] Balancing expressions in function 'nnet::dense_latency<ap_fixed<16, 6, (ap_q_mode)5, (ap_o_mode)3, 0>, ap_fixed<36, 16, (ap_q_mode)5, (ap_o_mode)3, 0>, config2>' (firmware/nnet_utils/nnet_dense_latency.h:33:1)...53 expression(s) balanced.
INFO: [HLS 200-111] Finished Loop, function and other optimizations: CPU user time: 0.1 seconds. CPU system time: 0 seconds. Elapsed time: 0.12 seconds; current allocated memory: 381.254 MB.
INFO: [HLS 200-111] Finished Architecture Synthesis: CPU user time: 0.08 seconds. CPU system time: 0.01 seconds. Elapsed time: 0.1 seconds; current allocated memory: 433.258 MB.
INFO: [HLS 200-10] Starting hardware synthesis ...
INFO: [HLS 200-10] Synthesizing 'SampleNeuralNet' ...
WARNING: [SYN 201-103] Legalizing function name 'dense_latency<ap_fixed<16, 6, 5, 3, 0>, ap_fixed<36, 16, 5, 3, 0>, config2>' to 'dense_latency_ap_fixed_16_6_5_3_0_ap_fixed_36_16_5_3_0_config2_s'.
WARNING: [SYN 201-103] Legalizing function name 'thresholded_relu<ap_fixed,ap_fixed,ap_fixed,thresholdedrelu_config3>' to 'thresholded_relu_ap_fixed_ap_fixed_ap_fixed_thresholdedrelu_config3_s'.
WARNING: [SYN 201-103] Legalizing function name 'dense_latency<ap_fixed<16, 6, 5, 3, 0>, ap_fixed<36, 16, 5, 3, 0>, config4>' to 'dense_latency_ap_fixed_16_6_5_3_0_ap_fixed_36_16_5_3_0_config4_s'.
WARNING: [SYN 201-103] Legalizing function name 'thresholded_relu<ap_fixed,ap_fixed,ap_fixed,thresholdedrelu_config5>' to 'thresholded_relu_ap_fixed_ap_fixed_ap_fixed_thresholdedrelu_config5_s'.
WARNING: [SYN 201-103] Legalizing function name 'dense_latency<ap_fixed<16, 6, 5, 3, 0>, ap_fixed<36, 16, 5, 3, 0>, config6>' to 'dense_latency_ap_fixed_16_6_5_3_0_ap_fixed_36_16_5_3_0_config6_s'.
WARNING: [SYN 201-103] Legalizing function name 'thresholded_relu<ap_fixed,ap_fixed,ap_fixed,thresholdedrelu_config7>' to 'thresholded_relu_ap_fixed_ap_fixed_ap_fixed_thresholdedrelu_config7_s'.
INFO: [HLS 200-10] ----------------------------------------------------------------
INFO: [HLS 200-42] -- Implementing module 'dense_latency_ap_fixed_16_6_5_3_0_ap_fixed_36_16_5_3_0_config2_s' 
INFO: [HLS 200-10] ----------------------------------------------------------------
INFO: [SCHED 204-11] Starting scheduling ...
INFO: [SCHED 204-61] Pipelining function 'dense_latency<ap_fixed<16, 6, 5, 3, 0>, ap_fixed<36, 16, 5, 3, 0>, config2>'.
INFO: [HLS 200-1470] Pipelining result : Target II = NA, Final II = 1, Depth = 7, function 'dense_latency<ap_fixed<16, 6, 5, 3, 0>, ap_fixed<36, 16, 5, 3, 0>, config2>'
INFO: [SCHED 204-11] Finished scheduling.
INFO: [HLS 200-111] Finished Scheduling: CPU user time: 0.15 seconds. CPU system time: 0 seconds. Elapsed time: 0.2 seconds; current allocated memory: 434.488 MB.
INFO: [BIND 205-100] Starting micro-architecture generation ...
INFO: [BIND 205-101] Performing variable lifetime analysis.
INFO: [BIND 205-101] Exploring resource sharing.
INFO: [BIND 205-101] Binding ...
INFO: [BIND 205-100] Starting global binding ...
INFO: [BIND 205-100] Finished micro-architecture generation.
INFO: [HLS 200-111] Finished Binding: CPU user time: 0.03 seconds. CPU system time: 0.01 seconds. Elapsed time: 0.06 seconds; current allocated memory: 434.488 MB.
INFO: [HLS 200-10] ----------------------------------------------------------------
INFO: [HLS 200-42] -- Implementing module 'thresholded_relu_ap_fixed_ap_fixed_ap_fixed_thresholdedrelu_config3_s' 
INFO: [HLS 200-10] ----------------------------------------------------------------
INFO: [SCHED 204-11] Starting scheduling ...
INFO: [SCHED 204-61] Pipelining function 'thresholded_relu<ap_fixed,ap_fixed,ap_fixed,thresholdedrelu_config3>'.
INFO: [HLS 200-1470] Pipelining result : Target II = NA, Final II = 1, Depth = 2, function 'thresholded_relu<ap_fixed,ap_fixed,ap_fixed,thresholdedrelu_config3>'
INFO: [SCHED 204-11] Finished scheduling.
INFO: [HLS 200-111] Finished Scheduling: CPU user time: 0.04 seconds. CPU system time: 0 seconds. Elapsed time: 0.07 seconds; current allocated memory: 434.551 MB.
INFO: [BIND 205-100] Starting micro-architecture generation ...
INFO: [BIND 205-101] Performing variable lifetime analysis.
INFO: [BIND 205-101] Exploring resource sharing.
INFO: [BIND 205-101] Binding ...
INFO: [BIND 205-100] Finished micro-architecture generation.
INFO: [HLS 200-111] Finished Binding: CPU user time: 0.02 seconds. CPU system time: 0 seconds. Elapsed time: 0.02 seconds; current allocated memory: 434.809 MB.
INFO: [HLS 200-10] ----------------------------------------------------------------
INFO: [HLS 200-42] -- Implementing module 'dense_latency_ap_fixed_16_6_5_3_0_ap_fixed_36_16_5_3_0_config4_s' 
INFO: [HLS 200-10] ----------------------------------------------------------------
INFO: [SCHED 204-11] Starting scheduling ...
INFO: [SCHED 204-61] Pipelining function 'dense_latency<ap_fixed<16, 6, 5, 3, 0>, ap_fixed<36, 16, 5, 3, 0>, config4>'.
INFO: [HLS 200-1470] Pipelining result : Target II = NA, Final II = 1, Depth = 7, function 'dense_latency<ap_fixed<16, 6, 5, 3, 0>, ap_fixed<36, 16, 5, 3, 0>, config4>'
INFO: [SCHED 204-11] Finished scheduling.
INFO: [HLS 200-111] Finished Scheduling: CPU user time: 0.08 seconds. CPU system time: 0 seconds. Elapsed time: 0.11 seconds; current allocated memory: 436.777 MB.
INFO: [BIND 205-100] Starting micro-architecture generation ...
INFO: [BIND 205-101] Performing variable lifetime analysis.
INFO: [BIND 205-101] Exploring resource sharing.
INFO: [BIND 205-101] Binding ...
INFO: [BIND 205-100] Starting global binding ...
INFO: [BIND 205-100] Finished micro-architecture generation.
INFO: [HLS 200-111] Finished Binding: CPU user time: 0.03 seconds. CPU system time: 0 seconds. Elapsed time: 0.06 seconds; current allocated memory: 436.777 MB.
INFO: [HLS 200-10] ----------------------------------------------------------------
INFO: [HLS 200-42] -- Implementing module 'thresholded_relu_ap_fixed_ap_fixed_ap_fixed_thresholdedrelu_config5_s' 
INFO: [HLS 200-10] ----------------------------------------------------------------
INFO: [SCHED 204-11] Starting scheduling ...
INFO: [SCHED 204-61] Pipelining function 'thresholded_relu<ap_fixed,ap_fixed,ap_fixed,thresholdedrelu_config5>'.
INFO: [HLS 200-1470] Pipelining result : Target II = NA, Final II = 1, Depth = 2, function 'thresholded_relu<ap_fixed,ap_fixed,ap_fixed,thresholdedrelu_config5>'
INFO: [SCHED 204-11] Finished scheduling.
INFO: [HLS 200-111] Finished Scheduling: CPU user time: 0.03 seconds. CPU system time: 0.01 seconds. Elapsed time: 0.06 seconds; current allocated memory: 436.953 MB.
INFO: [BIND 205-100] Starting micro-architecture generation ...
INFO: [BIND 205-101] Performing variable lifetime analysis.
INFO: [BIND 205-101] Exploring resource sharing.
INFO: [BIND 205-101] Binding ...
INFO: [BIND 205-100] Finished micro-architecture generation.
INFO: [HLS 200-111] Finished Binding: CPU user time: 0.01 seconds. CPU system time: 0 seconds. Elapsed time: 0.03 seconds; current allocated memory: 437.281 MB.
INFO: [HLS 200-10] ----------------------------------------------------------------
INFO: [HLS 200-42] -- Implementing module 'dense_latency_ap_fixed_16_6_5_3_0_ap_fixed_36_16_5_3_0_config6_s' 
INFO: [HLS 200-10] ----------------------------------------------------------------
INFO: [SCHED 204-11] Starting scheduling ...
INFO: [SCHED 204-61] Pipelining function 'dense_latency<ap_fixed<16, 6, 5, 3, 0>, ap_fixed<36, 16, 5, 3, 0>, config6>'.
INFO: [HLS 200-1470] Pipelining result : Target II = NA, Final II = 1, Depth = 7, function 'dense_latency<ap_fixed<16, 6, 5, 3, 0>, ap_fixed<36, 16, 5, 3, 0>, config6>'
INFO: [SCHED 204-11] Finished scheduling.
INFO: [HLS 200-111] Finished Scheduling: CPU user time: 0.09 seconds. CPU system time: 0 seconds. Elapsed time: 0.11 seconds; current allocated memory: 439.160 MB.
INFO: [BIND 205-100] Starting micro-architecture generation ...
INFO: [BIND 205-101] Performing variable lifetime analysis.
INFO: [BIND 205-101] Exploring resource sharing.
INFO: [BIND 205-101] Binding ...
INFO: [BIND 205-100] Starting global binding ...
INFO: [BIND 205-100] Finished micro-architecture generation.
INFO: [HLS 200-111] Finished Binding: CPU user time: 0.04 seconds. CPU system time: 0 seconds. Elapsed time: 0.05 seconds; current allocated memory: 439.160 MB.
INFO: [HLS 200-10] ----------------------------------------------------------------
INFO: [HLS 200-42] -- Implementing module 'thresholded_relu_ap_fixed_ap_fixed_ap_fixed_thresholdedrelu_config7_s' 
INFO: [HLS 200-10] ----------------------------------------------------------------
INFO: [SCHED 204-11] Starting scheduling ...
INFO: [SCHED 204-61] Pipelining function 'thresholded_relu<ap_fixed,ap_fixed,ap_fixed,thresholdedrelu_config7>'.
INFO: [HLS 200-1470] Pipelining result : Target II = NA, Final II = 1, Depth = 2, function 'thresholded_relu<ap_fixed,ap_fixed,ap_fixed,thresholdedrelu_config7>'
INFO: [SCHED 204-11] Finished scheduling.
INFO: [HLS 200-111] Finished Scheduling: CPU user time: 0.07 seconds. CPU system time: 0 seconds. Elapsed time: 0.1 seconds; current allocated memory: 439.449 MB.
INFO: [BIND 205-100] Starting micro-architecture generation ...
INFO: [BIND 205-101] Performing variable lifetime analysis.
INFO: [BIND 205-101] Exploring resource sharing.
INFO: [BIND 205-101] Binding ...
INFO: [BIND 205-100] Finished micro-architecture generation.
INFO: [HLS 200-111] Finished Binding: CPU user time: 0.02 seconds. CPU system time: 0 seconds. Elapsed time: 0.03 seconds; current allocated memory: 439.695 MB.
INFO: [HLS 200-10] ----------------------------------------------------------------
INFO: [HLS 200-42] -- Implementing module 'SampleNeuralNet' 
INFO: [HLS 200-10] ----------------------------------------------------------------
INFO: [SCHED 204-11] Starting scheduling ...
INFO: [SCHED 204-61] Pipelining function 'SampleNeuralNet'.
INFO: [HLS 200-1470] Pipelining result : Target II = NA, Final II = 1, Depth = 28, function 'SampleNeuralNet'
INFO: [SCHED 204-11] Finished scheduling.
INFO: [HLS 200-111] Finished Scheduling: CPU user time: 0.03 seconds. CPU system time: 0 seconds. Elapsed time: 0.05 seconds; current allocated memory: 440.055 MB.
INFO: [BIND 205-100] Starting micro-architecture generation ...
INFO: [BIND 205-101] Performing variable lifetime analysis.
INFO: [BIND 205-101] Exploring resource sharing.
INFO: [BIND 205-101] Binding ...
INFO: [BIND 205-100] Finished micro-architecture generation.
INFO: [HLS 200-111] Finished Binding: CPU user time: 0.02 seconds. CPU system time: 0 seconds. Elapsed time: 0.03 seconds; current allocated memory: 440.441 MB.
INFO: [HLS 200-10] ----------------------------------------------------------------
INFO: [HLS 200-10] -- Generating RTL for module 'dense_latency_ap_fixed_16_6_5_3_0_ap_fixed_36_16_5_3_0_config2_s' 
INFO: [HLS 200-10] ----------------------------------------------------------------
INFO: [RTGEN 206-100] Generating core module 'mul_16s_15ns_31_4_0': 1 instance(s).
INFO: [RTGEN 206-100] Generating core module 'mul_16s_15s_30_4_0': 1 instance(s).
INFO: [RTGEN 206-100] Generating core module 'mul_16s_15s_31_4_0': 2 instance(s).
INFO: [RTGEN 206-100] Finished creating RTL model for 'dense_latency_ap_fixed_16_6_5_3_0_ap_fixed_36_16_5_3_0_config2_s'.
INFO: [HLS 200-111] Finished Creating RTL model: CPU user time: 0.07 seconds. CPU system time: 0.01 seconds. Elapsed time: 0.12 seconds; current allocated memory: 442.578 MB.
INFO: [HLS 200-10] ----------------------------------------------------------------
INFO: [HLS 200-10] -- Generating RTL for module 'thresholded_relu_ap_fixed_ap_fixed_ap_fixed_thresholdedrelu_config3_s' 
INFO: [HLS 200-10] ----------------------------------------------------------------
INFO: [HLS 200-1030] Apply Unified Pipeline Control on module 'thresholded_relu_ap_fixed_ap_fixed_ap_fixed_thresholdedrelu_config3_s' pipeline 'thresholded_relu<ap_fixed,ap_fixed,ap_fixed,thresholdedrelu_config3>' pipeline type 'function pipeline'
INFO: [RTGEN 206-100] Finished creating RTL model for 'thresholded_relu_ap_fixed_ap_fixed_ap_fixed_thresholdedrelu_config3_s'.
INFO: [HLS 200-111] Finished Creating RTL model: CPU user time: 0.1 seconds. CPU system time: 0.02 seconds. Elapsed time: 0.17 seconds; current allocated memory: 446.285 MB.
INFO: [HLS 200-10] ----------------------------------------------------------------
INFO: [HLS 200-10] -- Generating RTL for module 'dense_latency_ap_fixed_16_6_5_3_0_ap_fixed_36_16_5_3_0_config4_s' 
INFO: [HLS 200-10] ----------------------------------------------------------------
INFO: [RTGEN 206-100] Generating core module 'mul_16s_15ns_30_4_0': 1 instance(s).
INFO: [RTGEN 206-100] Generating core module 'mul_16s_15s_30_4_0': 2 instance(s).
INFO: [RTGEN 206-100] Generating core module 'mul_16s_15s_31_4_0': 1 instance(s).
INFO: [RTGEN 206-100] Finished creating RTL model for 'dense_latency_ap_fixed_16_6_5_3_0_ap_fixed_36_16_5_3_0_config4_s'.
INFO: [HLS 200-111] Finished Creating RTL model: CPU user time: 0.09 seconds. CPU system time: 0 seconds. Elapsed time: 0.13 seconds; current allocated memory: 449.953 MB.
INFO: [HLS 200-10] ----------------------------------------------------------------
INFO: [HLS 200-10] -- Generating RTL for module 'thresholded_relu_ap_fixed_ap_fixed_ap_fixed_thresholdedrelu_config5_s' 
INFO: [HLS 200-10] ----------------------------------------------------------------
INFO: [HLS 200-1030] Apply Unified Pipeline Control on module 'thresholded_relu_ap_fixed_ap_fixed_ap_fixed_thresholdedrelu_config5_s' pipeline 'thresholded_relu<ap_fixed,ap_fixed,ap_fixed,thresholdedrelu_config5>' pipeline type 'function pipeline'
INFO: [RTGEN 206-100] Finished creating RTL model for 'thresholded_relu_ap_fixed_ap_fixed_ap_fixed_thresholdedrelu_config5_s'.
INFO: [HLS 200-111] Finished Creating RTL model: CPU user time: 0.12 seconds. CPU system time: 0 seconds. Elapsed time: 0.18 seconds; current allocated memory: 453.648 MB.
INFO: [HLS 200-10] ----------------------------------------------------------------
INFO: [HLS 200-10] -- Generating RTL for module 'dense_latency_ap_fixed_16_6_5_3_0_ap_fixed_36_16_5_3_0_config6_s' 
INFO: [HLS 200-10] ----------------------------------------------------------------
INFO: [RTGEN 206-100] Generating core module 'mul_16s_15ns_31_4_0': 1 instance(s).
INFO: [RTGEN 206-100] Generating core module 'mul_16s_15s_30_4_0': 2 instance(s).
INFO: [RTGEN 206-100] Generating core module 'mul_16s_15s_31_4_0': 1 instance(s).
INFO: [RTGEN 206-100] Finished creating RTL model for 'dense_latency_ap_fixed_16_6_5_3_0_ap_fixed_36_16_5_3_0_config6_s'.
INFO: [HLS 200-111] Finished Creating RTL model: CPU user time: 0.09 seconds. CPU system time: 0 seconds. Elapsed time: 0.13 seconds; current allocated memory: 456.449 MB.
INFO: [HLS 200-10] ----------------------------------------------------------------
INFO: [HLS 200-10] -- Generating RTL for module 'thresholded_relu_ap_fixed_ap_fixed_ap_fixed_thresholdedrelu_config7_s' 
INFO: [HLS 200-10] ----------------------------------------------------------------
INFO: [HLS 200-1030] Apply Unified Pipeline Control on module 'thresholded_relu_ap_fixed_ap_fixed_ap_fixed_thresholdedrelu_config7_s' pipeline 'thresholded_relu<ap_fixed,ap_fixed,ap_fixed,thresholdedrelu_config7>' pipeline type 'function pipeline'
INFO: [RTGEN 206-100] Finished creating RTL model for 'thresholded_relu_ap_fixed_ap_fixed_ap_fixed_thresholdedrelu_config7_s'.
INFO: [HLS 200-111] Finished Creating RTL model: CPU user time: 0.11 seconds. CPU system time: 0.01 seconds. Elapsed time: 0.18 seconds; current allocated memory: 461.285 MB.
INFO: [HLS 200-10] ----------------------------------------------------------------
INFO: [HLS 200-10] -- Generating RTL for module 'SampleNeuralNet' 
INFO: [HLS 200-10] ----------------------------------------------------------------
INFO: [RTGEN 206-500] Setting interface mode on port 'SampleNeuralNet/input_layer' to 'ap_vld'.
INFO: [RTGEN 206-500] Setting interface mode on port 'SampleNeuralNet/layer7_out_0' to 'ap_vld'.
INFO: [RTGEN 206-500] Setting interface mode on port 'SampleNeuralNet/layer7_out_1' to 'ap_vld'.
INFO: [RTGEN 206-500] Setting interface mode on port 'SampleNeuralNet/layer7_out_2' to 'ap_vld'.
INFO: [RTGEN 206-500] Setting interface mode on port 'SampleNeuralNet/layer7_out_3' to 'ap_vld'.
INFO: [RTGEN 206-500] Setting interface mode on port 'SampleNeuralNet/layer7_out_4' to 'ap_vld'.
INFO: [RTGEN 206-500] Setting interface mode on port 'SampleNeuralNet/layer7_out_5' to 'ap_vld'.
INFO: [RTGEN 206-500] Setting interface mode on port 'SampleNeuralNet/layer7_out_6' to 'ap_vld'.
INFO: [RTGEN 206-500] Setting interface mode on port 'SampleNeuralNet/layer7_out_7' to 'ap_vld'.
INFO: [RTGEN 206-500] Setting interface mode on function 'SampleNeuralNet' to 'ap_ctrl_hs'.
INFO: [HLS 200-1030] Apply Unified Pipeline Control on module 'SampleNeuralNet' pipeline 'SampleNeuralNet' pipeline type 'function pipeline'
INFO: [RTGEN 206-100] Finished creating RTL model for 'SampleNeuralNet'.
INFO: [HLS 200-111] Finished Creating RTL model: CPU user time: 0.06 seconds. CPU system time: 0.02 seconds. Elapsed time: 0.13 seconds; current allocated memory: 463.984 MB.
INFO: [HLS 200-111] Finished Generating all RTL models: CPU user time: 0.19 seconds. CPU system time: 0.06 seconds. Elapsed time: 0.51 seconds; current allocated memory: 468.602 MB.
INFO: [HLS 200-111] Finished Updating report files: CPU user time: 0.5 seconds. CPU system time: 0.02 seconds. Elapsed time: 0.55 seconds; current allocated memory: 477.598 MB.
INFO: [VHDL 208-304] Generating VHDL RTL for SampleNeuralNet.
INFO: [VLOG 209-307] Generating Verilog RTL for SampleNeuralNet.
INFO: [HLS 200-789] **** Estimated Fmax: 368.32 MHz
INFO: [HLS 200-2161] Finished Command csynth_design Elapsed time: 00:00:17; Allocated memory: 141.426 MB.
***** C/RTL SYNTHESIS COMPLETED IN 0h0m17s *****
***** C/RTL SIMULATION *****
INFO: [HLS 200-1510] Running: add_files -tb SampleNeuralNet_test.cpp -cflags -std=c++0x -DRTL_SIM 
INFO: [HLS 200-10] Adding test bench file 'SampleNeuralNet_test.cpp' to the project
INFO: [HLS 200-1510] Running: cosim_design -trace_level all -setup 
INFO: [COSIM 212-47] Using XSIM for RTL simulation.
INFO: [COSIM 212-14] Instrumenting C test bench ...
   Build using "/opt/Xilinx/Vitis_HLS/2024.1/vcxx/libexec//clang++"
   Compiling apatb_SampleNeuralNet.cpp
   Compiling SampleNeuralNet.cpp_pre.cpp.tb.cpp
   Compiling SampleNeuralNet_test.cpp_pre.cpp.tb.cpp
   Compiling apatb_SampleNeuralNet_ir.ll
   Generating cosim.tv.exe
INFO: [COSIM 212-302] Starting C TB testing ... 
INFO: Unable to open input/predictions file, using default input.
-8 -5 22 25 -27 18 -1 5 
-8 -5 22 25 -27 18 -1 5 
-8 -5 22 25 -27 18 -1 5 
-8 -5 22 25 -27 18 -1 5 
-8 -5 22 25 -27 18 -1 5 
INFO: Saved inference results to file: tb_data/rtl_cosim_results.log
INFO: [COSIM 212-333] Generating C post check test bench ...
INFO: [COSIM 212-12] Generating RTL test bench ...
INFO: [COSIM 212-1] *** C/RTL co-simulation file generation completed. ***
INFO: [HLS 200-2161] Finished Command cosim_design Elapsed time: 00:00:12; Allocated memory: 10.883 MB.
INFO: [HLS 200-1510] Running: source /home/eim32828/Desktop/Vitis_HLS_Gens/SampleNeuralNets_30_8/Basic/project.tcl
INFO: [HLS 200-1510] Running: source run_sim.tcl
INFO: [HLS 200-1510] Running: source check_sim.tcl
INFO: [HLS 200-1510] Running: source dataflow_monitor_API.tcl
INFO: [COSIM 212-302] Starting C TB testing ...  
INFO: Unable to open input/predictions file, using default input.
-8 -5 22 25 -27 18 -1 5 
-8 -5 22 25 -27 18 -1 5 
-8 -5 22 25 -27 18 -1 5 
-8 -5 22 25 -27 18 -1 5 
-8 -5 22 25 -27 18 -1 5 
INFO: Saved inference results to file: tb_data/rtl_cosim_results.log
INFO: [COSIM 212-323] Starting verilog simulation...
INFO: [COSIM 212-15] Starting XSIM ...
Vivado Simulator v2024.1
Copyright 1986-2022 Xilinx, Inc. All Rights Reserved.
Copyright 2022-2024 Advanced Micro Devices, Inc. All Rights Reserved.
Running: /opt/Xilinx/Vivado/2024.1/bin/unwrapped/lnx64.o/xelab xil_defaultlib.apatb_SampleNeuralNet_top glbl -Oenable_linking_all_libraries -prj SampleNeuralNet.prj -L smartconnect_v1_0 -L axi_protocol_checker_v1_1_12 -L axi_protocol_checker_v1_1_13 -L axis_protocol_checker_v1_1_11 -L axis_protocol_checker_v1_1_12 -L xil_defaultlib -L unisims_ver -L xpm -L floating_point_v7_0_23 -L floating_point_v7_1_18 --lib ieee_proposed=./ieee_proposed -s SampleNeuralNet -debug all 
Multi-threading is on. Using 6 slave threads.
INFO: [VRFC 10-2263] Analyzing SystemVerilog file "/home/eim32828/Desktop/Vitis_HLS_Gens/SampleNeuralNets_30_8/Basic/SampleNeuralNet_prj/solution1/sim/verilog/glbl.v" into library work
INFO: [VRFC 10-311] analyzing module glbl
INFO: [VRFC 10-2263] Analyzing SystemVerilog file "/home/eim32828/Desktop/Vitis_HLS_Gens/SampleNeuralNets_30_8/Basic/SampleNeuralNet_prj/solution1/sim/verilog/SampleNeuralNet_dense_latency_ap_fixed_16_6_5_3_0_ap_fixed_36_16_5_3_0_config2_s.v" into library xil_defaultlib
INFO: [VRFC 10-311] analyzing module SampleNeuralNet_dense_latency_ap_fixed_16_6_5_3_0_ap_fixed_36_16_5_3_0_config2_s
INFO: [VRFC 10-2263] Analyzing SystemVerilog file "/home/eim32828/Desktop/Vitis_HLS_Gens/SampleNeuralNets_30_8/Basic/SampleNeuralNet_prj/solution1/sim/verilog/SampleNeuralNet.autotb.v" into library xil_defaultlib
INFO: [VRFC 10-311] analyzing module apatb_SampleNeuralNet_top
INFO: [VRFC 10-2263] Analyzing SystemVerilog file "/home/eim32828/Desktop/Vitis_HLS_Gens/SampleNeuralNets_30_8/Basic/SampleNeuralNet_prj/solution1/sim/verilog/SampleNeuralNet_thresholded_relu_ap_fixed_ap_fixed_ap_fixed_thresholdedrelu_config7_s.v" into library xil_defaultlib
INFO: [VRFC 10-311] analyzing module SampleNeuralNet_thresholded_relu_ap_fixed_ap_fixed_ap_fixed_thresholdedrelu_config7_s
INFO: [VRFC 10-2263] Analyzing SystemVerilog file "/home/eim32828/Desktop/Vitis_HLS_Gens/SampleNeuralNets_30_8/Basic/SampleNeuralNet_prj/solution1/sim/verilog/SampleNeuralNet_dense_latency_ap_fixed_16_6_5_3_0_ap_fixed_36_16_5_3_0_config4_s.v" into library xil_defaultlib
INFO: [VRFC 10-311] analyzing module SampleNeuralNet_dense_latency_ap_fixed_16_6_5_3_0_ap_fixed_36_16_5_3_0_config4_s
INFO: [VRFC 10-2263] Analyzing SystemVerilog file "/home/eim32828/Desktop/Vitis_HLS_Gens/SampleNeuralNets_30_8/Basic/SampleNeuralNet_prj/solution1/sim/verilog/SampleNeuralNet_mul_16s_15s_30_4_0.v" into library xil_defaultlib
INFO: [VRFC 10-311] analyzing module SampleNeuralNet_mul_16s_15s_30_4_0
INFO: [VRFC 10-2263] Analyzing SystemVerilog file "/home/eim32828/Desktop/Vitis_HLS_Gens/SampleNeuralNets_30_8/Basic/SampleNeuralNet_prj/solution1/sim/verilog/SampleNeuralNet.v" into library xil_defaultlib
INFO: [VRFC 10-311] analyzing module SampleNeuralNet
INFO: [VRFC 10-2263] Analyzing SystemVerilog file "/home/eim32828/Desktop/Vitis_HLS_Gens/SampleNeuralNets_30_8/Basic/SampleNeuralNet_prj/solution1/sim/verilog/SampleNeuralNet_mul_16s_15s_31_4_0.v" into library xil_defaultlib
INFO: [VRFC 10-311] analyzing module SampleNeuralNet_mul_16s_15s_31_4_0
INFO: [VRFC 10-2263] Analyzing SystemVerilog file "/home/eim32828/Desktop/Vitis_HLS_Gens/SampleNeuralNets_30_8/Basic/SampleNeuralNet_prj/solution1/sim/verilog/SampleNeuralNet_thresholded_relu_ap_fixed_ap_fixed_ap_fixed_thresholdedrelu_config5_s.v" into library xil_defaultlib
INFO: [VRFC 10-311] analyzing module SampleNeuralNet_thresholded_relu_ap_fixed_ap_fixed_ap_fixed_thresholdedrelu_config5_s
INFO: [VRFC 10-2263] Analyzing SystemVerilog file "/home/eim32828/Desktop/Vitis_HLS_Gens/SampleNeuralNets_30_8/Basic/SampleNeuralNet_prj/solution1/sim/verilog/SampleNeuralNet_mul_16s_15ns_31_4_0.v" into library xil_defaultlib
INFO: [VRFC 10-311] analyzing module SampleNeuralNet_mul_16s_15ns_31_4_0
INFO: [VRFC 10-2263] Analyzing SystemVerilog file "/home/eim32828/Desktop/Vitis_HLS_Gens/SampleNeuralNets_30_8/Basic/SampleNeuralNet_prj/solution1/sim/verilog/SampleNeuralNet_mul_16s_15ns_30_4_0.v" into library xil_defaultlib
INFO: [VRFC 10-311] analyzing module SampleNeuralNet_mul_16s_15ns_30_4_0
INFO: [VRFC 10-2263] Analyzing SystemVerilog file "/home/eim32828/Desktop/Vitis_HLS_Gens/SampleNeuralNets_30_8/Basic/SampleNeuralNet_prj/solution1/sim/verilog/SampleNeuralNet_thresholded_relu_ap_fixed_ap_fixed_ap_fixed_thresholdedrelu_config3_s.v" into library xil_defaultlib
INFO: [VRFC 10-311] analyzing module SampleNeuralNet_thresholded_relu_ap_fixed_ap_fixed_ap_fixed_thresholdedrelu_config3_s
INFO: [VRFC 10-2263] Analyzing SystemVerilog file "/home/eim32828/Desktop/Vitis_HLS_Gens/SampleNeuralNets_30_8/Basic/SampleNeuralNet_prj/solution1/sim/verilog/SampleNeuralNet_dense_latency_ap_fixed_16_6_5_3_0_ap_fixed_36_16_5_3_0_config6_s.v" into library xil_defaultlib
INFO: [VRFC 10-311] analyzing module SampleNeuralNet_dense_latency_ap_fixed_16_6_5_3_0_ap_fixed_36_16_5_3_0_config6_s
INFO: [VRFC 10-2263] Analyzing SystemVerilog file "/home/eim32828/Desktop/Vitis_HLS_Gens/SampleNeuralNets_30_8/Basic/SampleNeuralNet_prj/solution1/sim/verilog/dataflow_monitor.sv" into library xil_defaultlib
INFO: [VRFC 10-311] analyzing module dataflow_monitor
Starting static elaboration
Pass Through NonSizing Optimizer
Completed static elaboration
Starting simulation data flow analysis
Completed simulation data flow analysis
Time Resolution for simulation is 1ps
Compiling package xil_defaultlib.$unit_dataflow_monitor_sv
Compiling module xil_defaultlib.SampleNeuralNet_mul_16s_15ns_31_...
Compiling module xil_defaultlib.SampleNeuralNet_mul_16s_15s_31_4...
Compiling module xil_defaultlib.SampleNeuralNet_mul_16s_15s_30_4...
Compiling module xil_defaultlib.SampleNeuralNet_dense_latency_ap...
Compiling module xil_defaultlib.SampleNeuralNet_thresholded_relu...
Compiling module xil_defaultlib.SampleNeuralNet_mul_16s_15ns_30_...
Compiling module xil_defaultlib.SampleNeuralNet_dense_latency_ap...
Compiling module xil_defaultlib.SampleNeuralNet_thresholded_relu...
Compiling module xil_defaultlib.SampleNeuralNet_dense_latency_ap...
Compiling module xil_defaultlib.SampleNeuralNet_thresholded_relu...
Compiling module xil_defaultlib.SampleNeuralNet
Compiling module xil_defaultlib.nodf_module_intf_default
Compiling module xil_defaultlib.dataflow_monitor_1
Compiling module xil_defaultlib.apatb_SampleNeuralNet_top
Compiling module work.glbl
Built simulation snapshot SampleNeuralNet

****** xsim v2024.1 (64-bit)
  **** SW Build 5076996 on Wed May 22 18:36:09 MDT 2024
  **** IP Build 5075265 on Wed May 22 21:45:21 MDT 2024
  **** SharedData Build 5076995 on Wed May 22 18:29:18 MDT 2024
  **** Start of session at: Wed Sep  2 03:11:40 2026
    ** Copyright 1986-2022 Xilinx, Inc. All Rights Reserved.
    ** Copyright 2022-2024 Advanced Micro Devices, Inc. All Rights Reserved.

source xsim.dir/SampleNeuralNet/xsim_script.tcl
# xsim {SampleNeuralNet} -view {{SampleNeuralNet_dataflow_ana.wcfg}} -tclbatch {SampleNeuralNet.tcl} -protoinst {SampleNeuralNet.protoinst}
INFO: [Wavedata 42-565] Reading protoinst file SampleNeuralNet.protoinst
INFO: [Wavedata 42-564]   Found protocol instance at /apatb_SampleNeuralNet_top/AESL_inst_SampleNeuralNet//AESL_inst_SampleNeuralNet_activity
INFO: [Wavedata 42-564]   Found protocol instance at /apatb_SampleNeuralNet_top/AESL_inst_SampleNeuralNet/grp_thresholded_relu_ap_fixed_ap_fixed_ap_fixed_thresholdedrelu_config3_s_fu_120/grp_thresholded_relu_ap_fixed_ap_fixed_ap_fixed_thresholdedrelu_config3_s_fu_120_activity
INFO: [Wavedata 42-564]   Found protocol instance at /apatb_SampleNeuralNet_top/AESL_inst_SampleNeuralNet/grp_thresholded_relu_ap_fixed_ap_fixed_ap_fixed_thresholdedrelu_config5_s_fu_144/grp_thresholded_relu_ap_fixed_ap_fixed_ap_fixed_thresholdedrelu_config5_s_fu_144_activity
INFO: [Wavedata 42-564]   Found protocol instance at /apatb_SampleNeuralNet_top/AESL_inst_SampleNeuralNet/grp_thresholded_relu_ap_fixed_ap_fixed_ap_fixed_thresholdedrelu_config7_s_fu_168/grp_thresholded_relu_ap_fixed_ap_fixed_ap_fixed_thresholdedrelu_config7_s_fu_168_activity
Time resolution is 1 ps
open_wave_config SampleNeuralNet_dataflow_ana.wcfg
source SampleNeuralNet.tcl
## set designtopgroup [add_wave_group "Design Top Signals"]
## set coutputgroup [add_wave_group "C Outputs" -into $designtopgroup]
## set return_group [add_wave_group return(wire) -into $coutputgroup]
## add_wave /apatb_SampleNeuralNet_top/AESL_inst_SampleNeuralNet/layer7_out_7_ap_vld -into $return_group -color #ffff00 -radix hex
## add_wave /apatb_SampleNeuralNet_top/AESL_inst_SampleNeuralNet/layer7_out_7 -into $return_group -radix hex
## add_wave /apatb_SampleNeuralNet_top/AESL_inst_SampleNeuralNet/layer7_out_6_ap_vld -into $return_group -color #ffff00 -radix hex
## add_wave /apatb_SampleNeuralNet_top/AESL_inst_SampleNeuralNet/layer7_out_6 -into $return_group -radix hex
## add_wave /apatb_SampleNeuralNet_top/AESL_inst_SampleNeuralNet/layer7_out_5_ap_vld -into $return_group -color #ffff00 -radix hex
## add_wave /apatb_SampleNeuralNet_top/AESL_inst_SampleNeuralNet/layer7_out_5 -into $return_group -radix hex
## add_wave /apatb_SampleNeuralNet_top/AESL_inst_SampleNeuralNet/layer7_out_4_ap_vld -into $return_group -color #ffff00 -radix hex
## add_wave /apatb_SampleNeuralNet_top/AESL_inst_SampleNeuralNet/layer7_out_4 -into $return_group -radix hex
## add_wave /apatb_SampleNeuralNet_top/AESL_inst_SampleNeuralNet/layer7_out_3_ap_vld -into $return_group -color #ffff00 -radix hex
## add_wave /apatb_SampleNeuralNet_top/AESL_inst_SampleNeuralNet/layer7_out_3 -into $return_group -radix hex
## add_wave /apatb_SampleNeuralNet_top/AESL_inst_SampleNeuralNet/layer7_out_2_ap_vld -into $return_group -color #ffff00 -radix hex
## add_wave /apatb_SampleNeuralNet_top/AESL_inst_SampleNeuralNet/layer7_out_2 -into $return_group -radix hex
## add_wave /apatb_SampleNeuralNet_top/AESL_inst_SampleNeuralNet/layer7_out_1_ap_vld -into $return_group -color #ffff00 -radix hex
## add_wave /apatb_SampleNeuralNet_top/AESL_inst_SampleNeuralNet/layer7_out_1 -into $return_group -radix hex
## add_wave /apatb_SampleNeuralNet_top/AESL_inst_SampleNeuralNet/layer7_out_0_ap_vld -into $return_group -color #ffff00 -radix hex
## add_wave /apatb_SampleNeuralNet_top/AESL_inst_SampleNeuralNet/layer7_out_0 -into $return_group -radix hex
## set cinputgroup [add_wave_group "C Inputs" -into $designtopgroup]
## set return_group [add_wave_group return(wire) -into $cinputgroup]
## add_wave /apatb_SampleNeuralNet_top/AESL_inst_SampleNeuralNet/input_layer -into $return_group -radix hex
## add_wave /apatb_SampleNeuralNet_top/AESL_inst_SampleNeuralNet/input_layer_ap_vld -into $return_group -color #ffff00 -radix hex
## set blocksiggroup [add_wave_group "Block-level IO Handshake" -into $designtopgroup]
## add_wave /apatb_SampleNeuralNet_top/AESL_inst_SampleNeuralNet/ap_start -into $blocksiggroup
## add_wave /apatb_SampleNeuralNet_top/AESL_inst_SampleNeuralNet/ap_done -into $blocksiggroup
## add_wave /apatb_SampleNeuralNet_top/AESL_inst_SampleNeuralNet/ap_idle -into $blocksiggroup
## add_wave /apatb_SampleNeuralNet_top/AESL_inst_SampleNeuralNet/ap_ready -into $blocksiggroup
## set resetgroup [add_wave_group "Reset" -into $designtopgroup]
## add_wave /apatb_SampleNeuralNet_top/AESL_inst_SampleNeuralNet/ap_rst -into $resetgroup
## set clockgroup [add_wave_group "Clock" -into $designtopgroup]
## add_wave /apatb_SampleNeuralNet_top/AESL_inst_SampleNeuralNet/ap_clk -into $clockgroup
## set testbenchgroup [add_wave_group "Test Bench Signals"]
## set tbinternalsiggroup [add_wave_group "Internal Signals" -into $testbenchgroup]
## set tb_simstatus_group [add_wave_group "Simulation Status" -into $tbinternalsiggroup]
## set tb_portdepth_group [add_wave_group "Port Depth" -into $tbinternalsiggroup]
## add_wave /apatb_SampleNeuralNet_top/AUTOTB_TRANSACTION_NUM -into $tb_simstatus_group -radix hex
## add_wave /apatb_SampleNeuralNet_top/ready_cnt -into $tb_simstatus_group -radix hex
## add_wave /apatb_SampleNeuralNet_top/done_cnt -into $tb_simstatus_group -radix hex
## add_wave /apatb_SampleNeuralNet_top/LENGTH_input_layer -into $tb_portdepth_group -radix hex
## add_wave /apatb_SampleNeuralNet_top/LENGTH_layer7_out_0 -into $tb_portdepth_group -radix hex
## add_wave /apatb_SampleNeuralNet_top/LENGTH_layer7_out_1 -into $tb_portdepth_group -radix hex
## add_wave /apatb_SampleNeuralNet_top/LENGTH_layer7_out_2 -into $tb_portdepth_group -radix hex
## add_wave /apatb_SampleNeuralNet_top/LENGTH_layer7_out_3 -into $tb_portdepth_group -radix hex
## add_wave /apatb_SampleNeuralNet_top/LENGTH_layer7_out_4 -into $tb_portdepth_group -radix hex
## add_wave /apatb_SampleNeuralNet_top/LENGTH_layer7_out_5 -into $tb_portdepth_group -radix hex
## add_wave /apatb_SampleNeuralNet_top/LENGTH_layer7_out_6 -into $tb_portdepth_group -radix hex
## add_wave /apatb_SampleNeuralNet_top/LENGTH_layer7_out_7 -into $tb_portdepth_group -radix hex
## set tbcoutputgroup [add_wave_group "C Outputs" -into $testbenchgroup]
## set tb_return_group [add_wave_group return(wire) -into $tbcoutputgroup]
## add_wave /apatb_SampleNeuralNet_top/layer7_out_7_ap_vld -into $tb_return_group -color #ffff00 -radix hex
## add_wave /apatb_SampleNeuralNet_top/layer7_out_7 -into $tb_return_group -radix hex
## add_wave /apatb_SampleNeuralNet_top/layer7_out_6_ap_vld -into $tb_return_group -color #ffff00 -radix hex
## add_wave /apatb_SampleNeuralNet_top/layer7_out_6 -into $tb_return_group -radix hex
## add_wave /apatb_SampleNeuralNet_top/layer7_out_5_ap_vld -into $tb_return_group -color #ffff00 -radix hex
## add_wave /apatb_SampleNeuralNet_top/layer7_out_5 -into $tb_return_group -radix hex
## add_wave /apatb_SampleNeuralNet_top/layer7_out_4_ap_vld -into $tb_return_group -color #ffff00 -radix hex
## add_wave /apatb_SampleNeuralNet_top/layer7_out_4 -into $tb_return_group -radix hex
## add_wave /apatb_SampleNeuralNet_top/layer7_out_3_ap_vld -into $tb_return_group -color #ffff00 -radix hex
## add_wave /apatb_SampleNeuralNet_top/layer7_out_3 -into $tb_return_group -radix hex
## add_wave /apatb_SampleNeuralNet_top/layer7_out_2_ap_vld -into $tb_return_group -color #ffff00 -radix hex
## add_wave /apatb_SampleNeuralNet_top/layer7_out_2 -into $tb_return_group -radix hex
## add_wave /apatb_SampleNeuralNet_top/layer7_out_1_ap_vld -into $tb_return_group -color #ffff00 -radix hex
## add_wave /apatb_SampleNeuralNet_top/layer7_out_1 -into $tb_return_group -radix hex
## add_wave /apatb_SampleNeuralNet_top/layer7_out_0_ap_vld -into $tb_return_group -color #ffff00 -radix hex
## add_wave /apatb_SampleNeuralNet_top/layer7_out_0 -into $tb_return_group -radix hex
## set tbcinputgroup [add_wave_group "C Inputs" -into $testbenchgroup]
## set tb_return_group [add_wave_group return(wire) -into $tbcinputgroup]
## add_wave /apatb_SampleNeuralNet_top/input_layer -into $tb_return_group -radix hex
## add_wave /apatb_SampleNeuralNet_top/input_layer_ap_vld -into $tb_return_group -color #ffff00 -radix hex
## save_wave_config SampleNeuralNet.wcfg
## run all
////////////////////////////////////////////////////////////////////////////////////
// Inter-Transaction Progress: Completed Transaction / Total Transaction
// Intra-Transaction Progress: Measured Latency / Latency Estimation * 100%
//
// RTL Simulation : "Inter-Transaction Progress" ["Intra-Transaction Progress"] @ "Simulation Time"
////////////////////////////////////////////////////////////////////////////////////
// RTL Simulation : 0 / 5 [0.00%] @ "110000"
// RTL Simulation : 1 / 5 [96.30%] @ "226000"
// RTL Simulation : 2 / 5 [96.30%] @ "230000"
// RTL Simulation : 3 / 5 [96.30%] @ "234000"
// RTL Simulation : 4 / 5 [96.30%] @ "238000"
// RTL Simulation : 5 / 5 [100.00%] @ "242000"
////////////////////////////////////////////////////////////////////////////////////
$finish called at time : 266 ns : File "/home/eim32828/Desktop/Vitis_HLS_Gens/SampleNeuralNets_30_8/Basic/SampleNeuralNet_prj/solution1/sim/verilog/SampleNeuralNet.autotb.v" Line 718
## quit
INFO: [Common 17-206] Exiting xsim at Wed Sep  2 03:11:42 2026...
INFO: [COSIM 212-316] Starting C post checking ...
INFO: Unable to open input/predictions file, using default input.
-8 -5 22 25 -27 18 -1 5 
-8 -5 22 25 -27 18 -1 5 
-8 -5 22 25 -27 18 -1 5 
-8 -5 22 25 -27 18 -1 5 
-8 -5 22 25 -27 18 -1 5 
INFO: Saved inference results to file: tb_data/rtl_cosim_results.log
INFO:
Report time       : Wed Sep  2 03:11:32 AM CEST 2026.
Solution          : solution1.
Simulation tool   : xsim.

+----------+----------+-----------------------------------------------+-----------------------------------------------+----------------------+
|          |          |             Latency(Clock Cycles)             |              Interval(Clock Cycles)           | Total Execution Time |
+   RTL    +  Status  +-----------------------------------------------+-----------------------------------------------+    (Clock Cycles)    +
|          |          |      min      |      avg      |      max      |      min      |      avg      |      max      |                      |
+----------+----------+-----------------------------------------------+-----------------------------------------------+----------------------+
|      VHDL|        NA|             NA|             NA|             NA|             NA|             NA|             NA|                    NA|
|   Verilog|      Pass|             NA|             NA|             NA|             NA|             NA|             NA|                    NA|
+----------+----------+-----------------------------------------------+-----------------------------------------------+----------------------+

***** C/RTL SIMULATION COMPLETED IN 0h0m23s *****
***** C/RTL VALIDATION *****
INFO: Test PASSED
INFO: [HLS 200-112] Total CPU user time: 38.69 seconds. Total CPU system time: 2.86 seconds. Total elapsed time: 50.49 seconds; peak allocated memory: 488.797 MB.
INFO: [vitis-run 60-791] Total elapsed time: 0h 0m 51s
INFO: [vitis-run 60-1662] Stopping dispatch session having empty uuid.
