Copyright 1986-2022 Xilinx, Inc. All Rights Reserved. Copyright 2022-2024 Advanced Micro Devices, Inc. All Rights Reserved.
---------------------------------------------------------------------------------------------------------------------------------------------
| Tool Version : Vivado v.2024.1 (lin64) Build 5076996 Wed May 22 18:36:09 MDT 2024
| Date         : Wed Sep  2 03:15:22 2026
| Host         : ei-lan-400 running 64-bit Debian GNU/Linux 12 (bookworm)
| Command      : report_timing_summary -file ./Analysis/Timing_Report_Implementation.rpt
| Design       : SampleNeuralNet
| Device       : 7z010-clg400
| Speed File   : -1  PRODUCTION 1.12 2019-11-22
| Design State : Routed
---------------------------------------------------------------------------------------------------------------------------------------------

Timing Summary Report

------------------------------------------------------------------------------------------------
| Timer Settings
| --------------
------------------------------------------------------------------------------------------------

  Enable Multi Corner Analysis               :  Yes
  Enable Pessimism Removal                   :  Yes
  Pessimism Removal Resolution               :  Nearest Common Node
  Enable Input Delay Default Clock           :  No
  Enable Preset / Clear Arcs                 :  No
  Disable Flight Delays                      :  No
  Ignore I/O Paths                           :  No
  Timing Early Launch at Borrowing Latches   :  No
  Borrow Time for Max Delay Exceptions       :  Yes
  Merge Timing Exceptions                    :  Yes
  Inter-SLR Compensation                     :  Conservative

  Corner  Analyze    Analyze    
  Name    Max Paths  Min Paths  
  ------  ---------  ---------  
  Slow    Yes        Yes        
  Fast    Yes        Yes        


------------------------------------------------------------------------------------------------
| Report Methodology
| ------------------
------------------------------------------------------------------------------------------------

No report available as report_methodology has not been run prior. Run report_methodology on the current design for the summary of methodology violations.



check_timing report

Table of Contents
-----------------
1. checking no_clock (0)
2. checking constant_clock (0)
3. checking pulse_width_clock (0)
4. checking unconstrained_internal_endpoints (0)
5. checking no_input_delay (131)
6. checking no_output_delay (138)
7. checking multiple_clock (0)
8. checking generated_clocks (0)
9. checking loops (0)
10. checking partial_input_delay (0)
11. checking partial_output_delay (0)
12. checking latch_loops (0)

1. checking no_clock (0)
------------------------
 There are 0 register/latch pins with no clock.


2. checking constant_clock (0)
------------------------------
 There are 0 register/latch pins with constant_clock.


3. checking pulse_width_clock (0)
---------------------------------
 There are 0 register/latch pins which need pulse_width check


4. checking unconstrained_internal_endpoints (0)
------------------------------------------------
 There are 0 pins that are not constrained for maximum delay.

 There are 0 pins that are not constrained for maximum delay due to constant clock.


5. checking no_input_delay (131)
--------------------------------
 There are 131 input ports with no input delay specified. (HIGH)

 There are 0 input ports with no input delay but user has a false path constraint.


6. checking no_output_delay (138)
---------------------------------
 There are 138 ports with no output delay specified. (HIGH)

 There are 0 ports with no output delay but user has a false path constraint

 There are 0 ports with no output delay but with a timing clock defined on it or propagating through it


7. checking multiple_clock (0)
------------------------------
 There are 0 register/latch pins with multiple clocks.


8. checking generated_clocks (0)
--------------------------------
 There are 0 generated clocks that are not connected to a clock source.


9. checking loops (0)
---------------------
 There are 0 combinational loops in the design.


10. checking partial_input_delay (0)
------------------------------------
 There are 0 input ports with partial input delay specified.


11. checking partial_output_delay (0)
-------------------------------------
 There are 0 ports with partial output delay specified.


12. checking latch_loops (0)
----------------------------
 There are 0 combinational latch loops in the design through latch input



------------------------------------------------------------------------------------------------
| Design Timing Summary
| ---------------------
------------------------------------------------------------------------------------------------

    WNS(ns)      TNS(ns)  TNS Failing Endpoints  TNS Total Endpoints      WHS(ns)      THS(ns)  THS Failing Endpoints  THS Total Endpoints     WPWS(ns)     TPWS(ns)  TPWS Failing Endpoints  TPWS Total Endpoints  
    -------      -------  ---------------------  -------------------      -------      -------  ---------------------  -------------------     --------     --------  ----------------------  --------------------  
      0.012        0.000                      0                16574        0.071        0.000                      0                16574        1.020        0.000                       0                  8112  


All user specified timing constraints are met.


------------------------------------------------------------------------------------------------
| Clock Summary
| -------------
------------------------------------------------------------------------------------------------

Clock   Waveform(ns)         Period(ns)      Frequency(MHz)
-----   ------------         ----------      --------------
ap_clk  {0.000 2.000}        4.000           250.000         


------------------------------------------------------------------------------------------------
| Intra Clock Table
| -----------------
------------------------------------------------------------------------------------------------

Clock             WNS(ns)      TNS(ns)  TNS Failing Endpoints  TNS Total Endpoints      WHS(ns)      THS(ns)  THS Failing Endpoints  THS Total Endpoints     WPWS(ns)     TPWS(ns)  TPWS Failing Endpoints  TPWS Total Endpoints  
-----             -------      -------  ---------------------  -------------------      -------      -------  ---------------------  -------------------     --------     --------  ----------------------  --------------------  
ap_clk              0.012        0.000                      0                16574        0.071        0.000                      0                16574        1.020        0.000                       0                  8112  


------------------------------------------------------------------------------------------------
| Inter Clock Table
| -----------------
------------------------------------------------------------------------------------------------

From Clock    To Clock          WNS(ns)      TNS(ns)  TNS Failing Endpoints  TNS Total Endpoints      WHS(ns)      THS(ns)  THS Failing Endpoints  THS Total Endpoints  
----------    --------          -------      -------  ---------------------  -------------------      -------      -------  ---------------------  -------------------  


------------------------------------------------------------------------------------------------
| Other Path Groups Table
| -----------------------
------------------------------------------------------------------------------------------------

Path Group    From Clock    To Clock          WNS(ns)      TNS(ns)  TNS Failing Endpoints  TNS Total Endpoints      WHS(ns)      THS(ns)  THS Failing Endpoints  THS Total Endpoints  
----------    ----------    --------          -------      -------  ---------------------  -------------------      -------      -------  ---------------------  -------------------  


------------------------------------------------------------------------------------------------
| Timing Details
| --------------
------------------------------------------------------------------------------------------------


---------------------------------------------------------------------------------------------------
From Clock:  ap_clk
  To Clock:  ap_clk

Setup :            0  Failing Endpoints,  Worst Slack        0.012ns,  Total Violation        0.000ns
Hold  :            0  Failing Endpoints,  Worst Slack        0.071ns,  Total Violation        0.000ns
PW    :            0  Failing Endpoints,  Worst Slack        1.020ns,  Total Violation        0.000ns
---------------------------------------------------------------------------------------------------


Max Delay Paths
--------------------------------------------------------------------------------------
Slack (MET) :             0.012ns  (required time - arrival time)
  Source:                 grp_dense_latency_ap_fixed_16_6_5_3_0_ap_fixed_36_16_5_3_0_config6_s_fu_156/add_ln58_26_reg_2753_reg[10]/C
                            (rising edge-triggered cell FDRE clocked by ap_clk  {rise@0.000ns fall@2.000ns period=4.000ns})
  Destination:            layer6_out_4_reg_581_reg[28]/D
                            (rising edge-triggered cell FDRE clocked by ap_clk  {rise@0.000ns fall@2.000ns period=4.000ns})
  Path Group:             ap_clk
  Path Type:              Setup (Max at Slow Process Corner)
  Requirement:            4.000ns  (ap_clk rise@4.000ns - ap_clk rise@0.000ns)
  Data Path Delay:        3.979ns  (logic 2.133ns (53.610%)  route 1.846ns (46.390%))
  Logic Levels:           7  (CARRY4=5 LUT2=1 LUT3=1)
  Clock Path Skew:        -0.049ns (DCD - SCD + CPR)
    Destination Clock Delay (DCD):    0.924ns = ( 4.924 - 4.000 ) 
    Source Clock Delay      (SCD):    0.973ns
    Clock Pessimism Removal (CPR):    0.000ns
  Clock Uncertainty:      0.035ns  ((TSJ^2 + TIJ^2)^1/2 + DJ) / 2 + PE
    Total System Jitter     (TSJ):    0.071ns
    Total Input Jitter      (TIJ):    0.000ns
    Discrete Jitter          (DJ):    0.000ns
    Phase Error              (PE):    0.000ns

    Location             Delay type                Incr(ns)  Path(ns)    Netlist Resource(s)
  -------------------------------------------------------------------    -------------------
                         (clock ap_clk rise edge)     0.000     0.000 r  
                                                      0.000     0.000 r  ap_clk (IN)
                         net (fo=8111, unset)         0.973     0.973    grp_dense_latency_ap_fixed_16_6_5_3_0_ap_fixed_36_16_5_3_0_config6_s_fu_156/ap_clk
    SLICE_X23Y88         FDRE                                         r  grp_dense_latency_ap_fixed_16_6_5_3_0_ap_fixed_36_16_5_3_0_config6_s_fu_156/add_ln58_26_reg_2753_reg[10]/C
  -------------------------------------------------------------------    -------------------
    SLICE_X23Y88         FDRE (Prop_fdre_C_Q)         0.456     1.429 r  grp_dense_latency_ap_fixed_16_6_5_3_0_ap_fixed_36_16_5_3_0_config6_s_fu_156/add_ln58_26_reg_2753_reg[10]/Q
                         net (fo=1, routed)           1.122     2.551    grp_dense_latency_ap_fixed_16_6_5_3_0_ap_fixed_36_16_5_3_0_config6_s_fu_156/add_ln58_26_reg_2753[10]
    SLICE_X36Y91         LUT2 (Prop_lut2_I1_O)        0.124     2.675 r  grp_dense_latency_ap_fixed_16_6_5_3_0_ap_fixed_36_16_5_3_0_config6_s_fu_156/ap_return_4_int_reg[12]_i_4__1/O
                         net (fo=1, routed)           0.000     2.675    grp_dense_latency_ap_fixed_16_6_5_3_0_ap_fixed_36_16_5_3_0_config6_s_fu_156/ap_return_4_int_reg[12]_i_4__1_n_0
    SLICE_X36Y91         CARRY4 (Prop_carry4_S[1]_CO[3])
                                                      0.550     3.225 r  grp_dense_latency_ap_fixed_16_6_5_3_0_ap_fixed_36_16_5_3_0_config6_s_fu_156/ap_return_4_int_reg_reg[12]_i_1__1/CO[3]
                         net (fo=1, routed)           0.000     3.225    grp_dense_latency_ap_fixed_16_6_5_3_0_ap_fixed_36_16_5_3_0_config6_s_fu_156/ap_return_4_int_reg_reg[12]_i_1__1_n_0
    SLICE_X36Y92         CARRY4 (Prop_carry4_CI_CO[3])
                                                      0.114     3.339 r  grp_dense_latency_ap_fixed_16_6_5_3_0_ap_fixed_36_16_5_3_0_config6_s_fu_156/ap_return_4_int_reg_reg[16]_i_1__1/CO[3]
                         net (fo=1, routed)           0.000     3.339    grp_dense_latency_ap_fixed_16_6_5_3_0_ap_fixed_36_16_5_3_0_config6_s_fu_156/ap_return_4_int_reg_reg[16]_i_1__1_n_0
    SLICE_X36Y93         CARRY4 (Prop_carry4_CI_CO[3])
                                                      0.114     3.453 r  grp_dense_latency_ap_fixed_16_6_5_3_0_ap_fixed_36_16_5_3_0_config6_s_fu_156/ap_return_4_int_reg_reg[20]_i_1__1/CO[3]
                         net (fo=1, routed)           0.000     3.453    grp_dense_latency_ap_fixed_16_6_5_3_0_ap_fixed_36_16_5_3_0_config6_s_fu_156/ap_return_4_int_reg_reg[20]_i_1__1_n_0
    SLICE_X36Y94         CARRY4 (Prop_carry4_CI_CO[3])
                                                      0.114     3.567 r  grp_dense_latency_ap_fixed_16_6_5_3_0_ap_fixed_36_16_5_3_0_config6_s_fu_156/ap_return_4_int_reg_reg[24]_i_1__1/CO[3]
                         net (fo=1, routed)           0.000     3.567    grp_dense_latency_ap_fixed_16_6_5_3_0_ap_fixed_36_16_5_3_0_config6_s_fu_156/ap_return_4_int_reg_reg[24]_i_1__1_n_0
    SLICE_X36Y95         CARRY4 (Prop_carry4_CI_O[3])
                                                      0.329     3.896 r  grp_dense_latency_ap_fixed_16_6_5_3_0_ap_fixed_36_16_5_3_0_config6_s_fu_156/ap_return_4_int_reg_reg[28]_i_1__1/O[3]
                         net (fo=2, routed)           0.724     4.620    grp_dense_latency_ap_fixed_16_6_5_3_0_ap_fixed_36_16_5_3_0_config6_s_fu_156/ap_return_4_int_reg_reg[28]_i_1__1_n_4
    SLICE_X39Y98         LUT3 (Prop_lut3_I0_O)        0.332     4.952 r  grp_dense_latency_ap_fixed_16_6_5_3_0_ap_fixed_36_16_5_3_0_config6_s_fu_156/layer6_out_4_reg_581[28]_i_1/O
                         net (fo=1, routed)           0.000     4.952    grp_dense_latency_ap_fixed_16_6_5_3_0_ap_fixed_36_16_5_3_0_config6_s_fu_156_ap_return_4[28]
    SLICE_X39Y98         FDRE                                         r  layer6_out_4_reg_581_reg[28]/D
  -------------------------------------------------------------------    -------------------

                         (clock ap_clk rise edge)     4.000     4.000 r  
                                                      0.000     4.000 r  ap_clk (IN)
                         net (fo=8111, unset)         0.924     4.924    ap_clk
    SLICE_X39Y98         FDRE                                         r  layer6_out_4_reg_581_reg[28]/C
                         clock pessimism              0.000     4.924    
                         clock uncertainty           -0.035     4.889    
    SLICE_X39Y98         FDRE (Setup_fdre_C_D)        0.075     4.964    layer6_out_4_reg_581_reg[28]
  -------------------------------------------------------------------
                         required time                          4.964    
                         arrival time                          -4.952    
  -------------------------------------------------------------------
                         slack                                  0.012    





Min Delay Paths
--------------------------------------------------------------------------------------
Slack (MET) :             0.071ns  (arrival time - required time)
  Source:                 grp_dense_latency_ap_fixed_16_6_5_3_0_ap_fixed_36_16_5_3_0_config4_s_fu_132/data_7_val_int_reg_reg[7]/C
                            (rising edge-triggered cell FDRE clocked by ap_clk  {rise@0.000ns fall@2.000ns period=4.000ns})
  Destination:            grp_dense_latency_ap_fixed_16_6_5_3_0_ap_fixed_36_16_5_3_0_config4_s_fu_132/data_7_val_read_reg_2265_pp0_iter1_reg_reg[7]_srl2/D
                            (rising edge-triggered cell SRL16E clocked by ap_clk  {rise@0.000ns fall@2.000ns period=4.000ns})
  Path Group:             ap_clk
  Path Type:              Hold (Min at Fast Process Corner)
  Requirement:            0.000ns  (ap_clk rise@0.000ns - ap_clk rise@0.000ns)
  Data Path Delay:        0.276ns  (logic 0.164ns (59.419%)  route 0.112ns (40.581%))
  Logic Levels:           0  
  Clock Path Skew:        0.022ns (DCD - SCD - CPR)
    Destination Clock Delay (DCD):    0.432ns
    Source Clock Delay      (SCD):    0.410ns
    Clock Pessimism Removal (CPR):    -0.000ns

    Location             Delay type                Incr(ns)  Path(ns)    Netlist Resource(s)
  -------------------------------------------------------------------    -------------------
                         (clock ap_clk rise edge)     0.000     0.000 r  
                                                      0.000     0.000 r  ap_clk (IN)
                         net (fo=8111, unset)         0.410     0.410    grp_dense_latency_ap_fixed_16_6_5_3_0_ap_fixed_36_16_5_3_0_config4_s_fu_132/ap_clk
    SLICE_X34Y71         FDRE                                         r  grp_dense_latency_ap_fixed_16_6_5_3_0_ap_fixed_36_16_5_3_0_config4_s_fu_132/data_7_val_int_reg_reg[7]/C
  -------------------------------------------------------------------    -------------------
    SLICE_X34Y71         FDRE (Prop_fdre_C_Q)         0.164     0.574 r  grp_dense_latency_ap_fixed_16_6_5_3_0_ap_fixed_36_16_5_3_0_config4_s_fu_132/data_7_val_int_reg_reg[7]/Q
                         net (fo=1, routed)           0.112     0.686    grp_dense_latency_ap_fixed_16_6_5_3_0_ap_fixed_36_16_5_3_0_config4_s_fu_132/data_7_val_int_reg[7]
    SLICE_X34Y72         SRL16E                                       r  grp_dense_latency_ap_fixed_16_6_5_3_0_ap_fixed_36_16_5_3_0_config4_s_fu_132/data_7_val_read_reg_2265_pp0_iter1_reg_reg[7]_srl2/D
  -------------------------------------------------------------------    -------------------

                         (clock ap_clk rise edge)     0.000     0.000 r  
                                                      0.000     0.000 r  ap_clk (IN)
                         net (fo=8111, unset)         0.432     0.432    grp_dense_latency_ap_fixed_16_6_5_3_0_ap_fixed_36_16_5_3_0_config4_s_fu_132/ap_clk
    SLICE_X34Y72         SRL16E                                       r  grp_dense_latency_ap_fixed_16_6_5_3_0_ap_fixed_36_16_5_3_0_config4_s_fu_132/data_7_val_read_reg_2265_pp0_iter1_reg_reg[7]_srl2/CLK
                         clock pessimism              0.000     0.432    
    SLICE_X34Y72         SRL16E (Hold_srl16e_CLK_D)
                                                      0.183     0.615    grp_dense_latency_ap_fixed_16_6_5_3_0_ap_fixed_36_16_5_3_0_config4_s_fu_132/data_7_val_read_reg_2265_pp0_iter1_reg_reg[7]_srl2
  -------------------------------------------------------------------
                         required time                         -0.615    
                         arrival time                           0.686    
  -------------------------------------------------------------------
                         slack                                  0.071    





Pulse Width Checks
--------------------------------------------------------------------------------------
Clock Name:         ap_clk
Waveform(ns):       { 0.000 2.000 }
Period(ns):         4.000
Sources:            { ap_clk }

Check Type        Corner  Lib Pin      Reference Pin  Required(ns)  Actual(ns)  Slack(ns)  Location     Pin
Min Period        n/a     DSP48E1/CLK  n/a            2.154         4.000       1.846      DSP48_X0Y14  grp_dense_latency_ap_fixed_16_6_5_3_0_ap_fixed_36_16_5_3_0_config2_s_fu_114/mul_ln73_7_reg_2458_reg/CLK
Low Pulse Width   Slow    SRL16E/CLK   n/a            0.980         2.000       1.020      SLICE_X6Y61  grp_dense_latency_ap_fixed_16_6_5_3_0_ap_fixed_36_16_5_3_0_config2_s_fu_114/a_1_reg_2283_pp0_iter1_reg_reg[0]_srl2/CLK
High Pulse Width  Slow    SRL16E/CLK   n/a            0.980         2.000       1.020      SLICE_X6Y61  grp_dense_latency_ap_fixed_16_6_5_3_0_ap_fixed_36_16_5_3_0_config2_s_fu_114/a_1_reg_2283_pp0_iter1_reg_reg[0]_srl2/CLK



