Copyright 1986-2022 Xilinx, Inc. All Rights Reserved. Copyright 2022-2024 Advanced Micro Devices, Inc. All Rights Reserved.
---------------------------------------------------------------------------------------------------------------------------------------------
| Tool Version : Vivado v.2024.1 (lin64) Build 5076996 Wed May 22 18:36:09 MDT 2024
| Date         : Thu Sep  3 04:30:50 2026
| Host         : ei-lan-400 running 64-bit Debian GNU/Linux 12 (bookworm)
| Command      : report_timing_summary -file ./Analysis_Verilog/Timing_Report_Synthesis.rpt
| Design       : SampleNeuralNet
| Device       : 7z010-clg400
| Speed File   : -1  PRODUCTION 1.12 2019-11-22
| Design State : Synthesized
---------------------------------------------------------------------------------------------------------------------------------------------

Timing Summary Report

------------------------------------------------------------------------------------------------
| Timer Settings
| --------------
------------------------------------------------------------------------------------------------

  Enable Multi Corner Analysis               :  Yes
  Enable Pessimism Removal                   :  Yes
  Pessimism Removal Resolution               :  Nearest Common Node
  Enable Input Delay Default Clock           :  No
  Enable Preset / Clear Arcs                 :  No
  Disable Flight Delays                      :  No
  Ignore I/O Paths                           :  No
  Timing Early Launch at Borrowing Latches   :  No
  Borrow Time for Max Delay Exceptions       :  Yes
  Merge Timing Exceptions                    :  Yes
  Inter-SLR Compensation                     :  Conservative

  Corner  Analyze    Analyze    
  Name    Max Paths  Min Paths  
  ------  ---------  ---------  
  Slow    Yes        Yes        
  Fast    Yes        Yes        


------------------------------------------------------------------------------------------------
| Report Methodology
| ------------------
------------------------------------------------------------------------------------------------

No report available as report_methodology has not been run prior. Run report_methodology on the current design for the summary of methodology violations.



check_timing report

Table of Contents
-----------------
1. checking no_clock (0)
2. checking constant_clock (0)
3. checking pulse_width_clock (0)
4. checking unconstrained_internal_endpoints (0)
5. checking no_input_delay (131)
6. checking no_output_delay (139)
7. checking multiple_clock (0)
8. checking generated_clocks (0)
9. checking loops (0)
10. checking partial_input_delay (0)
11. checking partial_output_delay (0)
12. checking latch_loops (0)

1. checking no_clock (0)
------------------------
 There are 0 register/latch pins with no clock.


2. checking constant_clock (0)
------------------------------
 There are 0 register/latch pins with constant_clock.


3. checking pulse_width_clock (0)
---------------------------------
 There are 0 register/latch pins which need pulse_width check


4. checking unconstrained_internal_endpoints (0)
------------------------------------------------
 There are 0 pins that are not constrained for maximum delay.

 There are 0 pins that are not constrained for maximum delay due to constant clock.


5. checking no_input_delay (131)
--------------------------------
 There are 131 input ports with no input delay specified. (HIGH)

 There are 0 input ports with no input delay but user has a false path constraint.


6. checking no_output_delay (139)
---------------------------------
 There are 139 ports with no output delay specified. (HIGH)

 There are 0 ports with no output delay but user has a false path constraint

 There are 0 ports with no output delay but with a timing clock defined on it or propagating through it


7. checking multiple_clock (0)
------------------------------
 There are 0 register/latch pins with multiple clocks.


8. checking generated_clocks (0)
--------------------------------
 There are 0 generated clocks that are not connected to a clock source.


9. checking loops (0)
---------------------
 There are 0 combinational loops in the design.


10. checking partial_input_delay (0)
------------------------------------
 There are 0 input ports with partial input delay specified.


11. checking partial_output_delay (0)
-------------------------------------
 There are 0 ports with partial output delay specified.


12. checking latch_loops (0)
----------------------------
 There are 0 combinational latch loops in the design through latch input



------------------------------------------------------------------------------------------------
| Design Timing Summary
| ---------------------
------------------------------------------------------------------------------------------------

    WNS(ns)      TNS(ns)  TNS Failing Endpoints  TNS Total Endpoints      WHS(ns)      THS(ns)  THS Failing Endpoints  THS Total Endpoints     WPWS(ns)     TPWS(ns)  TPWS Failing Endpoints  TPWS Total Endpoints  
    -------      -------  ---------------------  -------------------      -------      -------  ---------------------  -------------------     --------     --------  ----------------------  --------------------  
     -1.424      -48.041                     45                16876        0.213        0.000                      0                16876        0.557        0.000                       0                  8556  


Timing constraints are not met.


------------------------------------------------------------------------------------------------
| Clock Summary
| -------------
------------------------------------------------------------------------------------------------

Clock   Waveform(ns)         Period(ns)      Frequency(MHz)
-----   ------------         ----------      --------------
ap_clk  {0.000 2.000}        4.000           250.000         


------------------------------------------------------------------------------------------------
| Intra Clock Table
| -----------------
------------------------------------------------------------------------------------------------

Clock             WNS(ns)      TNS(ns)  TNS Failing Endpoints  TNS Total Endpoints      WHS(ns)      THS(ns)  THS Failing Endpoints  THS Total Endpoints     WPWS(ns)     TPWS(ns)  TPWS Failing Endpoints  TPWS Total Endpoints  
-----             -------      -------  ---------------------  -------------------      -------      -------  ---------------------  -------------------     --------     --------  ----------------------  --------------------  
ap_clk             -1.424      -48.041                     45                16876        0.213        0.000                      0                16876        0.557        0.000                       0                  8556  


------------------------------------------------------------------------------------------------
| Inter Clock Table
| -----------------
------------------------------------------------------------------------------------------------

From Clock    To Clock          WNS(ns)      TNS(ns)  TNS Failing Endpoints  TNS Total Endpoints      WHS(ns)      THS(ns)  THS Failing Endpoints  THS Total Endpoints  
----------    --------          -------      -------  ---------------------  -------------------      -------      -------  ---------------------  -------------------  


------------------------------------------------------------------------------------------------
| Other Path Groups Table
| -----------------------
------------------------------------------------------------------------------------------------

Path Group    From Clock    To Clock          WNS(ns)      TNS(ns)  TNS Failing Endpoints  TNS Total Endpoints      WHS(ns)      THS(ns)  THS Failing Endpoints  THS Total Endpoints  
----------    ----------    --------          -------      -------  ---------------------  -------------------      -------      -------  ---------------------  -------------------  


------------------------------------------------------------------------------------------------
| Timing Details
| --------------
------------------------------------------------------------------------------------------------


---------------------------------------------------------------------------------------------------
From Clock:  ap_clk
  To Clock:  ap_clk

Setup :           45  Failing Endpoints,  Worst Slack       -1.424ns,  Total Violation      -48.041ns
Hold  :            0  Failing Endpoints,  Worst Slack        0.213ns,  Total Violation        0.000ns
PW    :            0  Failing Endpoints,  Worst Slack        0.557ns,  Total Violation        0.000ns
---------------------------------------------------------------------------------------------------


Max Delay Paths
--------------------------------------------------------------------------------------
Slack (VIOLATED) :        -1.424ns  (required time - arrival time)
  Source:                 custom_dsp_dense_implementation_ap_int_16_ap_int_48_config2_U0/ap_done_reg_reg/C
                            (rising edge-triggered cell FDRE clocked by ap_clk  {rise@0.000ns fall@2.000ns period=4.000ns})
  Destination:            ap_sync_reg_channel_write_layer2_out_1_reg/R
                            (rising edge-triggered cell FDRE clocked by ap_clk  {rise@0.000ns fall@2.000ns period=4.000ns})
  Path Group:             ap_clk
  Path Type:              Setup (Max at Slow Process Corner)
  Requirement:            4.000ns  (ap_clk rise@4.000ns - ap_clk rise@0.000ns)
  Data Path Delay:        4.940ns  (logic 1.163ns (23.543%)  route 3.777ns (76.457%))
  Logic Levels:           4  (LUT4=1 LUT6=3)
  Clock Path Skew:        -0.049ns (DCD - SCD + CPR)
    Destination Clock Delay (DCD):    0.924ns = ( 4.924 - 4.000 ) 
    Source Clock Delay      (SCD):    0.973ns
    Clock Pessimism Removal (CPR):    0.000ns
  Clock Uncertainty:      0.035ns  ((TSJ^2 + TIJ^2)^1/2 + DJ) / 2 + PE
    Total System Jitter     (TSJ):    0.071ns
    Total Input Jitter      (TIJ):    0.000ns
    Discrete Jitter          (DJ):    0.000ns
    Phase Error              (PE):    0.000ns

    Location             Delay type                Incr(ns)  Path(ns)    Netlist Resource(s)
  -------------------------------------------------------------------    -------------------
                         (clock ap_clk rise edge)     0.000     0.000 r  
                                                      0.000     0.000 r  ap_clk (IN)
                         net (fo=8555, unset)         0.973     0.973    custom_dsp_dense_implementation_ap_int_16_ap_int_48_config2_U0/ap_clk
                         FDRE                                         r  custom_dsp_dense_implementation_ap_int_16_ap_int_48_config2_U0/ap_done_reg_reg/C
  -------------------------------------------------------------------    -------------------
                         FDRE (Prop_fdre_C_Q)         0.496     1.469 f  custom_dsp_dense_implementation_ap_int_16_ap_int_48_config2_U0/ap_done_reg_reg/Q
                         net (fo=12, unplaced)        1.013     2.482    custom_dsp_dense_implementation_ap_int_16_ap_int_48_config2_U0/flow_control_loop_pipe_U/ap_done_reg
                         LUT6 (Prop_lut6_I0_O)        0.295     2.777 f  custom_dsp_dense_implementation_ap_int_16_ap_int_48_config2_U0/flow_control_loop_pipe_U/SRL_SIG[0][47]_i_3/O
                         net (fo=8, unplaced)         0.487     3.264    custom_dsp_dense_implementation_ap_int_16_ap_int_48_config2_U0/flow_control_loop_pipe_U/ap_block_state1_pp0_stage0_iter0
                         LUT6 (Prop_lut6_I2_O)        0.124     3.388 r  custom_dsp_dense_implementation_ap_int_16_ap_int_48_config2_U0/flow_control_loop_pipe_U/SRL_SIG[0][47]_i_1__6/O
                         net (fo=104, unplaced)       0.550     3.938    custom_dsp_dense_implementation_ap_int_16_ap_int_48_config2_U0/flow_control_loop_pipe_U/ap_sync_channel_write_layer2_out0
                         LUT4 (Prop_lut4_I3_O)        0.124     4.062 f  custom_dsp_dense_implementation_ap_int_16_ap_int_48_config2_U0/flow_control_loop_pipe_U/ap_done_reg_i_4/O
                         net (fo=2, unplaced)         0.913     4.975    custom_dsp_dense_implementation_ap_int_16_ap_int_48_config2_U0/flow_control_loop_pipe_U/ap_done_reg_i_4_n_0
                         LUT6 (Prop_lut6_I1_O)        0.124     5.099 r  custom_dsp_dense_implementation_ap_int_16_ap_int_48_config2_U0/flow_control_loop_pipe_U/ap_sync_reg_channel_write_layer2_out_6_i_1/O
                         net (fo=8, unplaced)         0.814     5.913    ap_sync_reg_channel_write_layer2_out_7
                         FDRE                                         r  ap_sync_reg_channel_write_layer2_out_1_reg/R
  -------------------------------------------------------------------    -------------------

                         (clock ap_clk rise edge)     4.000     4.000 r  
                                                      0.000     4.000 r  ap_clk (IN)
                         net (fo=8555, unset)         0.924     4.924    ap_clk
                         FDRE                                         r  ap_sync_reg_channel_write_layer2_out_1_reg/C
                         clock pessimism              0.000     4.924    
                         clock uncertainty           -0.035     4.889    
                         FDRE (Setup_fdre_C_R)       -0.400     4.489    ap_sync_reg_channel_write_layer2_out_1_reg
  -------------------------------------------------------------------
                         required time                          4.489    
                         arrival time                          -5.913    
  -------------------------------------------------------------------
                         slack                                 -1.424    





Min Delay Paths
--------------------------------------------------------------------------------------
Slack (MET) :             0.213ns  (arrival time - required time)
  Source:                 custom_dsp_dense_implementation_ap_int_16_ap_int_48_config2_U0/lshr_128ns_7ns_128_7_1_U9/buff0_reg[0]/C
                            (rising edge-triggered cell FDRE clocked by ap_clk  {rise@0.000ns fall@2.000ns period=4.000ns})
  Destination:            custom_dsp_dense_implementation_ap_int_16_ap_int_48_config2_U0/lshr_128ns_7ns_128_7_1_U9/buff3_reg[0]_srl3/D
                            (rising edge-triggered cell SRL16E clocked by ap_clk  {rise@0.000ns fall@2.000ns period=4.000ns})
  Path Group:             ap_clk
  Path Type:              Hold (Min at Fast Process Corner)
  Requirement:            0.000ns  (ap_clk rise@0.000ns - ap_clk rise@0.000ns)
  Data Path Delay:        0.299ns  (logic 0.158ns (52.880%)  route 0.141ns (47.120%))
  Logic Levels:           0  
  Clock Path Skew:        0.022ns (DCD - SCD - CPR)
    Destination Clock Delay (DCD):    0.432ns
    Source Clock Delay      (SCD):    0.410ns
    Clock Pessimism Removal (CPR):    -0.000ns

    Location             Delay type                Incr(ns)  Path(ns)    Netlist Resource(s)
  -------------------------------------------------------------------    -------------------
                         (clock ap_clk rise edge)     0.000     0.000 r  
                                                      0.000     0.000 r  ap_clk (IN)
                         net (fo=8555, unset)         0.410     0.410    custom_dsp_dense_implementation_ap_int_16_ap_int_48_config2_U0/lshr_128ns_7ns_128_7_1_U9/ap_clk
                         FDRE                                         r  custom_dsp_dense_implementation_ap_int_16_ap_int_48_config2_U0/lshr_128ns_7ns_128_7_1_U9/buff0_reg[0]/C
  -------------------------------------------------------------------    -------------------
                         FDRE (Prop_fdre_C_Q)         0.158     0.568 r  custom_dsp_dense_implementation_ap_int_16_ap_int_48_config2_U0/lshr_128ns_7ns_128_7_1_U9/buff0_reg[0]/Q
                         net (fo=1, unplaced)         0.141     0.709    custom_dsp_dense_implementation_ap_int_16_ap_int_48_config2_U0/lshr_128ns_7ns_128_7_1_U9/buff0_reg_n_0_[0]
                         SRL16E                                       r  custom_dsp_dense_implementation_ap_int_16_ap_int_48_config2_U0/lshr_128ns_7ns_128_7_1_U9/buff3_reg[0]_srl3/D
  -------------------------------------------------------------------    -------------------

                         (clock ap_clk rise edge)     0.000     0.000 r  
                                                      0.000     0.000 r  ap_clk (IN)
                         net (fo=8555, unset)         0.432     0.432    custom_dsp_dense_implementation_ap_int_16_ap_int_48_config2_U0/lshr_128ns_7ns_128_7_1_U9/ap_clk
                         SRL16E                                       r  custom_dsp_dense_implementation_ap_int_16_ap_int_48_config2_U0/lshr_128ns_7ns_128_7_1_U9/buff3_reg[0]_srl3/CLK
                         clock pessimism              0.000     0.432    
                         SRL16E (Hold_srl16e_CLK_D)
                                                      0.064     0.496    custom_dsp_dense_implementation_ap_int_16_ap_int_48_config2_U0/lshr_128ns_7ns_128_7_1_U9/buff3_reg[0]_srl3
  -------------------------------------------------------------------
                         required time                         -0.496    
                         arrival time                           0.709    
  -------------------------------------------------------------------
                         slack                                  0.213    





Pulse Width Checks
--------------------------------------------------------------------------------------
Clock Name:         ap_clk
Waveform(ns):       { 0.000 2.000 }
Period(ns):         4.000
Sources:            { ap_clk }

Check Type        Corner  Lib Pin      Reference Pin  Required(ns)  Actual(ns)  Slack(ns)  Location  Pin
Min Period        n/a     DSP48E1/CLK  n/a            3.443         4.000       0.557                custom_dsp_dense_implementation_ap_int_16_ap_int_48_config2_U0/dsp_48ns_32ns_64ns_25ns_30s_18s_48ns_1ns_48_5_1_U10/SampleNeuralNet_dsp_48ns_32ns_64ns_25ns_30s_18s_48ns_1ns_48_5_1_DSP_Builtin_U/p_reg_reg/CLK
Low Pulse Width   Slow    SRL16E/CLK   n/a            0.980         2.000       1.020                custom_dsp_dense_implementation_ap_int_16_ap_int_48_config2_U0/ap_loop_exit_ready_pp0_iter10_reg_reg_srl10/CLK
High Pulse Width  Slow    SRL16E/CLK   n/a            0.980         2.000       1.020                custom_dsp_dense_implementation_ap_int_16_ap_int_48_config2_U0/ap_loop_exit_ready_pp0_iter10_reg_reg_srl10/CLK



