Copyright 1986-2022 Xilinx, Inc. All Rights Reserved. Copyright 2022-2024 Advanced Micro Devices, Inc. All Rights Reserved.
---------------------------------------------------------------------------------------------------------------------------------------------
| Tool Version : Vivado v.2024.1 (lin64) Build 5076996 Wed May 22 18:36:09 MDT 2024
| Date         : Wed Sep  2 03:06:34 2026
| Host         : ei-lan-400 running 64-bit Debian GNU/Linux 12 (bookworm)
| Command      : report_utilization -hierarchical -file ./Analysis/Utilization_Report_Synthesis.rpt
| Design       : SampleNeuralNet
| Device       : xc7z010clg400-1
| Speed File   : -1
| Design State : Synthesized
---------------------------------------------------------------------------------------------------------------------------------------------

Utilization Design Information

Table of Contents
-----------------
1. Utilization by Hierarchy

1. Utilization by Hierarchy
---------------------------

+-----------------------------------------------------------------------------+----------------------------------------------------------------------------------------------+------------+------------+---------+------+------+--------+--------+------------+
|                                   Instance                                  |                                            Module                                            | Total LUTs | Logic LUTs | LUTRAMs | SRLs |  FFs | RAMB36 | RAMB18 | DSP Blocks |
+-----------------------------------------------------------------------------+----------------------------------------------------------------------------------------------+------------+------------+---------+------+------+--------+--------+------------+
| SampleNeuralNet                                                             |                                                                                        (top) |       3653 |       3625 |       0 |   28 | 6580 |      0 |      3 |         24 |
|   (SampleNeuralNet)                                                         |                                                                                        (top) |          0 |          0 |       0 |    0 |   40 |      0 |      0 |          0 |
|   dense_resource_rf_leq_nin_ap_int_16_ap_int_48_config2_U0                  |                      SampleNeuralNet_dense_resource_rf_leq_nin_ap_int_16_ap_int_48_config2_s |        625 |        603 |       0 |   22 |  855 |      0 |      1 |          8 |
|     (dense_resource_rf_leq_nin_ap_int_16_ap_int_48_config2_U0)              |                      SampleNeuralNet_dense_resource_rf_leq_nin_ap_int_16_ap_int_48_config2_s |         10 |          4 |       0 |    6 |  691 |      0 |      0 |          0 |
|     flow_control_loop_pipe_U                                                |                                                   SampleNeuralNet_flow_control_loop_pipe_102 |        305 |        305 |       0 |    0 |    1 |      0 |      0 |          0 |
|     lshr_128ns_7ns_128_7_1_U1                                               |                                                       SampleNeuralNet_lshr_128ns_7ns_128_7_1 |         48 |         32 |       0 |   16 |  163 |      0 |      0 |          0 |
|     mac_muladd_16s_16s_34s_34_4_1_U3                                        |                                            SampleNeuralNet_mac_muladd_16s_16s_34s_34_4_1_103 |         34 |         34 |       0 |    0 |    0 |      0 |      0 |          1 |
|       SampleNeuralNet_mac_muladd_16s_16s_34s_34_4_1_DSP48_0_U               |                                    SampleNeuralNet_mac_muladd_16s_16s_34s_34_4_1_DSP48_0_118 |         34 |         34 |       0 |    0 |    0 |      0 |      0 |          1 |
|     mac_muladd_16s_16s_34s_34_4_1_U8                                        |                                            SampleNeuralNet_mac_muladd_16s_16s_34s_34_4_1_104 |         35 |         35 |       0 |    0 |    0 |      0 |      0 |          1 |
|       SampleNeuralNet_mac_muladd_16s_16s_34s_34_4_1_DSP48_0_U               |                                    SampleNeuralNet_mac_muladd_16s_16s_34s_34_4_1_DSP48_0_117 |         35 |         35 |       0 |    0 |    0 |      0 |      0 |          1 |
|     mac_muladd_16s_16s_34s_35_4_1_U2                                        |                                            SampleNeuralNet_mac_muladd_16s_16s_34s_35_4_1_105 |         34 |         34 |       0 |    0 |    0 |      0 |      0 |          1 |
|       SampleNeuralNet_mac_muladd_16s_16s_34s_35_4_1_DSP48_0_U               |                                    SampleNeuralNet_mac_muladd_16s_16s_34s_35_4_1_DSP48_0_116 |         34 |         34 |       0 |    0 |    0 |      0 |      0 |          1 |
|     mac_muladd_16s_16s_34s_35_4_1_U4                                        |                                            SampleNeuralNet_mac_muladd_16s_16s_34s_35_4_1_106 |         34 |         34 |       0 |    0 |    0 |      0 |      0 |          1 |
|       SampleNeuralNet_mac_muladd_16s_16s_34s_35_4_1_DSP48_0_U               |                                    SampleNeuralNet_mac_muladd_16s_16s_34s_35_4_1_DSP48_0_115 |         34 |         34 |       0 |    0 |    0 |      0 |      0 |          1 |
|     mac_muladd_16s_16s_34s_35_4_1_U5                                        |                                            SampleNeuralNet_mac_muladd_16s_16s_34s_35_4_1_107 |         34 |         34 |       0 |    0 |    0 |      0 |      0 |          1 |
|       SampleNeuralNet_mac_muladd_16s_16s_34s_35_4_1_DSP48_0_U               |                                    SampleNeuralNet_mac_muladd_16s_16s_34s_35_4_1_DSP48_0_114 |         34 |         34 |       0 |    0 |    0 |      0 |      0 |          1 |
|     mac_muladd_16s_16s_34s_35_4_1_U6                                        |                                            SampleNeuralNet_mac_muladd_16s_16s_34s_35_4_1_108 |         34 |         34 |       0 |    0 |    0 |      0 |      0 |          1 |
|       SampleNeuralNet_mac_muladd_16s_16s_34s_35_4_1_DSP48_0_U               |                                    SampleNeuralNet_mac_muladd_16s_16s_34s_35_4_1_DSP48_0_113 |         34 |         34 |       0 |    0 |    0 |      0 |      0 |          1 |
|     mac_muladd_16s_16s_34s_35_4_1_U7                                        |                                            SampleNeuralNet_mac_muladd_16s_16s_34s_35_4_1_109 |         34 |         34 |       0 |    0 |    0 |      0 |      0 |          1 |
|       SampleNeuralNet_mac_muladd_16s_16s_34s_35_4_1_DSP48_0_U               |                                    SampleNeuralNet_mac_muladd_16s_16s_34s_35_4_1_DSP48_0_112 |         34 |         34 |       0 |    0 |    0 |      0 |      0 |          1 |
|     mac_muladd_16s_5s_23s_24_4_1_U9                                         |                                             SampleNeuralNet_mac_muladd_16s_5s_23s_24_4_1_110 |         23 |         23 |       0 |    0 |    0 |      0 |      0 |          1 |
|       SampleNeuralNet_mac_muladd_16s_5s_23s_24_4_1_DSP48_0_U                |                                     SampleNeuralNet_mac_muladd_16s_5s_23s_24_4_1_DSP48_0_111 |         23 |         23 |       0 |    0 |    0 |      0 |      0 |          1 |
|     w2_95_U                                                                 | SampleNeuralNet_dense_resource_rf_leq_nin_ap_int_16_ap_int_48_config2_s_w2_95_ROM_NP_BRAM_2R |          0 |          0 |       0 |    0 |    0 |      0 |      1 |          0 |
|   dense_resource_rf_leq_nin_ap_int_16_ap_int_48_config4_U0                  |                      SampleNeuralNet_dense_resource_rf_leq_nin_ap_int_16_ap_int_48_config4_s |        690 |        687 |       0 |    3 |  832 |      0 |      1 |          8 |
|     (dense_resource_rf_leq_nin_ap_int_16_ap_int_48_config4_U0)              |                      SampleNeuralNet_dense_resource_rf_leq_nin_ap_int_16_ap_int_48_config4_s |         23 |         20 |       0 |    3 |  831 |      0 |      0 |          0 |
|     flow_control_loop_pipe_U                                                |                                                    SampleNeuralNet_flow_control_loop_pipe_84 |         15 |         15 |       0 |    0 |    1 |      0 |      0 |          0 |
|     mac_muladd_16s_16s_34s_34_4_1_U26                                       |                                             SampleNeuralNet_mac_muladd_16s_16s_34s_34_4_1_85 |         69 |         69 |       0 |    0 |    0 |      0 |      0 |          1 |
|       SampleNeuralNet_mac_muladd_16s_16s_34s_34_4_1_DSP48_0_U               |                                    SampleNeuralNet_mac_muladd_16s_16s_34s_34_4_1_DSP48_0_101 |         69 |         69 |       0 |    0 |    0 |      0 |      0 |          1 |
|     mac_muladd_16s_16s_34s_34_4_1_U29                                       |                                             SampleNeuralNet_mac_muladd_16s_16s_34s_34_4_1_86 |         68 |         68 |       0 |    0 |    0 |      0 |      0 |          1 |
|       SampleNeuralNet_mac_muladd_16s_16s_34s_34_4_1_DSP48_0_U               |                                    SampleNeuralNet_mac_muladd_16s_16s_34s_34_4_1_DSP48_0_100 |         68 |         68 |       0 |    0 |    0 |      0 |      0 |          1 |
|     mac_muladd_16s_16s_34s_35_4_1_U25                                       |                                             SampleNeuralNet_mac_muladd_16s_16s_34s_35_4_1_87 |         86 |         86 |       0 |    0 |    0 |      0 |      0 |          1 |
|       SampleNeuralNet_mac_muladd_16s_16s_34s_35_4_1_DSP48_0_U               |                                     SampleNeuralNet_mac_muladd_16s_16s_34s_35_4_1_DSP48_0_99 |         86 |         86 |       0 |    0 |    0 |      0 |      0 |          1 |
|     mac_muladd_16s_16s_34s_35_4_1_U27                                       |                                             SampleNeuralNet_mac_muladd_16s_16s_34s_35_4_1_88 |         86 |         86 |       0 |    0 |    0 |      0 |      0 |          1 |
|       SampleNeuralNet_mac_muladd_16s_16s_34s_35_4_1_DSP48_0_U               |                                     SampleNeuralNet_mac_muladd_16s_16s_34s_35_4_1_DSP48_0_98 |         86 |         86 |       0 |    0 |    0 |      0 |      0 |          1 |
|     mac_muladd_16s_16s_34s_35_4_1_U28                                       |                                             SampleNeuralNet_mac_muladd_16s_16s_34s_35_4_1_89 |         86 |         86 |       0 |    0 |    0 |      0 |      0 |          1 |
|       SampleNeuralNet_mac_muladd_16s_16s_34s_35_4_1_DSP48_0_U               |                                     SampleNeuralNet_mac_muladd_16s_16s_34s_35_4_1_DSP48_0_97 |         86 |         86 |       0 |    0 |    0 |      0 |      0 |          1 |
|     mac_muladd_16s_16s_34s_35_4_1_U30                                       |                                             SampleNeuralNet_mac_muladd_16s_16s_34s_35_4_1_90 |         86 |         86 |       0 |    0 |    0 |      0 |      0 |          1 |
|       SampleNeuralNet_mac_muladd_16s_16s_34s_35_4_1_DSP48_0_U               |                                     SampleNeuralNet_mac_muladd_16s_16s_34s_35_4_1_DSP48_0_96 |         86 |         86 |       0 |    0 |    0 |      0 |      0 |          1 |
|     mac_muladd_16s_16s_34s_35_4_1_U31                                       |                                             SampleNeuralNet_mac_muladd_16s_16s_34s_35_4_1_91 |         86 |         86 |       0 |    0 |    0 |      0 |      0 |          1 |
|       SampleNeuralNet_mac_muladd_16s_16s_34s_35_4_1_DSP48_0_U               |                                     SampleNeuralNet_mac_muladd_16s_16s_34s_35_4_1_DSP48_0_95 |         86 |         86 |       0 |    0 |    0 |      0 |      0 |          1 |
|     mac_muladd_16s_5s_23s_24_4_1_U32                                        |                                              SampleNeuralNet_mac_muladd_16s_5s_23s_24_4_1_92 |         52 |         52 |       0 |    0 |    0 |      0 |      0 |          1 |
|       SampleNeuralNet_mac_muladd_16s_5s_23s_24_4_1_DSP48_0_U                |                                      SampleNeuralNet_mac_muladd_16s_5s_23s_24_4_1_DSP48_0_94 |         52 |         52 |       0 |    0 |    0 |      0 |      0 |          1 |
|     sparsemux_17_3_16_1_1_U24                                               |                                                     SampleNeuralNet_sparsemux_17_3_16_1_1_93 |         32 |         32 |       0 |    0 |    0 |      0 |      0 |          0 |
|     w4_94_U                                                                 | SampleNeuralNet_dense_resource_rf_leq_nin_ap_int_16_ap_int_48_config4_s_w4_94_ROM_NP_BRAM_2R |          1 |          1 |       0 |    0 |    0 |      0 |      1 |          0 |
|   dense_resource_rf_leq_nin_ap_int_16_ap_int_48_config6_U0                  |                      SampleNeuralNet_dense_resource_rf_leq_nin_ap_int_16_ap_int_48_config6_s |        690 |        687 |       0 |    3 |  832 |      0 |      1 |          8 |
|     (dense_resource_rf_leq_nin_ap_int_16_ap_int_48_config6_U0)              |                      SampleNeuralNet_dense_resource_rf_leq_nin_ap_int_16_ap_int_48_config6_s |         23 |         20 |       0 |    3 |  831 |      0 |      0 |          0 |
|     flow_control_loop_pipe_U                                                |                                                       SampleNeuralNet_flow_control_loop_pipe |         15 |         15 |       0 |    0 |    1 |      0 |      0 |          0 |
|     mac_muladd_16s_16s_34s_34_4_1_U53                                       |                                                SampleNeuralNet_mac_muladd_16s_16s_34s_34_4_1 |         69 |         69 |       0 |    0 |    0 |      0 |      0 |          1 |
|       SampleNeuralNet_mac_muladd_16s_16s_34s_34_4_1_DSP48_0_U               |                                     SampleNeuralNet_mac_muladd_16s_16s_34s_34_4_1_DSP48_0_83 |         69 |         69 |       0 |    0 |    0 |      0 |      0 |          1 |
|     mac_muladd_16s_16s_34s_34_4_1_U55                                       |                                             SampleNeuralNet_mac_muladd_16s_16s_34s_34_4_1_74 |         68 |         68 |       0 |    0 |    0 |      0 |      0 |          1 |
|       SampleNeuralNet_mac_muladd_16s_16s_34s_34_4_1_DSP48_0_U               |                                        SampleNeuralNet_mac_muladd_16s_16s_34s_34_4_1_DSP48_0 |         68 |         68 |       0 |    0 |    0 |      0 |      0 |          1 |
|     mac_muladd_16s_16s_34s_35_4_1_U52                                       |                                                SampleNeuralNet_mac_muladd_16s_16s_34s_35_4_1 |         86 |         86 |       0 |    0 |    0 |      0 |      0 |          1 |
|       SampleNeuralNet_mac_muladd_16s_16s_34s_35_4_1_DSP48_0_U               |                                     SampleNeuralNet_mac_muladd_16s_16s_34s_35_4_1_DSP48_0_82 |         86 |         86 |       0 |    0 |    0 |      0 |      0 |          1 |
|     mac_muladd_16s_16s_34s_35_4_1_U54                                       |                                             SampleNeuralNet_mac_muladd_16s_16s_34s_35_4_1_75 |         86 |         86 |       0 |    0 |    0 |      0 |      0 |          1 |
|       SampleNeuralNet_mac_muladd_16s_16s_34s_35_4_1_DSP48_0_U               |                                     SampleNeuralNet_mac_muladd_16s_16s_34s_35_4_1_DSP48_0_81 |         86 |         86 |       0 |    0 |    0 |      0 |      0 |          1 |
|     mac_muladd_16s_16s_34s_35_4_1_U56                                       |                                             SampleNeuralNet_mac_muladd_16s_16s_34s_35_4_1_76 |         86 |         86 |       0 |    0 |    0 |      0 |      0 |          1 |
|       SampleNeuralNet_mac_muladd_16s_16s_34s_35_4_1_DSP48_0_U               |                                     SampleNeuralNet_mac_muladd_16s_16s_34s_35_4_1_DSP48_0_80 |         86 |         86 |       0 |    0 |    0 |      0 |      0 |          1 |
|     mac_muladd_16s_16s_34s_35_4_1_U57                                       |                                             SampleNeuralNet_mac_muladd_16s_16s_34s_35_4_1_77 |         86 |         86 |       0 |    0 |    0 |      0 |      0 |          1 |
|       SampleNeuralNet_mac_muladd_16s_16s_34s_35_4_1_DSP48_0_U               |                                     SampleNeuralNet_mac_muladd_16s_16s_34s_35_4_1_DSP48_0_79 |         86 |         86 |       0 |    0 |    0 |      0 |      0 |          1 |
|     mac_muladd_16s_16s_34s_35_4_1_U58                                       |                                             SampleNeuralNet_mac_muladd_16s_16s_34s_35_4_1_78 |         86 |         86 |       0 |    0 |    0 |      0 |      0 |          1 |
|       SampleNeuralNet_mac_muladd_16s_16s_34s_35_4_1_DSP48_0_U               |                                        SampleNeuralNet_mac_muladd_16s_16s_34s_35_4_1_DSP48_0 |         86 |         86 |       0 |    0 |    0 |      0 |      0 |          1 |
|     mac_muladd_16s_5s_23s_24_4_1_U59                                        |                                                 SampleNeuralNet_mac_muladd_16s_5s_23s_24_4_1 |         52 |         52 |       0 |    0 |    0 |      0 |      0 |          1 |
|       SampleNeuralNet_mac_muladd_16s_5s_23s_24_4_1_DSP48_0_U                |                                         SampleNeuralNet_mac_muladd_16s_5s_23s_24_4_1_DSP48_0 |         52 |         52 |       0 |    0 |    0 |      0 |      0 |          1 |
|     sparsemux_17_3_16_1_1_U51                                               |                                                        SampleNeuralNet_sparsemux_17_3_16_1_1 |         32 |         32 |       0 |    0 |    0 |      0 |      0 |          0 |
|     w6_93_U                                                                 | SampleNeuralNet_dense_resource_rf_leq_nin_ap_int_16_ap_int_48_config6_s_w6_93_ROM_NP_BRAM_2R |          1 |          1 |       0 |    0 |    0 |      0 |      1 |          0 |
|   layer2_out_1_U                                                            |                                                                SampleNeuralNet_fifo_w34_d2_S |         25 |         25 |       0 |    0 |   74 |      0 |      0 |          0 |
|     (layer2_out_1_U)                                                        |                                                                SampleNeuralNet_fifo_w34_d2_S |          8 |          8 |       0 |    0 |    6 |      0 |      0 |          0 |
|     U_SampleNeuralNet_fifo_w34_d2_S_ShiftReg                                |                                                    SampleNeuralNet_fifo_w34_d2_S_ShiftReg_73 |         17 |         17 |       0 |    0 |   68 |      0 |      0 |          0 |
|   layer2_out_2_U                                                            |                                                                SampleNeuralNet_fifo_w35_d2_S |         27 |         27 |       0 |    0 |   76 |      0 |      0 |          0 |
|     (layer2_out_2_U)                                                        |                                                                SampleNeuralNet_fifo_w35_d2_S |          9 |          9 |       0 |    0 |    6 |      0 |      0 |          0 |
|     U_SampleNeuralNet_fifo_w35_d2_S_ShiftReg                                |                                                    SampleNeuralNet_fifo_w35_d2_S_ShiftReg_72 |         18 |         18 |       0 |    0 |   70 |      0 |      0 |          0 |
|   layer2_out_3_U                                                            |                                                              SampleNeuralNet_fifo_w35_d2_S_0 |         25 |         25 |       0 |    0 |   76 |      0 |      0 |          0 |
|     (layer2_out_3_U)                                                        |                                                              SampleNeuralNet_fifo_w35_d2_S_0 |          7 |          7 |       0 |    0 |    6 |      0 |      0 |          0 |
|     U_SampleNeuralNet_fifo_w35_d2_S_ShiftReg                                |                                                    SampleNeuralNet_fifo_w35_d2_S_ShiftReg_71 |         18 |         18 |       0 |    0 |   70 |      0 |      0 |          0 |
|   layer2_out_4_U                                                            |                                                              SampleNeuralNet_fifo_w35_d2_S_1 |         26 |         26 |       0 |    0 |   76 |      0 |      0 |          0 |
|     (layer2_out_4_U)                                                        |                                                              SampleNeuralNet_fifo_w35_d2_S_1 |          8 |          8 |       0 |    0 |    6 |      0 |      0 |          0 |
|     U_SampleNeuralNet_fifo_w35_d2_S_ShiftReg                                |                                                    SampleNeuralNet_fifo_w35_d2_S_ShiftReg_70 |         18 |         18 |       0 |    0 |   70 |      0 |      0 |          0 |
|   layer2_out_5_U                                                            |                                                              SampleNeuralNet_fifo_w35_d2_S_2 |         25 |         25 |       0 |    0 |   76 |      0 |      0 |          0 |
|     (layer2_out_5_U)                                                        |                                                              SampleNeuralNet_fifo_w35_d2_S_2 |          7 |          7 |       0 |    0 |    6 |      0 |      0 |          0 |
|     U_SampleNeuralNet_fifo_w35_d2_S_ShiftReg                                |                                                    SampleNeuralNet_fifo_w35_d2_S_ShiftReg_69 |         18 |         18 |       0 |    0 |   70 |      0 |      0 |          0 |
|   layer2_out_6_U                                                            |                                                              SampleNeuralNet_fifo_w34_d2_S_3 |         24 |         24 |       0 |    0 |   74 |      0 |      0 |          0 |
|     (layer2_out_6_U)                                                        |                                                              SampleNeuralNet_fifo_w34_d2_S_3 |          7 |          7 |       0 |    0 |    6 |      0 |      0 |          0 |
|     U_SampleNeuralNet_fifo_w34_d2_S_ShiftReg                                |                                                    SampleNeuralNet_fifo_w34_d2_S_ShiftReg_68 |         17 |         17 |       0 |    0 |   68 |      0 |      0 |          0 |
|   layer2_out_7_U                                                            |                                                              SampleNeuralNet_fifo_w35_d2_S_4 |         19 |         19 |       0 |    0 |   54 |      0 |      0 |          0 |
|     (layer2_out_7_U)                                                        |                                                              SampleNeuralNet_fifo_w35_d2_S_4 |          7 |          7 |       0 |    0 |    6 |      0 |      0 |          0 |
|     U_SampleNeuralNet_fifo_w35_d2_S_ShiftReg                                |                                                    SampleNeuralNet_fifo_w35_d2_S_ShiftReg_67 |         12 |         12 |       0 |    0 |   48 |      0 |      0 |          0 |
|   layer2_out_U                                                              |                                                              SampleNeuralNet_fifo_w35_d2_S_5 |         25 |         25 |       0 |    0 |   76 |      0 |      0 |          0 |
|     (layer2_out_U)                                                          |                                                              SampleNeuralNet_fifo_w35_d2_S_5 |          7 |          7 |       0 |    0 |    6 |      0 |      0 |          0 |
|     U_SampleNeuralNet_fifo_w35_d2_S_ShiftReg                                |                                                    SampleNeuralNet_fifo_w35_d2_S_ShiftReg_66 |         18 |         18 |       0 |    0 |   70 |      0 |      0 |          0 |
|   layer3_out_1_U                                                            |                                                                SampleNeuralNet_fifo_w16_d2_S |         16 |         16 |       0 |    0 |   38 |      0 |      0 |          0 |
|     (layer3_out_1_U)                                                        |                                                                SampleNeuralNet_fifo_w16_d2_S |          8 |          8 |       0 |    0 |    6 |      0 |      0 |          0 |
|     U_SampleNeuralNet_fifo_w16_d2_S_ShiftReg                                |                                                    SampleNeuralNet_fifo_w16_d2_S_ShiftReg_65 |          8 |          8 |       0 |    0 |   32 |      0 |      0 |          0 |
|   layer3_out_2_U                                                            |                                                              SampleNeuralNet_fifo_w16_d2_S_6 |         14 |         14 |       0 |    0 |   38 |      0 |      0 |          0 |
|     (layer3_out_2_U)                                                        |                                                              SampleNeuralNet_fifo_w16_d2_S_6 |          6 |          6 |       0 |    0 |    6 |      0 |      0 |          0 |
|     U_SampleNeuralNet_fifo_w16_d2_S_ShiftReg                                |                                                    SampleNeuralNet_fifo_w16_d2_S_ShiftReg_64 |          8 |          8 |       0 |    0 |   32 |      0 |      0 |          0 |
|   layer3_out_3_U                                                            |                                                              SampleNeuralNet_fifo_w16_d2_S_7 |         14 |         14 |       0 |    0 |   38 |      0 |      0 |          0 |
|     (layer3_out_3_U)                                                        |                                                              SampleNeuralNet_fifo_w16_d2_S_7 |          6 |          6 |       0 |    0 |    6 |      0 |      0 |          0 |
|     U_SampleNeuralNet_fifo_w16_d2_S_ShiftReg                                |                                                    SampleNeuralNet_fifo_w16_d2_S_ShiftReg_63 |          8 |          8 |       0 |    0 |   32 |      0 |      0 |          0 |
|   layer3_out_4_U                                                            |                                                              SampleNeuralNet_fifo_w16_d2_S_8 |         15 |         15 |       0 |    0 |   38 |      0 |      0 |          0 |
|     (layer3_out_4_U)                                                        |                                                              SampleNeuralNet_fifo_w16_d2_S_8 |          7 |          7 |       0 |    0 |    6 |      0 |      0 |          0 |
|     U_SampleNeuralNet_fifo_w16_d2_S_ShiftReg                                |                                                    SampleNeuralNet_fifo_w16_d2_S_ShiftReg_62 |          8 |          8 |       0 |    0 |   32 |      0 |      0 |          0 |
|   layer3_out_5_U                                                            |                                                              SampleNeuralNet_fifo_w16_d2_S_9 |         14 |         14 |       0 |    0 |   38 |      0 |      0 |          0 |
|     (layer3_out_5_U)                                                        |                                                              SampleNeuralNet_fifo_w16_d2_S_9 |          6 |          6 |       0 |    0 |    6 |      0 |      0 |          0 |
|     U_SampleNeuralNet_fifo_w16_d2_S_ShiftReg                                |                                                    SampleNeuralNet_fifo_w16_d2_S_ShiftReg_61 |          8 |          8 |       0 |    0 |   32 |      0 |      0 |          0 |
|   layer3_out_6_U                                                            |                                                             SampleNeuralNet_fifo_w16_d2_S_10 |         15 |         15 |       0 |    0 |   38 |      0 |      0 |          0 |
|     (layer3_out_6_U)                                                        |                                                             SampleNeuralNet_fifo_w16_d2_S_10 |          7 |          7 |       0 |    0 |    6 |      0 |      0 |          0 |
|     U_SampleNeuralNet_fifo_w16_d2_S_ShiftReg                                |                                                    SampleNeuralNet_fifo_w16_d2_S_ShiftReg_60 |          8 |          8 |       0 |    0 |   32 |      0 |      0 |          0 |
|   layer3_out_7_U                                                            |                                                             SampleNeuralNet_fifo_w16_d2_S_11 |         14 |         14 |       0 |    0 |   38 |      0 |      0 |          0 |
|     (layer3_out_7_U)                                                        |                                                             SampleNeuralNet_fifo_w16_d2_S_11 |          6 |          6 |       0 |    0 |    6 |      0 |      0 |          0 |
|     U_SampleNeuralNet_fifo_w16_d2_S_ShiftReg                                |                                                    SampleNeuralNet_fifo_w16_d2_S_ShiftReg_59 |          8 |          8 |       0 |    0 |   32 |      0 |      0 |          0 |
|   layer3_out_U                                                              |                                                             SampleNeuralNet_fifo_w16_d2_S_12 |         15 |         15 |       0 |    0 |   38 |      0 |      0 |          0 |
|     (layer3_out_U)                                                          |                                                             SampleNeuralNet_fifo_w16_d2_S_12 |          7 |          7 |       0 |    0 |    6 |      0 |      0 |          0 |
|     U_SampleNeuralNet_fifo_w16_d2_S_ShiftReg                                |                                                    SampleNeuralNet_fifo_w16_d2_S_ShiftReg_58 |          8 |          8 |       0 |    0 |   32 |      0 |      0 |          0 |
|   layer4_out_1_U                                                            |                                                             SampleNeuralNet_fifo_w34_d2_S_13 |         25 |         25 |       0 |    0 |   74 |      0 |      0 |          0 |
|     (layer4_out_1_U)                                                        |                                                             SampleNeuralNet_fifo_w34_d2_S_13 |          8 |          8 |       0 |    0 |    6 |      0 |      0 |          0 |
|     U_SampleNeuralNet_fifo_w34_d2_S_ShiftReg                                |                                                    SampleNeuralNet_fifo_w34_d2_S_ShiftReg_57 |         17 |         17 |       0 |    0 |   68 |      0 |      0 |          0 |
|   layer4_out_2_U                                                            |                                                             SampleNeuralNet_fifo_w35_d2_S_14 |         25 |         25 |       0 |    0 |   76 |      0 |      0 |          0 |
|     (layer4_out_2_U)                                                        |                                                             SampleNeuralNet_fifo_w35_d2_S_14 |          7 |          7 |       0 |    0 |    6 |      0 |      0 |          0 |
|     U_SampleNeuralNet_fifo_w35_d2_S_ShiftReg                                |                                                    SampleNeuralNet_fifo_w35_d2_S_ShiftReg_56 |         18 |         18 |       0 |    0 |   70 |      0 |      0 |          0 |
|   layer4_out_3_U                                                            |                                                             SampleNeuralNet_fifo_w35_d2_S_15 |         25 |         25 |       0 |    0 |   76 |      0 |      0 |          0 |
|     (layer4_out_3_U)                                                        |                                                             SampleNeuralNet_fifo_w35_d2_S_15 |          7 |          7 |       0 |    0 |    6 |      0 |      0 |          0 |
|     U_SampleNeuralNet_fifo_w35_d2_S_ShiftReg                                |                                                    SampleNeuralNet_fifo_w35_d2_S_ShiftReg_55 |         18 |         18 |       0 |    0 |   70 |      0 |      0 |          0 |
|   layer4_out_4_U                                                            |                                                             SampleNeuralNet_fifo_w34_d2_S_16 |         28 |         28 |       0 |    0 |   74 |      0 |      0 |          0 |
|     (layer4_out_4_U)                                                        |                                                             SampleNeuralNet_fifo_w34_d2_S_16 |         11 |         11 |       0 |    0 |    6 |      0 |      0 |          0 |
|     U_SampleNeuralNet_fifo_w34_d2_S_ShiftReg                                |                                                    SampleNeuralNet_fifo_w34_d2_S_ShiftReg_54 |         17 |         17 |       0 |    0 |   68 |      0 |      0 |          0 |
|   layer4_out_5_U                                                            |                                                             SampleNeuralNet_fifo_w35_d2_S_17 |         25 |         25 |       0 |    0 |   76 |      0 |      0 |          0 |
|     (layer4_out_5_U)                                                        |                                                             SampleNeuralNet_fifo_w35_d2_S_17 |          7 |          7 |       0 |    0 |    6 |      0 |      0 |          0 |
|     U_SampleNeuralNet_fifo_w35_d2_S_ShiftReg                                |                                                    SampleNeuralNet_fifo_w35_d2_S_ShiftReg_53 |         18 |         18 |       0 |    0 |   70 |      0 |      0 |          0 |
|   layer4_out_6_U                                                            |                                                             SampleNeuralNet_fifo_w35_d2_S_18 |         25 |         25 |       0 |    0 |   76 |      0 |      0 |          0 |
|     (layer4_out_6_U)                                                        |                                                             SampleNeuralNet_fifo_w35_d2_S_18 |          7 |          7 |       0 |    0 |    6 |      0 |      0 |          0 |
|     U_SampleNeuralNet_fifo_w35_d2_S_ShiftReg                                |                                                    SampleNeuralNet_fifo_w35_d2_S_ShiftReg_52 |         18 |         18 |       0 |    0 |   70 |      0 |      0 |          0 |
|   layer4_out_7_U                                                            |                                                             SampleNeuralNet_fifo_w35_d2_S_19 |         25 |         25 |       0 |    0 |   76 |      0 |      0 |          0 |
|     (layer4_out_7_U)                                                        |                                                             SampleNeuralNet_fifo_w35_d2_S_19 |          7 |          7 |       0 |    0 |    6 |      0 |      0 |          0 |
|     U_SampleNeuralNet_fifo_w35_d2_S_ShiftReg                                |                                                    SampleNeuralNet_fifo_w35_d2_S_ShiftReg_51 |         18 |         18 |       0 |    0 |   70 |      0 |      0 |          0 |
|   layer4_out_U                                                              |                                                             SampleNeuralNet_fifo_w35_d2_S_20 |         25 |         25 |       0 |    0 |   76 |      0 |      0 |          0 |
|     (layer4_out_U)                                                          |                                                             SampleNeuralNet_fifo_w35_d2_S_20 |          7 |          7 |       0 |    0 |    6 |      0 |      0 |          0 |
|     U_SampleNeuralNet_fifo_w35_d2_S_ShiftReg                                |                                                    SampleNeuralNet_fifo_w35_d2_S_ShiftReg_50 |         18 |         18 |       0 |    0 |   70 |      0 |      0 |          0 |
|   layer5_out_1_U                                                            |                                                             SampleNeuralNet_fifo_w16_d2_S_21 |         16 |         16 |       0 |    0 |   38 |      0 |      0 |          0 |
|     (layer5_out_1_U)                                                        |                                                             SampleNeuralNet_fifo_w16_d2_S_21 |          8 |          8 |       0 |    0 |    6 |      0 |      0 |          0 |
|     U_SampleNeuralNet_fifo_w16_d2_S_ShiftReg                                |                                                    SampleNeuralNet_fifo_w16_d2_S_ShiftReg_49 |          8 |          8 |       0 |    0 |   32 |      0 |      0 |          0 |
|   layer5_out_2_U                                                            |                                                             SampleNeuralNet_fifo_w16_d2_S_22 |         15 |         15 |       0 |    0 |   38 |      0 |      0 |          0 |
|     (layer5_out_2_U)                                                        |                                                             SampleNeuralNet_fifo_w16_d2_S_22 |          7 |          7 |       0 |    0 |    6 |      0 |      0 |          0 |
|     U_SampleNeuralNet_fifo_w16_d2_S_ShiftReg                                |                                                    SampleNeuralNet_fifo_w16_d2_S_ShiftReg_48 |          8 |          8 |       0 |    0 |   32 |      0 |      0 |          0 |
|   layer5_out_3_U                                                            |                                                             SampleNeuralNet_fifo_w16_d2_S_23 |         14 |         14 |       0 |    0 |   38 |      0 |      0 |          0 |
|     (layer5_out_3_U)                                                        |                                                             SampleNeuralNet_fifo_w16_d2_S_23 |          6 |          6 |       0 |    0 |    6 |      0 |      0 |          0 |
|     U_SampleNeuralNet_fifo_w16_d2_S_ShiftReg                                |                                                    SampleNeuralNet_fifo_w16_d2_S_ShiftReg_47 |          8 |          8 |       0 |    0 |   32 |      0 |      0 |          0 |
|   layer5_out_4_U                                                            |                                                             SampleNeuralNet_fifo_w16_d2_S_24 |         15 |         15 |       0 |    0 |   38 |      0 |      0 |          0 |
|     (layer5_out_4_U)                                                        |                                                             SampleNeuralNet_fifo_w16_d2_S_24 |          7 |          7 |       0 |    0 |    6 |      0 |      0 |          0 |
|     U_SampleNeuralNet_fifo_w16_d2_S_ShiftReg                                |                                                    SampleNeuralNet_fifo_w16_d2_S_ShiftReg_46 |          8 |          8 |       0 |    0 |   32 |      0 |      0 |          0 |
|   layer5_out_5_U                                                            |                                                             SampleNeuralNet_fifo_w16_d2_S_25 |         14 |         14 |       0 |    0 |   38 |      0 |      0 |          0 |
|     (layer5_out_5_U)                                                        |                                                             SampleNeuralNet_fifo_w16_d2_S_25 |          6 |          6 |       0 |    0 |    6 |      0 |      0 |          0 |
|     U_SampleNeuralNet_fifo_w16_d2_S_ShiftReg                                |                                                    SampleNeuralNet_fifo_w16_d2_S_ShiftReg_45 |          8 |          8 |       0 |    0 |   32 |      0 |      0 |          0 |
|   layer5_out_6_U                                                            |                                                             SampleNeuralNet_fifo_w16_d2_S_26 |         14 |         14 |       0 |    0 |   38 |      0 |      0 |          0 |
|     (layer5_out_6_U)                                                        |                                                             SampleNeuralNet_fifo_w16_d2_S_26 |          6 |          6 |       0 |    0 |    6 |      0 |      0 |          0 |
|     U_SampleNeuralNet_fifo_w16_d2_S_ShiftReg                                |                                                    SampleNeuralNet_fifo_w16_d2_S_ShiftReg_44 |          8 |          8 |       0 |    0 |   32 |      0 |      0 |          0 |
|   layer5_out_7_U                                                            |                                                             SampleNeuralNet_fifo_w16_d2_S_27 |         14 |         14 |       0 |    0 |   38 |      0 |      0 |          0 |
|     (layer5_out_7_U)                                                        |                                                             SampleNeuralNet_fifo_w16_d2_S_27 |          6 |          6 |       0 |    0 |    6 |      0 |      0 |          0 |
|     U_SampleNeuralNet_fifo_w16_d2_S_ShiftReg                                |                                                    SampleNeuralNet_fifo_w16_d2_S_ShiftReg_43 |          8 |          8 |       0 |    0 |   32 |      0 |      0 |          0 |
|   layer5_out_U                                                              |                                                             SampleNeuralNet_fifo_w16_d2_S_28 |         14 |         14 |       0 |    0 |   38 |      0 |      0 |          0 |
|     (layer5_out_U)                                                          |                                                             SampleNeuralNet_fifo_w16_d2_S_28 |          6 |          6 |       0 |    0 |    6 |      0 |      0 |          0 |
|     U_SampleNeuralNet_fifo_w16_d2_S_ShiftReg                                |                                                       SampleNeuralNet_fifo_w16_d2_S_ShiftReg |          8 |          8 |       0 |    0 |   32 |      0 |      0 |          0 |
|   layer6_out_1_U                                                            |                                                             SampleNeuralNet_fifo_w34_d2_S_29 |         23 |         23 |       0 |    0 |   74 |      0 |      0 |          0 |
|     (layer6_out_1_U)                                                        |                                                             SampleNeuralNet_fifo_w34_d2_S_29 |          6 |          6 |       0 |    0 |    6 |      0 |      0 |          0 |
|     U_SampleNeuralNet_fifo_w34_d2_S_ShiftReg                                |                                                    SampleNeuralNet_fifo_w34_d2_S_ShiftReg_42 |         17 |         17 |       0 |    0 |   68 |      0 |      0 |          0 |
|   layer6_out_2_U                                                            |                                                             SampleNeuralNet_fifo_w35_d2_S_30 |         24 |         24 |       0 |    0 |   76 |      0 |      0 |          0 |
|     (layer6_out_2_U)                                                        |                                                             SampleNeuralNet_fifo_w35_d2_S_30 |          6 |          6 |       0 |    0 |    6 |      0 |      0 |          0 |
|     U_SampleNeuralNet_fifo_w35_d2_S_ShiftReg                                |                                                    SampleNeuralNet_fifo_w35_d2_S_ShiftReg_41 |         18 |         18 |       0 |    0 |   70 |      0 |      0 |          0 |
|   layer6_out_3_U                                                            |                                                             SampleNeuralNet_fifo_w34_d2_S_31 |         23 |         23 |       0 |    0 |   74 |      0 |      0 |          0 |
|     (layer6_out_3_U)                                                        |                                                             SampleNeuralNet_fifo_w34_d2_S_31 |          6 |          6 |       0 |    0 |    6 |      0 |      0 |          0 |
|     U_SampleNeuralNet_fifo_w34_d2_S_ShiftReg                                |                                                       SampleNeuralNet_fifo_w34_d2_S_ShiftReg |         17 |         17 |       0 |    0 |   68 |      0 |      0 |          0 |
|   layer6_out_4_U                                                            |                                                             SampleNeuralNet_fifo_w35_d2_S_32 |         24 |         24 |       0 |    0 |   76 |      0 |      0 |          0 |
|     (layer6_out_4_U)                                                        |                                                             SampleNeuralNet_fifo_w35_d2_S_32 |          6 |          6 |       0 |    0 |    6 |      0 |      0 |          0 |
|     U_SampleNeuralNet_fifo_w35_d2_S_ShiftReg                                |                                                    SampleNeuralNet_fifo_w35_d2_S_ShiftReg_40 |         18 |         18 |       0 |    0 |   70 |      0 |      0 |          0 |
|   layer6_out_5_U                                                            |                                                             SampleNeuralNet_fifo_w35_d2_S_33 |         25 |         25 |       0 |    0 |   76 |      0 |      0 |          0 |
|     (layer6_out_5_U)                                                        |                                                             SampleNeuralNet_fifo_w35_d2_S_33 |          7 |          7 |       0 |    0 |    6 |      0 |      0 |          0 |
|     U_SampleNeuralNet_fifo_w35_d2_S_ShiftReg                                |                                                    SampleNeuralNet_fifo_w35_d2_S_ShiftReg_39 |         18 |         18 |       0 |    0 |   70 |      0 |      0 |          0 |
|   layer6_out_6_U                                                            |                                                             SampleNeuralNet_fifo_w35_d2_S_34 |         24 |         24 |       0 |    0 |   76 |      0 |      0 |          0 |
|     (layer6_out_6_U)                                                        |                                                             SampleNeuralNet_fifo_w35_d2_S_34 |          6 |          6 |       0 |    0 |    6 |      0 |      0 |          0 |
|     U_SampleNeuralNet_fifo_w35_d2_S_ShiftReg                                |                                                    SampleNeuralNet_fifo_w35_d2_S_ShiftReg_38 |         18 |         18 |       0 |    0 |   70 |      0 |      0 |          0 |
|   layer6_out_7_U                                                            |                                                             SampleNeuralNet_fifo_w35_d2_S_35 |         24 |         24 |       0 |    0 |   76 |      0 |      0 |          0 |
|     (layer6_out_7_U)                                                        |                                                             SampleNeuralNet_fifo_w35_d2_S_35 |          6 |          6 |       0 |    0 |    6 |      0 |      0 |          0 |
|     U_SampleNeuralNet_fifo_w35_d2_S_ShiftReg                                |                                                    SampleNeuralNet_fifo_w35_d2_S_ShiftReg_37 |         18 |         18 |       0 |    0 |   70 |      0 |      0 |          0 |
|   layer6_out_U                                                              |                                                             SampleNeuralNet_fifo_w35_d2_S_36 |         26 |         26 |       0 |    0 |   76 |      0 |      0 |          0 |
|     (layer6_out_U)                                                          |                                                             SampleNeuralNet_fifo_w35_d2_S_36 |          8 |          8 |       0 |    0 |    6 |      0 |      0 |          0 |
|     U_SampleNeuralNet_fifo_w35_d2_S_ShiftReg                                |                                                       SampleNeuralNet_fifo_w35_d2_S_ShiftReg |         18 |         18 |       0 |    0 |   70 |      0 |      0 |          0 |
|   thresholded_relu_ap_int_48_ap_int_48_ap_int_16_thresholdedrelu_config3_U0 |     SampleNeuralNet_thresholded_relu_ap_int_48_ap_int_48_ap_int_16_thresholdedrelu_config3_s |        280 |        280 |       0 |    0 |  534 |      0 |      0 |          0 |
|   thresholded_relu_ap_int_48_ap_int_48_ap_int_16_thresholdedrelu_config5_U0 |     SampleNeuralNet_thresholded_relu_ap_int_48_ap_int_48_ap_int_16_thresholdedrelu_config5_s |        278 |        278 |       0 |    0 |  545 |      0 |      0 |          0 |
|   thresholded_relu_ap_int_48_ap_int_48_ap_int_16_thresholdedrelu_config7_U0 |     SampleNeuralNet_thresholded_relu_ap_int_48_ap_int_48_ap_int_16_thresholdedrelu_config7_s |        265 |        265 |       0 |    0 |  544 |      0 |      0 |          0 |
+-----------------------------------------------------------------------------+----------------------------------------------------------------------------------------------+------------+------------+---------+------+------+--------+--------+------------+


