Copyright 1986-2022 Xilinx, Inc. All Rights Reserved. Copyright 2022-2024 Advanced Micro Devices, Inc. All Rights Reserved.
---------------------------------------------------------------------------------------------------------------------------------------------
| Tool Version : Vivado v.2024.1 (lin64) Build 5076996 Wed May 22 18:36:09 MDT 2024
| Date         : Tue Sep  1 23:41:26 2026
| Host         : ei-lan-400 running 64-bit Debian GNU/Linux 12 (bookworm)
| Command      : report_timing -max_paths 20 -file ./Analysis_Verilog/Timing_Paths_Implementation.rpt
| Design       : SampleNeuralNet
| Device       : 7z010-clg400
| Speed File   : -1  PRODUCTION 1.12 2019-11-22
| Design State : Routed
---------------------------------------------------------------------------------------------------------------------------------------------

Timing Report

Slack (VIOLATED) :        -0.439ns  (required time - arrival time)
  Source:                 custom_dsp_dense_implementation_ap_int_16_ap_int_48_config2_U0/icmp_ln62_reg_667_reg[0]/C
                            (rising edge-triggered cell FDRE clocked by ap_clk  {rise@0.000ns fall@2.000ns period=4.000ns})
  Destination:            ap_sync_reg_channel_write_layer2_out_1_reg/R
                            (rising edge-triggered cell FDRE clocked by ap_clk  {rise@0.000ns fall@2.000ns period=4.000ns})
  Path Group:             ap_clk
  Path Type:              Setup (Max at Slow Process Corner)
  Requirement:            4.000ns  (ap_clk rise@4.000ns - ap_clk rise@0.000ns)
  Data Path Delay:        3.831ns  (logic 0.952ns (24.850%)  route 2.879ns (75.150%))
  Logic Levels:           4  (LUT4=1 LUT6=3)
  Clock Path Skew:        -0.049ns (DCD - SCD + CPR)
    Destination Clock Delay (DCD):    0.924ns = ( 4.924 - 4.000 ) 
    Source Clock Delay      (SCD):    0.973ns
    Clock Pessimism Removal (CPR):    0.000ns
  Clock Uncertainty:      0.035ns  ((TSJ^2 + TIJ^2)^1/2 + DJ) / 2 + PE
    Total System Jitter     (TSJ):    0.071ns
    Total Input Jitter      (TIJ):    0.000ns
    Discrete Jitter          (DJ):    0.000ns
    Phase Error              (PE):    0.000ns

    Location             Delay type                Incr(ns)  Path(ns)    Netlist Resource(s)
  -------------------------------------------------------------------    -------------------
                         (clock ap_clk rise edge)     0.000     0.000 r  
                                                      0.000     0.000 r  ap_clk (IN)
                         net (fo=8599, unset)         0.973     0.973    custom_dsp_dense_implementation_ap_int_16_ap_int_48_config2_U0/ap_clk
    SLICE_X29Y40         FDRE                                         r  custom_dsp_dense_implementation_ap_int_16_ap_int_48_config2_U0/icmp_ln62_reg_667_reg[0]/C
  -------------------------------------------------------------------    -------------------
    SLICE_X29Y40         FDRE (Prop_fdre_C_Q)         0.456     1.429 f  custom_dsp_dense_implementation_ap_int_16_ap_int_48_config2_U0/icmp_ln62_reg_667_reg[0]/Q
                         net (fo=12, routed)          0.851     2.280    custom_dsp_dense_implementation_ap_int_16_ap_int_48_config2_U0/flow_control_loop_pipe_U/icmp_ln62_reg_667
    SLICE_X27Y40         LUT6 (Prop_lut6_I4_O)        0.124     2.404 f  custom_dsp_dense_implementation_ap_int_16_ap_int_48_config2_U0/flow_control_loop_pipe_U/SRL_SIG[0][47]_i_3/O
                         net (fo=8, routed)           0.497     2.902    custom_dsp_dense_implementation_ap_int_16_ap_int_48_config2_U0/flow_control_loop_pipe_U/ap_block_state1_pp0_stage0_iter0
    SLICE_X29Y40         LUT6 (Prop_lut6_I2_O)        0.124     3.026 r  custom_dsp_dense_implementation_ap_int_16_ap_int_48_config2_U0/flow_control_loop_pipe_U/SRL_SIG[0][47]_i_1/O
                         net (fo=104, routed)         0.522     3.548    custom_dsp_dense_implementation_ap_int_16_ap_int_48_config2_U0/flow_control_loop_pipe_U/ap_sync_channel_write_layer2_out_70
    SLICE_X29Y40         LUT4 (Prop_lut4_I1_O)        0.124     3.672 f  custom_dsp_dense_implementation_ap_int_16_ap_int_48_config2_U0/flow_control_loop_pipe_U/ap_done_reg_i_4/O
                         net (fo=2, routed)           0.669     4.341    custom_dsp_dense_implementation_ap_int_16_ap_int_48_config2_U0/flow_control_loop_pipe_U/ap_done_reg_i_4_n_0
    SLICE_X28Y40         LUT6 (Prop_lut6_I1_O)        0.124     4.465 r  custom_dsp_dense_implementation_ap_int_16_ap_int_48_config2_U0/flow_control_loop_pipe_U/ap_sync_reg_channel_write_layer2_out_6_i_1/O
                         net (fo=8, routed)           0.339     4.804    ap_sync_reg_channel_write_layer2_out_7
    SLICE_X28Y41         FDRE                                         r  ap_sync_reg_channel_write_layer2_out_1_reg/R
  -------------------------------------------------------------------    -------------------

                         (clock ap_clk rise edge)     4.000     4.000 r  
                                                      0.000     4.000 r  ap_clk (IN)
                         net (fo=8599, unset)         0.924     4.924    ap_clk
    SLICE_X28Y41         FDRE                                         r  ap_sync_reg_channel_write_layer2_out_1_reg/C
                         clock pessimism              0.000     4.924    
                         clock uncertainty           -0.035     4.889    
    SLICE_X28Y41         FDRE (Setup_fdre_C_R)       -0.524     4.365    ap_sync_reg_channel_write_layer2_out_1_reg
  -------------------------------------------------------------------
                         required time                          4.365    
                         arrival time                          -4.804    
  -------------------------------------------------------------------
                         slack                                 -0.439    

Slack (VIOLATED) :        -0.439ns  (required time - arrival time)
  Source:                 custom_dsp_dense_implementation_ap_int_16_ap_int_48_config2_U0/icmp_ln62_reg_667_reg[0]/C
                            (rising edge-triggered cell FDRE clocked by ap_clk  {rise@0.000ns fall@2.000ns period=4.000ns})
  Destination:            ap_sync_reg_channel_write_layer2_out_2_reg/R
                            (rising edge-triggered cell FDRE clocked by ap_clk  {rise@0.000ns fall@2.000ns period=4.000ns})
  Path Group:             ap_clk
  Path Type:              Setup (Max at Slow Process Corner)
  Requirement:            4.000ns  (ap_clk rise@4.000ns - ap_clk rise@0.000ns)
  Data Path Delay:        3.831ns  (logic 0.952ns (24.850%)  route 2.879ns (75.150%))
  Logic Levels:           4  (LUT4=1 LUT6=3)
  Clock Path Skew:        -0.049ns (DCD - SCD + CPR)
    Destination Clock Delay (DCD):    0.924ns = ( 4.924 - 4.000 ) 
    Source Clock Delay      (SCD):    0.973ns
    Clock Pessimism Removal (CPR):    0.000ns
  Clock Uncertainty:      0.035ns  ((TSJ^2 + TIJ^2)^1/2 + DJ) / 2 + PE
    Total System Jitter     (TSJ):    0.071ns
    Total Input Jitter      (TIJ):    0.000ns
    Discrete Jitter          (DJ):    0.000ns
    Phase Error              (PE):    0.000ns

    Location             Delay type                Incr(ns)  Path(ns)    Netlist Resource(s)
  -------------------------------------------------------------------    -------------------
                         (clock ap_clk rise edge)     0.000     0.000 r  
                                                      0.000     0.000 r  ap_clk (IN)
                         net (fo=8599, unset)         0.973     0.973    custom_dsp_dense_implementation_ap_int_16_ap_int_48_config2_U0/ap_clk
    SLICE_X29Y40         FDRE                                         r  custom_dsp_dense_implementation_ap_int_16_ap_int_48_config2_U0/icmp_ln62_reg_667_reg[0]/C
  -------------------------------------------------------------------    -------------------
    SLICE_X29Y40         FDRE (Prop_fdre_C_Q)         0.456     1.429 f  custom_dsp_dense_implementation_ap_int_16_ap_int_48_config2_U0/icmp_ln62_reg_667_reg[0]/Q
                         net (fo=12, routed)          0.851     2.280    custom_dsp_dense_implementation_ap_int_16_ap_int_48_config2_U0/flow_control_loop_pipe_U/icmp_ln62_reg_667
    SLICE_X27Y40         LUT6 (Prop_lut6_I4_O)        0.124     2.404 f  custom_dsp_dense_implementation_ap_int_16_ap_int_48_config2_U0/flow_control_loop_pipe_U/SRL_SIG[0][47]_i_3/O
                         net (fo=8, routed)           0.497     2.902    custom_dsp_dense_implementation_ap_int_16_ap_int_48_config2_U0/flow_control_loop_pipe_U/ap_block_state1_pp0_stage0_iter0
    SLICE_X29Y40         LUT6 (Prop_lut6_I2_O)        0.124     3.026 r  custom_dsp_dense_implementation_ap_int_16_ap_int_48_config2_U0/flow_control_loop_pipe_U/SRL_SIG[0][47]_i_1/O
                         net (fo=104, routed)         0.522     3.548    custom_dsp_dense_implementation_ap_int_16_ap_int_48_config2_U0/flow_control_loop_pipe_U/ap_sync_channel_write_layer2_out_70
    SLICE_X29Y40         LUT4 (Prop_lut4_I1_O)        0.124     3.672 f  custom_dsp_dense_implementation_ap_int_16_ap_int_48_config2_U0/flow_control_loop_pipe_U/ap_done_reg_i_4/O
                         net (fo=2, routed)           0.669     4.341    custom_dsp_dense_implementation_ap_int_16_ap_int_48_config2_U0/flow_control_loop_pipe_U/ap_done_reg_i_4_n_0
    SLICE_X28Y40         LUT6 (Prop_lut6_I1_O)        0.124     4.465 r  custom_dsp_dense_implementation_ap_int_16_ap_int_48_config2_U0/flow_control_loop_pipe_U/ap_sync_reg_channel_write_layer2_out_6_i_1/O
                         net (fo=8, routed)           0.339     4.804    ap_sync_reg_channel_write_layer2_out_7
    SLICE_X28Y41         FDRE                                         r  ap_sync_reg_channel_write_layer2_out_2_reg/R
  -------------------------------------------------------------------    -------------------

                         (clock ap_clk rise edge)     4.000     4.000 r  
                                                      0.000     4.000 r  ap_clk (IN)
                         net (fo=8599, unset)         0.924     4.924    ap_clk
    SLICE_X28Y41         FDRE                                         r  ap_sync_reg_channel_write_layer2_out_2_reg/C
                         clock pessimism              0.000     4.924    
                         clock uncertainty           -0.035     4.889    
    SLICE_X28Y41         FDRE (Setup_fdre_C_R)       -0.524     4.365    ap_sync_reg_channel_write_layer2_out_2_reg
  -------------------------------------------------------------------
                         required time                          4.365    
                         arrival time                          -4.804    
  -------------------------------------------------------------------
                         slack                                 -0.439    

Slack (VIOLATED) :        -0.439ns  (required time - arrival time)
  Source:                 custom_dsp_dense_implementation_ap_int_16_ap_int_48_config2_U0/icmp_ln62_reg_667_reg[0]/C
                            (rising edge-triggered cell FDRE clocked by ap_clk  {rise@0.000ns fall@2.000ns period=4.000ns})
  Destination:            ap_sync_reg_channel_write_layer2_out_3_reg/R
                            (rising edge-triggered cell FDRE clocked by ap_clk  {rise@0.000ns fall@2.000ns period=4.000ns})
  Path Group:             ap_clk
  Path Type:              Setup (Max at Slow Process Corner)
  Requirement:            4.000ns  (ap_clk rise@4.000ns - ap_clk rise@0.000ns)
  Data Path Delay:        3.831ns  (logic 0.952ns (24.850%)  route 2.879ns (75.150%))
  Logic Levels:           4  (LUT4=1 LUT6=3)
  Clock Path Skew:        -0.049ns (DCD - SCD + CPR)
    Destination Clock Delay (DCD):    0.924ns = ( 4.924 - 4.000 ) 
    Source Clock Delay      (SCD):    0.973ns
    Clock Pessimism Removal (CPR):    0.000ns
  Clock Uncertainty:      0.035ns  ((TSJ^2 + TIJ^2)^1/2 + DJ) / 2 + PE
    Total System Jitter     (TSJ):    0.071ns
    Total Input Jitter      (TIJ):    0.000ns
    Discrete Jitter          (DJ):    0.000ns
    Phase Error              (PE):    0.000ns

    Location             Delay type                Incr(ns)  Path(ns)    Netlist Resource(s)
  -------------------------------------------------------------------    -------------------
                         (clock ap_clk rise edge)     0.000     0.000 r  
                                                      0.000     0.000 r  ap_clk (IN)
                         net (fo=8599, unset)         0.973     0.973    custom_dsp_dense_implementation_ap_int_16_ap_int_48_config2_U0/ap_clk
    SLICE_X29Y40         FDRE                                         r  custom_dsp_dense_implementation_ap_int_16_ap_int_48_config2_U0/icmp_ln62_reg_667_reg[0]/C
  -------------------------------------------------------------------    -------------------
    SLICE_X29Y40         FDRE (Prop_fdre_C_Q)         0.456     1.429 f  custom_dsp_dense_implementation_ap_int_16_ap_int_48_config2_U0/icmp_ln62_reg_667_reg[0]/Q
                         net (fo=12, routed)          0.851     2.280    custom_dsp_dense_implementation_ap_int_16_ap_int_48_config2_U0/flow_control_loop_pipe_U/icmp_ln62_reg_667
    SLICE_X27Y40         LUT6 (Prop_lut6_I4_O)        0.124     2.404 f  custom_dsp_dense_implementation_ap_int_16_ap_int_48_config2_U0/flow_control_loop_pipe_U/SRL_SIG[0][47]_i_3/O
                         net (fo=8, routed)           0.497     2.902    custom_dsp_dense_implementation_ap_int_16_ap_int_48_config2_U0/flow_control_loop_pipe_U/ap_block_state1_pp0_stage0_iter0
    SLICE_X29Y40         LUT6 (Prop_lut6_I2_O)        0.124     3.026 r  custom_dsp_dense_implementation_ap_int_16_ap_int_48_config2_U0/flow_control_loop_pipe_U/SRL_SIG[0][47]_i_1/O
                         net (fo=104, routed)         0.522     3.548    custom_dsp_dense_implementation_ap_int_16_ap_int_48_config2_U0/flow_control_loop_pipe_U/ap_sync_channel_write_layer2_out_70
    SLICE_X29Y40         LUT4 (Prop_lut4_I1_O)        0.124     3.672 f  custom_dsp_dense_implementation_ap_int_16_ap_int_48_config2_U0/flow_control_loop_pipe_U/ap_done_reg_i_4/O
                         net (fo=2, routed)           0.669     4.341    custom_dsp_dense_implementation_ap_int_16_ap_int_48_config2_U0/flow_control_loop_pipe_U/ap_done_reg_i_4_n_0
    SLICE_X28Y40         LUT6 (Prop_lut6_I1_O)        0.124     4.465 r  custom_dsp_dense_implementation_ap_int_16_ap_int_48_config2_U0/flow_control_loop_pipe_U/ap_sync_reg_channel_write_layer2_out_6_i_1/O
                         net (fo=8, routed)           0.339     4.804    ap_sync_reg_channel_write_layer2_out_7
    SLICE_X28Y41         FDRE                                         r  ap_sync_reg_channel_write_layer2_out_3_reg/R
  -------------------------------------------------------------------    -------------------

                         (clock ap_clk rise edge)     4.000     4.000 r  
                                                      0.000     4.000 r  ap_clk (IN)
                         net (fo=8599, unset)         0.924     4.924    ap_clk
    SLICE_X28Y41         FDRE                                         r  ap_sync_reg_channel_write_layer2_out_3_reg/C
                         clock pessimism              0.000     4.924    
                         clock uncertainty           -0.035     4.889    
    SLICE_X28Y41         FDRE (Setup_fdre_C_R)       -0.524     4.365    ap_sync_reg_channel_write_layer2_out_3_reg
  -------------------------------------------------------------------
                         required time                          4.365    
                         arrival time                          -4.804    
  -------------------------------------------------------------------
                         slack                                 -0.439    

Slack (VIOLATED) :        -0.439ns  (required time - arrival time)
  Source:                 custom_dsp_dense_implementation_ap_int_16_ap_int_48_config2_U0/icmp_ln62_reg_667_reg[0]/C
                            (rising edge-triggered cell FDRE clocked by ap_clk  {rise@0.000ns fall@2.000ns period=4.000ns})
  Destination:            ap_sync_reg_channel_write_layer2_out_4_reg/R
                            (rising edge-triggered cell FDRE clocked by ap_clk  {rise@0.000ns fall@2.000ns period=4.000ns})
  Path Group:             ap_clk
  Path Type:              Setup (Max at Slow Process Corner)
  Requirement:            4.000ns  (ap_clk rise@4.000ns - ap_clk rise@0.000ns)
  Data Path Delay:        3.831ns  (logic 0.952ns (24.850%)  route 2.879ns (75.150%))
  Logic Levels:           4  (LUT4=1 LUT6=3)
  Clock Path Skew:        -0.049ns (DCD - SCD + CPR)
    Destination Clock Delay (DCD):    0.924ns = ( 4.924 - 4.000 ) 
    Source Clock Delay      (SCD):    0.973ns
    Clock Pessimism Removal (CPR):    0.000ns
  Clock Uncertainty:      0.035ns  ((TSJ^2 + TIJ^2)^1/2 + DJ) / 2 + PE
    Total System Jitter     (TSJ):    0.071ns
    Total Input Jitter      (TIJ):    0.000ns
    Discrete Jitter          (DJ):    0.000ns
    Phase Error              (PE):    0.000ns

    Location             Delay type                Incr(ns)  Path(ns)    Netlist Resource(s)
  -------------------------------------------------------------------    -------------------
                         (clock ap_clk rise edge)     0.000     0.000 r  
                                                      0.000     0.000 r  ap_clk (IN)
                         net (fo=8599, unset)         0.973     0.973    custom_dsp_dense_implementation_ap_int_16_ap_int_48_config2_U0/ap_clk
    SLICE_X29Y40         FDRE                                         r  custom_dsp_dense_implementation_ap_int_16_ap_int_48_config2_U0/icmp_ln62_reg_667_reg[0]/C
  -------------------------------------------------------------------    -------------------
    SLICE_X29Y40         FDRE (Prop_fdre_C_Q)         0.456     1.429 f  custom_dsp_dense_implementation_ap_int_16_ap_int_48_config2_U0/icmp_ln62_reg_667_reg[0]/Q
                         net (fo=12, routed)          0.851     2.280    custom_dsp_dense_implementation_ap_int_16_ap_int_48_config2_U0/flow_control_loop_pipe_U/icmp_ln62_reg_667
    SLICE_X27Y40         LUT6 (Prop_lut6_I4_O)        0.124     2.404 f  custom_dsp_dense_implementation_ap_int_16_ap_int_48_config2_U0/flow_control_loop_pipe_U/SRL_SIG[0][47]_i_3/O
                         net (fo=8, routed)           0.497     2.902    custom_dsp_dense_implementation_ap_int_16_ap_int_48_config2_U0/flow_control_loop_pipe_U/ap_block_state1_pp0_stage0_iter0
    SLICE_X29Y40         LUT6 (Prop_lut6_I2_O)        0.124     3.026 r  custom_dsp_dense_implementation_ap_int_16_ap_int_48_config2_U0/flow_control_loop_pipe_U/SRL_SIG[0][47]_i_1/O
                         net (fo=104, routed)         0.522     3.548    custom_dsp_dense_implementation_ap_int_16_ap_int_48_config2_U0/flow_control_loop_pipe_U/ap_sync_channel_write_layer2_out_70
    SLICE_X29Y40         LUT4 (Prop_lut4_I1_O)        0.124     3.672 f  custom_dsp_dense_implementation_ap_int_16_ap_int_48_config2_U0/flow_control_loop_pipe_U/ap_done_reg_i_4/O
                         net (fo=2, routed)           0.669     4.341    custom_dsp_dense_implementation_ap_int_16_ap_int_48_config2_U0/flow_control_loop_pipe_U/ap_done_reg_i_4_n_0
    SLICE_X28Y40         LUT6 (Prop_lut6_I1_O)        0.124     4.465 r  custom_dsp_dense_implementation_ap_int_16_ap_int_48_config2_U0/flow_control_loop_pipe_U/ap_sync_reg_channel_write_layer2_out_6_i_1/O
                         net (fo=8, routed)           0.339     4.804    ap_sync_reg_channel_write_layer2_out_7
    SLICE_X28Y41         FDRE                                         r  ap_sync_reg_channel_write_layer2_out_4_reg/R
  -------------------------------------------------------------------    -------------------

                         (clock ap_clk rise edge)     4.000     4.000 r  
                                                      0.000     4.000 r  ap_clk (IN)
                         net (fo=8599, unset)         0.924     4.924    ap_clk
    SLICE_X28Y41         FDRE                                         r  ap_sync_reg_channel_write_layer2_out_4_reg/C
                         clock pessimism              0.000     4.924    
                         clock uncertainty           -0.035     4.889    
    SLICE_X28Y41         FDRE (Setup_fdre_C_R)       -0.524     4.365    ap_sync_reg_channel_write_layer2_out_4_reg
  -------------------------------------------------------------------
                         required time                          4.365    
                         arrival time                          -4.804    
  -------------------------------------------------------------------
                         slack                                 -0.439    

Slack (VIOLATED) :        -0.439ns  (required time - arrival time)
  Source:                 custom_dsp_dense_implementation_ap_int_16_ap_int_48_config2_U0/icmp_ln62_reg_667_reg[0]/C
                            (rising edge-triggered cell FDRE clocked by ap_clk  {rise@0.000ns fall@2.000ns period=4.000ns})
  Destination:            ap_sync_reg_channel_write_layer2_out_5_reg/R
                            (rising edge-triggered cell FDRE clocked by ap_clk  {rise@0.000ns fall@2.000ns period=4.000ns})
  Path Group:             ap_clk
  Path Type:              Setup (Max at Slow Process Corner)
  Requirement:            4.000ns  (ap_clk rise@4.000ns - ap_clk rise@0.000ns)
  Data Path Delay:        3.831ns  (logic 0.952ns (24.850%)  route 2.879ns (75.150%))
  Logic Levels:           4  (LUT4=1 LUT6=3)
  Clock Path Skew:        -0.049ns (DCD - SCD + CPR)
    Destination Clock Delay (DCD):    0.924ns = ( 4.924 - 4.000 ) 
    Source Clock Delay      (SCD):    0.973ns
    Clock Pessimism Removal (CPR):    0.000ns
  Clock Uncertainty:      0.035ns  ((TSJ^2 + TIJ^2)^1/2 + DJ) / 2 + PE
    Total System Jitter     (TSJ):    0.071ns
    Total Input Jitter      (TIJ):    0.000ns
    Discrete Jitter          (DJ):    0.000ns
    Phase Error              (PE):    0.000ns

    Location             Delay type                Incr(ns)  Path(ns)    Netlist Resource(s)
  -------------------------------------------------------------------    -------------------
                         (clock ap_clk rise edge)     0.000     0.000 r  
                                                      0.000     0.000 r  ap_clk (IN)
                         net (fo=8599, unset)         0.973     0.973    custom_dsp_dense_implementation_ap_int_16_ap_int_48_config2_U0/ap_clk
    SLICE_X29Y40         FDRE                                         r  custom_dsp_dense_implementation_ap_int_16_ap_int_48_config2_U0/icmp_ln62_reg_667_reg[0]/C
  -------------------------------------------------------------------    -------------------
    SLICE_X29Y40         FDRE (Prop_fdre_C_Q)         0.456     1.429 f  custom_dsp_dense_implementation_ap_int_16_ap_int_48_config2_U0/icmp_ln62_reg_667_reg[0]/Q
                         net (fo=12, routed)          0.851     2.280    custom_dsp_dense_implementation_ap_int_16_ap_int_48_config2_U0/flow_control_loop_pipe_U/icmp_ln62_reg_667
    SLICE_X27Y40         LUT6 (Prop_lut6_I4_O)        0.124     2.404 f  custom_dsp_dense_implementation_ap_int_16_ap_int_48_config2_U0/flow_control_loop_pipe_U/SRL_SIG[0][47]_i_3/O
                         net (fo=8, routed)           0.497     2.902    custom_dsp_dense_implementation_ap_int_16_ap_int_48_config2_U0/flow_control_loop_pipe_U/ap_block_state1_pp0_stage0_iter0
    SLICE_X29Y40         LUT6 (Prop_lut6_I2_O)        0.124     3.026 r  custom_dsp_dense_implementation_ap_int_16_ap_int_48_config2_U0/flow_control_loop_pipe_U/SRL_SIG[0][47]_i_1/O
                         net (fo=104, routed)         0.522     3.548    custom_dsp_dense_implementation_ap_int_16_ap_int_48_config2_U0/flow_control_loop_pipe_U/ap_sync_channel_write_layer2_out_70
    SLICE_X29Y40         LUT4 (Prop_lut4_I1_O)        0.124     3.672 f  custom_dsp_dense_implementation_ap_int_16_ap_int_48_config2_U0/flow_control_loop_pipe_U/ap_done_reg_i_4/O
                         net (fo=2, routed)           0.669     4.341    custom_dsp_dense_implementation_ap_int_16_ap_int_48_config2_U0/flow_control_loop_pipe_U/ap_done_reg_i_4_n_0
    SLICE_X28Y40         LUT6 (Prop_lut6_I1_O)        0.124     4.465 r  custom_dsp_dense_implementation_ap_int_16_ap_int_48_config2_U0/flow_control_loop_pipe_U/ap_sync_reg_channel_write_layer2_out_6_i_1/O
                         net (fo=8, routed)           0.339     4.804    ap_sync_reg_channel_write_layer2_out_7
    SLICE_X28Y41         FDRE                                         r  ap_sync_reg_channel_write_layer2_out_5_reg/R
  -------------------------------------------------------------------    -------------------

                         (clock ap_clk rise edge)     4.000     4.000 r  
                                                      0.000     4.000 r  ap_clk (IN)
                         net (fo=8599, unset)         0.924     4.924    ap_clk
    SLICE_X28Y41         FDRE                                         r  ap_sync_reg_channel_write_layer2_out_5_reg/C
                         clock pessimism              0.000     4.924    
                         clock uncertainty           -0.035     4.889    
    SLICE_X28Y41         FDRE (Setup_fdre_C_R)       -0.524     4.365    ap_sync_reg_channel_write_layer2_out_5_reg
  -------------------------------------------------------------------
                         required time                          4.365    
                         arrival time                          -4.804    
  -------------------------------------------------------------------
                         slack                                 -0.439    

Slack (VIOLATED) :        -0.439ns  (required time - arrival time)
  Source:                 custom_dsp_dense_implementation_ap_int_16_ap_int_48_config2_U0/icmp_ln62_reg_667_reg[0]/C
                            (rising edge-triggered cell FDRE clocked by ap_clk  {rise@0.000ns fall@2.000ns period=4.000ns})
  Destination:            ap_sync_reg_channel_write_layer2_out_6_reg/R
                            (rising edge-triggered cell FDRE clocked by ap_clk  {rise@0.000ns fall@2.000ns period=4.000ns})
  Path Group:             ap_clk
  Path Type:              Setup (Max at Slow Process Corner)
  Requirement:            4.000ns  (ap_clk rise@4.000ns - ap_clk rise@0.000ns)
  Data Path Delay:        3.831ns  (logic 0.952ns (24.850%)  route 2.879ns (75.150%))
  Logic Levels:           4  (LUT4=1 LUT6=3)
  Clock Path Skew:        -0.049ns (DCD - SCD + CPR)
    Destination Clock Delay (DCD):    0.924ns = ( 4.924 - 4.000 ) 
    Source Clock Delay      (SCD):    0.973ns
    Clock Pessimism Removal (CPR):    0.000ns
  Clock Uncertainty:      0.035ns  ((TSJ^2 + TIJ^2)^1/2 + DJ) / 2 + PE
    Total System Jitter     (TSJ):    0.071ns
    Total Input Jitter      (TIJ):    0.000ns
    Discrete Jitter          (DJ):    0.000ns
    Phase Error              (PE):    0.000ns

    Location             Delay type                Incr(ns)  Path(ns)    Netlist Resource(s)
  -------------------------------------------------------------------    -------------------
                         (clock ap_clk rise edge)     0.000     0.000 r  
                                                      0.000     0.000 r  ap_clk (IN)
                         net (fo=8599, unset)         0.973     0.973    custom_dsp_dense_implementation_ap_int_16_ap_int_48_config2_U0/ap_clk
    SLICE_X29Y40         FDRE                                         r  custom_dsp_dense_implementation_ap_int_16_ap_int_48_config2_U0/icmp_ln62_reg_667_reg[0]/C
  -------------------------------------------------------------------    -------------------
    SLICE_X29Y40         FDRE (Prop_fdre_C_Q)         0.456     1.429 f  custom_dsp_dense_implementation_ap_int_16_ap_int_48_config2_U0/icmp_ln62_reg_667_reg[0]/Q
                         net (fo=12, routed)          0.851     2.280    custom_dsp_dense_implementation_ap_int_16_ap_int_48_config2_U0/flow_control_loop_pipe_U/icmp_ln62_reg_667
    SLICE_X27Y40         LUT6 (Prop_lut6_I4_O)        0.124     2.404 f  custom_dsp_dense_implementation_ap_int_16_ap_int_48_config2_U0/flow_control_loop_pipe_U/SRL_SIG[0][47]_i_3/O
                         net (fo=8, routed)           0.497     2.902    custom_dsp_dense_implementation_ap_int_16_ap_int_48_config2_U0/flow_control_loop_pipe_U/ap_block_state1_pp0_stage0_iter0
    SLICE_X29Y40         LUT6 (Prop_lut6_I2_O)        0.124     3.026 r  custom_dsp_dense_implementation_ap_int_16_ap_int_48_config2_U0/flow_control_loop_pipe_U/SRL_SIG[0][47]_i_1/O
                         net (fo=104, routed)         0.522     3.548    custom_dsp_dense_implementation_ap_int_16_ap_int_48_config2_U0/flow_control_loop_pipe_U/ap_sync_channel_write_layer2_out_70
    SLICE_X29Y40         LUT4 (Prop_lut4_I1_O)        0.124     3.672 f  custom_dsp_dense_implementation_ap_int_16_ap_int_48_config2_U0/flow_control_loop_pipe_U/ap_done_reg_i_4/O
                         net (fo=2, routed)           0.669     4.341    custom_dsp_dense_implementation_ap_int_16_ap_int_48_config2_U0/flow_control_loop_pipe_U/ap_done_reg_i_4_n_0
    SLICE_X28Y40         LUT6 (Prop_lut6_I1_O)        0.124     4.465 r  custom_dsp_dense_implementation_ap_int_16_ap_int_48_config2_U0/flow_control_loop_pipe_U/ap_sync_reg_channel_write_layer2_out_6_i_1/O
                         net (fo=8, routed)           0.339     4.804    ap_sync_reg_channel_write_layer2_out_7
    SLICE_X28Y41         FDRE                                         r  ap_sync_reg_channel_write_layer2_out_6_reg/R
  -------------------------------------------------------------------    -------------------

                         (clock ap_clk rise edge)     4.000     4.000 r  
                                                      0.000     4.000 r  ap_clk (IN)
                         net (fo=8599, unset)         0.924     4.924    ap_clk
    SLICE_X28Y41         FDRE                                         r  ap_sync_reg_channel_write_layer2_out_6_reg/C
                         clock pessimism              0.000     4.924    
                         clock uncertainty           -0.035     4.889    
    SLICE_X28Y41         FDRE (Setup_fdre_C_R)       -0.524     4.365    ap_sync_reg_channel_write_layer2_out_6_reg
  -------------------------------------------------------------------
                         required time                          4.365    
                         arrival time                          -4.804    
  -------------------------------------------------------------------
                         slack                                 -0.439    

Slack (VIOLATED) :        -0.439ns  (required time - arrival time)
  Source:                 custom_dsp_dense_implementation_ap_int_16_ap_int_48_config2_U0/icmp_ln62_reg_667_reg[0]/C
                            (rising edge-triggered cell FDRE clocked by ap_clk  {rise@0.000ns fall@2.000ns period=4.000ns})
  Destination:            ap_sync_reg_channel_write_layer2_out_7_reg/R
                            (rising edge-triggered cell FDRE clocked by ap_clk  {rise@0.000ns fall@2.000ns period=4.000ns})
  Path Group:             ap_clk
  Path Type:              Setup (Max at Slow Process Corner)
  Requirement:            4.000ns  (ap_clk rise@4.000ns - ap_clk rise@0.000ns)
  Data Path Delay:        3.831ns  (logic 0.952ns (24.850%)  route 2.879ns (75.150%))
  Logic Levels:           4  (LUT4=1 LUT6=3)
  Clock Path Skew:        -0.049ns (DCD - SCD + CPR)
    Destination Clock Delay (DCD):    0.924ns = ( 4.924 - 4.000 ) 
    Source Clock Delay      (SCD):    0.973ns
    Clock Pessimism Removal (CPR):    0.000ns
  Clock Uncertainty:      0.035ns  ((TSJ^2 + TIJ^2)^1/2 + DJ) / 2 + PE
    Total System Jitter     (TSJ):    0.071ns
    Total Input Jitter      (TIJ):    0.000ns
    Discrete Jitter          (DJ):    0.000ns
    Phase Error              (PE):    0.000ns

    Location             Delay type                Incr(ns)  Path(ns)    Netlist Resource(s)
  -------------------------------------------------------------------    -------------------
                         (clock ap_clk rise edge)     0.000     0.000 r  
                                                      0.000     0.000 r  ap_clk (IN)
                         net (fo=8599, unset)         0.973     0.973    custom_dsp_dense_implementation_ap_int_16_ap_int_48_config2_U0/ap_clk
    SLICE_X29Y40         FDRE                                         r  custom_dsp_dense_implementation_ap_int_16_ap_int_48_config2_U0/icmp_ln62_reg_667_reg[0]/C
  -------------------------------------------------------------------    -------------------
    SLICE_X29Y40         FDRE (Prop_fdre_C_Q)         0.456     1.429 f  custom_dsp_dense_implementation_ap_int_16_ap_int_48_config2_U0/icmp_ln62_reg_667_reg[0]/Q
                         net (fo=12, routed)          0.851     2.280    custom_dsp_dense_implementation_ap_int_16_ap_int_48_config2_U0/flow_control_loop_pipe_U/icmp_ln62_reg_667
    SLICE_X27Y40         LUT6 (Prop_lut6_I4_O)        0.124     2.404 f  custom_dsp_dense_implementation_ap_int_16_ap_int_48_config2_U0/flow_control_loop_pipe_U/SRL_SIG[0][47]_i_3/O
                         net (fo=8, routed)           0.497     2.902    custom_dsp_dense_implementation_ap_int_16_ap_int_48_config2_U0/flow_control_loop_pipe_U/ap_block_state1_pp0_stage0_iter0
    SLICE_X29Y40         LUT6 (Prop_lut6_I2_O)        0.124     3.026 r  custom_dsp_dense_implementation_ap_int_16_ap_int_48_config2_U0/flow_control_loop_pipe_U/SRL_SIG[0][47]_i_1/O
                         net (fo=104, routed)         0.522     3.548    custom_dsp_dense_implementation_ap_int_16_ap_int_48_config2_U0/flow_control_loop_pipe_U/ap_sync_channel_write_layer2_out_70
    SLICE_X29Y40         LUT4 (Prop_lut4_I1_O)        0.124     3.672 f  custom_dsp_dense_implementation_ap_int_16_ap_int_48_config2_U0/flow_control_loop_pipe_U/ap_done_reg_i_4/O
                         net (fo=2, routed)           0.669     4.341    custom_dsp_dense_implementation_ap_int_16_ap_int_48_config2_U0/flow_control_loop_pipe_U/ap_done_reg_i_4_n_0
    SLICE_X28Y40         LUT6 (Prop_lut6_I1_O)        0.124     4.465 r  custom_dsp_dense_implementation_ap_int_16_ap_int_48_config2_U0/flow_control_loop_pipe_U/ap_sync_reg_channel_write_layer2_out_6_i_1/O
                         net (fo=8, routed)           0.339     4.804    ap_sync_reg_channel_write_layer2_out_7
    SLICE_X28Y41         FDRE                                         r  ap_sync_reg_channel_write_layer2_out_7_reg/R
  -------------------------------------------------------------------    -------------------

                         (clock ap_clk rise edge)     4.000     4.000 r  
                                                      0.000     4.000 r  ap_clk (IN)
                         net (fo=8599, unset)         0.924     4.924    ap_clk
    SLICE_X28Y41         FDRE                                         r  ap_sync_reg_channel_write_layer2_out_7_reg/C
                         clock pessimism              0.000     4.924    
                         clock uncertainty           -0.035     4.889    
    SLICE_X28Y41         FDRE (Setup_fdre_C_R)       -0.524     4.365    ap_sync_reg_channel_write_layer2_out_7_reg
  -------------------------------------------------------------------
                         required time                          4.365    
                         arrival time                          -4.804    
  -------------------------------------------------------------------
                         slack                                 -0.439    

Slack (VIOLATED) :        -0.439ns  (required time - arrival time)
  Source:                 custom_dsp_dense_implementation_ap_int_16_ap_int_48_config2_U0/icmp_ln62_reg_667_reg[0]/C
                            (rising edge-triggered cell FDRE clocked by ap_clk  {rise@0.000ns fall@2.000ns period=4.000ns})
  Destination:            ap_sync_reg_channel_write_layer2_out_reg/R
                            (rising edge-triggered cell FDRE clocked by ap_clk  {rise@0.000ns fall@2.000ns period=4.000ns})
  Path Group:             ap_clk
  Path Type:              Setup (Max at Slow Process Corner)
  Requirement:            4.000ns  (ap_clk rise@4.000ns - ap_clk rise@0.000ns)
  Data Path Delay:        3.831ns  (logic 0.952ns (24.850%)  route 2.879ns (75.150%))
  Logic Levels:           4  (LUT4=1 LUT6=3)
  Clock Path Skew:        -0.049ns (DCD - SCD + CPR)
    Destination Clock Delay (DCD):    0.924ns = ( 4.924 - 4.000 ) 
    Source Clock Delay      (SCD):    0.973ns
    Clock Pessimism Removal (CPR):    0.000ns
  Clock Uncertainty:      0.035ns  ((TSJ^2 + TIJ^2)^1/2 + DJ) / 2 + PE
    Total System Jitter     (TSJ):    0.071ns
    Total Input Jitter      (TIJ):    0.000ns
    Discrete Jitter          (DJ):    0.000ns
    Phase Error              (PE):    0.000ns

    Location             Delay type                Incr(ns)  Path(ns)    Netlist Resource(s)
  -------------------------------------------------------------------    -------------------
                         (clock ap_clk rise edge)     0.000     0.000 r  
                                                      0.000     0.000 r  ap_clk (IN)
                         net (fo=8599, unset)         0.973     0.973    custom_dsp_dense_implementation_ap_int_16_ap_int_48_config2_U0/ap_clk
    SLICE_X29Y40         FDRE                                         r  custom_dsp_dense_implementation_ap_int_16_ap_int_48_config2_U0/icmp_ln62_reg_667_reg[0]/C
  -------------------------------------------------------------------    -------------------
    SLICE_X29Y40         FDRE (Prop_fdre_C_Q)         0.456     1.429 f  custom_dsp_dense_implementation_ap_int_16_ap_int_48_config2_U0/icmp_ln62_reg_667_reg[0]/Q
                         net (fo=12, routed)          0.851     2.280    custom_dsp_dense_implementation_ap_int_16_ap_int_48_config2_U0/flow_control_loop_pipe_U/icmp_ln62_reg_667
    SLICE_X27Y40         LUT6 (Prop_lut6_I4_O)        0.124     2.404 f  custom_dsp_dense_implementation_ap_int_16_ap_int_48_config2_U0/flow_control_loop_pipe_U/SRL_SIG[0][47]_i_3/O
                         net (fo=8, routed)           0.497     2.902    custom_dsp_dense_implementation_ap_int_16_ap_int_48_config2_U0/flow_control_loop_pipe_U/ap_block_state1_pp0_stage0_iter0
    SLICE_X29Y40         LUT6 (Prop_lut6_I2_O)        0.124     3.026 r  custom_dsp_dense_implementation_ap_int_16_ap_int_48_config2_U0/flow_control_loop_pipe_U/SRL_SIG[0][47]_i_1/O
                         net (fo=104, routed)         0.522     3.548    custom_dsp_dense_implementation_ap_int_16_ap_int_48_config2_U0/flow_control_loop_pipe_U/ap_sync_channel_write_layer2_out_70
    SLICE_X29Y40         LUT4 (Prop_lut4_I1_O)        0.124     3.672 f  custom_dsp_dense_implementation_ap_int_16_ap_int_48_config2_U0/flow_control_loop_pipe_U/ap_done_reg_i_4/O
                         net (fo=2, routed)           0.669     4.341    custom_dsp_dense_implementation_ap_int_16_ap_int_48_config2_U0/flow_control_loop_pipe_U/ap_done_reg_i_4_n_0
    SLICE_X28Y40         LUT6 (Prop_lut6_I1_O)        0.124     4.465 r  custom_dsp_dense_implementation_ap_int_16_ap_int_48_config2_U0/flow_control_loop_pipe_U/ap_sync_reg_channel_write_layer2_out_6_i_1/O
                         net (fo=8, routed)           0.339     4.804    ap_sync_reg_channel_write_layer2_out_7
    SLICE_X28Y41         FDRE                                         r  ap_sync_reg_channel_write_layer2_out_reg/R
  -------------------------------------------------------------------    -------------------

                         (clock ap_clk rise edge)     4.000     4.000 r  
                                                      0.000     4.000 r  ap_clk (IN)
                         net (fo=8599, unset)         0.924     4.924    ap_clk
    SLICE_X28Y41         FDRE                                         r  ap_sync_reg_channel_write_layer2_out_reg/C
                         clock pessimism              0.000     4.924    
                         clock uncertainty           -0.035     4.889    
    SLICE_X28Y41         FDRE (Setup_fdre_C_R)       -0.524     4.365    ap_sync_reg_channel_write_layer2_out_reg
  -------------------------------------------------------------------
                         required time                          4.365    
                         arrival time                          -4.804    
  -------------------------------------------------------------------
                         slack                                 -0.439    

Slack (VIOLATED) :        -0.376ns  (required time - arrival time)
  Source:                 custom_dsp_dense_implementation_ap_int_16_ap_int_48_config2_U0/icmp_ln62_reg_667_reg[0]/C
                            (rising edge-triggered cell FDRE clocked by ap_clk  {rise@0.000ns fall@2.000ns period=4.000ns})
  Destination:            custom_dsp_dense_implementation_ap_int_16_ap_int_48_config2_U0/w2_U/q0_t0_reg/ENBWREN
                            (rising edge-triggered cell RAMB18E1 clocked by ap_clk  {rise@0.000ns fall@2.000ns period=4.000ns})
  Path Group:             ap_clk
  Path Type:              Setup (Max at Slow Process Corner)
  Requirement:            4.000ns  (ap_clk rise@4.000ns - ap_clk rise@0.000ns)
  Data Path Delay:        3.849ns  (logic 0.828ns (21.511%)  route 3.021ns (78.489%))
  Logic Levels:           3  (LUT4=2 LUT6=1)
  Clock Path Skew:        -0.049ns (DCD - SCD + CPR)
    Destination Clock Delay (DCD):    0.924ns = ( 4.924 - 4.000 ) 
    Source Clock Delay      (SCD):    0.973ns
    Clock Pessimism Removal (CPR):    0.000ns
  Clock Uncertainty:      0.035ns  ((TSJ^2 + TIJ^2)^1/2 + DJ) / 2 + PE
    Total System Jitter     (TSJ):    0.071ns
    Total Input Jitter      (TIJ):    0.000ns
    Discrete Jitter          (DJ):    0.000ns
    Phase Error              (PE):    0.000ns

    Location             Delay type                Incr(ns)  Path(ns)    Netlist Resource(s)
  -------------------------------------------------------------------    -------------------
                         (clock ap_clk rise edge)     0.000     0.000 r  
                                                      0.000     0.000 r  ap_clk (IN)
                         net (fo=8599, unset)         0.973     0.973    custom_dsp_dense_implementation_ap_int_16_ap_int_48_config2_U0/ap_clk
    SLICE_X29Y40         FDRE                                         r  custom_dsp_dense_implementation_ap_int_16_ap_int_48_config2_U0/icmp_ln62_reg_667_reg[0]/C
  -------------------------------------------------------------------    -------------------
    SLICE_X29Y40         FDRE (Prop_fdre_C_Q)         0.456     1.429 f  custom_dsp_dense_implementation_ap_int_16_ap_int_48_config2_U0/icmp_ln62_reg_667_reg[0]/Q
                         net (fo=12, routed)          0.847     2.276    custom_dsp_dense_implementation_ap_int_16_ap_int_48_config2_U0/flow_control_loop_pipe_U/icmp_ln62_reg_667
    SLICE_X29Y40         LUT4 (Prop_lut4_I2_O)        0.124     2.400 f  custom_dsp_dense_implementation_ap_int_16_ap_int_48_config2_U0/flow_control_loop_pipe_U/ap_ready_INST_0_i_3/O
                         net (fo=2, routed)           0.415     2.815    custom_dsp_dense_implementation_ap_int_16_ap_int_48_config2_U0/flow_control_loop_pipe_U/p_13_in
    SLICE_X29Y41         LUT4 (Prop_lut4_I2_O)        0.124     2.939 r  custom_dsp_dense_implementation_ap_int_16_ap_int_48_config2_U0/flow_control_loop_pipe_U/ap_ready_INST_0_i_1/O
                         net (fo=547, routed)         1.266     4.205    custom_dsp_dense_implementation_ap_int_16_ap_int_48_config2_U0/w2_U/pwropt
    SLICE_X9Y37          LUT6 (Prop_lut6_I2_O)        0.124     4.329 r  custom_dsp_dense_implementation_ap_int_16_ap_int_48_config2_U0/w2_U/q0_t0_reg_ENBWREN_cooolgate_en_gate_5_LOPT_REMAP/O
                         net (fo=1, routed)           0.493     4.822    custom_dsp_dense_implementation_ap_int_16_ap_int_48_config2_U0/w2_U/q0_t0_reg_ENBWREN_cooolgate_en_sig_4
    RAMB18_X0Y14         RAMB18E1                                     r  custom_dsp_dense_implementation_ap_int_16_ap_int_48_config2_U0/w2_U/q0_t0_reg/ENBWREN
  -------------------------------------------------------------------    -------------------

                         (clock ap_clk rise edge)     4.000     4.000 r  
                                                      0.000     4.000 r  ap_clk (IN)
                         net (fo=8599, unset)         0.924     4.924    custom_dsp_dense_implementation_ap_int_16_ap_int_48_config2_U0/w2_U/ap_clk
    RAMB18_X0Y14         RAMB18E1                                     r  custom_dsp_dense_implementation_ap_int_16_ap_int_48_config2_U0/w2_U/q0_t0_reg/CLKBWRCLK
                         clock pessimism              0.000     4.924    
                         clock uncertainty           -0.035     4.889    
    RAMB18_X0Y14         RAMB18E1 (Setup_ramb18e1_CLKBWRCLK_ENBWREN)
                                                     -0.443     4.446    custom_dsp_dense_implementation_ap_int_16_ap_int_48_config2_U0/w2_U/q0_t0_reg
  -------------------------------------------------------------------
                         required time                          4.446    
                         arrival time                          -4.822    
  -------------------------------------------------------------------
                         slack                                 -0.376    

Slack (VIOLATED) :        -0.329ns  (required time - arrival time)
  Source:                 custom_dsp_dense_implementation_ap_int_16_ap_int_48_config6_U0/ap_done_reg_reg_inv/C
                            (rising edge-triggered cell FDRE clocked by ap_clk  {rise@0.000ns fall@2.000ns period=4.000ns})
  Destination:            ap_sync_reg_channel_write_layer6_out_7_reg/R
                            (rising edge-triggered cell FDRE clocked by ap_clk  {rise@0.000ns fall@2.000ns period=4.000ns})
  Path Group:             ap_clk
  Path Type:              Setup (Max at Slow Process Corner)
  Requirement:            4.000ns  (ap_clk rise@4.000ns - ap_clk rise@0.000ns)
  Data Path Delay:        3.816ns  (logic 1.090ns (28.561%)  route 2.726ns (71.439%))
  Logic Levels:           4  (LUT4=2 LUT5=1 LUT6=1)
  Clock Path Skew:        -0.049ns (DCD - SCD + CPR)
    Destination Clock Delay (DCD):    0.924ns = ( 4.924 - 4.000 ) 
    Source Clock Delay      (SCD):    0.973ns
    Clock Pessimism Removal (CPR):    0.000ns
  Clock Uncertainty:      0.035ns  ((TSJ^2 + TIJ^2)^1/2 + DJ) / 2 + PE
    Total System Jitter     (TSJ):    0.071ns
    Total Input Jitter      (TIJ):    0.000ns
    Discrete Jitter          (DJ):    0.000ns
    Phase Error              (PE):    0.000ns

    Location             Delay type                Incr(ns)  Path(ns)    Netlist Resource(s)
  -------------------------------------------------------------------    -------------------
                         (clock ap_clk rise edge)     0.000     0.000 r  
                                                      0.000     0.000 r  ap_clk (IN)
                         net (fo=8599, unset)         0.973     0.973    custom_dsp_dense_implementation_ap_int_16_ap_int_48_config6_U0/ap_clk
    SLICE_X25Y18         FDRE                                         r  custom_dsp_dense_implementation_ap_int_16_ap_int_48_config6_U0/ap_done_reg_reg_inv/C
  -------------------------------------------------------------------    -------------------
    SLICE_X25Y18         FDRE (Prop_fdre_C_Q)         0.419     1.392 f  custom_dsp_dense_implementation_ap_int_16_ap_int_48_config6_U0/ap_done_reg_reg_inv/Q
                         net (fo=7, routed)           0.695     2.087    custom_dsp_dense_implementation_ap_int_16_ap_int_48_config6_U0/ap_block_pp0_stage0_subdone
    SLICE_X25Y17         LUT4 (Prop_lut4_I3_O)        0.299     2.386 r  custom_dsp_dense_implementation_ap_int_16_ap_int_48_config6_U0/SRL_SIG[0][47]_i_1__15/O
                         net (fo=102, routed)         0.663     3.049    custom_dsp_dense_implementation_ap_int_16_ap_int_48_config6_U0/push_8
    SLICE_X25Y18         LUT5 (Prop_lut5_I2_O)        0.124     3.173 f  custom_dsp_dense_implementation_ap_int_16_ap_int_48_config6_U0/ap_done_reg_inv_i_4__2/O
                         net (fo=1, routed)           0.151     3.324    custom_dsp_dense_implementation_ap_int_16_ap_int_48_config6_U0/ap_done_reg_inv_i_4__2_n_0
    SLICE_X25Y18         LUT6 (Prop_lut6_I5_O)        0.124     3.448 r  custom_dsp_dense_implementation_ap_int_16_ap_int_48_config6_U0/ap_done_reg_inv_i_2__2/O
                         net (fo=2, routed)           0.678     4.126    custom_dsp_dense_implementation_ap_int_16_ap_int_48_config6_U0/custom_dsp_dense_implementation_ap_int_16_ap_int_48_config6_U0_ap_continue
    SLICE_X25Y18         LUT4 (Prop_lut4_I0_O)        0.124     4.250 r  custom_dsp_dense_implementation_ap_int_16_ap_int_48_config6_U0/ap_sync_reg_channel_write_layer6_out_6_i_1/O
                         net (fo=8, routed)           0.539     4.789    ap_sync_reg_channel_write_layer6_out_7
    SLICE_X25Y17         FDRE                                         r  ap_sync_reg_channel_write_layer6_out_7_reg/R
  -------------------------------------------------------------------    -------------------

                         (clock ap_clk rise edge)     4.000     4.000 r  
                                                      0.000     4.000 r  ap_clk (IN)
                         net (fo=8599, unset)         0.924     4.924    ap_clk
    SLICE_X25Y17         FDRE                                         r  ap_sync_reg_channel_write_layer6_out_7_reg/C
                         clock pessimism              0.000     4.924    
                         clock uncertainty           -0.035     4.889    
    SLICE_X25Y17         FDRE (Setup_fdre_C_R)       -0.429     4.460    ap_sync_reg_channel_write_layer6_out_7_reg
  -------------------------------------------------------------------
                         required time                          4.460    
                         arrival time                          -4.789    
  -------------------------------------------------------------------
                         slack                                 -0.329    

Slack (VIOLATED) :        -0.329ns  (required time - arrival time)
  Source:                 custom_dsp_dense_implementation_ap_int_16_ap_int_48_config6_U0/ap_done_reg_reg_inv/C
                            (rising edge-triggered cell FDRE clocked by ap_clk  {rise@0.000ns fall@2.000ns period=4.000ns})
  Destination:            ap_sync_reg_channel_write_layer6_out_reg/R
                            (rising edge-triggered cell FDRE clocked by ap_clk  {rise@0.000ns fall@2.000ns period=4.000ns})
  Path Group:             ap_clk
  Path Type:              Setup (Max at Slow Process Corner)
  Requirement:            4.000ns  (ap_clk rise@4.000ns - ap_clk rise@0.000ns)
  Data Path Delay:        3.816ns  (logic 1.090ns (28.561%)  route 2.726ns (71.439%))
  Logic Levels:           4  (LUT4=2 LUT5=1 LUT6=1)
  Clock Path Skew:        -0.049ns (DCD - SCD + CPR)
    Destination Clock Delay (DCD):    0.924ns = ( 4.924 - 4.000 ) 
    Source Clock Delay      (SCD):    0.973ns
    Clock Pessimism Removal (CPR):    0.000ns
  Clock Uncertainty:      0.035ns  ((TSJ^2 + TIJ^2)^1/2 + DJ) / 2 + PE
    Total System Jitter     (TSJ):    0.071ns
    Total Input Jitter      (TIJ):    0.000ns
    Discrete Jitter          (DJ):    0.000ns
    Phase Error              (PE):    0.000ns

    Location             Delay type                Incr(ns)  Path(ns)    Netlist Resource(s)
  -------------------------------------------------------------------    -------------------
                         (clock ap_clk rise edge)     0.000     0.000 r  
                                                      0.000     0.000 r  ap_clk (IN)
                         net (fo=8599, unset)         0.973     0.973    custom_dsp_dense_implementation_ap_int_16_ap_int_48_config6_U0/ap_clk
    SLICE_X25Y18         FDRE                                         r  custom_dsp_dense_implementation_ap_int_16_ap_int_48_config6_U0/ap_done_reg_reg_inv/C
  -------------------------------------------------------------------    -------------------
    SLICE_X25Y18         FDRE (Prop_fdre_C_Q)         0.419     1.392 f  custom_dsp_dense_implementation_ap_int_16_ap_int_48_config6_U0/ap_done_reg_reg_inv/Q
                         net (fo=7, routed)           0.695     2.087    custom_dsp_dense_implementation_ap_int_16_ap_int_48_config6_U0/ap_block_pp0_stage0_subdone
    SLICE_X25Y17         LUT4 (Prop_lut4_I3_O)        0.299     2.386 r  custom_dsp_dense_implementation_ap_int_16_ap_int_48_config6_U0/SRL_SIG[0][47]_i_1__15/O
                         net (fo=102, routed)         0.663     3.049    custom_dsp_dense_implementation_ap_int_16_ap_int_48_config6_U0/push_8
    SLICE_X25Y18         LUT5 (Prop_lut5_I2_O)        0.124     3.173 f  custom_dsp_dense_implementation_ap_int_16_ap_int_48_config6_U0/ap_done_reg_inv_i_4__2/O
                         net (fo=1, routed)           0.151     3.324    custom_dsp_dense_implementation_ap_int_16_ap_int_48_config6_U0/ap_done_reg_inv_i_4__2_n_0
    SLICE_X25Y18         LUT6 (Prop_lut6_I5_O)        0.124     3.448 r  custom_dsp_dense_implementation_ap_int_16_ap_int_48_config6_U0/ap_done_reg_inv_i_2__2/O
                         net (fo=2, routed)           0.678     4.126    custom_dsp_dense_implementation_ap_int_16_ap_int_48_config6_U0/custom_dsp_dense_implementation_ap_int_16_ap_int_48_config6_U0_ap_continue
    SLICE_X25Y18         LUT4 (Prop_lut4_I0_O)        0.124     4.250 r  custom_dsp_dense_implementation_ap_int_16_ap_int_48_config6_U0/ap_sync_reg_channel_write_layer6_out_6_i_1/O
                         net (fo=8, routed)           0.539     4.789    ap_sync_reg_channel_write_layer6_out_7
    SLICE_X25Y17         FDRE                                         r  ap_sync_reg_channel_write_layer6_out_reg/R
  -------------------------------------------------------------------    -------------------

                         (clock ap_clk rise edge)     4.000     4.000 r  
                                                      0.000     4.000 r  ap_clk (IN)
                         net (fo=8599, unset)         0.924     4.924    ap_clk
    SLICE_X25Y17         FDRE                                         r  ap_sync_reg_channel_write_layer6_out_reg/C
                         clock pessimism              0.000     4.924    
                         clock uncertainty           -0.035     4.889    
    SLICE_X25Y17         FDRE (Setup_fdre_C_R)       -0.429     4.460    ap_sync_reg_channel_write_layer6_out_reg
  -------------------------------------------------------------------
                         required time                          4.460    
                         arrival time                          -4.789    
  -------------------------------------------------------------------
                         slack                                 -0.329    

Slack (VIOLATED) :        -0.321ns  (required time - arrival time)
  Source:                 custom_dsp_dense_implementation_ap_int_16_ap_int_48_config2_U0/weightLoopIndex_reg_662_reg[1]/C
                            (rising edge-triggered cell FDRE clocked by ap_clk  {rise@0.000ns fall@2.000ns period=4.000ns})
  Destination:            custom_dsp_dense_implementation_ap_int_16_ap_int_48_config2_U0/ap_loop_exit_ready_pp0_iter10_reg_reg_srl10_srlopt/D
                            (rising edge-triggered cell FDRE clocked by ap_clk  {rise@0.000ns fall@2.000ns period=4.000ns})
  Path Group:             ap_clk
  Path Type:              Setup (Max at Slow Process Corner)
  Requirement:            4.000ns  (ap_clk rise@4.000ns - ap_clk rise@0.000ns)
  Data Path Delay:        3.989ns  (logic 0.854ns (21.407%)  route 3.135ns (78.593%))
  Logic Levels:           3  (LUT3=2 LUT5=1)
  Clock Path Skew:        -0.049ns (DCD - SCD + CPR)
    Destination Clock Delay (DCD):    0.924ns = ( 4.924 - 4.000 ) 
    Source Clock Delay      (SCD):    0.973ns
    Clock Pessimism Removal (CPR):    0.000ns
  Clock Uncertainty:      0.035ns  ((TSJ^2 + TIJ^2)^1/2 + DJ) / 2 + PE
    Total System Jitter     (TSJ):    0.071ns
    Total Input Jitter      (TIJ):    0.000ns
    Discrete Jitter          (DJ):    0.000ns
    Phase Error              (PE):    0.000ns

    Location             Delay type                Incr(ns)  Path(ns)    Netlist Resource(s)
  -------------------------------------------------------------------    -------------------
                         (clock ap_clk rise edge)     0.000     0.000 r  
                                                      0.000     0.000 r  ap_clk (IN)
                         net (fo=8599, unset)         0.973     0.973    custom_dsp_dense_implementation_ap_int_16_ap_int_48_config2_U0/ap_clk
    SLICE_X29Y45         FDRE                                         r  custom_dsp_dense_implementation_ap_int_16_ap_int_48_config2_U0/weightLoopIndex_reg_662_reg[1]/C
  -------------------------------------------------------------------    -------------------
    SLICE_X29Y45         FDRE (Prop_fdre_C_Q)         0.456     1.429 r  custom_dsp_dense_implementation_ap_int_16_ap_int_48_config2_U0/weightLoopIndex_reg_662_reg[1]/Q
                         net (fo=3, routed)           1.091     2.520    custom_dsp_dense_implementation_ap_int_16_ap_int_48_config2_U0/flow_control_loop_pipe_U/weightLoopIndex_reg_662[1]
    SLICE_X25Y41         LUT5 (Prop_lut5_I0_O)        0.124     2.644 r  custom_dsp_dense_implementation_ap_int_16_ap_int_48_config2_U0/flow_control_loop_pipe_U/ap_ready_INST_0_i_4/O
                         net (fo=3, routed)           0.816     3.460    custom_dsp_dense_implementation_ap_int_16_ap_int_48_config2_U0/flow_control_loop_pipe_U/ap_phi_mux_weightLoopIndex3_phi_fu_158_p6[1]
    SLICE_X26Y40         LUT3 (Prop_lut3_I0_O)        0.124     3.584 r  custom_dsp_dense_implementation_ap_int_16_ap_int_48_config2_U0/flow_control_loop_pipe_U/ap_ready_INST_0_i_2/O
                         net (fo=3, routed)           0.586     4.170    custom_dsp_dense_implementation_ap_int_16_ap_int_48_config2_U0/flow_control_loop_pipe_U/icmp_ln62_fu_332_p2
    SLICE_X26Y41         LUT3 (Prop_lut3_I2_O)        0.150     4.320 r  custom_dsp_dense_implementation_ap_int_16_ap_int_48_config2_U0/flow_control_loop_pipe_U/ap_ready_INST_0/O
                         net (fo=1, routed)           0.642     4.962    custom_dsp_dense_implementation_ap_int_16_ap_int_48_config2_U0/ap_ready
    SLICE_X29Y40         FDRE                                         r  custom_dsp_dense_implementation_ap_int_16_ap_int_48_config2_U0/ap_loop_exit_ready_pp0_iter10_reg_reg_srl10_srlopt/D
  -------------------------------------------------------------------    -------------------

                         (clock ap_clk rise edge)     4.000     4.000 r  
                                                      0.000     4.000 r  ap_clk (IN)
                         net (fo=8599, unset)         0.924     4.924    custom_dsp_dense_implementation_ap_int_16_ap_int_48_config2_U0/ap_clk
    SLICE_X29Y40         FDRE                                         r  custom_dsp_dense_implementation_ap_int_16_ap_int_48_config2_U0/ap_loop_exit_ready_pp0_iter10_reg_reg_srl10_srlopt/C
                         clock pessimism              0.000     4.924    
                         clock uncertainty           -0.035     4.889    
    SLICE_X29Y40         FDRE (Setup_fdre_C_D)       -0.248     4.641    custom_dsp_dense_implementation_ap_int_16_ap_int_48_config2_U0/ap_loop_exit_ready_pp0_iter10_reg_reg_srl10_srlopt
  -------------------------------------------------------------------
                         required time                          4.641    
                         arrival time                          -4.962    
  -------------------------------------------------------------------
                         slack                                 -0.321    

Slack (VIOLATED) :        -0.313ns  (required time - arrival time)
  Source:                 custom_dsp_dense_implementation_ap_int_16_ap_int_48_config2_U0/icmp_ln62_reg_667_reg[0]/C
                            (rising edge-triggered cell FDRE clocked by ap_clk  {rise@0.000ns fall@2.000ns period=4.000ns})
  Destination:            custom_dsp_dense_implementation_ap_int_16_ap_int_48_config2_U0/ap_return_1_preg_reg[23]/CE
                            (rising edge-triggered cell FDRE clocked by ap_clk  {rise@0.000ns fall@2.000ns period=4.000ns})
  Path Group:             ap_clk
  Path Type:              Setup (Max at Slow Process Corner)
  Requirement:            4.000ns  (ap_clk rise@4.000ns - ap_clk rise@0.000ns)
  Data Path Delay:        4.024ns  (logic 0.828ns (20.576%)  route 3.196ns (79.424%))
  Logic Levels:           3  (LUT2=1 LUT4=2)
  Clock Path Skew:        -0.049ns (DCD - SCD + CPR)
    Destination Clock Delay (DCD):    0.924ns = ( 4.924 - 4.000 ) 
    Source Clock Delay      (SCD):    0.973ns
    Clock Pessimism Removal (CPR):    0.000ns
  Clock Uncertainty:      0.035ns  ((TSJ^2 + TIJ^2)^1/2 + DJ) / 2 + PE
    Total System Jitter     (TSJ):    0.071ns
    Total Input Jitter      (TIJ):    0.000ns
    Discrete Jitter          (DJ):    0.000ns
    Phase Error              (PE):    0.000ns

    Location             Delay type                Incr(ns)  Path(ns)    Netlist Resource(s)
  -------------------------------------------------------------------    -------------------
                         (clock ap_clk rise edge)     0.000     0.000 r  
                                                      0.000     0.000 r  ap_clk (IN)
                         net (fo=8599, unset)         0.973     0.973    custom_dsp_dense_implementation_ap_int_16_ap_int_48_config2_U0/ap_clk
    SLICE_X29Y40         FDRE                                         r  custom_dsp_dense_implementation_ap_int_16_ap_int_48_config2_U0/icmp_ln62_reg_667_reg[0]/C
  -------------------------------------------------------------------    -------------------
    SLICE_X29Y40         FDRE (Prop_fdre_C_Q)         0.456     1.429 f  custom_dsp_dense_implementation_ap_int_16_ap_int_48_config2_U0/icmp_ln62_reg_667_reg[0]/Q
                         net (fo=12, routed)          0.847     2.276    custom_dsp_dense_implementation_ap_int_16_ap_int_48_config2_U0/flow_control_loop_pipe_U/icmp_ln62_reg_667
    SLICE_X29Y40         LUT4 (Prop_lut4_I2_O)        0.124     2.400 f  custom_dsp_dense_implementation_ap_int_16_ap_int_48_config2_U0/flow_control_loop_pipe_U/ap_ready_INST_0_i_3/O
                         net (fo=2, routed)           0.415     2.815    custom_dsp_dense_implementation_ap_int_16_ap_int_48_config2_U0/flow_control_loop_pipe_U/p_13_in
    SLICE_X29Y41         LUT4 (Prop_lut4_I2_O)        0.124     2.939 r  custom_dsp_dense_implementation_ap_int_16_ap_int_48_config2_U0/flow_control_loop_pipe_U/ap_ready_INST_0_i_1/O
                         net (fo=547, routed)         0.737     3.677    custom_dsp_dense_implementation_ap_int_16_ap_int_48_config2_U0/flow_control_loop_pipe_U/ap_block_pp0_stage0_subdone
    SLICE_X28Y39         LUT2 (Prop_lut2_I1_O)        0.124     3.801 r  custom_dsp_dense_implementation_ap_int_16_ap_int_48_config2_U0/flow_control_loop_pipe_U/ap_return_0_preg[47]_i_1__1/O
                         net (fo=384, routed)         1.197     4.997    custom_dsp_dense_implementation_ap_int_16_ap_int_48_config2_U0/flow_control_loop_pipe_U_n_17
    SLICE_X36Y35         FDRE                                         r  custom_dsp_dense_implementation_ap_int_16_ap_int_48_config2_U0/ap_return_1_preg_reg[23]/CE
  -------------------------------------------------------------------    -------------------

                         (clock ap_clk rise edge)     4.000     4.000 r  
                                                      0.000     4.000 r  ap_clk (IN)
                         net (fo=8599, unset)         0.924     4.924    custom_dsp_dense_implementation_ap_int_16_ap_int_48_config2_U0/ap_clk
    SLICE_X36Y35         FDRE                                         r  custom_dsp_dense_implementation_ap_int_16_ap_int_48_config2_U0/ap_return_1_preg_reg[23]/C
                         clock pessimism              0.000     4.924    
                         clock uncertainty           -0.035     4.889    
    SLICE_X36Y35         FDRE (Setup_fdre_C_CE)      -0.205     4.684    custom_dsp_dense_implementation_ap_int_16_ap_int_48_config2_U0/ap_return_1_preg_reg[23]
  -------------------------------------------------------------------
                         required time                          4.684    
                         arrival time                          -4.997    
  -------------------------------------------------------------------
                         slack                                 -0.313    

Slack (VIOLATED) :        -0.313ns  (required time - arrival time)
  Source:                 custom_dsp_dense_implementation_ap_int_16_ap_int_48_config2_U0/icmp_ln62_reg_667_reg[0]/C
                            (rising edge-triggered cell FDRE clocked by ap_clk  {rise@0.000ns fall@2.000ns period=4.000ns})
  Destination:            custom_dsp_dense_implementation_ap_int_16_ap_int_48_config2_U0/ap_return_1_preg_reg[33]/CE
                            (rising edge-triggered cell FDRE clocked by ap_clk  {rise@0.000ns fall@2.000ns period=4.000ns})
  Path Group:             ap_clk
  Path Type:              Setup (Max at Slow Process Corner)
  Requirement:            4.000ns  (ap_clk rise@4.000ns - ap_clk rise@0.000ns)
  Data Path Delay:        4.024ns  (logic 0.828ns (20.576%)  route 3.196ns (79.424%))
  Logic Levels:           3  (LUT2=1 LUT4=2)
  Clock Path Skew:        -0.049ns (DCD - SCD + CPR)
    Destination Clock Delay (DCD):    0.924ns = ( 4.924 - 4.000 ) 
    Source Clock Delay      (SCD):    0.973ns
    Clock Pessimism Removal (CPR):    0.000ns
  Clock Uncertainty:      0.035ns  ((TSJ^2 + TIJ^2)^1/2 + DJ) / 2 + PE
    Total System Jitter     (TSJ):    0.071ns
    Total Input Jitter      (TIJ):    0.000ns
    Discrete Jitter          (DJ):    0.000ns
    Phase Error              (PE):    0.000ns

    Location             Delay type                Incr(ns)  Path(ns)    Netlist Resource(s)
  -------------------------------------------------------------------    -------------------
                         (clock ap_clk rise edge)     0.000     0.000 r  
                                                      0.000     0.000 r  ap_clk (IN)
                         net (fo=8599, unset)         0.973     0.973    custom_dsp_dense_implementation_ap_int_16_ap_int_48_config2_U0/ap_clk
    SLICE_X29Y40         FDRE                                         r  custom_dsp_dense_implementation_ap_int_16_ap_int_48_config2_U0/icmp_ln62_reg_667_reg[0]/C
  -------------------------------------------------------------------    -------------------
    SLICE_X29Y40         FDRE (Prop_fdre_C_Q)         0.456     1.429 f  custom_dsp_dense_implementation_ap_int_16_ap_int_48_config2_U0/icmp_ln62_reg_667_reg[0]/Q
                         net (fo=12, routed)          0.847     2.276    custom_dsp_dense_implementation_ap_int_16_ap_int_48_config2_U0/flow_control_loop_pipe_U/icmp_ln62_reg_667
    SLICE_X29Y40         LUT4 (Prop_lut4_I2_O)        0.124     2.400 f  custom_dsp_dense_implementation_ap_int_16_ap_int_48_config2_U0/flow_control_loop_pipe_U/ap_ready_INST_0_i_3/O
                         net (fo=2, routed)           0.415     2.815    custom_dsp_dense_implementation_ap_int_16_ap_int_48_config2_U0/flow_control_loop_pipe_U/p_13_in
    SLICE_X29Y41         LUT4 (Prop_lut4_I2_O)        0.124     2.939 r  custom_dsp_dense_implementation_ap_int_16_ap_int_48_config2_U0/flow_control_loop_pipe_U/ap_ready_INST_0_i_1/O
                         net (fo=547, routed)         0.737     3.677    custom_dsp_dense_implementation_ap_int_16_ap_int_48_config2_U0/flow_control_loop_pipe_U/ap_block_pp0_stage0_subdone
    SLICE_X28Y39         LUT2 (Prop_lut2_I1_O)        0.124     3.801 r  custom_dsp_dense_implementation_ap_int_16_ap_int_48_config2_U0/flow_control_loop_pipe_U/ap_return_0_preg[47]_i_1__1/O
                         net (fo=384, routed)         1.197     4.997    custom_dsp_dense_implementation_ap_int_16_ap_int_48_config2_U0/flow_control_loop_pipe_U_n_17
    SLICE_X36Y35         FDRE                                         r  custom_dsp_dense_implementation_ap_int_16_ap_int_48_config2_U0/ap_return_1_preg_reg[33]/CE
  -------------------------------------------------------------------    -------------------

                         (clock ap_clk rise edge)     4.000     4.000 r  
                                                      0.000     4.000 r  ap_clk (IN)
                         net (fo=8599, unset)         0.924     4.924    custom_dsp_dense_implementation_ap_int_16_ap_int_48_config2_U0/ap_clk
    SLICE_X36Y35         FDRE                                         r  custom_dsp_dense_implementation_ap_int_16_ap_int_48_config2_U0/ap_return_1_preg_reg[33]/C
                         clock pessimism              0.000     4.924    
                         clock uncertainty           -0.035     4.889    
    SLICE_X36Y35         FDRE (Setup_fdre_C_CE)      -0.205     4.684    custom_dsp_dense_implementation_ap_int_16_ap_int_48_config2_U0/ap_return_1_preg_reg[33]
  -------------------------------------------------------------------
                         required time                          4.684    
                         arrival time                          -4.997    
  -------------------------------------------------------------------
                         slack                                 -0.313    

Slack (VIOLATED) :        -0.313ns  (required time - arrival time)
  Source:                 custom_dsp_dense_implementation_ap_int_16_ap_int_48_config2_U0/icmp_ln62_reg_667_reg[0]/C
                            (rising edge-triggered cell FDRE clocked by ap_clk  {rise@0.000ns fall@2.000ns period=4.000ns})
  Destination:            custom_dsp_dense_implementation_ap_int_16_ap_int_48_config2_U0/ap_return_5_preg_reg[31]/CE
                            (rising edge-triggered cell FDRE clocked by ap_clk  {rise@0.000ns fall@2.000ns period=4.000ns})
  Path Group:             ap_clk
  Path Type:              Setup (Max at Slow Process Corner)
  Requirement:            4.000ns  (ap_clk rise@4.000ns - ap_clk rise@0.000ns)
  Data Path Delay:        4.024ns  (logic 0.828ns (20.576%)  route 3.196ns (79.424%))
  Logic Levels:           3  (LUT2=1 LUT4=2)
  Clock Path Skew:        -0.049ns (DCD - SCD + CPR)
    Destination Clock Delay (DCD):    0.924ns = ( 4.924 - 4.000 ) 
    Source Clock Delay      (SCD):    0.973ns
    Clock Pessimism Removal (CPR):    0.000ns
  Clock Uncertainty:      0.035ns  ((TSJ^2 + TIJ^2)^1/2 + DJ) / 2 + PE
    Total System Jitter     (TSJ):    0.071ns
    Total Input Jitter      (TIJ):    0.000ns
    Discrete Jitter          (DJ):    0.000ns
    Phase Error              (PE):    0.000ns

    Location             Delay type                Incr(ns)  Path(ns)    Netlist Resource(s)
  -------------------------------------------------------------------    -------------------
                         (clock ap_clk rise edge)     0.000     0.000 r  
                                                      0.000     0.000 r  ap_clk (IN)
                         net (fo=8599, unset)         0.973     0.973    custom_dsp_dense_implementation_ap_int_16_ap_int_48_config2_U0/ap_clk
    SLICE_X29Y40         FDRE                                         r  custom_dsp_dense_implementation_ap_int_16_ap_int_48_config2_U0/icmp_ln62_reg_667_reg[0]/C
  -------------------------------------------------------------------    -------------------
    SLICE_X29Y40         FDRE (Prop_fdre_C_Q)         0.456     1.429 f  custom_dsp_dense_implementation_ap_int_16_ap_int_48_config2_U0/icmp_ln62_reg_667_reg[0]/Q
                         net (fo=12, routed)          0.847     2.276    custom_dsp_dense_implementation_ap_int_16_ap_int_48_config2_U0/flow_control_loop_pipe_U/icmp_ln62_reg_667
    SLICE_X29Y40         LUT4 (Prop_lut4_I2_O)        0.124     2.400 f  custom_dsp_dense_implementation_ap_int_16_ap_int_48_config2_U0/flow_control_loop_pipe_U/ap_ready_INST_0_i_3/O
                         net (fo=2, routed)           0.415     2.815    custom_dsp_dense_implementation_ap_int_16_ap_int_48_config2_U0/flow_control_loop_pipe_U/p_13_in
    SLICE_X29Y41         LUT4 (Prop_lut4_I2_O)        0.124     2.939 r  custom_dsp_dense_implementation_ap_int_16_ap_int_48_config2_U0/flow_control_loop_pipe_U/ap_ready_INST_0_i_1/O
                         net (fo=547, routed)         0.737     3.677    custom_dsp_dense_implementation_ap_int_16_ap_int_48_config2_U0/flow_control_loop_pipe_U/ap_block_pp0_stage0_subdone
    SLICE_X28Y39         LUT2 (Prop_lut2_I1_O)        0.124     3.801 r  custom_dsp_dense_implementation_ap_int_16_ap_int_48_config2_U0/flow_control_loop_pipe_U/ap_return_0_preg[47]_i_1__1/O
                         net (fo=384, routed)         1.197     4.997    custom_dsp_dense_implementation_ap_int_16_ap_int_48_config2_U0/flow_control_loop_pipe_U_n_17
    SLICE_X36Y35         FDRE                                         r  custom_dsp_dense_implementation_ap_int_16_ap_int_48_config2_U0/ap_return_5_preg_reg[31]/CE
  -------------------------------------------------------------------    -------------------

                         (clock ap_clk rise edge)     4.000     4.000 r  
                                                      0.000     4.000 r  ap_clk (IN)
                         net (fo=8599, unset)         0.924     4.924    custom_dsp_dense_implementation_ap_int_16_ap_int_48_config2_U0/ap_clk
    SLICE_X36Y35         FDRE                                         r  custom_dsp_dense_implementation_ap_int_16_ap_int_48_config2_U0/ap_return_5_preg_reg[31]/C
                         clock pessimism              0.000     4.924    
                         clock uncertainty           -0.035     4.889    
    SLICE_X36Y35         FDRE (Setup_fdre_C_CE)      -0.205     4.684    custom_dsp_dense_implementation_ap_int_16_ap_int_48_config2_U0/ap_return_5_preg_reg[31]
  -------------------------------------------------------------------
                         required time                          4.684    
                         arrival time                          -4.997    
  -------------------------------------------------------------------
                         slack                                 -0.313    

Slack (VIOLATED) :        -0.313ns  (required time - arrival time)
  Source:                 custom_dsp_dense_implementation_ap_int_16_ap_int_48_config2_U0/icmp_ln62_reg_667_reg[0]/C
                            (rising edge-triggered cell FDRE clocked by ap_clk  {rise@0.000ns fall@2.000ns period=4.000ns})
  Destination:            custom_dsp_dense_implementation_ap_int_16_ap_int_48_config2_U0/ap_return_6_preg_reg[2]/CE
                            (rising edge-triggered cell FDRE clocked by ap_clk  {rise@0.000ns fall@2.000ns period=4.000ns})
  Path Group:             ap_clk
  Path Type:              Setup (Max at Slow Process Corner)
  Requirement:            4.000ns  (ap_clk rise@4.000ns - ap_clk rise@0.000ns)
  Data Path Delay:        4.024ns  (logic 0.828ns (20.576%)  route 3.196ns (79.424%))
  Logic Levels:           3  (LUT2=1 LUT4=2)
  Clock Path Skew:        -0.049ns (DCD - SCD + CPR)
    Destination Clock Delay (DCD):    0.924ns = ( 4.924 - 4.000 ) 
    Source Clock Delay      (SCD):    0.973ns
    Clock Pessimism Removal (CPR):    0.000ns
  Clock Uncertainty:      0.035ns  ((TSJ^2 + TIJ^2)^1/2 + DJ) / 2 + PE
    Total System Jitter     (TSJ):    0.071ns
    Total Input Jitter      (TIJ):    0.000ns
    Discrete Jitter          (DJ):    0.000ns
    Phase Error              (PE):    0.000ns

    Location             Delay type                Incr(ns)  Path(ns)    Netlist Resource(s)
  -------------------------------------------------------------------    -------------------
                         (clock ap_clk rise edge)     0.000     0.000 r  
                                                      0.000     0.000 r  ap_clk (IN)
                         net (fo=8599, unset)         0.973     0.973    custom_dsp_dense_implementation_ap_int_16_ap_int_48_config2_U0/ap_clk
    SLICE_X29Y40         FDRE                                         r  custom_dsp_dense_implementation_ap_int_16_ap_int_48_config2_U0/icmp_ln62_reg_667_reg[0]/C
  -------------------------------------------------------------------    -------------------
    SLICE_X29Y40         FDRE (Prop_fdre_C_Q)         0.456     1.429 f  custom_dsp_dense_implementation_ap_int_16_ap_int_48_config2_U0/icmp_ln62_reg_667_reg[0]/Q
                         net (fo=12, routed)          0.847     2.276    custom_dsp_dense_implementation_ap_int_16_ap_int_48_config2_U0/flow_control_loop_pipe_U/icmp_ln62_reg_667
    SLICE_X29Y40         LUT4 (Prop_lut4_I2_O)        0.124     2.400 f  custom_dsp_dense_implementation_ap_int_16_ap_int_48_config2_U0/flow_control_loop_pipe_U/ap_ready_INST_0_i_3/O
                         net (fo=2, routed)           0.415     2.815    custom_dsp_dense_implementation_ap_int_16_ap_int_48_config2_U0/flow_control_loop_pipe_U/p_13_in
    SLICE_X29Y41         LUT4 (Prop_lut4_I2_O)        0.124     2.939 r  custom_dsp_dense_implementation_ap_int_16_ap_int_48_config2_U0/flow_control_loop_pipe_U/ap_ready_INST_0_i_1/O
                         net (fo=547, routed)         0.737     3.677    custom_dsp_dense_implementation_ap_int_16_ap_int_48_config2_U0/flow_control_loop_pipe_U/ap_block_pp0_stage0_subdone
    SLICE_X28Y39         LUT2 (Prop_lut2_I1_O)        0.124     3.801 r  custom_dsp_dense_implementation_ap_int_16_ap_int_48_config2_U0/flow_control_loop_pipe_U/ap_return_0_preg[47]_i_1__1/O
                         net (fo=384, routed)         1.197     4.997    custom_dsp_dense_implementation_ap_int_16_ap_int_48_config2_U0/flow_control_loop_pipe_U_n_17
    SLICE_X36Y35         FDRE                                         r  custom_dsp_dense_implementation_ap_int_16_ap_int_48_config2_U0/ap_return_6_preg_reg[2]/CE
  -------------------------------------------------------------------    -------------------

                         (clock ap_clk rise edge)     4.000     4.000 r  
                                                      0.000     4.000 r  ap_clk (IN)
                         net (fo=8599, unset)         0.924     4.924    custom_dsp_dense_implementation_ap_int_16_ap_int_48_config2_U0/ap_clk
    SLICE_X36Y35         FDRE                                         r  custom_dsp_dense_implementation_ap_int_16_ap_int_48_config2_U0/ap_return_6_preg_reg[2]/C
                         clock pessimism              0.000     4.924    
                         clock uncertainty           -0.035     4.889    
    SLICE_X36Y35         FDRE (Setup_fdre_C_CE)      -0.205     4.684    custom_dsp_dense_implementation_ap_int_16_ap_int_48_config2_U0/ap_return_6_preg_reg[2]
  -------------------------------------------------------------------
                         required time                          4.684    
                         arrival time                          -4.997    
  -------------------------------------------------------------------
                         slack                                 -0.313    

Slack (VIOLATED) :        -0.313ns  (required time - arrival time)
  Source:                 custom_dsp_dense_implementation_ap_int_16_ap_int_48_config2_U0/icmp_ln62_reg_667_reg[0]/C
                            (rising edge-triggered cell FDRE clocked by ap_clk  {rise@0.000ns fall@2.000ns period=4.000ns})
  Destination:            custom_dsp_dense_implementation_ap_int_16_ap_int_48_config2_U0/ap_return_7_preg_reg[27]/CE
                            (rising edge-triggered cell FDRE clocked by ap_clk  {rise@0.000ns fall@2.000ns period=4.000ns})
  Path Group:             ap_clk
  Path Type:              Setup (Max at Slow Process Corner)
  Requirement:            4.000ns  (ap_clk rise@4.000ns - ap_clk rise@0.000ns)
  Data Path Delay:        4.024ns  (logic 0.828ns (20.576%)  route 3.196ns (79.424%))
  Logic Levels:           3  (LUT2=1 LUT4=2)
  Clock Path Skew:        -0.049ns (DCD - SCD + CPR)
    Destination Clock Delay (DCD):    0.924ns = ( 4.924 - 4.000 ) 
    Source Clock Delay      (SCD):    0.973ns
    Clock Pessimism Removal (CPR):    0.000ns
  Clock Uncertainty:      0.035ns  ((TSJ^2 + TIJ^2)^1/2 + DJ) / 2 + PE
    Total System Jitter     (TSJ):    0.071ns
    Total Input Jitter      (TIJ):    0.000ns
    Discrete Jitter          (DJ):    0.000ns
    Phase Error              (PE):    0.000ns

    Location             Delay type                Incr(ns)  Path(ns)    Netlist Resource(s)
  -------------------------------------------------------------------    -------------------
                         (clock ap_clk rise edge)     0.000     0.000 r  
                                                      0.000     0.000 r  ap_clk (IN)
                         net (fo=8599, unset)         0.973     0.973    custom_dsp_dense_implementation_ap_int_16_ap_int_48_config2_U0/ap_clk
    SLICE_X29Y40         FDRE                                         r  custom_dsp_dense_implementation_ap_int_16_ap_int_48_config2_U0/icmp_ln62_reg_667_reg[0]/C
  -------------------------------------------------------------------    -------------------
    SLICE_X29Y40         FDRE (Prop_fdre_C_Q)         0.456     1.429 f  custom_dsp_dense_implementation_ap_int_16_ap_int_48_config2_U0/icmp_ln62_reg_667_reg[0]/Q
                         net (fo=12, routed)          0.847     2.276    custom_dsp_dense_implementation_ap_int_16_ap_int_48_config2_U0/flow_control_loop_pipe_U/icmp_ln62_reg_667
    SLICE_X29Y40         LUT4 (Prop_lut4_I2_O)        0.124     2.400 f  custom_dsp_dense_implementation_ap_int_16_ap_int_48_config2_U0/flow_control_loop_pipe_U/ap_ready_INST_0_i_3/O
                         net (fo=2, routed)           0.415     2.815    custom_dsp_dense_implementation_ap_int_16_ap_int_48_config2_U0/flow_control_loop_pipe_U/p_13_in
    SLICE_X29Y41         LUT4 (Prop_lut4_I2_O)        0.124     2.939 r  custom_dsp_dense_implementation_ap_int_16_ap_int_48_config2_U0/flow_control_loop_pipe_U/ap_ready_INST_0_i_1/O
                         net (fo=547, routed)         0.737     3.677    custom_dsp_dense_implementation_ap_int_16_ap_int_48_config2_U0/flow_control_loop_pipe_U/ap_block_pp0_stage0_subdone
    SLICE_X28Y39         LUT2 (Prop_lut2_I1_O)        0.124     3.801 r  custom_dsp_dense_implementation_ap_int_16_ap_int_48_config2_U0/flow_control_loop_pipe_U/ap_return_0_preg[47]_i_1__1/O
                         net (fo=384, routed)         1.197     4.997    custom_dsp_dense_implementation_ap_int_16_ap_int_48_config2_U0/flow_control_loop_pipe_U_n_17
    SLICE_X36Y35         FDRE                                         r  custom_dsp_dense_implementation_ap_int_16_ap_int_48_config2_U0/ap_return_7_preg_reg[27]/CE
  -------------------------------------------------------------------    -------------------

                         (clock ap_clk rise edge)     4.000     4.000 r  
                                                      0.000     4.000 r  ap_clk (IN)
                         net (fo=8599, unset)         0.924     4.924    custom_dsp_dense_implementation_ap_int_16_ap_int_48_config2_U0/ap_clk
    SLICE_X36Y35         FDRE                                         r  custom_dsp_dense_implementation_ap_int_16_ap_int_48_config2_U0/ap_return_7_preg_reg[27]/C
                         clock pessimism              0.000     4.924    
                         clock uncertainty           -0.035     4.889    
    SLICE_X36Y35         FDRE (Setup_fdre_C_CE)      -0.205     4.684    custom_dsp_dense_implementation_ap_int_16_ap_int_48_config2_U0/ap_return_7_preg_reg[27]
  -------------------------------------------------------------------
                         required time                          4.684    
                         arrival time                          -4.997    
  -------------------------------------------------------------------
                         slack                                 -0.313    

Slack (VIOLATED) :        -0.305ns  (required time - arrival time)
  Source:                 custom_dsp_dense_implementation_ap_int_16_ap_int_48_config2_U0/icmp_ln62_reg_667_reg[0]/C
                            (rising edge-triggered cell FDRE clocked by ap_clk  {rise@0.000ns fall@2.000ns period=4.000ns})
  Destination:            custom_dsp_dense_implementation_ap_int_16_ap_int_48_config2_U0/w2_U/q0_t0_reg/REGCEAREGCE
                            (rising edge-triggered cell RAMB18E1 clocked by ap_clk  {rise@0.000ns fall@2.000ns period=4.000ns})
  Path Group:             ap_clk
  Path Type:              Setup (Max at Slow Process Corner)
  Requirement:            4.000ns  (ap_clk rise@4.000ns - ap_clk rise@0.000ns)
  Data Path Delay:        3.861ns  (logic 0.828ns (21.443%)  route 3.033ns (78.557%))
  Logic Levels:           3  (LUT4=3)
  Clock Path Skew:        -0.049ns (DCD - SCD + CPR)
    Destination Clock Delay (DCD):    0.924ns = ( 4.924 - 4.000 ) 
    Source Clock Delay      (SCD):    0.973ns
    Clock Pessimism Removal (CPR):    0.000ns
  Clock Uncertainty:      0.035ns  ((TSJ^2 + TIJ^2)^1/2 + DJ) / 2 + PE
    Total System Jitter     (TSJ):    0.071ns
    Total Input Jitter      (TIJ):    0.000ns
    Discrete Jitter          (DJ):    0.000ns
    Phase Error              (PE):    0.000ns

    Location             Delay type                Incr(ns)  Path(ns)    Netlist Resource(s)
  -------------------------------------------------------------------    -------------------
                         (clock ap_clk rise edge)     0.000     0.000 r  
                                                      0.000     0.000 r  ap_clk (IN)
                         net (fo=8599, unset)         0.973     0.973    custom_dsp_dense_implementation_ap_int_16_ap_int_48_config2_U0/ap_clk
    SLICE_X29Y40         FDRE                                         r  custom_dsp_dense_implementation_ap_int_16_ap_int_48_config2_U0/icmp_ln62_reg_667_reg[0]/C
  -------------------------------------------------------------------    -------------------
    SLICE_X29Y40         FDRE (Prop_fdre_C_Q)         0.456     1.429 f  custom_dsp_dense_implementation_ap_int_16_ap_int_48_config2_U0/icmp_ln62_reg_667_reg[0]/Q
                         net (fo=12, routed)          0.847     2.276    custom_dsp_dense_implementation_ap_int_16_ap_int_48_config2_U0/flow_control_loop_pipe_U/icmp_ln62_reg_667
    SLICE_X29Y40         LUT4 (Prop_lut4_I2_O)        0.124     2.400 f  custom_dsp_dense_implementation_ap_int_16_ap_int_48_config2_U0/flow_control_loop_pipe_U/ap_ready_INST_0_i_3/O
                         net (fo=2, routed)           0.415     2.815    custom_dsp_dense_implementation_ap_int_16_ap_int_48_config2_U0/flow_control_loop_pipe_U/p_13_in
    SLICE_X29Y41         LUT4 (Prop_lut4_I2_O)        0.124     2.939 r  custom_dsp_dense_implementation_ap_int_16_ap_int_48_config2_U0/flow_control_loop_pipe_U/ap_ready_INST_0_i_1/O
                         net (fo=547, routed)         0.940     3.879    custom_dsp_dense_implementation_ap_int_16_ap_int_48_config2_U0/flow_control_loop_pipe_U/ap_block_pp0_stage0_subdone
    SLICE_X18Y37         LUT4 (Prop_lut4_I2_O)        0.124     4.003 r  custom_dsp_dense_implementation_ap_int_16_ap_int_48_config2_U0/flow_control_loop_pipe_U/q0_t0_reg_i_1/O
                         net (fo=3, routed)           0.831     4.834    custom_dsp_dense_implementation_ap_int_16_ap_int_48_config2_U0/w2_U/w2_ce0_local
    RAMB18_X0Y14         RAMB18E1                                     r  custom_dsp_dense_implementation_ap_int_16_ap_int_48_config2_U0/w2_U/q0_t0_reg/REGCEAREGCE
  -------------------------------------------------------------------    -------------------

                         (clock ap_clk rise edge)     4.000     4.000 r  
                                                      0.000     4.000 r  ap_clk (IN)
                         net (fo=8599, unset)         0.924     4.924    custom_dsp_dense_implementation_ap_int_16_ap_int_48_config2_U0/w2_U/ap_clk
    RAMB18_X0Y14         RAMB18E1                                     r  custom_dsp_dense_implementation_ap_int_16_ap_int_48_config2_U0/w2_U/q0_t0_reg/CLKARDCLK
                         clock pessimism              0.000     4.924    
                         clock uncertainty           -0.035     4.889    
    RAMB18_X0Y14         RAMB18E1 (Setup_ramb18e1_CLKARDCLK_REGCEAREGCE)
                                                     -0.360     4.529    custom_dsp_dense_implementation_ap_int_16_ap_int_48_config2_U0/w2_U/q0_t0_reg
  -------------------------------------------------------------------
                         required time                          4.529    
                         arrival time                          -4.834    
  -------------------------------------------------------------------
                         slack                                 -0.305    

Slack (VIOLATED) :        -0.305ns  (required time - arrival time)
  Source:                 custom_dsp_dense_implementation_ap_int_16_ap_int_48_config2_U0/icmp_ln62_reg_667_reg[0]/C
                            (rising edge-triggered cell FDRE clocked by ap_clk  {rise@0.000ns fall@2.000ns period=4.000ns})
  Destination:            custom_dsp_dense_implementation_ap_int_16_ap_int_48_config2_U0/w2_U/q0_t0_reg/REGCEB
                            (rising edge-triggered cell RAMB18E1 clocked by ap_clk  {rise@0.000ns fall@2.000ns period=4.000ns})
  Path Group:             ap_clk
  Path Type:              Setup (Max at Slow Process Corner)
  Requirement:            4.000ns  (ap_clk rise@4.000ns - ap_clk rise@0.000ns)
  Data Path Delay:        3.861ns  (logic 0.828ns (21.443%)  route 3.033ns (78.557%))
  Logic Levels:           3  (LUT4=3)
  Clock Path Skew:        -0.049ns (DCD - SCD + CPR)
    Destination Clock Delay (DCD):    0.924ns = ( 4.924 - 4.000 ) 
    Source Clock Delay      (SCD):    0.973ns
    Clock Pessimism Removal (CPR):    0.000ns
  Clock Uncertainty:      0.035ns  ((TSJ^2 + TIJ^2)^1/2 + DJ) / 2 + PE
    Total System Jitter     (TSJ):    0.071ns
    Total Input Jitter      (TIJ):    0.000ns
    Discrete Jitter          (DJ):    0.000ns
    Phase Error              (PE):    0.000ns

    Location             Delay type                Incr(ns)  Path(ns)    Netlist Resource(s)
  -------------------------------------------------------------------    -------------------
                         (clock ap_clk rise edge)     0.000     0.000 r  
                                                      0.000     0.000 r  ap_clk (IN)
                         net (fo=8599, unset)         0.973     0.973    custom_dsp_dense_implementation_ap_int_16_ap_int_48_config2_U0/ap_clk
    SLICE_X29Y40         FDRE                                         r  custom_dsp_dense_implementation_ap_int_16_ap_int_48_config2_U0/icmp_ln62_reg_667_reg[0]/C
  -------------------------------------------------------------------    -------------------
    SLICE_X29Y40         FDRE (Prop_fdre_C_Q)         0.456     1.429 f  custom_dsp_dense_implementation_ap_int_16_ap_int_48_config2_U0/icmp_ln62_reg_667_reg[0]/Q
                         net (fo=12, routed)          0.847     2.276    custom_dsp_dense_implementation_ap_int_16_ap_int_48_config2_U0/flow_control_loop_pipe_U/icmp_ln62_reg_667
    SLICE_X29Y40         LUT4 (Prop_lut4_I2_O)        0.124     2.400 f  custom_dsp_dense_implementation_ap_int_16_ap_int_48_config2_U0/flow_control_loop_pipe_U/ap_ready_INST_0_i_3/O
                         net (fo=2, routed)           0.415     2.815    custom_dsp_dense_implementation_ap_int_16_ap_int_48_config2_U0/flow_control_loop_pipe_U/p_13_in
    SLICE_X29Y41         LUT4 (Prop_lut4_I2_O)        0.124     2.939 r  custom_dsp_dense_implementation_ap_int_16_ap_int_48_config2_U0/flow_control_loop_pipe_U/ap_ready_INST_0_i_1/O
                         net (fo=547, routed)         0.940     3.879    custom_dsp_dense_implementation_ap_int_16_ap_int_48_config2_U0/flow_control_loop_pipe_U/ap_block_pp0_stage0_subdone
    SLICE_X18Y37         LUT4 (Prop_lut4_I2_O)        0.124     4.003 r  custom_dsp_dense_implementation_ap_int_16_ap_int_48_config2_U0/flow_control_loop_pipe_U/q0_t0_reg_i_1/O
                         net (fo=3, routed)           0.831     4.834    custom_dsp_dense_implementation_ap_int_16_ap_int_48_config2_U0/w2_U/w2_ce0_local
    RAMB18_X0Y14         RAMB18E1                                     r  custom_dsp_dense_implementation_ap_int_16_ap_int_48_config2_U0/w2_U/q0_t0_reg/REGCEB
  -------------------------------------------------------------------    -------------------

                         (clock ap_clk rise edge)     4.000     4.000 r  
                                                      0.000     4.000 r  ap_clk (IN)
                         net (fo=8599, unset)         0.924     4.924    custom_dsp_dense_implementation_ap_int_16_ap_int_48_config2_U0/w2_U/ap_clk
    RAMB18_X0Y14         RAMB18E1                                     r  custom_dsp_dense_implementation_ap_int_16_ap_int_48_config2_U0/w2_U/q0_t0_reg/CLKBWRCLK
                         clock pessimism              0.000     4.924    
                         clock uncertainty           -0.035     4.889    
    RAMB18_X0Y14         RAMB18E1 (Setup_ramb18e1_CLKBWRCLK_REGCEB)
                                                     -0.360     4.529    custom_dsp_dense_implementation_ap_int_16_ap_int_48_config2_U0/w2_U/q0_t0_reg
  -------------------------------------------------------------------
                         required time                          4.529    
                         arrival time                          -4.834    
  -------------------------------------------------------------------
                         slack                                 -0.305    

Slack (VIOLATED) :        -0.305ns  (required time - arrival time)
  Source:                 custom_dsp_dense_implementation_ap_int_16_ap_int_48_config2_U0/icmp_ln62_reg_667_reg[0]/C
                            (rising edge-triggered cell FDRE clocked by ap_clk  {rise@0.000ns fall@2.000ns period=4.000ns})
  Destination:            custom_dsp_dense_implementation_ap_int_16_ap_int_48_config2_U0/ap_return_2_preg_reg[44]/CE
                            (rising edge-triggered cell FDRE clocked by ap_clk  {rise@0.000ns fall@2.000ns period=4.000ns})
  Path Group:             ap_clk
  Path Type:              Setup (Max at Slow Process Corner)
  Requirement:            4.000ns  (ap_clk rise@4.000ns - ap_clk rise@0.000ns)
  Data Path Delay:        4.016ns  (logic 0.828ns (20.618%)  route 3.188ns (79.382%))
  Logic Levels:           3  (LUT2=1 LUT4=2)
  Clock Path Skew:        -0.049ns (DCD - SCD + CPR)
    Destination Clock Delay (DCD):    0.924ns = ( 4.924 - 4.000 ) 
    Source Clock Delay      (SCD):    0.973ns
    Clock Pessimism Removal (CPR):    0.000ns
  Clock Uncertainty:      0.035ns  ((TSJ^2 + TIJ^2)^1/2 + DJ) / 2 + PE
    Total System Jitter     (TSJ):    0.071ns
    Total Input Jitter      (TIJ):    0.000ns
    Discrete Jitter          (DJ):    0.000ns
    Phase Error              (PE):    0.000ns

    Location             Delay type                Incr(ns)  Path(ns)    Netlist Resource(s)
  -------------------------------------------------------------------    -------------------
                         (clock ap_clk rise edge)     0.000     0.000 r  
                                                      0.000     0.000 r  ap_clk (IN)
                         net (fo=8599, unset)         0.973     0.973    custom_dsp_dense_implementation_ap_int_16_ap_int_48_config2_U0/ap_clk
    SLICE_X29Y40         FDRE                                         r  custom_dsp_dense_implementation_ap_int_16_ap_int_48_config2_U0/icmp_ln62_reg_667_reg[0]/C
  -------------------------------------------------------------------    -------------------
    SLICE_X29Y40         FDRE (Prop_fdre_C_Q)         0.456     1.429 f  custom_dsp_dense_implementation_ap_int_16_ap_int_48_config2_U0/icmp_ln62_reg_667_reg[0]/Q
                         net (fo=12, routed)          0.847     2.276    custom_dsp_dense_implementation_ap_int_16_ap_int_48_config2_U0/flow_control_loop_pipe_U/icmp_ln62_reg_667
    SLICE_X29Y40         LUT4 (Prop_lut4_I2_O)        0.124     2.400 f  custom_dsp_dense_implementation_ap_int_16_ap_int_48_config2_U0/flow_control_loop_pipe_U/ap_ready_INST_0_i_3/O
                         net (fo=2, routed)           0.415     2.815    custom_dsp_dense_implementation_ap_int_16_ap_int_48_config2_U0/flow_control_loop_pipe_U/p_13_in
    SLICE_X29Y41         LUT4 (Prop_lut4_I2_O)        0.124     2.939 r  custom_dsp_dense_implementation_ap_int_16_ap_int_48_config2_U0/flow_control_loop_pipe_U/ap_ready_INST_0_i_1/O
                         net (fo=547, routed)         0.737     3.677    custom_dsp_dense_implementation_ap_int_16_ap_int_48_config2_U0/flow_control_loop_pipe_U/ap_block_pp0_stage0_subdone
    SLICE_X28Y39         LUT2 (Prop_lut2_I1_O)        0.124     3.801 r  custom_dsp_dense_implementation_ap_int_16_ap_int_48_config2_U0/flow_control_loop_pipe_U/ap_return_0_preg[47]_i_1__1/O
                         net (fo=384, routed)         1.188     4.989    custom_dsp_dense_implementation_ap_int_16_ap_int_48_config2_U0/flow_control_loop_pipe_U_n_17
    SLICE_X25Y50         FDRE                                         r  custom_dsp_dense_implementation_ap_int_16_ap_int_48_config2_U0/ap_return_2_preg_reg[44]/CE
  -------------------------------------------------------------------    -------------------

                         (clock ap_clk rise edge)     4.000     4.000 r  
                                                      0.000     4.000 r  ap_clk (IN)
                         net (fo=8599, unset)         0.924     4.924    custom_dsp_dense_implementation_ap_int_16_ap_int_48_config2_U0/ap_clk
    SLICE_X25Y50         FDRE                                         r  custom_dsp_dense_implementation_ap_int_16_ap_int_48_config2_U0/ap_return_2_preg_reg[44]/C
                         clock pessimism              0.000     4.924    
                         clock uncertainty           -0.035     4.889    
    SLICE_X25Y50         FDRE (Setup_fdre_C_CE)      -0.205     4.684    custom_dsp_dense_implementation_ap_int_16_ap_int_48_config2_U0/ap_return_2_preg_reg[44]
  -------------------------------------------------------------------
                         required time                          4.684    
                         arrival time                          -4.989    
  -------------------------------------------------------------------
                         slack                                 -0.305    




