Copyright 1986-2022 Xilinx, Inc. All Rights Reserved. Copyright 2022-2024 Advanced Micro Devices, Inc. All Rights Reserved.
---------------------------------------------------------------------------------------------------------------------------------------------
| Tool Version : Vivado v.2024.1 (lin64) Build 5076996 Wed May 22 18:36:09 MDT 2024
| Date         : Tue Sep  1 23:40:36 2026
| Host         : ei-lan-400 running 64-bit Debian GNU/Linux 12 (bookworm)
| Command      : report_utilization -hierarchical -file ./Analysis_Verilog/Utilization_Report_Synthesis.rpt
| Design       : SampleNeuralNet
| Device       : xc7z010clg400-1
| Speed File   : -1
| Design State : Synthesized
---------------------------------------------------------------------------------------------------------------------------------------------

Utilization Design Information

Table of Contents
-----------------
1. Utilization by Hierarchy

1. Utilization by Hierarchy
---------------------------

+-------------------------------------------------------------------------------------+-------------------------------------------------------------------------------------------------+------------+------------+---------+------+------+--------+--------+------------+
|                                       Instance                                      |                                              Module                                             | Total LUTs | Logic LUTs | LUTRAMs | SRLs |  FFs | RAMB36 | RAMB18 | DSP Blocks |
+-------------------------------------------------------------------------------------+-------------------------------------------------------------------------------------------------+------------+------------+---------+------+------+--------+--------+------------+
| SampleNeuralNet                                                                     |                                                                                           (top) |       3301 |       3276 |       0 |   25 | 8501 |      0 |      3 |         24 |
|   (SampleNeuralNet)                                                                 |                                                                                           (top) |          0 |          0 |       0 |    0 |   40 |      0 |      0 |          0 |
|   custom_dsp_dense_implementation_ap_int_16_ap_int_48_config2_U0                    |                   SampleNeuralNet_custom_dsp_dense_implementation_ap_int_16_ap_int_48_config2_s |        478 |        457 |       0 |   21 |  760 |      0 |      1 |          8 |
|     (custom_dsp_dense_implementation_ap_int_16_ap_int_48_config2_U0)                |                   SampleNeuralNet_custom_dsp_dense_implementation_ap_int_16_ap_int_48_config2_s |          9 |          4 |       0 |    5 |  596 |      0 |      0 |          0 |
|     dsp_48ns_32ns_64ns_25ns_30s_18s_48ns_1ns_48_5_1_U10                             |                             SampleNeuralNet_dsp_48ns_32ns_64ns_25ns_30s_18s_48ns_1ns_48_5_1_176 |          0 |          0 |       0 |    0 |    0 |      0 |      0 |          1 |
|       SampleNeuralNet_dsp_48ns_32ns_64ns_25ns_30s_18s_48ns_1ns_48_5_1_DSP_Builtin_U |                 SampleNeuralNet_dsp_48ns_32ns_64ns_25ns_30s_18s_48ns_1ns_48_5_1_DSP_Builtin_192 |          0 |          0 |       0 |    0 |    0 |      0 |      0 |          1 |
|     dsp_48ns_32ns_64ns_25ns_30s_18s_48ns_1ns_48_5_1_U11                             |                             SampleNeuralNet_dsp_48ns_32ns_64ns_25ns_30s_18s_48ns_1ns_48_5_1_177 |          0 |          0 |       0 |    0 |    0 |      0 |      0 |          1 |
|       SampleNeuralNet_dsp_48ns_32ns_64ns_25ns_30s_18s_48ns_1ns_48_5_1_DSP_Builtin_U |                 SampleNeuralNet_dsp_48ns_32ns_64ns_25ns_30s_18s_48ns_1ns_48_5_1_DSP_Builtin_191 |          0 |          0 |       0 |    0 |    0 |      0 |      0 |          1 |
|     dsp_48ns_32ns_64ns_25ns_30s_18s_48ns_1ns_48_5_1_U12                             |                             SampleNeuralNet_dsp_48ns_32ns_64ns_25ns_30s_18s_48ns_1ns_48_5_1_178 |          0 |          0 |       0 |    0 |    0 |      0 |      0 |          1 |
|       SampleNeuralNet_dsp_48ns_32ns_64ns_25ns_30s_18s_48ns_1ns_48_5_1_DSP_Builtin_U |                 SampleNeuralNet_dsp_48ns_32ns_64ns_25ns_30s_18s_48ns_1ns_48_5_1_DSP_Builtin_190 |          0 |          0 |       0 |    0 |    0 |      0 |      0 |          1 |
|     dsp_48ns_32ns_64ns_25ns_30s_18s_48ns_1ns_48_5_1_U13                             |                             SampleNeuralNet_dsp_48ns_32ns_64ns_25ns_30s_18s_48ns_1ns_48_5_1_179 |          0 |          0 |       0 |    0 |    0 |      0 |      0 |          1 |
|       SampleNeuralNet_dsp_48ns_32ns_64ns_25ns_30s_18s_48ns_1ns_48_5_1_DSP_Builtin_U |                 SampleNeuralNet_dsp_48ns_32ns_64ns_25ns_30s_18s_48ns_1ns_48_5_1_DSP_Builtin_189 |          0 |          0 |       0 |    0 |    0 |      0 |      0 |          1 |
|     dsp_48ns_32ns_64ns_25ns_30s_18s_48ns_1ns_48_5_1_U14                             |                             SampleNeuralNet_dsp_48ns_32ns_64ns_25ns_30s_18s_48ns_1ns_48_5_1_180 |          0 |          0 |       0 |    0 |    0 |      0 |      0 |          1 |
|       SampleNeuralNet_dsp_48ns_32ns_64ns_25ns_30s_18s_48ns_1ns_48_5_1_DSP_Builtin_U |                 SampleNeuralNet_dsp_48ns_32ns_64ns_25ns_30s_18s_48ns_1ns_48_5_1_DSP_Builtin_188 |          0 |          0 |       0 |    0 |    0 |      0 |      0 |          1 |
|     dsp_48ns_32ns_64ns_25ns_30s_18s_48ns_1ns_48_5_1_U15                             |                             SampleNeuralNet_dsp_48ns_32ns_64ns_25ns_30s_18s_48ns_1ns_48_5_1_181 |          0 |          0 |       0 |    0 |    0 |      0 |      0 |          1 |
|       SampleNeuralNet_dsp_48ns_32ns_64ns_25ns_30s_18s_48ns_1ns_48_5_1_DSP_Builtin_U |                 SampleNeuralNet_dsp_48ns_32ns_64ns_25ns_30s_18s_48ns_1ns_48_5_1_DSP_Builtin_187 |          0 |          0 |       0 |    0 |    0 |      0 |      0 |          1 |
|     dsp_48ns_32ns_64ns_25ns_30s_18s_48ns_1ns_48_5_1_U16                             |                             SampleNeuralNet_dsp_48ns_32ns_64ns_25ns_30s_18s_48ns_1ns_48_5_1_182 |          0 |          0 |       0 |    0 |    0 |      0 |      0 |          1 |
|       SampleNeuralNet_dsp_48ns_32ns_64ns_25ns_30s_18s_48ns_1ns_48_5_1_DSP_Builtin_U |                 SampleNeuralNet_dsp_48ns_32ns_64ns_25ns_30s_18s_48ns_1ns_48_5_1_DSP_Builtin_186 |          0 |          0 |       0 |    0 |    0 |      0 |      0 |          1 |
|     dsp_48ns_32ns_64ns_25ns_30s_18s_48ns_1ns_48_5_1_U17                             |                             SampleNeuralNet_dsp_48ns_32ns_64ns_25ns_30s_18s_48ns_1ns_48_5_1_183 |          0 |          0 |       0 |    0 |    0 |      0 |      0 |          1 |
|       SampleNeuralNet_dsp_48ns_32ns_64ns_25ns_30s_18s_48ns_1ns_48_5_1_DSP_Builtin_U |                 SampleNeuralNet_dsp_48ns_32ns_64ns_25ns_30s_18s_48ns_1ns_48_5_1_DSP_Builtin_185 |          0 |          0 |       0 |    0 |    0 |      0 |      0 |          1 |
|     flow_control_loop_pipe_U                                                        |                                                      SampleNeuralNet_flow_control_loop_pipe_184 |        421 |        421 |       0 |    0 |    1 |      0 |      0 |          0 |
|     lshr_128ns_7ns_128_7_1_U9                                                       |                                                          SampleNeuralNet_lshr_128ns_7ns_128_7_1 |         48 |         32 |       0 |   16 |  163 |      0 |      0 |          0 |
|     w2_U                                                                            | SampleNeuralNet_custom_dsp_dense_implementation_ap_int_16_ap_int_48_config2_s_w2_ROM_NP_BRAM_2R |          0 |          0 |       0 |    0 |    0 |      0 |      1 |          0 |
|   custom_dsp_dense_implementation_ap_int_16_ap_int_48_config4_U0                    |                   SampleNeuralNet_custom_dsp_dense_implementation_ap_int_16_ap_int_48_config4_s |        514 |        512 |       0 |    2 |  853 |      0 |      1 |          8 |
|     (custom_dsp_dense_implementation_ap_int_16_ap_int_48_config4_U0)                |                   SampleNeuralNet_custom_dsp_dense_implementation_ap_int_16_ap_int_48_config4_s |        118 |        116 |       0 |    2 |  852 |      0 |      0 |          0 |
|     dsp_48ns_32ns_64ns_25ns_30s_18s_48ns_1ns_48_5_1_U50                             |                             SampleNeuralNet_dsp_48ns_32ns_64ns_25ns_30s_18s_48ns_1ns_48_5_1_159 |         48 |         48 |       0 |    0 |    0 |      0 |      0 |          1 |
|       SampleNeuralNet_dsp_48ns_32ns_64ns_25ns_30s_18s_48ns_1ns_48_5_1_DSP_Builtin_U |                 SampleNeuralNet_dsp_48ns_32ns_64ns_25ns_30s_18s_48ns_1ns_48_5_1_DSP_Builtin_175 |         48 |         48 |       0 |    0 |    0 |      0 |      0 |          1 |
|     dsp_48ns_32ns_64ns_25ns_30s_18s_48ns_1ns_48_5_1_U51                             |                             SampleNeuralNet_dsp_48ns_32ns_64ns_25ns_30s_18s_48ns_1ns_48_5_1_160 |         48 |         48 |       0 |    0 |    0 |      0 |      0 |          1 |
|       SampleNeuralNet_dsp_48ns_32ns_64ns_25ns_30s_18s_48ns_1ns_48_5_1_DSP_Builtin_U |                 SampleNeuralNet_dsp_48ns_32ns_64ns_25ns_30s_18s_48ns_1ns_48_5_1_DSP_Builtin_174 |         48 |         48 |       0 |    0 |    0 |      0 |      0 |          1 |
|     dsp_48ns_32ns_64ns_25ns_30s_18s_48ns_1ns_48_5_1_U52                             |                             SampleNeuralNet_dsp_48ns_32ns_64ns_25ns_30s_18s_48ns_1ns_48_5_1_161 |         48 |         48 |       0 |    0 |    0 |      0 |      0 |          1 |
|       SampleNeuralNet_dsp_48ns_32ns_64ns_25ns_30s_18s_48ns_1ns_48_5_1_DSP_Builtin_U |                 SampleNeuralNet_dsp_48ns_32ns_64ns_25ns_30s_18s_48ns_1ns_48_5_1_DSP_Builtin_173 |         48 |         48 |       0 |    0 |    0 |      0 |      0 |          1 |
|     dsp_48ns_32ns_64ns_25ns_30s_18s_48ns_1ns_48_5_1_U53                             |                             SampleNeuralNet_dsp_48ns_32ns_64ns_25ns_30s_18s_48ns_1ns_48_5_1_162 |         48 |         48 |       0 |    0 |    0 |      0 |      0 |          1 |
|       SampleNeuralNet_dsp_48ns_32ns_64ns_25ns_30s_18s_48ns_1ns_48_5_1_DSP_Builtin_U |                 SampleNeuralNet_dsp_48ns_32ns_64ns_25ns_30s_18s_48ns_1ns_48_5_1_DSP_Builtin_172 |         48 |         48 |       0 |    0 |    0 |      0 |      0 |          1 |
|     dsp_48ns_32ns_64ns_25ns_30s_18s_48ns_1ns_48_5_1_U54                             |                             SampleNeuralNet_dsp_48ns_32ns_64ns_25ns_30s_18s_48ns_1ns_48_5_1_163 |         48 |         48 |       0 |    0 |    0 |      0 |      0 |          1 |
|       SampleNeuralNet_dsp_48ns_32ns_64ns_25ns_30s_18s_48ns_1ns_48_5_1_DSP_Builtin_U |                 SampleNeuralNet_dsp_48ns_32ns_64ns_25ns_30s_18s_48ns_1ns_48_5_1_DSP_Builtin_171 |         48 |         48 |       0 |    0 |    0 |      0 |      0 |          1 |
|     dsp_48ns_32ns_64ns_25ns_30s_18s_48ns_1ns_48_5_1_U55                             |                             SampleNeuralNet_dsp_48ns_32ns_64ns_25ns_30s_18s_48ns_1ns_48_5_1_164 |         48 |         48 |       0 |    0 |    0 |      0 |      0 |          1 |
|       SampleNeuralNet_dsp_48ns_32ns_64ns_25ns_30s_18s_48ns_1ns_48_5_1_DSP_Builtin_U |                 SampleNeuralNet_dsp_48ns_32ns_64ns_25ns_30s_18s_48ns_1ns_48_5_1_DSP_Builtin_170 |         48 |         48 |       0 |    0 |    0 |      0 |      0 |          1 |
|     dsp_48ns_32ns_64ns_25ns_30s_18s_48ns_1ns_48_5_1_U56                             |                             SampleNeuralNet_dsp_48ns_32ns_64ns_25ns_30s_18s_48ns_1ns_48_5_1_165 |         48 |         48 |       0 |    0 |    0 |      0 |      0 |          1 |
|       SampleNeuralNet_dsp_48ns_32ns_64ns_25ns_30s_18s_48ns_1ns_48_5_1_DSP_Builtin_U |                 SampleNeuralNet_dsp_48ns_32ns_64ns_25ns_30s_18s_48ns_1ns_48_5_1_DSP_Builtin_169 |         48 |         48 |       0 |    0 |    0 |      0 |      0 |          1 |
|     dsp_48ns_32ns_64ns_25ns_30s_18s_48ns_1ns_48_5_1_U57                             |                             SampleNeuralNet_dsp_48ns_32ns_64ns_25ns_30s_18s_48ns_1ns_48_5_1_166 |         48 |         48 |       0 |    0 |    0 |      0 |      0 |          1 |
|       SampleNeuralNet_dsp_48ns_32ns_64ns_25ns_30s_18s_48ns_1ns_48_5_1_DSP_Builtin_U |                 SampleNeuralNet_dsp_48ns_32ns_64ns_25ns_30s_18s_48ns_1ns_48_5_1_DSP_Builtin_168 |         48 |         48 |       0 |    0 |    0 |      0 |      0 |          1 |
|     flow_control_loop_pipe_U                                                        |                                                      SampleNeuralNet_flow_control_loop_pipe_167 |         11 |         11 |       0 |    0 |    1 |      0 |      0 |          0 |
|     w4_U                                                                            | SampleNeuralNet_custom_dsp_dense_implementation_ap_int_16_ap_int_48_config4_s_w4_ROM_NP_BRAM_2R |          1 |          1 |       0 |    0 |    0 |      0 |      1 |          0 |
|   custom_dsp_dense_implementation_ap_int_16_ap_int_48_config6_U0                    |                   SampleNeuralNet_custom_dsp_dense_implementation_ap_int_16_ap_int_48_config6_s |        521 |        519 |       0 |    2 |  853 |      0 |      1 |          8 |
|     (custom_dsp_dense_implementation_ap_int_16_ap_int_48_config6_U0)                |                   SampleNeuralNet_custom_dsp_dense_implementation_ap_int_16_ap_int_48_config6_s |        125 |        123 |       0 |    2 |  852 |      0 |      0 |          0 |
|     dsp_48ns_32ns_64ns_25ns_30s_18s_48ns_1ns_48_5_1_U100                            |                                 SampleNeuralNet_dsp_48ns_32ns_64ns_25ns_30s_18s_48ns_1ns_48_5_1 |         48 |         48 |       0 |    0 |    0 |      0 |      0 |          1 |
|       SampleNeuralNet_dsp_48ns_32ns_64ns_25ns_30s_18s_48ns_1ns_48_5_1_DSP_Builtin_U |                 SampleNeuralNet_dsp_48ns_32ns_64ns_25ns_30s_18s_48ns_1ns_48_5_1_DSP_Builtin_158 |         48 |         48 |       0 |    0 |    0 |      0 |      0 |          1 |
|     dsp_48ns_32ns_64ns_25ns_30s_18s_48ns_1ns_48_5_1_U93                             |                             SampleNeuralNet_dsp_48ns_32ns_64ns_25ns_30s_18s_48ns_1ns_48_5_1_145 |         48 |         48 |       0 |    0 |    0 |      0 |      0 |          1 |
|       SampleNeuralNet_dsp_48ns_32ns_64ns_25ns_30s_18s_48ns_1ns_48_5_1_DSP_Builtin_U |                 SampleNeuralNet_dsp_48ns_32ns_64ns_25ns_30s_18s_48ns_1ns_48_5_1_DSP_Builtin_157 |         48 |         48 |       0 |    0 |    0 |      0 |      0 |          1 |
|     dsp_48ns_32ns_64ns_25ns_30s_18s_48ns_1ns_48_5_1_U94                             |                             SampleNeuralNet_dsp_48ns_32ns_64ns_25ns_30s_18s_48ns_1ns_48_5_1_146 |         48 |         48 |       0 |    0 |    0 |      0 |      0 |          1 |
|       SampleNeuralNet_dsp_48ns_32ns_64ns_25ns_30s_18s_48ns_1ns_48_5_1_DSP_Builtin_U |                 SampleNeuralNet_dsp_48ns_32ns_64ns_25ns_30s_18s_48ns_1ns_48_5_1_DSP_Builtin_156 |         48 |         48 |       0 |    0 |    0 |      0 |      0 |          1 |
|     dsp_48ns_32ns_64ns_25ns_30s_18s_48ns_1ns_48_5_1_U95                             |                             SampleNeuralNet_dsp_48ns_32ns_64ns_25ns_30s_18s_48ns_1ns_48_5_1_147 |         48 |         48 |       0 |    0 |    0 |      0 |      0 |          1 |
|       SampleNeuralNet_dsp_48ns_32ns_64ns_25ns_30s_18s_48ns_1ns_48_5_1_DSP_Builtin_U |                 SampleNeuralNet_dsp_48ns_32ns_64ns_25ns_30s_18s_48ns_1ns_48_5_1_DSP_Builtin_155 |         48 |         48 |       0 |    0 |    0 |      0 |      0 |          1 |
|     dsp_48ns_32ns_64ns_25ns_30s_18s_48ns_1ns_48_5_1_U96                             |                             SampleNeuralNet_dsp_48ns_32ns_64ns_25ns_30s_18s_48ns_1ns_48_5_1_148 |         48 |         48 |       0 |    0 |    0 |      0 |      0 |          1 |
|       SampleNeuralNet_dsp_48ns_32ns_64ns_25ns_30s_18s_48ns_1ns_48_5_1_DSP_Builtin_U |                 SampleNeuralNet_dsp_48ns_32ns_64ns_25ns_30s_18s_48ns_1ns_48_5_1_DSP_Builtin_154 |         48 |         48 |       0 |    0 |    0 |      0 |      0 |          1 |
|     dsp_48ns_32ns_64ns_25ns_30s_18s_48ns_1ns_48_5_1_U97                             |                             SampleNeuralNet_dsp_48ns_32ns_64ns_25ns_30s_18s_48ns_1ns_48_5_1_149 |         48 |         48 |       0 |    0 |    0 |      0 |      0 |          1 |
|       SampleNeuralNet_dsp_48ns_32ns_64ns_25ns_30s_18s_48ns_1ns_48_5_1_DSP_Builtin_U |                 SampleNeuralNet_dsp_48ns_32ns_64ns_25ns_30s_18s_48ns_1ns_48_5_1_DSP_Builtin_153 |         48 |         48 |       0 |    0 |    0 |      0 |      0 |          1 |
|     dsp_48ns_32ns_64ns_25ns_30s_18s_48ns_1ns_48_5_1_U98                             |                             SampleNeuralNet_dsp_48ns_32ns_64ns_25ns_30s_18s_48ns_1ns_48_5_1_150 |         48 |         48 |       0 |    0 |    0 |      0 |      0 |          1 |
|       SampleNeuralNet_dsp_48ns_32ns_64ns_25ns_30s_18s_48ns_1ns_48_5_1_DSP_Builtin_U |                 SampleNeuralNet_dsp_48ns_32ns_64ns_25ns_30s_18s_48ns_1ns_48_5_1_DSP_Builtin_152 |         48 |         48 |       0 |    0 |    0 |      0 |      0 |          1 |
|     dsp_48ns_32ns_64ns_25ns_30s_18s_48ns_1ns_48_5_1_U99                             |                             SampleNeuralNet_dsp_48ns_32ns_64ns_25ns_30s_18s_48ns_1ns_48_5_1_151 |         48 |         48 |       0 |    0 |    0 |      0 |      0 |          1 |
|       SampleNeuralNet_dsp_48ns_32ns_64ns_25ns_30s_18s_48ns_1ns_48_5_1_DSP_Builtin_U |                     SampleNeuralNet_dsp_48ns_32ns_64ns_25ns_30s_18s_48ns_1ns_48_5_1_DSP_Builtin |         48 |         48 |       0 |    0 |    0 |      0 |      0 |          1 |
|     flow_control_loop_pipe_U                                                        |                                                          SampleNeuralNet_flow_control_loop_pipe |         11 |         11 |       0 |    0 |    1 |      0 |      0 |          0 |
|     w6_U                                                                            | SampleNeuralNet_custom_dsp_dense_implementation_ap_int_16_ap_int_48_config6_s_w6_ROM_NP_BRAM_2R |          1 |          1 |       0 |    0 |    0 |      0 |      1 |          0 |
|   layer2_out_1_U                                                                    |                                                                   SampleNeuralNet_fifo_w48_d2_S |         32 |         32 |       0 |    0 |  102 |      0 |      0 |          0 |
|     (layer2_out_1_U)                                                                |                                                                   SampleNeuralNet_fifo_w48_d2_S |          8 |          8 |       0 |    0 |    6 |      0 |      0 |          0 |
|     U_SampleNeuralNet_fifo_w48_d2_S_ShiftReg                                        |                                                      SampleNeuralNet_fifo_w48_d2_S_ShiftReg_144 |         24 |         24 |       0 |    0 |   96 |      0 |      0 |          0 |
|   layer2_out_2_U                                                                    |                                                                 SampleNeuralNet_fifo_w48_d2_S_0 |         32 |         32 |       0 |    0 |  102 |      0 |      0 |          0 |
|     (layer2_out_2_U)                                                                |                                                                 SampleNeuralNet_fifo_w48_d2_S_0 |          8 |          8 |       0 |    0 |    6 |      0 |      0 |          0 |
|     U_SampleNeuralNet_fifo_w48_d2_S_ShiftReg                                        |                                                      SampleNeuralNet_fifo_w48_d2_S_ShiftReg_143 |         24 |         24 |       0 |    0 |   96 |      0 |      0 |          0 |
|   layer2_out_3_U                                                                    |                                                                 SampleNeuralNet_fifo_w48_d2_S_1 |         30 |         30 |       0 |    0 |  102 |      0 |      0 |          0 |
|     (layer2_out_3_U)                                                                |                                                                 SampleNeuralNet_fifo_w48_d2_S_1 |          6 |          6 |       0 |    0 |    6 |      0 |      0 |          0 |
|     U_SampleNeuralNet_fifo_w48_d2_S_ShiftReg                                        |                                                      SampleNeuralNet_fifo_w48_d2_S_ShiftReg_142 |         24 |         24 |       0 |    0 |   96 |      0 |      0 |          0 |
|   layer2_out_4_U                                                                    |                                                                 SampleNeuralNet_fifo_w48_d2_S_2 |         31 |         31 |       0 |    0 |  102 |      0 |      0 |          0 |
|     (layer2_out_4_U)                                                                |                                                                 SampleNeuralNet_fifo_w48_d2_S_2 |          7 |          7 |       0 |    0 |    6 |      0 |      0 |          0 |
|     U_SampleNeuralNet_fifo_w48_d2_S_ShiftReg                                        |                                                      SampleNeuralNet_fifo_w48_d2_S_ShiftReg_141 |         24 |         24 |       0 |    0 |   96 |      0 |      0 |          0 |
|   layer2_out_5_U                                                                    |                                                                 SampleNeuralNet_fifo_w48_d2_S_3 |         30 |         30 |       0 |    0 |  102 |      0 |      0 |          0 |
|     (layer2_out_5_U)                                                                |                                                                 SampleNeuralNet_fifo_w48_d2_S_3 |          6 |          6 |       0 |    0 |    6 |      0 |      0 |          0 |
|     U_SampleNeuralNet_fifo_w48_d2_S_ShiftReg                                        |                                                      SampleNeuralNet_fifo_w48_d2_S_ShiftReg_140 |         24 |         24 |       0 |    0 |   96 |      0 |      0 |          0 |
|   layer2_out_6_U                                                                    |                                                                 SampleNeuralNet_fifo_w48_d2_S_4 |         30 |         30 |       0 |    0 |  102 |      0 |      0 |          0 |
|     (layer2_out_6_U)                                                                |                                                                 SampleNeuralNet_fifo_w48_d2_S_4 |          6 |          6 |       0 |    0 |    6 |      0 |      0 |          0 |
|     U_SampleNeuralNet_fifo_w48_d2_S_ShiftReg                                        |                                                      SampleNeuralNet_fifo_w48_d2_S_ShiftReg_139 |         24 |         24 |       0 |    0 |   96 |      0 |      0 |          0 |
|   layer2_out_7_U                                                                    |                                                                 SampleNeuralNet_fifo_w48_d2_S_5 |         30 |         30 |       0 |    0 |  102 |      0 |      0 |          0 |
|     (layer2_out_7_U)                                                                |                                                                 SampleNeuralNet_fifo_w48_d2_S_5 |          6 |          6 |       0 |    0 |    6 |      0 |      0 |          0 |
|     U_SampleNeuralNet_fifo_w48_d2_S_ShiftReg                                        |                                                      SampleNeuralNet_fifo_w48_d2_S_ShiftReg_138 |         24 |         24 |       0 |    0 |   96 |      0 |      0 |          0 |
|   layer2_out_U                                                                      |                                                                 SampleNeuralNet_fifo_w48_d2_S_6 |         30 |         30 |       0 |    0 |  102 |      0 |      0 |          0 |
|     (layer2_out_U)                                                                  |                                                                 SampleNeuralNet_fifo_w48_d2_S_6 |          6 |          6 |       0 |    0 |    6 |      0 |      0 |          0 |
|     U_SampleNeuralNet_fifo_w48_d2_S_ShiftReg                                        |                                                      SampleNeuralNet_fifo_w48_d2_S_ShiftReg_137 |         24 |         24 |       0 |    0 |   96 |      0 |      0 |          0 |
|   layer3_out_1_U                                                                    |                                                                   SampleNeuralNet_fifo_w16_d2_S |         15 |         15 |       0 |    0 |   38 |      0 |      0 |          0 |
|     (layer3_out_1_U)                                                                |                                                                   SampleNeuralNet_fifo_w16_d2_S |          7 |          7 |       0 |    0 |    6 |      0 |      0 |          0 |
|     U_SampleNeuralNet_fifo_w16_d2_S_ShiftReg                                        |                                                      SampleNeuralNet_fifo_w16_d2_S_ShiftReg_136 |          8 |          8 |       0 |    0 |   32 |      0 |      0 |          0 |
|   layer3_out_2_U                                                                    |                                                                 SampleNeuralNet_fifo_w16_d2_S_7 |         14 |         14 |       0 |    0 |   38 |      0 |      0 |          0 |
|     (layer3_out_2_U)                                                                |                                                                 SampleNeuralNet_fifo_w16_d2_S_7 |          6 |          6 |       0 |    0 |    6 |      0 |      0 |          0 |
|     U_SampleNeuralNet_fifo_w16_d2_S_ShiftReg                                        |                                                      SampleNeuralNet_fifo_w16_d2_S_ShiftReg_135 |          8 |          8 |       0 |    0 |   32 |      0 |      0 |          0 |
|   layer3_out_3_U                                                                    |                                                                 SampleNeuralNet_fifo_w16_d2_S_8 |         14 |         14 |       0 |    0 |   38 |      0 |      0 |          0 |
|     (layer3_out_3_U)                                                                |                                                                 SampleNeuralNet_fifo_w16_d2_S_8 |          6 |          6 |       0 |    0 |    6 |      0 |      0 |          0 |
|     U_SampleNeuralNet_fifo_w16_d2_S_ShiftReg                                        |                                                      SampleNeuralNet_fifo_w16_d2_S_ShiftReg_134 |          8 |          8 |       0 |    0 |   32 |      0 |      0 |          0 |
|   layer3_out_4_U                                                                    |                                                                 SampleNeuralNet_fifo_w16_d2_S_9 |         15 |         15 |       0 |    0 |   38 |      0 |      0 |          0 |
|     (layer3_out_4_U)                                                                |                                                                 SampleNeuralNet_fifo_w16_d2_S_9 |          7 |          7 |       0 |    0 |    6 |      0 |      0 |          0 |
|     U_SampleNeuralNet_fifo_w16_d2_S_ShiftReg                                        |                                                      SampleNeuralNet_fifo_w16_d2_S_ShiftReg_133 |          8 |          8 |       0 |    0 |   32 |      0 |      0 |          0 |
|   layer3_out_5_U                                                                    |                                                                SampleNeuralNet_fifo_w16_d2_S_10 |         14 |         14 |       0 |    0 |   38 |      0 |      0 |          0 |
|     (layer3_out_5_U)                                                                |                                                                SampleNeuralNet_fifo_w16_d2_S_10 |          6 |          6 |       0 |    0 |    6 |      0 |      0 |          0 |
|     U_SampleNeuralNet_fifo_w16_d2_S_ShiftReg                                        |                                                      SampleNeuralNet_fifo_w16_d2_S_ShiftReg_132 |          8 |          8 |       0 |    0 |   32 |      0 |      0 |          0 |
|   layer3_out_6_U                                                                    |                                                                SampleNeuralNet_fifo_w16_d2_S_11 |         15 |         15 |       0 |    0 |   38 |      0 |      0 |          0 |
|     (layer3_out_6_U)                                                                |                                                                SampleNeuralNet_fifo_w16_d2_S_11 |          7 |          7 |       0 |    0 |    6 |      0 |      0 |          0 |
|     U_SampleNeuralNet_fifo_w16_d2_S_ShiftReg                                        |                                                      SampleNeuralNet_fifo_w16_d2_S_ShiftReg_131 |          8 |          8 |       0 |    0 |   32 |      0 |      0 |          0 |
|   layer3_out_7_U                                                                    |                                                                SampleNeuralNet_fifo_w16_d2_S_12 |         14 |         14 |       0 |    0 |   38 |      0 |      0 |          0 |
|     (layer3_out_7_U)                                                                |                                                                SampleNeuralNet_fifo_w16_d2_S_12 |          6 |          6 |       0 |    0 |    6 |      0 |      0 |          0 |
|     U_SampleNeuralNet_fifo_w16_d2_S_ShiftReg                                        |                                                      SampleNeuralNet_fifo_w16_d2_S_ShiftReg_130 |          8 |          8 |       0 |    0 |   32 |      0 |      0 |          0 |
|   layer3_out_U                                                                      |                                                                SampleNeuralNet_fifo_w16_d2_S_13 |         15 |         15 |       0 |    0 |   38 |      0 |      0 |          0 |
|     (layer3_out_U)                                                                  |                                                                SampleNeuralNet_fifo_w16_d2_S_13 |          7 |          7 |       0 |    0 |    6 |      0 |      0 |          0 |
|     U_SampleNeuralNet_fifo_w16_d2_S_ShiftReg                                        |                                                      SampleNeuralNet_fifo_w16_d2_S_ShiftReg_129 |          8 |          8 |       0 |    0 |   32 |      0 |      0 |          0 |
|   layer4_out_1_U                                                                    |                                                                SampleNeuralNet_fifo_w48_d2_S_14 |         43 |         43 |       0 |    0 |  102 |      0 |      0 |          0 |
|     (layer4_out_1_U)                                                                |                                                                SampleNeuralNet_fifo_w48_d2_S_14 |         19 |         19 |       0 |    0 |    6 |      0 |      0 |          0 |
|     U_SampleNeuralNet_fifo_w48_d2_S_ShiftReg                                        |                                                      SampleNeuralNet_fifo_w48_d2_S_ShiftReg_128 |         24 |         24 |       0 |    0 |   96 |      0 |      0 |          0 |
|   layer4_out_2_U                                                                    |                                                                SampleNeuralNet_fifo_w48_d2_S_15 |         30 |         30 |       0 |    0 |  102 |      0 |      0 |          0 |
|     (layer4_out_2_U)                                                                |                                                                SampleNeuralNet_fifo_w48_d2_S_15 |          6 |          6 |       0 |    0 |    6 |      0 |      0 |          0 |
|     U_SampleNeuralNet_fifo_w48_d2_S_ShiftReg                                        |                                                      SampleNeuralNet_fifo_w48_d2_S_ShiftReg_127 |         24 |         24 |       0 |    0 |   96 |      0 |      0 |          0 |
|   layer4_out_3_U                                                                    |                                                                SampleNeuralNet_fifo_w48_d2_S_16 |         30 |         30 |       0 |    0 |  102 |      0 |      0 |          0 |
|     (layer4_out_3_U)                                                                |                                                                SampleNeuralNet_fifo_w48_d2_S_16 |          6 |          6 |       0 |    0 |    6 |      0 |      0 |          0 |
|     U_SampleNeuralNet_fifo_w48_d2_S_ShiftReg                                        |                                                      SampleNeuralNet_fifo_w48_d2_S_ShiftReg_126 |         24 |         24 |       0 |    0 |   96 |      0 |      0 |          0 |
|   layer4_out_4_U                                                                    |                                                                SampleNeuralNet_fifo_w48_d2_S_17 |         36 |         36 |       0 |    0 |  102 |      0 |      0 |          0 |
|     (layer4_out_4_U)                                                                |                                                                SampleNeuralNet_fifo_w48_d2_S_17 |         12 |         12 |       0 |    0 |    6 |      0 |      0 |          0 |
|     U_SampleNeuralNet_fifo_w48_d2_S_ShiftReg                                        |                                                      SampleNeuralNet_fifo_w48_d2_S_ShiftReg_125 |         24 |         24 |       0 |    0 |   96 |      0 |      0 |          0 |
|   layer4_out_5_U                                                                    |                                                                SampleNeuralNet_fifo_w48_d2_S_18 |         30 |         30 |       0 |    0 |  102 |      0 |      0 |          0 |
|     (layer4_out_5_U)                                                                |                                                                SampleNeuralNet_fifo_w48_d2_S_18 |          6 |          6 |       0 |    0 |    6 |      0 |      0 |          0 |
|     U_SampleNeuralNet_fifo_w48_d2_S_ShiftReg                                        |                                                      SampleNeuralNet_fifo_w48_d2_S_ShiftReg_124 |         24 |         24 |       0 |    0 |   96 |      0 |      0 |          0 |
|   layer4_out_6_U                                                                    |                                                                SampleNeuralNet_fifo_w48_d2_S_19 |         30 |         30 |       0 |    0 |  102 |      0 |      0 |          0 |
|     (layer4_out_6_U)                                                                |                                                                SampleNeuralNet_fifo_w48_d2_S_19 |          6 |          6 |       0 |    0 |    6 |      0 |      0 |          0 |
|     U_SampleNeuralNet_fifo_w48_d2_S_ShiftReg                                        |                                                      SampleNeuralNet_fifo_w48_d2_S_ShiftReg_123 |         24 |         24 |       0 |    0 |   96 |      0 |      0 |          0 |
|   layer4_out_7_U                                                                    |                                                                SampleNeuralNet_fifo_w48_d2_S_20 |         30 |         30 |       0 |    0 |  102 |      0 |      0 |          0 |
|     (layer4_out_7_U)                                                                |                                                                SampleNeuralNet_fifo_w48_d2_S_20 |          6 |          6 |       0 |    0 |    6 |      0 |      0 |          0 |
|     U_SampleNeuralNet_fifo_w48_d2_S_ShiftReg                                        |                                                      SampleNeuralNet_fifo_w48_d2_S_ShiftReg_122 |         24 |         24 |       0 |    0 |   96 |      0 |      0 |          0 |
|   layer4_out_U                                                                      |                                                                SampleNeuralNet_fifo_w48_d2_S_21 |         30 |         30 |       0 |    0 |  102 |      0 |      0 |          0 |
|     (layer4_out_U)                                                                  |                                                                SampleNeuralNet_fifo_w48_d2_S_21 |          6 |          6 |       0 |    0 |    6 |      0 |      0 |          0 |
|     U_SampleNeuralNet_fifo_w48_d2_S_ShiftReg                                        |                                                      SampleNeuralNet_fifo_w48_d2_S_ShiftReg_121 |         24 |         24 |       0 |    0 |   96 |      0 |      0 |          0 |
|   layer5_out_1_U                                                                    |                                                                SampleNeuralNet_fifo_w16_d2_S_22 |         15 |         15 |       0 |    0 |   38 |      0 |      0 |          0 |
|     (layer5_out_1_U)                                                                |                                                                SampleNeuralNet_fifo_w16_d2_S_22 |          7 |          7 |       0 |    0 |    6 |      0 |      0 |          0 |
|     U_SampleNeuralNet_fifo_w16_d2_S_ShiftReg                                        |                                                      SampleNeuralNet_fifo_w16_d2_S_ShiftReg_120 |          8 |          8 |       0 |    0 |   32 |      0 |      0 |          0 |
|   layer5_out_2_U                                                                    |                                                                SampleNeuralNet_fifo_w16_d2_S_23 |         15 |         15 |       0 |    0 |   38 |      0 |      0 |          0 |
|     (layer5_out_2_U)                                                                |                                                                SampleNeuralNet_fifo_w16_d2_S_23 |          7 |          7 |       0 |    0 |    6 |      0 |      0 |          0 |
|     U_SampleNeuralNet_fifo_w16_d2_S_ShiftReg                                        |                                                      SampleNeuralNet_fifo_w16_d2_S_ShiftReg_119 |          8 |          8 |       0 |    0 |   32 |      0 |      0 |          0 |
|   layer5_out_3_U                                                                    |                                                                SampleNeuralNet_fifo_w16_d2_S_24 |         14 |         14 |       0 |    0 |   38 |      0 |      0 |          0 |
|     (layer5_out_3_U)                                                                |                                                                SampleNeuralNet_fifo_w16_d2_S_24 |          6 |          6 |       0 |    0 |    6 |      0 |      0 |          0 |
|     U_SampleNeuralNet_fifo_w16_d2_S_ShiftReg                                        |                                                      SampleNeuralNet_fifo_w16_d2_S_ShiftReg_118 |          8 |          8 |       0 |    0 |   32 |      0 |      0 |          0 |
|   layer5_out_4_U                                                                    |                                                                SampleNeuralNet_fifo_w16_d2_S_25 |         15 |         15 |       0 |    0 |   38 |      0 |      0 |          0 |
|     (layer5_out_4_U)                                                                |                                                                SampleNeuralNet_fifo_w16_d2_S_25 |          7 |          7 |       0 |    0 |    6 |      0 |      0 |          0 |
|     U_SampleNeuralNet_fifo_w16_d2_S_ShiftReg                                        |                                                      SampleNeuralNet_fifo_w16_d2_S_ShiftReg_117 |          8 |          8 |       0 |    0 |   32 |      0 |      0 |          0 |
|   layer5_out_5_U                                                                    |                                                                SampleNeuralNet_fifo_w16_d2_S_26 |         14 |         14 |       0 |    0 |   38 |      0 |      0 |          0 |
|     (layer5_out_5_U)                                                                |                                                                SampleNeuralNet_fifo_w16_d2_S_26 |          6 |          6 |       0 |    0 |    6 |      0 |      0 |          0 |
|     U_SampleNeuralNet_fifo_w16_d2_S_ShiftReg                                        |                                                      SampleNeuralNet_fifo_w16_d2_S_ShiftReg_116 |          8 |          8 |       0 |    0 |   32 |      0 |      0 |          0 |
|   layer5_out_6_U                                                                    |                                                                SampleNeuralNet_fifo_w16_d2_S_27 |         14 |         14 |       0 |    0 |   38 |      0 |      0 |          0 |
|     (layer5_out_6_U)                                                                |                                                                SampleNeuralNet_fifo_w16_d2_S_27 |          6 |          6 |       0 |    0 |    6 |      0 |      0 |          0 |
|     U_SampleNeuralNet_fifo_w16_d2_S_ShiftReg                                        |                                                      SampleNeuralNet_fifo_w16_d2_S_ShiftReg_115 |          8 |          8 |       0 |    0 |   32 |      0 |      0 |          0 |
|   layer5_out_7_U                                                                    |                                                                SampleNeuralNet_fifo_w16_d2_S_28 |         14 |         14 |       0 |    0 |   38 |      0 |      0 |          0 |
|     (layer5_out_7_U)                                                                |                                                                SampleNeuralNet_fifo_w16_d2_S_28 |          6 |          6 |       0 |    0 |    6 |      0 |      0 |          0 |
|     U_SampleNeuralNet_fifo_w16_d2_S_ShiftReg                                        |                                                      SampleNeuralNet_fifo_w16_d2_S_ShiftReg_114 |          8 |          8 |       0 |    0 |   32 |      0 |      0 |          0 |
|   layer5_out_U                                                                      |                                                                SampleNeuralNet_fifo_w16_d2_S_29 |         14 |         14 |       0 |    0 |   38 |      0 |      0 |          0 |
|     (layer5_out_U)                                                                  |                                                                SampleNeuralNet_fifo_w16_d2_S_29 |          6 |          6 |       0 |    0 |    6 |      0 |      0 |          0 |
|     U_SampleNeuralNet_fifo_w16_d2_S_ShiftReg                                        |                                                          SampleNeuralNet_fifo_w16_d2_S_ShiftReg |          8 |          8 |       0 |    0 |   32 |      0 |      0 |          0 |
|   layer6_out_1_U                                                                    |                                                                SampleNeuralNet_fifo_w48_d2_S_30 |         31 |         31 |       0 |    0 |  102 |      0 |      0 |          0 |
|     (layer6_out_1_U)                                                                |                                                                SampleNeuralNet_fifo_w48_d2_S_30 |          7 |          7 |       0 |    0 |    6 |      0 |      0 |          0 |
|     U_SampleNeuralNet_fifo_w48_d2_S_ShiftReg                                        |                                                      SampleNeuralNet_fifo_w48_d2_S_ShiftReg_113 |         24 |         24 |       0 |    0 |   96 |      0 |      0 |          0 |
|   layer6_out_2_U                                                                    |                                                                SampleNeuralNet_fifo_w48_d2_S_31 |         31 |         31 |       0 |    0 |  102 |      0 |      0 |          0 |
|     (layer6_out_2_U)                                                                |                                                                SampleNeuralNet_fifo_w48_d2_S_31 |          7 |          7 |       0 |    0 |    6 |      0 |      0 |          0 |
|     U_SampleNeuralNet_fifo_w48_d2_S_ShiftReg                                        |                                                      SampleNeuralNet_fifo_w48_d2_S_ShiftReg_112 |         24 |         24 |       0 |    0 |   96 |      0 |      0 |          0 |
|   layer6_out_3_U                                                                    |                                                                SampleNeuralNet_fifo_w48_d2_S_32 |         31 |         31 |       0 |    0 |  102 |      0 |      0 |          0 |
|     (layer6_out_3_U)                                                                |                                                                SampleNeuralNet_fifo_w48_d2_S_32 |          7 |          7 |       0 |    0 |    6 |      0 |      0 |          0 |
|     U_SampleNeuralNet_fifo_w48_d2_S_ShiftReg                                        |                                                      SampleNeuralNet_fifo_w48_d2_S_ShiftReg_111 |         24 |         24 |       0 |    0 |   96 |      0 |      0 |          0 |
|   layer6_out_4_U                                                                    |                                                                SampleNeuralNet_fifo_w48_d2_S_33 |         31 |         31 |       0 |    0 |  102 |      0 |      0 |          0 |
|     (layer6_out_4_U)                                                                |                                                                SampleNeuralNet_fifo_w48_d2_S_33 |          7 |          7 |       0 |    0 |    6 |      0 |      0 |          0 |
|     U_SampleNeuralNet_fifo_w48_d2_S_ShiftReg                                        |                                                      SampleNeuralNet_fifo_w48_d2_S_ShiftReg_110 |         24 |         24 |       0 |    0 |   96 |      0 |      0 |          0 |
|   layer6_out_5_U                                                                    |                                                                SampleNeuralNet_fifo_w48_d2_S_34 |         33 |         33 |       0 |    0 |  102 |      0 |      0 |          0 |
|     (layer6_out_5_U)                                                                |                                                                SampleNeuralNet_fifo_w48_d2_S_34 |          9 |          9 |       0 |    0 |    6 |      0 |      0 |          0 |
|     U_SampleNeuralNet_fifo_w48_d2_S_ShiftReg                                        |                                                      SampleNeuralNet_fifo_w48_d2_S_ShiftReg_109 |         24 |         24 |       0 |    0 |   96 |      0 |      0 |          0 |
|   layer6_out_6_U                                                                    |                                                                SampleNeuralNet_fifo_w48_d2_S_35 |         31 |         31 |       0 |    0 |  102 |      0 |      0 |          0 |
|     (layer6_out_6_U)                                                                |                                                                SampleNeuralNet_fifo_w48_d2_S_35 |          7 |          7 |       0 |    0 |    6 |      0 |      0 |          0 |
|     U_SampleNeuralNet_fifo_w48_d2_S_ShiftReg                                        |                                                      SampleNeuralNet_fifo_w48_d2_S_ShiftReg_108 |         24 |         24 |       0 |    0 |   96 |      0 |      0 |          0 |
|   layer6_out_7_U                                                                    |                                                                SampleNeuralNet_fifo_w48_d2_S_36 |         31 |         31 |       0 |    0 |  102 |      0 |      0 |          0 |
|     (layer6_out_7_U)                                                                |                                                                SampleNeuralNet_fifo_w48_d2_S_36 |          7 |          7 |       0 |    0 |    6 |      0 |      0 |          0 |
|     U_SampleNeuralNet_fifo_w48_d2_S_ShiftReg                                        |                                                      SampleNeuralNet_fifo_w48_d2_S_ShiftReg_107 |         24 |         24 |       0 |    0 |   96 |      0 |      0 |          0 |
|   layer6_out_U                                                                      |                                                                SampleNeuralNet_fifo_w48_d2_S_37 |         33 |         33 |       0 |    0 |  102 |      0 |      0 |          0 |
|     (layer6_out_U)                                                                  |                                                                SampleNeuralNet_fifo_w48_d2_S_37 |          9 |          9 |       0 |    0 |    6 |      0 |      0 |          0 |
|     U_SampleNeuralNet_fifo_w48_d2_S_ShiftReg                                        |                                                          SampleNeuralNet_fifo_w48_d2_S_ShiftReg |         24 |         24 |       0 |    0 |   96 |      0 |      0 |          0 |
|   thresholded_relu_ap_int_48_ap_int_48_ap_int_16_thresholdedrelu_config3_U0         |        SampleNeuralNet_thresholded_relu_ap_int_48_ap_int_48_ap_int_16_thresholdedrelu_config3_s |        272 |        272 |       0 |    0 |  980 |      0 |      0 |          0 |
|     (thresholded_relu_ap_int_48_ap_int_48_ap_int_16_thresholdedrelu_config3_U0)     |        SampleNeuralNet_thresholded_relu_ap_int_48_ap_int_48_ap_int_16_thresholdedrelu_config3_s |        144 |        144 |       0 |    0 |  780 |      0 |      0 |          0 |
|     icmp_48s_48s_1_2_1_U24                                                          |                                                           SampleNeuralNet_icmp_48s_48s_1_2_1_83 |         16 |         16 |       0 |    0 |   25 |      0 |      0 |          0 |
|       base                                                                          |                                                      SampleNeuralNet_icmp_48s_48s_1_2_1_sub_105 |         16 |         16 |       0 |    0 |   25 |      0 |      0 |          0 |
|         (base)                                                                      |                                                      SampleNeuralNet_icmp_48s_48s_1_2_1_sub_105 |         16 |         16 |       0 |    0 |   25 |      0 |      0 |          0 |
|         u2                                                                          |                           SampleNeuralNet_icmp_48s_48s_1_2_1_sub_comb_adder__parameterized0_106 |          0 |          0 |       0 |    0 |    0 |      0 |      0 |          0 |
|     icmp_48s_48s_1_2_1_U25                                                          |                                                           SampleNeuralNet_icmp_48s_48s_1_2_1_84 |         16 |         16 |       0 |    0 |   25 |      0 |      0 |          0 |
|       base                                                                          |                                                      SampleNeuralNet_icmp_48s_48s_1_2_1_sub_103 |         16 |         16 |       0 |    0 |   25 |      0 |      0 |          0 |
|         (base)                                                                      |                                                      SampleNeuralNet_icmp_48s_48s_1_2_1_sub_103 |         16 |         16 |       0 |    0 |   25 |      0 |      0 |          0 |
|         u2                                                                          |                           SampleNeuralNet_icmp_48s_48s_1_2_1_sub_comb_adder__parameterized0_104 |          0 |          0 |       0 |    0 |    0 |      0 |      0 |          0 |
|     icmp_48s_48s_1_2_1_U26                                                          |                                                           SampleNeuralNet_icmp_48s_48s_1_2_1_85 |         16 |         16 |       0 |    0 |   25 |      0 |      0 |          0 |
|       base                                                                          |                                                      SampleNeuralNet_icmp_48s_48s_1_2_1_sub_101 |         16 |         16 |       0 |    0 |   25 |      0 |      0 |          0 |
|         (base)                                                                      |                                                      SampleNeuralNet_icmp_48s_48s_1_2_1_sub_101 |         16 |         16 |       0 |    0 |   25 |      0 |      0 |          0 |
|         u2                                                                          |                           SampleNeuralNet_icmp_48s_48s_1_2_1_sub_comb_adder__parameterized0_102 |          0 |          0 |       0 |    0 |    0 |      0 |      0 |          0 |
|     icmp_48s_48s_1_2_1_U27                                                          |                                                           SampleNeuralNet_icmp_48s_48s_1_2_1_86 |         16 |         16 |       0 |    0 |   25 |      0 |      0 |          0 |
|       base                                                                          |                                                       SampleNeuralNet_icmp_48s_48s_1_2_1_sub_99 |         16 |         16 |       0 |    0 |   25 |      0 |      0 |          0 |
|         (base)                                                                      |                                                       SampleNeuralNet_icmp_48s_48s_1_2_1_sub_99 |         16 |         16 |       0 |    0 |   25 |      0 |      0 |          0 |
|         u2                                                                          |                           SampleNeuralNet_icmp_48s_48s_1_2_1_sub_comb_adder__parameterized0_100 |          0 |          0 |       0 |    0 |    0 |      0 |      0 |          0 |
|     icmp_48s_48s_1_2_1_U28                                                          |                                                           SampleNeuralNet_icmp_48s_48s_1_2_1_87 |         16 |         16 |       0 |    0 |   25 |      0 |      0 |          0 |
|       base                                                                          |                                                       SampleNeuralNet_icmp_48s_48s_1_2_1_sub_97 |         16 |         16 |       0 |    0 |   25 |      0 |      0 |          0 |
|         (base)                                                                      |                                                       SampleNeuralNet_icmp_48s_48s_1_2_1_sub_97 |         16 |         16 |       0 |    0 |   25 |      0 |      0 |          0 |
|         u2                                                                          |                            SampleNeuralNet_icmp_48s_48s_1_2_1_sub_comb_adder__parameterized0_98 |          0 |          0 |       0 |    0 |    0 |      0 |      0 |          0 |
|     icmp_48s_48s_1_2_1_U29                                                          |                                                           SampleNeuralNet_icmp_48s_48s_1_2_1_88 |         16 |         16 |       0 |    0 |   25 |      0 |      0 |          0 |
|       base                                                                          |                                                       SampleNeuralNet_icmp_48s_48s_1_2_1_sub_95 |         16 |         16 |       0 |    0 |   25 |      0 |      0 |          0 |
|         (base)                                                                      |                                                       SampleNeuralNet_icmp_48s_48s_1_2_1_sub_95 |         16 |         16 |       0 |    0 |   25 |      0 |      0 |          0 |
|         u2                                                                          |                            SampleNeuralNet_icmp_48s_48s_1_2_1_sub_comb_adder__parameterized0_96 |          0 |          0 |       0 |    0 |    0 |      0 |      0 |          0 |
|     icmp_48s_48s_1_2_1_U30                                                          |                                                           SampleNeuralNet_icmp_48s_48s_1_2_1_89 |         16 |         16 |       0 |    0 |   25 |      0 |      0 |          0 |
|       base                                                                          |                                                       SampleNeuralNet_icmp_48s_48s_1_2_1_sub_93 |         16 |         16 |       0 |    0 |   25 |      0 |      0 |          0 |
|         (base)                                                                      |                                                       SampleNeuralNet_icmp_48s_48s_1_2_1_sub_93 |         16 |         16 |       0 |    0 |   25 |      0 |      0 |          0 |
|         u2                                                                          |                            SampleNeuralNet_icmp_48s_48s_1_2_1_sub_comb_adder__parameterized0_94 |          0 |          0 |       0 |    0 |    0 |      0 |      0 |          0 |
|     icmp_48s_48s_1_2_1_U31                                                          |                                                           SampleNeuralNet_icmp_48s_48s_1_2_1_90 |         16 |         16 |       0 |    0 |   25 |      0 |      0 |          0 |
|       base                                                                          |                                                       SampleNeuralNet_icmp_48s_48s_1_2_1_sub_91 |         16 |         16 |       0 |    0 |   25 |      0 |      0 |          0 |
|         (base)                                                                      |                                                       SampleNeuralNet_icmp_48s_48s_1_2_1_sub_91 |         16 |         16 |       0 |    0 |   25 |      0 |      0 |          0 |
|         u2                                                                          |                            SampleNeuralNet_icmp_48s_48s_1_2_1_sub_comb_adder__parameterized0_92 |          0 |          0 |       0 |    0 |    0 |      0 |      0 |          0 |
|   thresholded_relu_ap_int_48_ap_int_48_ap_int_16_thresholdedrelu_config5_U0         |        SampleNeuralNet_thresholded_relu_ap_int_48_ap_int_48_ap_int_16_thresholdedrelu_config5_s |        272 |        272 |       0 |    0 |  980 |      0 |      0 |          0 |
|     (thresholded_relu_ap_int_48_ap_int_48_ap_int_16_thresholdedrelu_config5_U0)     |        SampleNeuralNet_thresholded_relu_ap_int_48_ap_int_48_ap_int_16_thresholdedrelu_config5_s |        144 |        144 |       0 |    0 |  780 |      0 |      0 |          0 |
|     icmp_48s_48s_1_2_1_U68                                                          |                                                           SampleNeuralNet_icmp_48s_48s_1_2_1_59 |         16 |         16 |       0 |    0 |   25 |      0 |      0 |          0 |
|       base                                                                          |                                                       SampleNeuralNet_icmp_48s_48s_1_2_1_sub_81 |         16 |         16 |       0 |    0 |   25 |      0 |      0 |          0 |
|         (base)                                                                      |                                                       SampleNeuralNet_icmp_48s_48s_1_2_1_sub_81 |         16 |         16 |       0 |    0 |   25 |      0 |      0 |          0 |
|         u2                                                                          |                            SampleNeuralNet_icmp_48s_48s_1_2_1_sub_comb_adder__parameterized0_82 |          0 |          0 |       0 |    0 |    0 |      0 |      0 |          0 |
|     icmp_48s_48s_1_2_1_U69                                                          |                                                           SampleNeuralNet_icmp_48s_48s_1_2_1_60 |         16 |         16 |       0 |    0 |   25 |      0 |      0 |          0 |
|       base                                                                          |                                                       SampleNeuralNet_icmp_48s_48s_1_2_1_sub_79 |         16 |         16 |       0 |    0 |   25 |      0 |      0 |          0 |
|         (base)                                                                      |                                                       SampleNeuralNet_icmp_48s_48s_1_2_1_sub_79 |         16 |         16 |       0 |    0 |   25 |      0 |      0 |          0 |
|         u2                                                                          |                            SampleNeuralNet_icmp_48s_48s_1_2_1_sub_comb_adder__parameterized0_80 |          0 |          0 |       0 |    0 |    0 |      0 |      0 |          0 |
|     icmp_48s_48s_1_2_1_U70                                                          |                                                           SampleNeuralNet_icmp_48s_48s_1_2_1_61 |         16 |         16 |       0 |    0 |   25 |      0 |      0 |          0 |
|       base                                                                          |                                                       SampleNeuralNet_icmp_48s_48s_1_2_1_sub_77 |         16 |         16 |       0 |    0 |   25 |      0 |      0 |          0 |
|         (base)                                                                      |                                                       SampleNeuralNet_icmp_48s_48s_1_2_1_sub_77 |         16 |         16 |       0 |    0 |   25 |      0 |      0 |          0 |
|         u2                                                                          |                            SampleNeuralNet_icmp_48s_48s_1_2_1_sub_comb_adder__parameterized0_78 |          0 |          0 |       0 |    0 |    0 |      0 |      0 |          0 |
|     icmp_48s_48s_1_2_1_U71                                                          |                                                           SampleNeuralNet_icmp_48s_48s_1_2_1_62 |         16 |         16 |       0 |    0 |   25 |      0 |      0 |          0 |
|       base                                                                          |                                                       SampleNeuralNet_icmp_48s_48s_1_2_1_sub_75 |         16 |         16 |       0 |    0 |   25 |      0 |      0 |          0 |
|         (base)                                                                      |                                                       SampleNeuralNet_icmp_48s_48s_1_2_1_sub_75 |         16 |         16 |       0 |    0 |   25 |      0 |      0 |          0 |
|         u2                                                                          |                            SampleNeuralNet_icmp_48s_48s_1_2_1_sub_comb_adder__parameterized0_76 |          0 |          0 |       0 |    0 |    0 |      0 |      0 |          0 |
|     icmp_48s_48s_1_2_1_U72                                                          |                                                           SampleNeuralNet_icmp_48s_48s_1_2_1_63 |         16 |         16 |       0 |    0 |   25 |      0 |      0 |          0 |
|       base                                                                          |                                                       SampleNeuralNet_icmp_48s_48s_1_2_1_sub_73 |         16 |         16 |       0 |    0 |   25 |      0 |      0 |          0 |
|         (base)                                                                      |                                                       SampleNeuralNet_icmp_48s_48s_1_2_1_sub_73 |         16 |         16 |       0 |    0 |   25 |      0 |      0 |          0 |
|         u2                                                                          |                            SampleNeuralNet_icmp_48s_48s_1_2_1_sub_comb_adder__parameterized0_74 |          0 |          0 |       0 |    0 |    0 |      0 |      0 |          0 |
|     icmp_48s_48s_1_2_1_U73                                                          |                                                           SampleNeuralNet_icmp_48s_48s_1_2_1_64 |         16 |         16 |       0 |    0 |   25 |      0 |      0 |          0 |
|       base                                                                          |                                                       SampleNeuralNet_icmp_48s_48s_1_2_1_sub_71 |         16 |         16 |       0 |    0 |   25 |      0 |      0 |          0 |
|         (base)                                                                      |                                                       SampleNeuralNet_icmp_48s_48s_1_2_1_sub_71 |         16 |         16 |       0 |    0 |   25 |      0 |      0 |          0 |
|         u2                                                                          |                            SampleNeuralNet_icmp_48s_48s_1_2_1_sub_comb_adder__parameterized0_72 |          0 |          0 |       0 |    0 |    0 |      0 |      0 |          0 |
|     icmp_48s_48s_1_2_1_U74                                                          |                                                           SampleNeuralNet_icmp_48s_48s_1_2_1_65 |         16 |         16 |       0 |    0 |   25 |      0 |      0 |          0 |
|       base                                                                          |                                                       SampleNeuralNet_icmp_48s_48s_1_2_1_sub_69 |         16 |         16 |       0 |    0 |   25 |      0 |      0 |          0 |
|         (base)                                                                      |                                                       SampleNeuralNet_icmp_48s_48s_1_2_1_sub_69 |         16 |         16 |       0 |    0 |   25 |      0 |      0 |          0 |
|         u2                                                                          |                            SampleNeuralNet_icmp_48s_48s_1_2_1_sub_comb_adder__parameterized0_70 |          0 |          0 |       0 |    0 |    0 |      0 |      0 |          0 |
|     icmp_48s_48s_1_2_1_U75                                                          |                                                           SampleNeuralNet_icmp_48s_48s_1_2_1_66 |         16 |         16 |       0 |    0 |   25 |      0 |      0 |          0 |
|       base                                                                          |                                                       SampleNeuralNet_icmp_48s_48s_1_2_1_sub_67 |         16 |         16 |       0 |    0 |   25 |      0 |      0 |          0 |
|         (base)                                                                      |                                                       SampleNeuralNet_icmp_48s_48s_1_2_1_sub_67 |         16 |         16 |       0 |    0 |   25 |      0 |      0 |          0 |
|         u2                                                                          |                            SampleNeuralNet_icmp_48s_48s_1_2_1_sub_comb_adder__parameterized0_68 |          0 |          0 |       0 |    0 |    0 |      0 |      0 |          0 |
|   thresholded_relu_ap_int_48_ap_int_48_ap_int_16_thresholdedrelu_config7_U0         |        SampleNeuralNet_thresholded_relu_ap_int_48_ap_int_48_ap_int_16_thresholdedrelu_config7_s |        257 |        257 |       0 |    0 |  979 |      0 |      0 |          0 |
|     (thresholded_relu_ap_int_48_ap_int_48_ap_int_16_thresholdedrelu_config7_U0)     |        SampleNeuralNet_thresholded_relu_ap_int_48_ap_int_48_ap_int_16_thresholdedrelu_config7_s |        129 |        129 |       0 |    0 |  779 |      0 |      0 |          0 |
|     icmp_48s_48s_1_2_1_U110                                                         |                                                              SampleNeuralNet_icmp_48s_48s_1_2_1 |         16 |         16 |       0 |    0 |   25 |      0 |      0 |          0 |
|       base                                                                          |                                                       SampleNeuralNet_icmp_48s_48s_1_2_1_sub_57 |         16 |         16 |       0 |    0 |   25 |      0 |      0 |          0 |
|         (base)                                                                      |                                                       SampleNeuralNet_icmp_48s_48s_1_2_1_sub_57 |         16 |         16 |       0 |    0 |   25 |      0 |      0 |          0 |
|         u2                                                                          |                            SampleNeuralNet_icmp_48s_48s_1_2_1_sub_comb_adder__parameterized0_58 |          0 |          0 |       0 |    0 |    0 |      0 |      0 |          0 |
|     icmp_48s_48s_1_2_1_U111                                                         |                                                           SampleNeuralNet_icmp_48s_48s_1_2_1_38 |         16 |         16 |       0 |    0 |   25 |      0 |      0 |          0 |
|       base                                                                          |                                                       SampleNeuralNet_icmp_48s_48s_1_2_1_sub_55 |         16 |         16 |       0 |    0 |   25 |      0 |      0 |          0 |
|         (base)                                                                      |                                                       SampleNeuralNet_icmp_48s_48s_1_2_1_sub_55 |         16 |         16 |       0 |    0 |   25 |      0 |      0 |          0 |
|         u2                                                                          |                            SampleNeuralNet_icmp_48s_48s_1_2_1_sub_comb_adder__parameterized0_56 |          0 |          0 |       0 |    0 |    0 |      0 |      0 |          0 |
|     icmp_48s_48s_1_2_1_U112                                                         |                                                           SampleNeuralNet_icmp_48s_48s_1_2_1_39 |         16 |         16 |       0 |    0 |   25 |      0 |      0 |          0 |
|       base                                                                          |                                                       SampleNeuralNet_icmp_48s_48s_1_2_1_sub_53 |         16 |         16 |       0 |    0 |   25 |      0 |      0 |          0 |
|         (base)                                                                      |                                                       SampleNeuralNet_icmp_48s_48s_1_2_1_sub_53 |         16 |         16 |       0 |    0 |   25 |      0 |      0 |          0 |
|         u2                                                                          |                            SampleNeuralNet_icmp_48s_48s_1_2_1_sub_comb_adder__parameterized0_54 |          0 |          0 |       0 |    0 |    0 |      0 |      0 |          0 |
|     icmp_48s_48s_1_2_1_U113                                                         |                                                           SampleNeuralNet_icmp_48s_48s_1_2_1_40 |         16 |         16 |       0 |    0 |   25 |      0 |      0 |          0 |
|       base                                                                          |                                                       SampleNeuralNet_icmp_48s_48s_1_2_1_sub_51 |         16 |         16 |       0 |    0 |   25 |      0 |      0 |          0 |
|         (base)                                                                      |                                                       SampleNeuralNet_icmp_48s_48s_1_2_1_sub_51 |         16 |         16 |       0 |    0 |   25 |      0 |      0 |          0 |
|         u2                                                                          |                            SampleNeuralNet_icmp_48s_48s_1_2_1_sub_comb_adder__parameterized0_52 |          0 |          0 |       0 |    0 |    0 |      0 |      0 |          0 |
|     icmp_48s_48s_1_2_1_U114                                                         |                                                           SampleNeuralNet_icmp_48s_48s_1_2_1_41 |         16 |         16 |       0 |    0 |   25 |      0 |      0 |          0 |
|       base                                                                          |                                                       SampleNeuralNet_icmp_48s_48s_1_2_1_sub_49 |         16 |         16 |       0 |    0 |   25 |      0 |      0 |          0 |
|         (base)                                                                      |                                                       SampleNeuralNet_icmp_48s_48s_1_2_1_sub_49 |         16 |         16 |       0 |    0 |   25 |      0 |      0 |          0 |
|         u2                                                                          |                            SampleNeuralNet_icmp_48s_48s_1_2_1_sub_comb_adder__parameterized0_50 |          0 |          0 |       0 |    0 |    0 |      0 |      0 |          0 |
|     icmp_48s_48s_1_2_1_U115                                                         |                                                           SampleNeuralNet_icmp_48s_48s_1_2_1_42 |         16 |         16 |       0 |    0 |   25 |      0 |      0 |          0 |
|       base                                                                          |                                                       SampleNeuralNet_icmp_48s_48s_1_2_1_sub_47 |         16 |         16 |       0 |    0 |   25 |      0 |      0 |          0 |
|         (base)                                                                      |                                                       SampleNeuralNet_icmp_48s_48s_1_2_1_sub_47 |         16 |         16 |       0 |    0 |   25 |      0 |      0 |          0 |
|         u2                                                                          |                            SampleNeuralNet_icmp_48s_48s_1_2_1_sub_comb_adder__parameterized0_48 |          0 |          0 |       0 |    0 |    0 |      0 |      0 |          0 |
|     icmp_48s_48s_1_2_1_U116                                                         |                                                           SampleNeuralNet_icmp_48s_48s_1_2_1_43 |         16 |         16 |       0 |    0 |   25 |      0 |      0 |          0 |
|       base                                                                          |                                                       SampleNeuralNet_icmp_48s_48s_1_2_1_sub_45 |         16 |         16 |       0 |    0 |   25 |      0 |      0 |          0 |
|         (base)                                                                      |                                                       SampleNeuralNet_icmp_48s_48s_1_2_1_sub_45 |         16 |         16 |       0 |    0 |   25 |      0 |      0 |          0 |
|         u2                                                                          |                            SampleNeuralNet_icmp_48s_48s_1_2_1_sub_comb_adder__parameterized0_46 |          0 |          0 |       0 |    0 |    0 |      0 |      0 |          0 |
|     icmp_48s_48s_1_2_1_U117                                                         |                                                           SampleNeuralNet_icmp_48s_48s_1_2_1_44 |         16 |         16 |       0 |    0 |   25 |      0 |      0 |          0 |
|       base                                                                          |                                                          SampleNeuralNet_icmp_48s_48s_1_2_1_sub |         16 |         16 |       0 |    0 |   25 |      0 |      0 |          0 |
|         (base)                                                                      |                                                          SampleNeuralNet_icmp_48s_48s_1_2_1_sub |         16 |         16 |       0 |    0 |   25 |      0 |      0 |          0 |
|         u2                                                                          |                               SampleNeuralNet_icmp_48s_48s_1_2_1_sub_comb_adder__parameterized0 |          0 |          0 |       0 |    0 |    0 |      0 |      0 |          0 |
+-------------------------------------------------------------------------------------+-------------------------------------------------------------------------------------------------+------------+------------+---------+------+------+--------+--------+------------+


