DSP48E1 count: 24

--------------------------------------------------
DSP: custom_dsp_dense_implementation_ap_int_16_ap_int_48_config2_U0/dsp_48ns_32ns_64ns_25ns_30s_18s_48ns_1ns_48_5_1_U10/SampleNeuralNet_dsp_48ns_32ns_64ns_25ns_30s_18s_48ns_1ns_48_5_1_DSP_Builtin_U/p_reg_reg
AREG = 2
BREG = 2
MREG = 1
PREG = 1
CREG = 0
OPMODEREG = 0
ALUMODEREG = 0
USE_MULT = MULTIPLY
PRIMITIVE_TYPE = MULT.dsp.DSP48E1

--------------------------------------------------
DSP: custom_dsp_dense_implementation_ap_int_16_ap_int_48_config2_U0/dsp_48ns_32ns_64ns_25ns_30s_18s_48ns_1ns_48_5_1_U11/SampleNeuralNet_dsp_48ns_32ns_64ns_25ns_30s_18s_48ns_1ns_48_5_1_DSP_Builtin_U/p_reg_reg
AREG = 2
BREG = 2
MREG = 1
PREG = 1
CREG = 0
OPMODEREG = 0
ALUMODEREG = 0
USE_MULT = MULTIPLY
PRIMITIVE_TYPE = MULT.dsp.DSP48E1

--------------------------------------------------
DSP: custom_dsp_dense_implementation_ap_int_16_ap_int_48_config2_U0/dsp_48ns_32ns_64ns_25ns_30s_18s_48ns_1ns_48_5_1_U12/SampleNeuralNet_dsp_48ns_32ns_64ns_25ns_30s_18s_48ns_1ns_48_5_1_DSP_Builtin_U/p_reg_reg
AREG = 2
BREG = 2
MREG = 1
PREG = 1
CREG = 0
OPMODEREG = 0
ALUMODEREG = 0
USE_MULT = MULTIPLY
PRIMITIVE_TYPE = MULT.dsp.DSP48E1

--------------------------------------------------
DSP: custom_dsp_dense_implementation_ap_int_16_ap_int_48_config2_U0/dsp_48ns_32ns_64ns_25ns_30s_18s_48ns_1ns_48_5_1_U13/SampleNeuralNet_dsp_48ns_32ns_64ns_25ns_30s_18s_48ns_1ns_48_5_1_DSP_Builtin_U/p_reg_reg
AREG = 2
BREG = 2
MREG = 1
PREG = 1
CREG = 0
OPMODEREG = 0
ALUMODEREG = 0
USE_MULT = MULTIPLY
PRIMITIVE_TYPE = MULT.dsp.DSP48E1

--------------------------------------------------
DSP: custom_dsp_dense_implementation_ap_int_16_ap_int_48_config2_U0/dsp_48ns_32ns_64ns_25ns_30s_18s_48ns_1ns_48_5_1_U14/SampleNeuralNet_dsp_48ns_32ns_64ns_25ns_30s_18s_48ns_1ns_48_5_1_DSP_Builtin_U/p_reg_reg
AREG = 2
BREG = 2
MREG = 1
PREG = 1
CREG = 0
OPMODEREG = 0
ALUMODEREG = 0
USE_MULT = MULTIPLY
PRIMITIVE_TYPE = MULT.dsp.DSP48E1

--------------------------------------------------
DSP: custom_dsp_dense_implementation_ap_int_16_ap_int_48_config2_U0/dsp_48ns_32ns_64ns_25ns_30s_18s_48ns_1ns_48_5_1_U15/SampleNeuralNet_dsp_48ns_32ns_64ns_25ns_30s_18s_48ns_1ns_48_5_1_DSP_Builtin_U/p_reg_reg
AREG = 2
BREG = 2
MREG = 1
PREG = 1
CREG = 0
OPMODEREG = 0
ALUMODEREG = 0
USE_MULT = MULTIPLY
PRIMITIVE_TYPE = MULT.dsp.DSP48E1

--------------------------------------------------
DSP: custom_dsp_dense_implementation_ap_int_16_ap_int_48_config2_U0/dsp_48ns_32ns_64ns_25ns_30s_18s_48ns_1ns_48_5_1_U16/SampleNeuralNet_dsp_48ns_32ns_64ns_25ns_30s_18s_48ns_1ns_48_5_1_DSP_Builtin_U/p_reg_reg
AREG = 2
BREG = 2
MREG = 1
PREG = 1
CREG = 0
OPMODEREG = 0
ALUMODEREG = 0
USE_MULT = MULTIPLY
PRIMITIVE_TYPE = MULT.dsp.DSP48E1

--------------------------------------------------
DSP: custom_dsp_dense_implementation_ap_int_16_ap_int_48_config2_U0/dsp_48ns_32ns_64ns_25ns_30s_18s_48ns_1ns_48_5_1_U17/SampleNeuralNet_dsp_48ns_32ns_64ns_25ns_30s_18s_48ns_1ns_48_5_1_DSP_Builtin_U/p_reg_reg
AREG = 2
BREG = 2
MREG = 1
PREG = 1
CREG = 0
OPMODEREG = 0
ALUMODEREG = 0
USE_MULT = MULTIPLY
PRIMITIVE_TYPE = MULT.dsp.DSP48E1

--------------------------------------------------
DSP: custom_dsp_dense_implementation_ap_int_16_ap_int_48_config4_U0/dsp_48ns_32ns_64ns_25ns_30s_18s_48ns_1ns_48_5_1_U50/SampleNeuralNet_dsp_48ns_32ns_64ns_25ns_30s_18s_48ns_1ns_48_5_1_DSP_Builtin_U/p_reg_reg
AREG = 2
BREG = 2
MREG = 1
PREG = 1
CREG = 0
OPMODEREG = 0
ALUMODEREG = 0
USE_MULT = MULTIPLY
PRIMITIVE_TYPE = MULT.dsp.DSP48E1

--------------------------------------------------
DSP: custom_dsp_dense_implementation_ap_int_16_ap_int_48_config4_U0/dsp_48ns_32ns_64ns_25ns_30s_18s_48ns_1ns_48_5_1_U51/SampleNeuralNet_dsp_48ns_32ns_64ns_25ns_30s_18s_48ns_1ns_48_5_1_DSP_Builtin_U/p_reg_reg
AREG = 2
BREG = 2
MREG = 1
PREG = 1
CREG = 0
OPMODEREG = 0
ALUMODEREG = 0
USE_MULT = MULTIPLY
PRIMITIVE_TYPE = MULT.dsp.DSP48E1

--------------------------------------------------
DSP: custom_dsp_dense_implementation_ap_int_16_ap_int_48_config4_U0/dsp_48ns_32ns_64ns_25ns_30s_18s_48ns_1ns_48_5_1_U52/SampleNeuralNet_dsp_48ns_32ns_64ns_25ns_30s_18s_48ns_1ns_48_5_1_DSP_Builtin_U/p_reg_reg
AREG = 2
BREG = 2
MREG = 1
PREG = 1
CREG = 0
OPMODEREG = 0
ALUMODEREG = 0
USE_MULT = MULTIPLY
PRIMITIVE_TYPE = MULT.dsp.DSP48E1

--------------------------------------------------
DSP: custom_dsp_dense_implementation_ap_int_16_ap_int_48_config4_U0/dsp_48ns_32ns_64ns_25ns_30s_18s_48ns_1ns_48_5_1_U53/SampleNeuralNet_dsp_48ns_32ns_64ns_25ns_30s_18s_48ns_1ns_48_5_1_DSP_Builtin_U/p_reg_reg
AREG = 2
BREG = 2
MREG = 1
PREG = 1
CREG = 0
OPMODEREG = 0
ALUMODEREG = 0
USE_MULT = MULTIPLY
PRIMITIVE_TYPE = MULT.dsp.DSP48E1

--------------------------------------------------
DSP: custom_dsp_dense_implementation_ap_int_16_ap_int_48_config4_U0/dsp_48ns_32ns_64ns_25ns_30s_18s_48ns_1ns_48_5_1_U54/SampleNeuralNet_dsp_48ns_32ns_64ns_25ns_30s_18s_48ns_1ns_48_5_1_DSP_Builtin_U/p_reg_reg
AREG = 2
BREG = 2
MREG = 1
PREG = 1
CREG = 0
OPMODEREG = 0
ALUMODEREG = 0
USE_MULT = MULTIPLY
PRIMITIVE_TYPE = MULT.dsp.DSP48E1

--------------------------------------------------
DSP: custom_dsp_dense_implementation_ap_int_16_ap_int_48_config4_U0/dsp_48ns_32ns_64ns_25ns_30s_18s_48ns_1ns_48_5_1_U55/SampleNeuralNet_dsp_48ns_32ns_64ns_25ns_30s_18s_48ns_1ns_48_5_1_DSP_Builtin_U/p_reg_reg
AREG = 2
BREG = 2
MREG = 1
PREG = 1
CREG = 0
OPMODEREG = 0
ALUMODEREG = 0
USE_MULT = MULTIPLY
PRIMITIVE_TYPE = MULT.dsp.DSP48E1

--------------------------------------------------
DSP: custom_dsp_dense_implementation_ap_int_16_ap_int_48_config4_U0/dsp_48ns_32ns_64ns_25ns_30s_18s_48ns_1ns_48_5_1_U56/SampleNeuralNet_dsp_48ns_32ns_64ns_25ns_30s_18s_48ns_1ns_48_5_1_DSP_Builtin_U/p_reg_reg
AREG = 2
BREG = 2
MREG = 1
PREG = 1
CREG = 0
OPMODEREG = 0
ALUMODEREG = 0
USE_MULT = MULTIPLY
PRIMITIVE_TYPE = MULT.dsp.DSP48E1

--------------------------------------------------
DSP: custom_dsp_dense_implementation_ap_int_16_ap_int_48_config4_U0/dsp_48ns_32ns_64ns_25ns_30s_18s_48ns_1ns_48_5_1_U57/SampleNeuralNet_dsp_48ns_32ns_64ns_25ns_30s_18s_48ns_1ns_48_5_1_DSP_Builtin_U/p_reg_reg
AREG = 2
BREG = 2
MREG = 1
PREG = 1
CREG = 0
OPMODEREG = 0
ALUMODEREG = 0
USE_MULT = MULTIPLY
PRIMITIVE_TYPE = MULT.dsp.DSP48E1

--------------------------------------------------
DSP: custom_dsp_dense_implementation_ap_int_16_ap_int_48_config6_U0/dsp_48ns_32ns_64ns_25ns_30s_18s_48ns_1ns_48_5_1_U100/SampleNeuralNet_dsp_48ns_32ns_64ns_25ns_30s_18s_48ns_1ns_48_5_1_DSP_Builtin_U/p_reg_reg
AREG = 2
BREG = 2
MREG = 1
PREG = 1
CREG = 0
OPMODEREG = 0
ALUMODEREG = 0
USE_MULT = MULTIPLY
PRIMITIVE_TYPE = MULT.dsp.DSP48E1

--------------------------------------------------
DSP: custom_dsp_dense_implementation_ap_int_16_ap_int_48_config6_U0/dsp_48ns_32ns_64ns_25ns_30s_18s_48ns_1ns_48_5_1_U93/SampleNeuralNet_dsp_48ns_32ns_64ns_25ns_30s_18s_48ns_1ns_48_5_1_DSP_Builtin_U/p_reg_reg
AREG = 2
BREG = 2
MREG = 1
PREG = 1
CREG = 0
OPMODEREG = 0
ALUMODEREG = 0
USE_MULT = MULTIPLY
PRIMITIVE_TYPE = MULT.dsp.DSP48E1

--------------------------------------------------
DSP: custom_dsp_dense_implementation_ap_int_16_ap_int_48_config6_U0/dsp_48ns_32ns_64ns_25ns_30s_18s_48ns_1ns_48_5_1_U94/SampleNeuralNet_dsp_48ns_32ns_64ns_25ns_30s_18s_48ns_1ns_48_5_1_DSP_Builtin_U/p_reg_reg
AREG = 2
BREG = 2
MREG = 1
PREG = 1
CREG = 0
OPMODEREG = 0
ALUMODEREG = 0
USE_MULT = MULTIPLY
PRIMITIVE_TYPE = MULT.dsp.DSP48E1

--------------------------------------------------
DSP: custom_dsp_dense_implementation_ap_int_16_ap_int_48_config6_U0/dsp_48ns_32ns_64ns_25ns_30s_18s_48ns_1ns_48_5_1_U95/SampleNeuralNet_dsp_48ns_32ns_64ns_25ns_30s_18s_48ns_1ns_48_5_1_DSP_Builtin_U/p_reg_reg
AREG = 2
BREG = 2
MREG = 1
PREG = 1
CREG = 0
OPMODEREG = 0
ALUMODEREG = 0
USE_MULT = MULTIPLY
PRIMITIVE_TYPE = MULT.dsp.DSP48E1

--------------------------------------------------
DSP: custom_dsp_dense_implementation_ap_int_16_ap_int_48_config6_U0/dsp_48ns_32ns_64ns_25ns_30s_18s_48ns_1ns_48_5_1_U96/SampleNeuralNet_dsp_48ns_32ns_64ns_25ns_30s_18s_48ns_1ns_48_5_1_DSP_Builtin_U/p_reg_reg
AREG = 2
BREG = 2
MREG = 1
PREG = 1
CREG = 0
OPMODEREG = 0
ALUMODEREG = 0
USE_MULT = MULTIPLY
PRIMITIVE_TYPE = MULT.dsp.DSP48E1

--------------------------------------------------
DSP: custom_dsp_dense_implementation_ap_int_16_ap_int_48_config6_U0/dsp_48ns_32ns_64ns_25ns_30s_18s_48ns_1ns_48_5_1_U97/SampleNeuralNet_dsp_48ns_32ns_64ns_25ns_30s_18s_48ns_1ns_48_5_1_DSP_Builtin_U/p_reg_reg
AREG = 2
BREG = 2
MREG = 1
PREG = 1
CREG = 0
OPMODEREG = 0
ALUMODEREG = 0
USE_MULT = MULTIPLY
PRIMITIVE_TYPE = MULT.dsp.DSP48E1

--------------------------------------------------
DSP: custom_dsp_dense_implementation_ap_int_16_ap_int_48_config6_U0/dsp_48ns_32ns_64ns_25ns_30s_18s_48ns_1ns_48_5_1_U98/SampleNeuralNet_dsp_48ns_32ns_64ns_25ns_30s_18s_48ns_1ns_48_5_1_DSP_Builtin_U/p_reg_reg
AREG = 2
BREG = 2
MREG = 1
PREG = 1
CREG = 0
OPMODEREG = 0
ALUMODEREG = 0
USE_MULT = MULTIPLY
PRIMITIVE_TYPE = MULT.dsp.DSP48E1

--------------------------------------------------
DSP: custom_dsp_dense_implementation_ap_int_16_ap_int_48_config6_U0/dsp_48ns_32ns_64ns_25ns_30s_18s_48ns_1ns_48_5_1_U99/SampleNeuralNet_dsp_48ns_32ns_64ns_25ns_30s_18s_48ns_1ns_48_5_1_DSP_Builtin_U/p_reg_reg
AREG = 2
BREG = 2
MREG = 1
PREG = 1
CREG = 0
OPMODEREG = 0
ALUMODEREG = 0
USE_MULT = MULTIPLY
PRIMITIVE_TYPE = MULT.dsp.DSP48E1

