Copyright 1986-2022 Xilinx, Inc. All Rights Reserved. Copyright 2022-2024 Advanced Micro Devices, Inc. All Rights Reserved.
---------------------------------------------------------------------------------------------------------------------------------------------
| Tool Version : Vivado v.2024.1 (lin64) Build 5076996 Wed May 22 18:36:09 MDT 2024
| Date         : Thu Sep  3 04:08:12 2026
| Host         : ei-lan-400 running 64-bit Debian GNU/Linux 12 (bookworm)
| Command      : report_timing -max_paths 20 -file ./Analysis/Timing_Paths_Implementation.rpt
| Design       : SampleNeuralNet
| Device       : 7z010-clg400
| Speed File   : -1  PRODUCTION 1.12 2019-11-22
| Design State : Routed
---------------------------------------------------------------------------------------------------------------------------------------------

Timing Report

Slack (MET) :             0.096ns  (required time - arrival time)
  Source:                 grp_dense_latency_ap_fixed_16_6_5_3_0_ap_fixed_36_16_5_3_0_config4_s_fu_132/data_2_val_read_reg_2306_pp0_iter2_reg_reg[10]/C
                            (rising edge-triggered cell FDRE clocked by ap_clk  {rise@0.000ns fall@2.000ns period=4.000ns})
  Destination:            grp_dense_latency_ap_fixed_16_6_5_3_0_ap_fixed_36_16_5_3_0_config4_s_fu_132/add_ln73_10_reg_2417_reg[28]/D
                            (rising edge-triggered cell FDRE clocked by ap_clk  {rise@0.000ns fall@2.000ns period=4.000ns})
  Path Group:             ap_clk
  Path Type:              Setup (Max at Slow Process Corner)
  Requirement:            4.000ns  (ap_clk rise@4.000ns - ap_clk rise@0.000ns)
  Data Path Delay:        3.882ns  (logic 1.640ns (42.242%)  route 2.242ns (57.758%))
  Logic Levels:           4  (CARRY4=3 LUT2=1)
  Clock Path Skew:        -0.049ns (DCD - SCD + CPR)
    Destination Clock Delay (DCD):    0.924ns = ( 4.924 - 4.000 ) 
    Source Clock Delay      (SCD):    0.973ns
    Clock Pessimism Removal (CPR):    0.000ns
  Clock Uncertainty:      0.035ns  ((TSJ^2 + TIJ^2)^1/2 + DJ) / 2 + PE
    Total System Jitter     (TSJ):    0.071ns
    Total Input Jitter      (TIJ):    0.000ns
    Discrete Jitter          (DJ):    0.000ns
    Phase Error              (PE):    0.000ns

    Location             Delay type                Incr(ns)  Path(ns)    Netlist Resource(s)
  -------------------------------------------------------------------    -------------------
                         (clock ap_clk rise edge)     0.000     0.000 r  
                                                      0.000     0.000 r  ap_clk (IN)
                         net (fo=8114, unset)         0.973     0.973    grp_dense_latency_ap_fixed_16_6_5_3_0_ap_fixed_36_16_5_3_0_config4_s_fu_132/ap_clk
    SLICE_X4Y60          FDRE                                         r  grp_dense_latency_ap_fixed_16_6_5_3_0_ap_fixed_36_16_5_3_0_config4_s_fu_132/data_2_val_read_reg_2306_pp0_iter2_reg_reg[10]/C
  -------------------------------------------------------------------    -------------------
    SLICE_X4Y60          FDRE (Prop_fdre_C_Q)         0.518     1.491 r  grp_dense_latency_ap_fixed_16_6_5_3_0_ap_fixed_36_16_5_3_0_config4_s_fu_132/data_2_val_read_reg_2306_pp0_iter2_reg_reg[10]/Q
                         net (fo=25, routed)          2.242     3.733    grp_dense_latency_ap_fixed_16_6_5_3_0_ap_fixed_36_16_5_3_0_config4_s_fu_132/RESIZE[22]
    SLICE_X36Y75         LUT2 (Prop_lut2_I1_O)        0.124     3.857 r  grp_dense_latency_ap_fixed_16_6_5_3_0_ap_fixed_36_16_5_3_0_config4_s_fu_132/add_ln73_10_reg_2417[22]_i_4/O
                         net (fo=1, routed)           0.000     3.857    grp_dense_latency_ap_fixed_16_6_5_3_0_ap_fixed_36_16_5_3_0_config4_s_fu_132/add_ln73_10_reg_2417[22]_i_4_n_0
    SLICE_X36Y75         CARRY4 (Prop_carry4_S[1]_CO[3])
                                                      0.550     4.407 r  grp_dense_latency_ap_fixed_16_6_5_3_0_ap_fixed_36_16_5_3_0_config4_s_fu_132/add_ln73_10_reg_2417_reg[22]_i_1/CO[3]
                         net (fo=1, routed)           0.000     4.407    grp_dense_latency_ap_fixed_16_6_5_3_0_ap_fixed_36_16_5_3_0_config4_s_fu_132/add_ln73_10_reg_2417_reg[22]_i_1_n_0
    SLICE_X36Y76         CARRY4 (Prop_carry4_CI_CO[3])
                                                      0.114     4.521 r  grp_dense_latency_ap_fixed_16_6_5_3_0_ap_fixed_36_16_5_3_0_config4_s_fu_132/add_ln73_10_reg_2417_reg[26]_i_1/CO[3]
                         net (fo=1, routed)           0.000     4.521    grp_dense_latency_ap_fixed_16_6_5_3_0_ap_fixed_36_16_5_3_0_config4_s_fu_132/add_ln73_10_reg_2417_reg[26]_i_1_n_0
    SLICE_X36Y77         CARRY4 (Prop_carry4_CI_O[1])
                                                      0.334     4.855 r  grp_dense_latency_ap_fixed_16_6_5_3_0_ap_fixed_36_16_5_3_0_config4_s_fu_132/add_ln73_10_reg_2417_reg[28]_i_1/O[1]
                         net (fo=1, routed)           0.000     4.855    grp_dense_latency_ap_fixed_16_6_5_3_0_ap_fixed_36_16_5_3_0_config4_s_fu_132/add_ln73_10_fu_1341_p2[28]
    SLICE_X36Y77         FDRE                                         r  grp_dense_latency_ap_fixed_16_6_5_3_0_ap_fixed_36_16_5_3_0_config4_s_fu_132/add_ln73_10_reg_2417_reg[28]/D
  -------------------------------------------------------------------    -------------------

                         (clock ap_clk rise edge)     4.000     4.000 r  
                                                      0.000     4.000 r  ap_clk (IN)
                         net (fo=8114, unset)         0.924     4.924    grp_dense_latency_ap_fixed_16_6_5_3_0_ap_fixed_36_16_5_3_0_config4_s_fu_132/ap_clk
    SLICE_X36Y77         FDRE                                         r  grp_dense_latency_ap_fixed_16_6_5_3_0_ap_fixed_36_16_5_3_0_config4_s_fu_132/add_ln73_10_reg_2417_reg[28]/C
                         clock pessimism              0.000     4.924    
                         clock uncertainty           -0.035     4.889    
    SLICE_X36Y77         FDRE (Setup_fdre_C_D)        0.062     4.951    grp_dense_latency_ap_fixed_16_6_5_3_0_ap_fixed_36_16_5_3_0_config4_s_fu_132/add_ln73_10_reg_2417_reg[28]
  -------------------------------------------------------------------
                         required time                          4.951    
                         arrival time                          -4.855    
  -------------------------------------------------------------------
                         slack                                  0.096    

Slack (MET) :             0.152ns  (required time - arrival time)
  Source:                 grp_dense_latency_ap_fixed_16_6_5_3_0_ap_fixed_36_16_5_3_0_config2_s_fu_114/a_1_reg_2283_pp0_iter2_reg_reg[14]/C
                            (rising edge-triggered cell FDRE clocked by ap_clk  {rise@0.000ns fall@2.000ns period=4.000ns})
  Destination:            grp_dense_latency_ap_fixed_16_6_5_3_0_ap_fixed_36_16_5_3_0_config2_s_fu_114/sub_ln73_40_reg_2426_reg[28]/D
                            (rising edge-triggered cell FDRE clocked by ap_clk  {rise@0.000ns fall@2.000ns period=4.000ns})
  Path Group:             ap_clk
  Path Type:              Setup (Max at Slow Process Corner)
  Requirement:            4.000ns  (ap_clk rise@4.000ns - ap_clk rise@0.000ns)
  Data Path Delay:        3.826ns  (logic 1.414ns (36.955%)  route 2.412ns (63.045%))
  Logic Levels:           2  (CARRY4=1 LUT2=1)
  Clock Path Skew:        -0.049ns (DCD - SCD + CPR)
    Destination Clock Delay (DCD):    0.924ns = ( 4.924 - 4.000 ) 
    Source Clock Delay      (SCD):    0.973ns
    Clock Pessimism Removal (CPR):    0.000ns
  Clock Uncertainty:      0.035ns  ((TSJ^2 + TIJ^2)^1/2 + DJ) / 2 + PE
    Total System Jitter     (TSJ):    0.071ns
    Total Input Jitter      (TIJ):    0.000ns
    Discrete Jitter          (DJ):    0.000ns
    Phase Error              (PE):    0.000ns

    Location             Delay type                Incr(ns)  Path(ns)    Netlist Resource(s)
  -------------------------------------------------------------------    -------------------
                         (clock ap_clk rise edge)     0.000     0.000 r  
                                                      0.000     0.000 r  ap_clk (IN)
                         net (fo=8114, unset)         0.973     0.973    grp_dense_latency_ap_fixed_16_6_5_3_0_ap_fixed_36_16_5_3_0_config2_s_fu_114/ap_clk
    SLICE_X42Y58         FDRE                                         r  grp_dense_latency_ap_fixed_16_6_5_3_0_ap_fixed_36_16_5_3_0_config2_s_fu_114/a_1_reg_2283_pp0_iter2_reg_reg[14]/C
  -------------------------------------------------------------------    -------------------
    SLICE_X42Y58         FDRE (Prop_fdre_C_Q)         0.478     1.451 r  grp_dense_latency_ap_fixed_16_6_5_3_0_ap_fixed_36_16_5_3_0_config2_s_fu_114/a_1_reg_2283_pp0_iter2_reg_reg[14]/Q
                         net (fo=22, routed)          2.412     3.863    grp_dense_latency_ap_fixed_16_6_5_3_0_ap_fixed_36_16_5_3_0_config2_s_fu_114/RESIZE0_in[26]
    SLICE_X25Y57         LUT2 (Prop_lut2_I1_O)        0.296     4.159 r  grp_dense_latency_ap_fixed_16_6_5_3_0_ap_fixed_36_16_5_3_0_config2_s_fu_114/sub_ln73_40_reg_2426[28]_i_3/O
                         net (fo=1, routed)           0.000     4.159    grp_dense_latency_ap_fixed_16_6_5_3_0_ap_fixed_36_16_5_3_0_config2_s_fu_114/sub_ln73_40_reg_2426[28]_i_3_n_0
    SLICE_X25Y57         CARRY4 (Prop_carry4_S[1]_O[3])
                                                      0.640     4.799 r  grp_dense_latency_ap_fixed_16_6_5_3_0_ap_fixed_36_16_5_3_0_config2_s_fu_114/sub_ln73_40_reg_2426_reg[28]_i_1/O[3]
                         net (fo=1, routed)           0.000     4.799    grp_dense_latency_ap_fixed_16_6_5_3_0_ap_fixed_36_16_5_3_0_config2_s_fu_114/sub_ln73_40_fu_1362_p2[28]
    SLICE_X25Y57         FDRE                                         r  grp_dense_latency_ap_fixed_16_6_5_3_0_ap_fixed_36_16_5_3_0_config2_s_fu_114/sub_ln73_40_reg_2426_reg[28]/D
  -------------------------------------------------------------------    -------------------

                         (clock ap_clk rise edge)     4.000     4.000 r  
                                                      0.000     4.000 r  ap_clk (IN)
                         net (fo=8114, unset)         0.924     4.924    grp_dense_latency_ap_fixed_16_6_5_3_0_ap_fixed_36_16_5_3_0_config2_s_fu_114/ap_clk
    SLICE_X25Y57         FDRE                                         r  grp_dense_latency_ap_fixed_16_6_5_3_0_ap_fixed_36_16_5_3_0_config2_s_fu_114/sub_ln73_40_reg_2426_reg[28]/C
                         clock pessimism              0.000     4.924    
                         clock uncertainty           -0.035     4.889    
    SLICE_X25Y57         FDRE (Setup_fdre_C_D)        0.062     4.951    grp_dense_latency_ap_fixed_16_6_5_3_0_ap_fixed_36_16_5_3_0_config2_s_fu_114/sub_ln73_40_reg_2426_reg[28]
  -------------------------------------------------------------------
                         required time                          4.951    
                         arrival time                          -4.799    
  -------------------------------------------------------------------
                         slack                                  0.152    

Slack (MET) :             0.207ns  (required time - arrival time)
  Source:                 grp_dense_latency_ap_fixed_16_6_5_3_0_ap_fixed_36_16_5_3_0_config4_s_fu_132/data_2_val_read_reg_2306_pp0_iter2_reg_reg[10]/C
                            (rising edge-triggered cell FDRE clocked by ap_clk  {rise@0.000ns fall@2.000ns period=4.000ns})
  Destination:            grp_dense_latency_ap_fixed_16_6_5_3_0_ap_fixed_36_16_5_3_0_config4_s_fu_132/add_ln73_10_reg_2417_reg[27]/D
                            (rising edge-triggered cell FDRE clocked by ap_clk  {rise@0.000ns fall@2.000ns period=4.000ns})
  Path Group:             ap_clk
  Path Type:              Setup (Max at Slow Process Corner)
  Requirement:            4.000ns  (ap_clk rise@4.000ns - ap_clk rise@0.000ns)
  Data Path Delay:        3.771ns  (logic 1.529ns (40.542%)  route 2.242ns (59.458%))
  Logic Levels:           4  (CARRY4=3 LUT2=1)
  Clock Path Skew:        -0.049ns (DCD - SCD + CPR)
    Destination Clock Delay (DCD):    0.924ns = ( 4.924 - 4.000 ) 
    Source Clock Delay      (SCD):    0.973ns
    Clock Pessimism Removal (CPR):    0.000ns
  Clock Uncertainty:      0.035ns  ((TSJ^2 + TIJ^2)^1/2 + DJ) / 2 + PE
    Total System Jitter     (TSJ):    0.071ns
    Total Input Jitter      (TIJ):    0.000ns
    Discrete Jitter          (DJ):    0.000ns
    Phase Error              (PE):    0.000ns

    Location             Delay type                Incr(ns)  Path(ns)    Netlist Resource(s)
  -------------------------------------------------------------------    -------------------
                         (clock ap_clk rise edge)     0.000     0.000 r  
                                                      0.000     0.000 r  ap_clk (IN)
                         net (fo=8114, unset)         0.973     0.973    grp_dense_latency_ap_fixed_16_6_5_3_0_ap_fixed_36_16_5_3_0_config4_s_fu_132/ap_clk
    SLICE_X4Y60          FDRE                                         r  grp_dense_latency_ap_fixed_16_6_5_3_0_ap_fixed_36_16_5_3_0_config4_s_fu_132/data_2_val_read_reg_2306_pp0_iter2_reg_reg[10]/C
  -------------------------------------------------------------------    -------------------
    SLICE_X4Y60          FDRE (Prop_fdre_C_Q)         0.518     1.491 r  grp_dense_latency_ap_fixed_16_6_5_3_0_ap_fixed_36_16_5_3_0_config4_s_fu_132/data_2_val_read_reg_2306_pp0_iter2_reg_reg[10]/Q
                         net (fo=25, routed)          2.242     3.733    grp_dense_latency_ap_fixed_16_6_5_3_0_ap_fixed_36_16_5_3_0_config4_s_fu_132/RESIZE[22]
    SLICE_X36Y75         LUT2 (Prop_lut2_I1_O)        0.124     3.857 r  grp_dense_latency_ap_fixed_16_6_5_3_0_ap_fixed_36_16_5_3_0_config4_s_fu_132/add_ln73_10_reg_2417[22]_i_4/O
                         net (fo=1, routed)           0.000     3.857    grp_dense_latency_ap_fixed_16_6_5_3_0_ap_fixed_36_16_5_3_0_config4_s_fu_132/add_ln73_10_reg_2417[22]_i_4_n_0
    SLICE_X36Y75         CARRY4 (Prop_carry4_S[1]_CO[3])
                                                      0.550     4.407 r  grp_dense_latency_ap_fixed_16_6_5_3_0_ap_fixed_36_16_5_3_0_config4_s_fu_132/add_ln73_10_reg_2417_reg[22]_i_1/CO[3]
                         net (fo=1, routed)           0.000     4.407    grp_dense_latency_ap_fixed_16_6_5_3_0_ap_fixed_36_16_5_3_0_config4_s_fu_132/add_ln73_10_reg_2417_reg[22]_i_1_n_0
    SLICE_X36Y76         CARRY4 (Prop_carry4_CI_CO[3])
                                                      0.114     4.521 r  grp_dense_latency_ap_fixed_16_6_5_3_0_ap_fixed_36_16_5_3_0_config4_s_fu_132/add_ln73_10_reg_2417_reg[26]_i_1/CO[3]
                         net (fo=1, routed)           0.000     4.521    grp_dense_latency_ap_fixed_16_6_5_3_0_ap_fixed_36_16_5_3_0_config4_s_fu_132/add_ln73_10_reg_2417_reg[26]_i_1_n_0
    SLICE_X36Y77         CARRY4 (Prop_carry4_CI_O[0])
                                                      0.223     4.744 r  grp_dense_latency_ap_fixed_16_6_5_3_0_ap_fixed_36_16_5_3_0_config4_s_fu_132/add_ln73_10_reg_2417_reg[28]_i_1/O[0]
                         net (fo=1, routed)           0.000     4.744    grp_dense_latency_ap_fixed_16_6_5_3_0_ap_fixed_36_16_5_3_0_config4_s_fu_132/add_ln73_10_fu_1341_p2[27]
    SLICE_X36Y77         FDRE                                         r  grp_dense_latency_ap_fixed_16_6_5_3_0_ap_fixed_36_16_5_3_0_config4_s_fu_132/add_ln73_10_reg_2417_reg[27]/D
  -------------------------------------------------------------------    -------------------

                         (clock ap_clk rise edge)     4.000     4.000 r  
                                                      0.000     4.000 r  ap_clk (IN)
                         net (fo=8114, unset)         0.924     4.924    grp_dense_latency_ap_fixed_16_6_5_3_0_ap_fixed_36_16_5_3_0_config4_s_fu_132/ap_clk
    SLICE_X36Y77         FDRE                                         r  grp_dense_latency_ap_fixed_16_6_5_3_0_ap_fixed_36_16_5_3_0_config4_s_fu_132/add_ln73_10_reg_2417_reg[27]/C
                         clock pessimism              0.000     4.924    
                         clock uncertainty           -0.035     4.889    
    SLICE_X36Y77         FDRE (Setup_fdre_C_D)        0.062     4.951    grp_dense_latency_ap_fixed_16_6_5_3_0_ap_fixed_36_16_5_3_0_config4_s_fu_132/add_ln73_10_reg_2417_reg[27]
  -------------------------------------------------------------------
                         required time                          4.951    
                         arrival time                          -4.744    
  -------------------------------------------------------------------
                         slack                                  0.207    

Slack (MET) :             0.210ns  (required time - arrival time)
  Source:                 grp_dense_latency_ap_fixed_16_6_5_3_0_ap_fixed_36_16_5_3_0_config4_s_fu_132/data_2_val_read_reg_2306_pp0_iter2_reg_reg[10]/C
                            (rising edge-triggered cell FDRE clocked by ap_clk  {rise@0.000ns fall@2.000ns period=4.000ns})
  Destination:            grp_dense_latency_ap_fixed_16_6_5_3_0_ap_fixed_36_16_5_3_0_config4_s_fu_132/add_ln73_10_reg_2417_reg[24]/D
                            (rising edge-triggered cell FDRE clocked by ap_clk  {rise@0.000ns fall@2.000ns period=4.000ns})
  Path Group:             ap_clk
  Path Type:              Setup (Max at Slow Process Corner)
  Requirement:            4.000ns  (ap_clk rise@4.000ns - ap_clk rise@0.000ns)
  Data Path Delay:        3.768ns  (logic 1.526ns (40.494%)  route 2.242ns (59.506%))
  Logic Levels:           3  (CARRY4=2 LUT2=1)
  Clock Path Skew:        -0.049ns (DCD - SCD + CPR)
    Destination Clock Delay (DCD):    0.924ns = ( 4.924 - 4.000 ) 
    Source Clock Delay      (SCD):    0.973ns
    Clock Pessimism Removal (CPR):    0.000ns
  Clock Uncertainty:      0.035ns  ((TSJ^2 + TIJ^2)^1/2 + DJ) / 2 + PE
    Total System Jitter     (TSJ):    0.071ns
    Total Input Jitter      (TIJ):    0.000ns
    Discrete Jitter          (DJ):    0.000ns
    Phase Error              (PE):    0.000ns

    Location             Delay type                Incr(ns)  Path(ns)    Netlist Resource(s)
  -------------------------------------------------------------------    -------------------
                         (clock ap_clk rise edge)     0.000     0.000 r  
                                                      0.000     0.000 r  ap_clk (IN)
                         net (fo=8114, unset)         0.973     0.973    grp_dense_latency_ap_fixed_16_6_5_3_0_ap_fixed_36_16_5_3_0_config4_s_fu_132/ap_clk
    SLICE_X4Y60          FDRE                                         r  grp_dense_latency_ap_fixed_16_6_5_3_0_ap_fixed_36_16_5_3_0_config4_s_fu_132/data_2_val_read_reg_2306_pp0_iter2_reg_reg[10]/C
  -------------------------------------------------------------------    -------------------
    SLICE_X4Y60          FDRE (Prop_fdre_C_Q)         0.518     1.491 r  grp_dense_latency_ap_fixed_16_6_5_3_0_ap_fixed_36_16_5_3_0_config4_s_fu_132/data_2_val_read_reg_2306_pp0_iter2_reg_reg[10]/Q
                         net (fo=25, routed)          2.242     3.733    grp_dense_latency_ap_fixed_16_6_5_3_0_ap_fixed_36_16_5_3_0_config4_s_fu_132/RESIZE[22]
    SLICE_X36Y75         LUT2 (Prop_lut2_I1_O)        0.124     3.857 r  grp_dense_latency_ap_fixed_16_6_5_3_0_ap_fixed_36_16_5_3_0_config4_s_fu_132/add_ln73_10_reg_2417[22]_i_4/O
                         net (fo=1, routed)           0.000     3.857    grp_dense_latency_ap_fixed_16_6_5_3_0_ap_fixed_36_16_5_3_0_config4_s_fu_132/add_ln73_10_reg_2417[22]_i_4_n_0
    SLICE_X36Y75         CARRY4 (Prop_carry4_S[1]_CO[3])
                                                      0.550     4.407 r  grp_dense_latency_ap_fixed_16_6_5_3_0_ap_fixed_36_16_5_3_0_config4_s_fu_132/add_ln73_10_reg_2417_reg[22]_i_1/CO[3]
                         net (fo=1, routed)           0.000     4.407    grp_dense_latency_ap_fixed_16_6_5_3_0_ap_fixed_36_16_5_3_0_config4_s_fu_132/add_ln73_10_reg_2417_reg[22]_i_1_n_0
    SLICE_X36Y76         CARRY4 (Prop_carry4_CI_O[1])
                                                      0.334     4.741 r  grp_dense_latency_ap_fixed_16_6_5_3_0_ap_fixed_36_16_5_3_0_config4_s_fu_132/add_ln73_10_reg_2417_reg[26]_i_1/O[1]
                         net (fo=1, routed)           0.000     4.741    grp_dense_latency_ap_fixed_16_6_5_3_0_ap_fixed_36_16_5_3_0_config4_s_fu_132/add_ln73_10_fu_1341_p2[24]
    SLICE_X36Y76         FDRE                                         r  grp_dense_latency_ap_fixed_16_6_5_3_0_ap_fixed_36_16_5_3_0_config4_s_fu_132/add_ln73_10_reg_2417_reg[24]/D
  -------------------------------------------------------------------    -------------------

                         (clock ap_clk rise edge)     4.000     4.000 r  
                                                      0.000     4.000 r  ap_clk (IN)
                         net (fo=8114, unset)         0.924     4.924    grp_dense_latency_ap_fixed_16_6_5_3_0_ap_fixed_36_16_5_3_0_config4_s_fu_132/ap_clk
    SLICE_X36Y76         FDRE                                         r  grp_dense_latency_ap_fixed_16_6_5_3_0_ap_fixed_36_16_5_3_0_config4_s_fu_132/add_ln73_10_reg_2417_reg[24]/C
                         clock pessimism              0.000     4.924    
                         clock uncertainty           -0.035     4.889    
    SLICE_X36Y76         FDRE (Setup_fdre_C_D)        0.062     4.951    grp_dense_latency_ap_fixed_16_6_5_3_0_ap_fixed_36_16_5_3_0_config4_s_fu_132/add_ln73_10_reg_2417_reg[24]
  -------------------------------------------------------------------
                         required time                          4.951    
                         arrival time                          -4.741    
  -------------------------------------------------------------------
                         slack                                  0.210    

Slack (MET) :             0.212ns  (required time - arrival time)
  Source:                 grp_dense_latency_ap_fixed_16_6_5_3_0_ap_fixed_36_16_5_3_0_config2_s_fu_114/a_1_reg_2283_pp0_iter2_reg_reg[14]/C
                            (rising edge-triggered cell FDRE clocked by ap_clk  {rise@0.000ns fall@2.000ns period=4.000ns})
  Destination:            grp_dense_latency_ap_fixed_16_6_5_3_0_ap_fixed_36_16_5_3_0_config2_s_fu_114/sub_ln73_40_reg_2426_reg[27]/D
                            (rising edge-triggered cell FDRE clocked by ap_clk  {rise@0.000ns fall@2.000ns period=4.000ns})
  Path Group:             ap_clk
  Path Type:              Setup (Max at Slow Process Corner)
  Requirement:            4.000ns  (ap_clk rise@4.000ns - ap_clk rise@0.000ns)
  Data Path Delay:        3.766ns  (logic 1.354ns (35.951%)  route 2.412ns (64.049%))
  Logic Levels:           2  (CARRY4=1 LUT2=1)
  Clock Path Skew:        -0.049ns (DCD - SCD + CPR)
    Destination Clock Delay (DCD):    0.924ns = ( 4.924 - 4.000 ) 
    Source Clock Delay      (SCD):    0.973ns
    Clock Pessimism Removal (CPR):    0.000ns
  Clock Uncertainty:      0.035ns  ((TSJ^2 + TIJ^2)^1/2 + DJ) / 2 + PE
    Total System Jitter     (TSJ):    0.071ns
    Total Input Jitter      (TIJ):    0.000ns
    Discrete Jitter          (DJ):    0.000ns
    Phase Error              (PE):    0.000ns

    Location             Delay type                Incr(ns)  Path(ns)    Netlist Resource(s)
  -------------------------------------------------------------------    -------------------
                         (clock ap_clk rise edge)     0.000     0.000 r  
                                                      0.000     0.000 r  ap_clk (IN)
                         net (fo=8114, unset)         0.973     0.973    grp_dense_latency_ap_fixed_16_6_5_3_0_ap_fixed_36_16_5_3_0_config2_s_fu_114/ap_clk
    SLICE_X42Y58         FDRE                                         r  grp_dense_latency_ap_fixed_16_6_5_3_0_ap_fixed_36_16_5_3_0_config2_s_fu_114/a_1_reg_2283_pp0_iter2_reg_reg[14]/C
  -------------------------------------------------------------------    -------------------
    SLICE_X42Y58         FDRE (Prop_fdre_C_Q)         0.478     1.451 r  grp_dense_latency_ap_fixed_16_6_5_3_0_ap_fixed_36_16_5_3_0_config2_s_fu_114/a_1_reg_2283_pp0_iter2_reg_reg[14]/Q
                         net (fo=22, routed)          2.412     3.863    grp_dense_latency_ap_fixed_16_6_5_3_0_ap_fixed_36_16_5_3_0_config2_s_fu_114/RESIZE0_in[26]
    SLICE_X25Y57         LUT2 (Prop_lut2_I1_O)        0.296     4.159 r  grp_dense_latency_ap_fixed_16_6_5_3_0_ap_fixed_36_16_5_3_0_config2_s_fu_114/sub_ln73_40_reg_2426[28]_i_3/O
                         net (fo=1, routed)           0.000     4.159    grp_dense_latency_ap_fixed_16_6_5_3_0_ap_fixed_36_16_5_3_0_config2_s_fu_114/sub_ln73_40_reg_2426[28]_i_3_n_0
    SLICE_X25Y57         CARRY4 (Prop_carry4_S[1]_O[2])
                                                      0.580     4.739 r  grp_dense_latency_ap_fixed_16_6_5_3_0_ap_fixed_36_16_5_3_0_config2_s_fu_114/sub_ln73_40_reg_2426_reg[28]_i_1/O[2]
                         net (fo=1, routed)           0.000     4.739    grp_dense_latency_ap_fixed_16_6_5_3_0_ap_fixed_36_16_5_3_0_config2_s_fu_114/sub_ln73_40_fu_1362_p2[27]
    SLICE_X25Y57         FDRE                                         r  grp_dense_latency_ap_fixed_16_6_5_3_0_ap_fixed_36_16_5_3_0_config2_s_fu_114/sub_ln73_40_reg_2426_reg[27]/D
  -------------------------------------------------------------------    -------------------

                         (clock ap_clk rise edge)     4.000     4.000 r  
                                                      0.000     4.000 r  ap_clk (IN)
                         net (fo=8114, unset)         0.924     4.924    grp_dense_latency_ap_fixed_16_6_5_3_0_ap_fixed_36_16_5_3_0_config2_s_fu_114/ap_clk
    SLICE_X25Y57         FDRE                                         r  grp_dense_latency_ap_fixed_16_6_5_3_0_ap_fixed_36_16_5_3_0_config2_s_fu_114/sub_ln73_40_reg_2426_reg[27]/C
                         clock pessimism              0.000     4.924    
                         clock uncertainty           -0.035     4.889    
    SLICE_X25Y57         FDRE (Setup_fdre_C_D)        0.062     4.951    grp_dense_latency_ap_fixed_16_6_5_3_0_ap_fixed_36_16_5_3_0_config2_s_fu_114/sub_ln73_40_reg_2426_reg[27]
  -------------------------------------------------------------------
                         required time                          4.951    
                         arrival time                          -4.739    
  -------------------------------------------------------------------
                         slack                                  0.212    

Slack (MET) :             0.231ns  (required time - arrival time)
  Source:                 grp_dense_latency_ap_fixed_16_6_5_3_0_ap_fixed_36_16_5_3_0_config4_s_fu_132/data_2_val_read_reg_2306_pp0_iter2_reg_reg[10]/C
                            (rising edge-triggered cell FDRE clocked by ap_clk  {rise@0.000ns fall@2.000ns period=4.000ns})
  Destination:            grp_dense_latency_ap_fixed_16_6_5_3_0_ap_fixed_36_16_5_3_0_config4_s_fu_132/add_ln73_10_reg_2417_reg[26]/D
                            (rising edge-triggered cell FDRE clocked by ap_clk  {rise@0.000ns fall@2.000ns period=4.000ns})
  Path Group:             ap_clk
  Path Type:              Setup (Max at Slow Process Corner)
  Requirement:            4.000ns  (ap_clk rise@4.000ns - ap_clk rise@0.000ns)
  Data Path Delay:        3.747ns  (logic 1.505ns (40.161%)  route 2.242ns (59.839%))
  Logic Levels:           3  (CARRY4=2 LUT2=1)
  Clock Path Skew:        -0.049ns (DCD - SCD + CPR)
    Destination Clock Delay (DCD):    0.924ns = ( 4.924 - 4.000 ) 
    Source Clock Delay      (SCD):    0.973ns
    Clock Pessimism Removal (CPR):    0.000ns
  Clock Uncertainty:      0.035ns  ((TSJ^2 + TIJ^2)^1/2 + DJ) / 2 + PE
    Total System Jitter     (TSJ):    0.071ns
    Total Input Jitter      (TIJ):    0.000ns
    Discrete Jitter          (DJ):    0.000ns
    Phase Error              (PE):    0.000ns

    Location             Delay type                Incr(ns)  Path(ns)    Netlist Resource(s)
  -------------------------------------------------------------------    -------------------
                         (clock ap_clk rise edge)     0.000     0.000 r  
                                                      0.000     0.000 r  ap_clk (IN)
                         net (fo=8114, unset)         0.973     0.973    grp_dense_latency_ap_fixed_16_6_5_3_0_ap_fixed_36_16_5_3_0_config4_s_fu_132/ap_clk
    SLICE_X4Y60          FDRE                                         r  grp_dense_latency_ap_fixed_16_6_5_3_0_ap_fixed_36_16_5_3_0_config4_s_fu_132/data_2_val_read_reg_2306_pp0_iter2_reg_reg[10]/C
  -------------------------------------------------------------------    -------------------
    SLICE_X4Y60          FDRE (Prop_fdre_C_Q)         0.518     1.491 r  grp_dense_latency_ap_fixed_16_6_5_3_0_ap_fixed_36_16_5_3_0_config4_s_fu_132/data_2_val_read_reg_2306_pp0_iter2_reg_reg[10]/Q
                         net (fo=25, routed)          2.242     3.733    grp_dense_latency_ap_fixed_16_6_5_3_0_ap_fixed_36_16_5_3_0_config4_s_fu_132/RESIZE[22]
    SLICE_X36Y75         LUT2 (Prop_lut2_I1_O)        0.124     3.857 r  grp_dense_latency_ap_fixed_16_6_5_3_0_ap_fixed_36_16_5_3_0_config4_s_fu_132/add_ln73_10_reg_2417[22]_i_4/O
                         net (fo=1, routed)           0.000     3.857    grp_dense_latency_ap_fixed_16_6_5_3_0_ap_fixed_36_16_5_3_0_config4_s_fu_132/add_ln73_10_reg_2417[22]_i_4_n_0
    SLICE_X36Y75         CARRY4 (Prop_carry4_S[1]_CO[3])
                                                      0.550     4.407 r  grp_dense_latency_ap_fixed_16_6_5_3_0_ap_fixed_36_16_5_3_0_config4_s_fu_132/add_ln73_10_reg_2417_reg[22]_i_1/CO[3]
                         net (fo=1, routed)           0.000     4.407    grp_dense_latency_ap_fixed_16_6_5_3_0_ap_fixed_36_16_5_3_0_config4_s_fu_132/add_ln73_10_reg_2417_reg[22]_i_1_n_0
    SLICE_X36Y76         CARRY4 (Prop_carry4_CI_O[3])
                                                      0.313     4.720 r  grp_dense_latency_ap_fixed_16_6_5_3_0_ap_fixed_36_16_5_3_0_config4_s_fu_132/add_ln73_10_reg_2417_reg[26]_i_1/O[3]
                         net (fo=1, routed)           0.000     4.720    grp_dense_latency_ap_fixed_16_6_5_3_0_ap_fixed_36_16_5_3_0_config4_s_fu_132/add_ln73_10_fu_1341_p2[26]
    SLICE_X36Y76         FDRE                                         r  grp_dense_latency_ap_fixed_16_6_5_3_0_ap_fixed_36_16_5_3_0_config4_s_fu_132/add_ln73_10_reg_2417_reg[26]/D
  -------------------------------------------------------------------    -------------------

                         (clock ap_clk rise edge)     4.000     4.000 r  
                                                      0.000     4.000 r  ap_clk (IN)
                         net (fo=8114, unset)         0.924     4.924    grp_dense_latency_ap_fixed_16_6_5_3_0_ap_fixed_36_16_5_3_0_config4_s_fu_132/ap_clk
    SLICE_X36Y76         FDRE                                         r  grp_dense_latency_ap_fixed_16_6_5_3_0_ap_fixed_36_16_5_3_0_config4_s_fu_132/add_ln73_10_reg_2417_reg[26]/C
                         clock pessimism              0.000     4.924    
                         clock uncertainty           -0.035     4.889    
    SLICE_X36Y76         FDRE (Setup_fdre_C_D)        0.062     4.951    grp_dense_latency_ap_fixed_16_6_5_3_0_ap_fixed_36_16_5_3_0_config4_s_fu_132/add_ln73_10_reg_2417_reg[26]
  -------------------------------------------------------------------
                         required time                          4.951    
                         arrival time                          -4.720    
  -------------------------------------------------------------------
                         slack                                  0.231    

Slack (MET) :             0.250ns  (required time - arrival time)
  Source:                 grp_dense_latency_ap_fixed_16_6_5_3_0_ap_fixed_36_16_5_3_0_config2_s_fu_114/a_reg_2275_pp0_iter2_reg_reg[15]/C
                            (rising edge-triggered cell FDRE clocked by ap_clk  {rise@0.000ns fall@2.000ns period=4.000ns})
  Destination:            grp_dense_latency_ap_fixed_16_6_5_3_0_ap_fixed_36_16_5_3_0_config2_s_fu_114/sub_ln73_39_reg_2416_reg[28]/D
                            (rising edge-triggered cell FDRE clocked by ap_clk  {rise@0.000ns fall@2.000ns period=4.000ns})
  Path Group:             ap_clk
  Path Type:              Setup (Max at Slow Process Corner)
  Requirement:            4.000ns  (ap_clk rise@4.000ns - ap_clk rise@0.000ns)
  Data Path Delay:        3.728ns  (logic 1.549ns (41.547%)  route 2.179ns (58.453%))
  Logic Levels:           3  (CARRY4=2 LUT4=1)
  Clock Path Skew:        -0.049ns (DCD - SCD + CPR)
    Destination Clock Delay (DCD):    0.924ns = ( 4.924 - 4.000 ) 
    Source Clock Delay      (SCD):    0.973ns
    Clock Pessimism Removal (CPR):    0.000ns
  Clock Uncertainty:      0.035ns  ((TSJ^2 + TIJ^2)^1/2 + DJ) / 2 + PE
    Total System Jitter     (TSJ):    0.071ns
    Total Input Jitter      (TIJ):    0.000ns
    Discrete Jitter          (DJ):    0.000ns
    Phase Error              (PE):    0.000ns

    Location             Delay type                Incr(ns)  Path(ns)    Netlist Resource(s)
  -------------------------------------------------------------------    -------------------
                         (clock ap_clk rise edge)     0.000     0.000 r  
                                                      0.000     0.000 r  ap_clk (IN)
                         net (fo=8114, unset)         0.973     0.973    grp_dense_latency_ap_fixed_16_6_5_3_0_ap_fixed_36_16_5_3_0_config2_s_fu_114/ap_clk
    SLICE_X42Y57         FDRE                                         r  grp_dense_latency_ap_fixed_16_6_5_3_0_ap_fixed_36_16_5_3_0_config2_s_fu_114/a_reg_2275_pp0_iter2_reg_reg[15]/C
  -------------------------------------------------------------------    -------------------
    SLICE_X42Y57         FDRE (Prop_fdre_C_Q)         0.478     1.451 r  grp_dense_latency_ap_fixed_16_6_5_3_0_ap_fixed_36_16_5_3_0_config2_s_fu_114/a_reg_2275_pp0_iter2_reg_reg[15]/Q
                         net (fo=27, routed)          2.179     3.630    grp_dense_latency_ap_fixed_16_6_5_3_0_ap_fixed_36_16_5_3_0_config2_s_fu_114/RESIZE[27]
    SLICE_X18Y51         LUT4 (Prop_lut4_I1_O)        0.298     3.928 r  grp_dense_latency_ap_fixed_16_6_5_3_0_ap_fixed_36_16_5_3_0_config2_s_fu_114/sub_ln73_39_reg_2416[27]_i_6/O
                         net (fo=1, routed)           0.000     3.928    grp_dense_latency_ap_fixed_16_6_5_3_0_ap_fixed_36_16_5_3_0_config2_s_fu_114/sub_ln73_39_reg_2416[27]_i_6_n_0
    SLICE_X18Y51         CARRY4 (Prop_carry4_S[1]_CO[3])
                                                      0.550     4.478 r  grp_dense_latency_ap_fixed_16_6_5_3_0_ap_fixed_36_16_5_3_0_config2_s_fu_114/sub_ln73_39_reg_2416_reg[27]_i_1/CO[3]
                         net (fo=1, routed)           0.000     4.478    grp_dense_latency_ap_fixed_16_6_5_3_0_ap_fixed_36_16_5_3_0_config2_s_fu_114/sub_ln73_39_reg_2416_reg[27]_i_1_n_0
    SLICE_X18Y52         CARRY4 (Prop_carry4_CI_O[0])
                                                      0.223     4.701 r  grp_dense_latency_ap_fixed_16_6_5_3_0_ap_fixed_36_16_5_3_0_config2_s_fu_114/sub_ln73_39_reg_2416_reg[28]_i_1/O[0]
                         net (fo=1, routed)           0.000     4.701    grp_dense_latency_ap_fixed_16_6_5_3_0_ap_fixed_36_16_5_3_0_config2_s_fu_114/sub_ln73_39_fu_1320_p2[28]
    SLICE_X18Y52         FDRE                                         r  grp_dense_latency_ap_fixed_16_6_5_3_0_ap_fixed_36_16_5_3_0_config2_s_fu_114/sub_ln73_39_reg_2416_reg[28]/D
  -------------------------------------------------------------------    -------------------

                         (clock ap_clk rise edge)     4.000     4.000 r  
                                                      0.000     4.000 r  ap_clk (IN)
                         net (fo=8114, unset)         0.924     4.924    grp_dense_latency_ap_fixed_16_6_5_3_0_ap_fixed_36_16_5_3_0_config2_s_fu_114/ap_clk
    SLICE_X18Y52         FDRE                                         r  grp_dense_latency_ap_fixed_16_6_5_3_0_ap_fixed_36_16_5_3_0_config2_s_fu_114/sub_ln73_39_reg_2416_reg[28]/C
                         clock pessimism              0.000     4.924    
                         clock uncertainty           -0.035     4.889    
    SLICE_X18Y52         FDRE (Setup_fdre_C_D)        0.062     4.951    grp_dense_latency_ap_fixed_16_6_5_3_0_ap_fixed_36_16_5_3_0_config2_s_fu_114/sub_ln73_39_reg_2416_reg[28]
  -------------------------------------------------------------------
                         required time                          4.951    
                         arrival time                          -4.701    
  -------------------------------------------------------------------
                         slack                                  0.250    

Slack (MET) :             0.258ns  (required time - arrival time)
  Source:                 grp_dense_latency_ap_fixed_16_6_5_3_0_ap_fixed_36_16_5_3_0_config2_s_fu_114/ap_ce_reg_reg_replica/C
                            (rising edge-triggered cell FDRE clocked by ap_clk  {rise@0.000ns fall@2.000ns period=4.000ns})
  Destination:            grp_dense_latency_ap_fixed_16_6_5_3_0_ap_fixed_36_16_5_3_0_config2_s_fu_114/add_ln73_reg_2401_reg[23]/CE
                            (rising edge-triggered cell FDRE clocked by ap_clk  {rise@0.000ns fall@2.000ns period=4.000ns})
  Path Group:             ap_clk
  Path Type:              Setup (Max at Slow Process Corner)
  Requirement:            4.000ns  (ap_clk rise@4.000ns - ap_clk rise@0.000ns)
  Data Path Delay:        3.453ns  (logic 0.456ns (13.205%)  route 2.997ns (86.795%))
  Logic Levels:           0  
  Clock Path Skew:        -0.049ns (DCD - SCD + CPR)
    Destination Clock Delay (DCD):    0.924ns = ( 4.924 - 4.000 ) 
    Source Clock Delay      (SCD):    0.973ns
    Clock Pessimism Removal (CPR):    0.000ns
  Clock Uncertainty:      0.035ns  ((TSJ^2 + TIJ^2)^1/2 + DJ) / 2 + PE
    Total System Jitter     (TSJ):    0.071ns
    Total Input Jitter      (TIJ):    0.000ns
    Discrete Jitter          (DJ):    0.000ns
    Phase Error              (PE):    0.000ns

    Location             Delay type                Incr(ns)  Path(ns)    Netlist Resource(s)
  -------------------------------------------------------------------    -------------------
                         (clock ap_clk rise edge)     0.000     0.000 r  
                                                      0.000     0.000 r  ap_clk (IN)
                         net (fo=8114, unset)         0.973     0.973    grp_dense_latency_ap_fixed_16_6_5_3_0_ap_fixed_36_16_5_3_0_config2_s_fu_114/ap_clk
    SLICE_X18Y65         FDRE                                         r  grp_dense_latency_ap_fixed_16_6_5_3_0_ap_fixed_36_16_5_3_0_config2_s_fu_114/ap_ce_reg_reg_replica/C
  -------------------------------------------------------------------    -------------------
    SLICE_X18Y65         FDRE (Prop_fdre_C_Q)         0.456     1.429 r  grp_dense_latency_ap_fixed_16_6_5_3_0_ap_fixed_36_16_5_3_0_config2_s_fu_114/ap_ce_reg_reg_replica/Q
                         net (fo=233, routed)         2.997     4.426    grp_dense_latency_ap_fixed_16_6_5_3_0_ap_fixed_36_16_5_3_0_config2_s_fu_114/ce_repN
    SLICE_X18Y56         FDRE                                         r  grp_dense_latency_ap_fixed_16_6_5_3_0_ap_fixed_36_16_5_3_0_config2_s_fu_114/add_ln73_reg_2401_reg[23]/CE
  -------------------------------------------------------------------    -------------------

                         (clock ap_clk rise edge)     4.000     4.000 r  
                                                      0.000     4.000 r  ap_clk (IN)
                         net (fo=8114, unset)         0.924     4.924    grp_dense_latency_ap_fixed_16_6_5_3_0_ap_fixed_36_16_5_3_0_config2_s_fu_114/ap_clk
    SLICE_X18Y56         FDRE                                         r  grp_dense_latency_ap_fixed_16_6_5_3_0_ap_fixed_36_16_5_3_0_config2_s_fu_114/add_ln73_reg_2401_reg[23]/C
                         clock pessimism              0.000     4.924    
                         clock uncertainty           -0.035     4.889    
    SLICE_X18Y56         FDRE (Setup_fdre_C_CE)      -0.205     4.684    grp_dense_latency_ap_fixed_16_6_5_3_0_ap_fixed_36_16_5_3_0_config2_s_fu_114/add_ln73_reg_2401_reg[23]
  -------------------------------------------------------------------
                         required time                          4.684    
                         arrival time                          -4.426    
  -------------------------------------------------------------------
                         slack                                  0.258    

Slack (MET) :             0.258ns  (required time - arrival time)
  Source:                 grp_dense_latency_ap_fixed_16_6_5_3_0_ap_fixed_36_16_5_3_0_config2_s_fu_114/ap_ce_reg_reg_replica/C
                            (rising edge-triggered cell FDRE clocked by ap_clk  {rise@0.000ns fall@2.000ns period=4.000ns})
  Destination:            grp_dense_latency_ap_fixed_16_6_5_3_0_ap_fixed_36_16_5_3_0_config2_s_fu_114/add_ln73_reg_2401_reg[24]/CE
                            (rising edge-triggered cell FDRE clocked by ap_clk  {rise@0.000ns fall@2.000ns period=4.000ns})
  Path Group:             ap_clk
  Path Type:              Setup (Max at Slow Process Corner)
  Requirement:            4.000ns  (ap_clk rise@4.000ns - ap_clk rise@0.000ns)
  Data Path Delay:        3.453ns  (logic 0.456ns (13.205%)  route 2.997ns (86.795%))
  Logic Levels:           0  
  Clock Path Skew:        -0.049ns (DCD - SCD + CPR)
    Destination Clock Delay (DCD):    0.924ns = ( 4.924 - 4.000 ) 
    Source Clock Delay      (SCD):    0.973ns
    Clock Pessimism Removal (CPR):    0.000ns
  Clock Uncertainty:      0.035ns  ((TSJ^2 + TIJ^2)^1/2 + DJ) / 2 + PE
    Total System Jitter     (TSJ):    0.071ns
    Total Input Jitter      (TIJ):    0.000ns
    Discrete Jitter          (DJ):    0.000ns
    Phase Error              (PE):    0.000ns

    Location             Delay type                Incr(ns)  Path(ns)    Netlist Resource(s)
  -------------------------------------------------------------------    -------------------
                         (clock ap_clk rise edge)     0.000     0.000 r  
                                                      0.000     0.000 r  ap_clk (IN)
                         net (fo=8114, unset)         0.973     0.973    grp_dense_latency_ap_fixed_16_6_5_3_0_ap_fixed_36_16_5_3_0_config2_s_fu_114/ap_clk
    SLICE_X18Y65         FDRE                                         r  grp_dense_latency_ap_fixed_16_6_5_3_0_ap_fixed_36_16_5_3_0_config2_s_fu_114/ap_ce_reg_reg_replica/C
  -------------------------------------------------------------------    -------------------
    SLICE_X18Y65         FDRE (Prop_fdre_C_Q)         0.456     1.429 r  grp_dense_latency_ap_fixed_16_6_5_3_0_ap_fixed_36_16_5_3_0_config2_s_fu_114/ap_ce_reg_reg_replica/Q
                         net (fo=233, routed)         2.997     4.426    grp_dense_latency_ap_fixed_16_6_5_3_0_ap_fixed_36_16_5_3_0_config2_s_fu_114/ce_repN
    SLICE_X18Y56         FDRE                                         r  grp_dense_latency_ap_fixed_16_6_5_3_0_ap_fixed_36_16_5_3_0_config2_s_fu_114/add_ln73_reg_2401_reg[24]/CE
  -------------------------------------------------------------------    -------------------

                         (clock ap_clk rise edge)     4.000     4.000 r  
                                                      0.000     4.000 r  ap_clk (IN)
                         net (fo=8114, unset)         0.924     4.924    grp_dense_latency_ap_fixed_16_6_5_3_0_ap_fixed_36_16_5_3_0_config2_s_fu_114/ap_clk
    SLICE_X18Y56         FDRE                                         r  grp_dense_latency_ap_fixed_16_6_5_3_0_ap_fixed_36_16_5_3_0_config2_s_fu_114/add_ln73_reg_2401_reg[24]/C
                         clock pessimism              0.000     4.924    
                         clock uncertainty           -0.035     4.889    
    SLICE_X18Y56         FDRE (Setup_fdre_C_CE)      -0.205     4.684    grp_dense_latency_ap_fixed_16_6_5_3_0_ap_fixed_36_16_5_3_0_config2_s_fu_114/add_ln73_reg_2401_reg[24]
  -------------------------------------------------------------------
                         required time                          4.684    
                         arrival time                          -4.426    
  -------------------------------------------------------------------
                         slack                                  0.258    

Slack (MET) :             0.258ns  (required time - arrival time)
  Source:                 grp_dense_latency_ap_fixed_16_6_5_3_0_ap_fixed_36_16_5_3_0_config2_s_fu_114/ap_ce_reg_reg_replica/C
                            (rising edge-triggered cell FDRE clocked by ap_clk  {rise@0.000ns fall@2.000ns period=4.000ns})
  Destination:            grp_dense_latency_ap_fixed_16_6_5_3_0_ap_fixed_36_16_5_3_0_config2_s_fu_114/add_ln73_reg_2401_reg[25]/CE
                            (rising edge-triggered cell FDRE clocked by ap_clk  {rise@0.000ns fall@2.000ns period=4.000ns})
  Path Group:             ap_clk
  Path Type:              Setup (Max at Slow Process Corner)
  Requirement:            4.000ns  (ap_clk rise@4.000ns - ap_clk rise@0.000ns)
  Data Path Delay:        3.453ns  (logic 0.456ns (13.205%)  route 2.997ns (86.795%))
  Logic Levels:           0  
  Clock Path Skew:        -0.049ns (DCD - SCD + CPR)
    Destination Clock Delay (DCD):    0.924ns = ( 4.924 - 4.000 ) 
    Source Clock Delay      (SCD):    0.973ns
    Clock Pessimism Removal (CPR):    0.000ns
  Clock Uncertainty:      0.035ns  ((TSJ^2 + TIJ^2)^1/2 + DJ) / 2 + PE
    Total System Jitter     (TSJ):    0.071ns
    Total Input Jitter      (TIJ):    0.000ns
    Discrete Jitter          (DJ):    0.000ns
    Phase Error              (PE):    0.000ns

    Location             Delay type                Incr(ns)  Path(ns)    Netlist Resource(s)
  -------------------------------------------------------------------    -------------------
                         (clock ap_clk rise edge)     0.000     0.000 r  
                                                      0.000     0.000 r  ap_clk (IN)
                         net (fo=8114, unset)         0.973     0.973    grp_dense_latency_ap_fixed_16_6_5_3_0_ap_fixed_36_16_5_3_0_config2_s_fu_114/ap_clk
    SLICE_X18Y65         FDRE                                         r  grp_dense_latency_ap_fixed_16_6_5_3_0_ap_fixed_36_16_5_3_0_config2_s_fu_114/ap_ce_reg_reg_replica/C
  -------------------------------------------------------------------    -------------------
    SLICE_X18Y65         FDRE (Prop_fdre_C_Q)         0.456     1.429 r  grp_dense_latency_ap_fixed_16_6_5_3_0_ap_fixed_36_16_5_3_0_config2_s_fu_114/ap_ce_reg_reg_replica/Q
                         net (fo=233, routed)         2.997     4.426    grp_dense_latency_ap_fixed_16_6_5_3_0_ap_fixed_36_16_5_3_0_config2_s_fu_114/ce_repN
    SLICE_X18Y56         FDRE                                         r  grp_dense_latency_ap_fixed_16_6_5_3_0_ap_fixed_36_16_5_3_0_config2_s_fu_114/add_ln73_reg_2401_reg[25]/CE
  -------------------------------------------------------------------    -------------------

                         (clock ap_clk rise edge)     4.000     4.000 r  
                                                      0.000     4.000 r  ap_clk (IN)
                         net (fo=8114, unset)         0.924     4.924    grp_dense_latency_ap_fixed_16_6_5_3_0_ap_fixed_36_16_5_3_0_config2_s_fu_114/ap_clk
    SLICE_X18Y56         FDRE                                         r  grp_dense_latency_ap_fixed_16_6_5_3_0_ap_fixed_36_16_5_3_0_config2_s_fu_114/add_ln73_reg_2401_reg[25]/C
                         clock pessimism              0.000     4.924    
                         clock uncertainty           -0.035     4.889    
    SLICE_X18Y56         FDRE (Setup_fdre_C_CE)      -0.205     4.684    grp_dense_latency_ap_fixed_16_6_5_3_0_ap_fixed_36_16_5_3_0_config2_s_fu_114/add_ln73_reg_2401_reg[25]
  -------------------------------------------------------------------
                         required time                          4.684    
                         arrival time                          -4.426    
  -------------------------------------------------------------------
                         slack                                  0.258    

Slack (MET) :             0.258ns  (required time - arrival time)
  Source:                 grp_dense_latency_ap_fixed_16_6_5_3_0_ap_fixed_36_16_5_3_0_config2_s_fu_114/ap_ce_reg_reg_replica/C
                            (rising edge-triggered cell FDRE clocked by ap_clk  {rise@0.000ns fall@2.000ns period=4.000ns})
  Destination:            grp_dense_latency_ap_fixed_16_6_5_3_0_ap_fixed_36_16_5_3_0_config2_s_fu_114/add_ln73_reg_2401_reg[26]/CE
                            (rising edge-triggered cell FDRE clocked by ap_clk  {rise@0.000ns fall@2.000ns period=4.000ns})
  Path Group:             ap_clk
  Path Type:              Setup (Max at Slow Process Corner)
  Requirement:            4.000ns  (ap_clk rise@4.000ns - ap_clk rise@0.000ns)
  Data Path Delay:        3.453ns  (logic 0.456ns (13.205%)  route 2.997ns (86.795%))
  Logic Levels:           0  
  Clock Path Skew:        -0.049ns (DCD - SCD + CPR)
    Destination Clock Delay (DCD):    0.924ns = ( 4.924 - 4.000 ) 
    Source Clock Delay      (SCD):    0.973ns
    Clock Pessimism Removal (CPR):    0.000ns
  Clock Uncertainty:      0.035ns  ((TSJ^2 + TIJ^2)^1/2 + DJ) / 2 + PE
    Total System Jitter     (TSJ):    0.071ns
    Total Input Jitter      (TIJ):    0.000ns
    Discrete Jitter          (DJ):    0.000ns
    Phase Error              (PE):    0.000ns

    Location             Delay type                Incr(ns)  Path(ns)    Netlist Resource(s)
  -------------------------------------------------------------------    -------------------
                         (clock ap_clk rise edge)     0.000     0.000 r  
                                                      0.000     0.000 r  ap_clk (IN)
                         net (fo=8114, unset)         0.973     0.973    grp_dense_latency_ap_fixed_16_6_5_3_0_ap_fixed_36_16_5_3_0_config2_s_fu_114/ap_clk
    SLICE_X18Y65         FDRE                                         r  grp_dense_latency_ap_fixed_16_6_5_3_0_ap_fixed_36_16_5_3_0_config2_s_fu_114/ap_ce_reg_reg_replica/C
  -------------------------------------------------------------------    -------------------
    SLICE_X18Y65         FDRE (Prop_fdre_C_Q)         0.456     1.429 r  grp_dense_latency_ap_fixed_16_6_5_3_0_ap_fixed_36_16_5_3_0_config2_s_fu_114/ap_ce_reg_reg_replica/Q
                         net (fo=233, routed)         2.997     4.426    grp_dense_latency_ap_fixed_16_6_5_3_0_ap_fixed_36_16_5_3_0_config2_s_fu_114/ce_repN
    SLICE_X18Y56         FDRE                                         r  grp_dense_latency_ap_fixed_16_6_5_3_0_ap_fixed_36_16_5_3_0_config2_s_fu_114/add_ln73_reg_2401_reg[26]/CE
  -------------------------------------------------------------------    -------------------

                         (clock ap_clk rise edge)     4.000     4.000 r  
                                                      0.000     4.000 r  ap_clk (IN)
                         net (fo=8114, unset)         0.924     4.924    grp_dense_latency_ap_fixed_16_6_5_3_0_ap_fixed_36_16_5_3_0_config2_s_fu_114/ap_clk
    SLICE_X18Y56         FDRE                                         r  grp_dense_latency_ap_fixed_16_6_5_3_0_ap_fixed_36_16_5_3_0_config2_s_fu_114/add_ln73_reg_2401_reg[26]/C
                         clock pessimism              0.000     4.924    
                         clock uncertainty           -0.035     4.889    
    SLICE_X18Y56         FDRE (Setup_fdre_C_CE)      -0.205     4.684    grp_dense_latency_ap_fixed_16_6_5_3_0_ap_fixed_36_16_5_3_0_config2_s_fu_114/add_ln73_reg_2401_reg[26]
  -------------------------------------------------------------------
                         required time                          4.684    
                         arrival time                          -4.426    
  -------------------------------------------------------------------
                         slack                                  0.258    

Slack (MET) :             0.258ns  (required time - arrival time)
  Source:                 grp_dense_latency_ap_fixed_16_6_5_3_0_ap_fixed_36_16_5_3_0_config4_s_fu_132/data_2_val_read_reg_2306_pp0_iter2_reg_reg[0]/C
                            (rising edge-triggered cell FDRE clocked by ap_clk  {rise@0.000ns fall@2.000ns period=4.000ns})
  Destination:            grp_dense_latency_ap_fixed_16_6_5_3_0_ap_fixed_36_16_5_3_0_config4_s_fu_132/sub_ln58_3_reg_2572_reg[28]/D
                            (rising edge-triggered cell FDRE clocked by ap_clk  {rise@0.000ns fall@2.000ns period=4.000ns})
  Path Group:             ap_clk
  Path Type:              Setup (Max at Slow Process Corner)
  Requirement:            4.000ns  (ap_clk rise@4.000ns - ap_clk rise@0.000ns)
  Data Path Delay:        3.720ns  (logic 1.757ns (47.230%)  route 1.963ns (52.770%))
  Logic Levels:           6  (CARRY4=5 LUT4=1)
  Clock Path Skew:        -0.049ns (DCD - SCD + CPR)
    Destination Clock Delay (DCD):    0.924ns = ( 4.924 - 4.000 ) 
    Source Clock Delay      (SCD):    0.973ns
    Clock Pessimism Removal (CPR):    0.000ns
  Clock Uncertainty:      0.035ns  ((TSJ^2 + TIJ^2)^1/2 + DJ) / 2 + PE
    Total System Jitter     (TSJ):    0.071ns
    Total Input Jitter      (TIJ):    0.000ns
    Discrete Jitter          (DJ):    0.000ns
    Phase Error              (PE):    0.000ns

    Location             Delay type                Incr(ns)  Path(ns)    Netlist Resource(s)
  -------------------------------------------------------------------    -------------------
                         (clock ap_clk rise edge)     0.000     0.000 r  
                                                      0.000     0.000 r  ap_clk (IN)
                         net (fo=8114, unset)         0.973     0.973    grp_dense_latency_ap_fixed_16_6_5_3_0_ap_fixed_36_16_5_3_0_config4_s_fu_132/ap_clk
    SLICE_X6Y61          FDRE                                         r  grp_dense_latency_ap_fixed_16_6_5_3_0_ap_fixed_36_16_5_3_0_config4_s_fu_132/data_2_val_read_reg_2306_pp0_iter2_reg_reg[0]/C
  -------------------------------------------------------------------    -------------------
    SLICE_X6Y61          FDRE (Prop_fdre_C_Q)         0.518     1.491 r  grp_dense_latency_ap_fixed_16_6_5_3_0_ap_fixed_36_16_5_3_0_config4_s_fu_132/data_2_val_read_reg_2306_pp0_iter2_reg_reg[0]/Q
                         net (fo=19, routed)          1.963     3.454    grp_dense_latency_ap_fixed_16_6_5_3_0_ap_fixed_36_16_5_3_0_config4_s_fu_132/RESIZE[12]
    SLICE_X36Y68         LUT4 (Prop_lut4_I0_O)        0.124     3.578 r  grp_dense_latency_ap_fixed_16_6_5_3_0_ap_fixed_36_16_5_3_0_config4_s_fu_132/sub_ln58_3_reg_2572[15]_i_7/O
                         net (fo=1, routed)           0.000     3.578    grp_dense_latency_ap_fixed_16_6_5_3_0_ap_fixed_36_16_5_3_0_config4_s_fu_132/sub_ln58_3_reg_2572[15]_i_7_n_0
    SLICE_X36Y68         CARRY4 (Prop_carry4_S[1]_CO[3])
                                                      0.550     4.128 r  grp_dense_latency_ap_fixed_16_6_5_3_0_ap_fixed_36_16_5_3_0_config4_s_fu_132/sub_ln58_3_reg_2572_reg[15]_i_1/CO[3]
                         net (fo=1, routed)           0.000     4.128    grp_dense_latency_ap_fixed_16_6_5_3_0_ap_fixed_36_16_5_3_0_config4_s_fu_132/sub_ln58_3_reg_2572_reg[15]_i_1_n_0
    SLICE_X36Y69         CARRY4 (Prop_carry4_CI_CO[3])
                                                      0.114     4.242 r  grp_dense_latency_ap_fixed_16_6_5_3_0_ap_fixed_36_16_5_3_0_config4_s_fu_132/sub_ln58_3_reg_2572_reg[19]_i_1/CO[3]
                         net (fo=1, routed)           0.000     4.242    grp_dense_latency_ap_fixed_16_6_5_3_0_ap_fixed_36_16_5_3_0_config4_s_fu_132/sub_ln58_3_reg_2572_reg[19]_i_1_n_0
    SLICE_X36Y70         CARRY4 (Prop_carry4_CI_CO[3])
                                                      0.114     4.356 r  grp_dense_latency_ap_fixed_16_6_5_3_0_ap_fixed_36_16_5_3_0_config4_s_fu_132/sub_ln58_3_reg_2572_reg[23]_i_1/CO[3]
                         net (fo=1, routed)           0.000     4.356    grp_dense_latency_ap_fixed_16_6_5_3_0_ap_fixed_36_16_5_3_0_config4_s_fu_132/sub_ln58_3_reg_2572_reg[23]_i_1_n_0
    SLICE_X36Y71         CARRY4 (Prop_carry4_CI_CO[3])
                                                      0.114     4.470 r  grp_dense_latency_ap_fixed_16_6_5_3_0_ap_fixed_36_16_5_3_0_config4_s_fu_132/sub_ln58_3_reg_2572_reg[27]_i_1/CO[3]
                         net (fo=1, routed)           0.000     4.470    grp_dense_latency_ap_fixed_16_6_5_3_0_ap_fixed_36_16_5_3_0_config4_s_fu_132/sub_ln58_3_reg_2572_reg[27]_i_1_n_0
    SLICE_X36Y72         CARRY4 (Prop_carry4_CI_O[0])
                                                      0.223     4.693 r  grp_dense_latency_ap_fixed_16_6_5_3_0_ap_fixed_36_16_5_3_0_config4_s_fu_132/sub_ln58_3_reg_2572_reg[28]_i_1/O[0]
                         net (fo=1, routed)           0.000     4.693    grp_dense_latency_ap_fixed_16_6_5_3_0_ap_fixed_36_16_5_3_0_config4_s_fu_132/sub_ln58_3_fu_1693_p23_out[28]
    SLICE_X36Y72         FDRE                                         r  grp_dense_latency_ap_fixed_16_6_5_3_0_ap_fixed_36_16_5_3_0_config4_s_fu_132/sub_ln58_3_reg_2572_reg[28]/D
  -------------------------------------------------------------------    -------------------

                         (clock ap_clk rise edge)     4.000     4.000 r  
                                                      0.000     4.000 r  ap_clk (IN)
                         net (fo=8114, unset)         0.924     4.924    grp_dense_latency_ap_fixed_16_6_5_3_0_ap_fixed_36_16_5_3_0_config4_s_fu_132/ap_clk
    SLICE_X36Y72         FDRE                                         r  grp_dense_latency_ap_fixed_16_6_5_3_0_ap_fixed_36_16_5_3_0_config4_s_fu_132/sub_ln58_3_reg_2572_reg[28]/C
                         clock pessimism              0.000     4.924    
                         clock uncertainty           -0.035     4.889    
    SLICE_X36Y72         FDRE (Setup_fdre_C_D)        0.062     4.951    grp_dense_latency_ap_fixed_16_6_5_3_0_ap_fixed_36_16_5_3_0_config4_s_fu_132/sub_ln58_3_reg_2572_reg[28]
  -------------------------------------------------------------------
                         required time                          4.951    
                         arrival time                          -4.693    
  -------------------------------------------------------------------
                         slack                                  0.258    

Slack (MET) :             0.260ns  (required time - arrival time)
  Source:                 grp_dense_latency_ap_fixed_16_6_5_3_0_ap_fixed_36_16_5_3_0_config2_s_fu_114/ap_ce_reg_reg_replica/C
                            (rising edge-triggered cell FDRE clocked by ap_clk  {rise@0.000ns fall@2.000ns period=4.000ns})
  Destination:            grp_dense_latency_ap_fixed_16_6_5_3_0_ap_fixed_36_16_5_3_0_config2_s_fu_114/add_ln73_reg_2401_reg[19]/CE
                            (rising edge-triggered cell FDRE clocked by ap_clk  {rise@0.000ns fall@2.000ns period=4.000ns})
  Path Group:             ap_clk
  Path Type:              Setup (Max at Slow Process Corner)
  Requirement:            4.000ns  (ap_clk rise@4.000ns - ap_clk rise@0.000ns)
  Data Path Delay:        3.451ns  (logic 0.456ns (13.214%)  route 2.995ns (86.786%))
  Logic Levels:           0  
  Clock Path Skew:        -0.049ns (DCD - SCD + CPR)
    Destination Clock Delay (DCD):    0.924ns = ( 4.924 - 4.000 ) 
    Source Clock Delay      (SCD):    0.973ns
    Clock Pessimism Removal (CPR):    0.000ns
  Clock Uncertainty:      0.035ns  ((TSJ^2 + TIJ^2)^1/2 + DJ) / 2 + PE
    Total System Jitter     (TSJ):    0.071ns
    Total Input Jitter      (TIJ):    0.000ns
    Discrete Jitter          (DJ):    0.000ns
    Phase Error              (PE):    0.000ns

    Location             Delay type                Incr(ns)  Path(ns)    Netlist Resource(s)
  -------------------------------------------------------------------    -------------------
                         (clock ap_clk rise edge)     0.000     0.000 r  
                                                      0.000     0.000 r  ap_clk (IN)
                         net (fo=8114, unset)         0.973     0.973    grp_dense_latency_ap_fixed_16_6_5_3_0_ap_fixed_36_16_5_3_0_config2_s_fu_114/ap_clk
    SLICE_X18Y65         FDRE                                         r  grp_dense_latency_ap_fixed_16_6_5_3_0_ap_fixed_36_16_5_3_0_config2_s_fu_114/ap_ce_reg_reg_replica/C
  -------------------------------------------------------------------    -------------------
    SLICE_X18Y65         FDRE (Prop_fdre_C_Q)         0.456     1.429 r  grp_dense_latency_ap_fixed_16_6_5_3_0_ap_fixed_36_16_5_3_0_config2_s_fu_114/ap_ce_reg_reg_replica/Q
                         net (fo=233, routed)         2.995     4.424    grp_dense_latency_ap_fixed_16_6_5_3_0_ap_fixed_36_16_5_3_0_config2_s_fu_114/ce_repN
    SLICE_X18Y55         FDRE                                         r  grp_dense_latency_ap_fixed_16_6_5_3_0_ap_fixed_36_16_5_3_0_config2_s_fu_114/add_ln73_reg_2401_reg[19]/CE
  -------------------------------------------------------------------    -------------------

                         (clock ap_clk rise edge)     4.000     4.000 r  
                                                      0.000     4.000 r  ap_clk (IN)
                         net (fo=8114, unset)         0.924     4.924    grp_dense_latency_ap_fixed_16_6_5_3_0_ap_fixed_36_16_5_3_0_config2_s_fu_114/ap_clk
    SLICE_X18Y55         FDRE                                         r  grp_dense_latency_ap_fixed_16_6_5_3_0_ap_fixed_36_16_5_3_0_config2_s_fu_114/add_ln73_reg_2401_reg[19]/C
                         clock pessimism              0.000     4.924    
                         clock uncertainty           -0.035     4.889    
    SLICE_X18Y55         FDRE (Setup_fdre_C_CE)      -0.205     4.684    grp_dense_latency_ap_fixed_16_6_5_3_0_ap_fixed_36_16_5_3_0_config2_s_fu_114/add_ln73_reg_2401_reg[19]
  -------------------------------------------------------------------
                         required time                          4.684    
                         arrival time                          -4.424    
  -------------------------------------------------------------------
                         slack                                  0.260    

Slack (MET) :             0.260ns  (required time - arrival time)
  Source:                 grp_dense_latency_ap_fixed_16_6_5_3_0_ap_fixed_36_16_5_3_0_config2_s_fu_114/ap_ce_reg_reg_replica/C
                            (rising edge-triggered cell FDRE clocked by ap_clk  {rise@0.000ns fall@2.000ns period=4.000ns})
  Destination:            grp_dense_latency_ap_fixed_16_6_5_3_0_ap_fixed_36_16_5_3_0_config2_s_fu_114/add_ln73_reg_2401_reg[20]/CE
                            (rising edge-triggered cell FDRE clocked by ap_clk  {rise@0.000ns fall@2.000ns period=4.000ns})
  Path Group:             ap_clk
  Path Type:              Setup (Max at Slow Process Corner)
  Requirement:            4.000ns  (ap_clk rise@4.000ns - ap_clk rise@0.000ns)
  Data Path Delay:        3.451ns  (logic 0.456ns (13.214%)  route 2.995ns (86.786%))
  Logic Levels:           0  
  Clock Path Skew:        -0.049ns (DCD - SCD + CPR)
    Destination Clock Delay (DCD):    0.924ns = ( 4.924 - 4.000 ) 
    Source Clock Delay      (SCD):    0.973ns
    Clock Pessimism Removal (CPR):    0.000ns
  Clock Uncertainty:      0.035ns  ((TSJ^2 + TIJ^2)^1/2 + DJ) / 2 + PE
    Total System Jitter     (TSJ):    0.071ns
    Total Input Jitter      (TIJ):    0.000ns
    Discrete Jitter          (DJ):    0.000ns
    Phase Error              (PE):    0.000ns

    Location             Delay type                Incr(ns)  Path(ns)    Netlist Resource(s)
  -------------------------------------------------------------------    -------------------
                         (clock ap_clk rise edge)     0.000     0.000 r  
                                                      0.000     0.000 r  ap_clk (IN)
                         net (fo=8114, unset)         0.973     0.973    grp_dense_latency_ap_fixed_16_6_5_3_0_ap_fixed_36_16_5_3_0_config2_s_fu_114/ap_clk
    SLICE_X18Y65         FDRE                                         r  grp_dense_latency_ap_fixed_16_6_5_3_0_ap_fixed_36_16_5_3_0_config2_s_fu_114/ap_ce_reg_reg_replica/C
  -------------------------------------------------------------------    -------------------
    SLICE_X18Y65         FDRE (Prop_fdre_C_Q)         0.456     1.429 r  grp_dense_latency_ap_fixed_16_6_5_3_0_ap_fixed_36_16_5_3_0_config2_s_fu_114/ap_ce_reg_reg_replica/Q
                         net (fo=233, routed)         2.995     4.424    grp_dense_latency_ap_fixed_16_6_5_3_0_ap_fixed_36_16_5_3_0_config2_s_fu_114/ce_repN
    SLICE_X18Y55         FDRE                                         r  grp_dense_latency_ap_fixed_16_6_5_3_0_ap_fixed_36_16_5_3_0_config2_s_fu_114/add_ln73_reg_2401_reg[20]/CE
  -------------------------------------------------------------------    -------------------

                         (clock ap_clk rise edge)     4.000     4.000 r  
                                                      0.000     4.000 r  ap_clk (IN)
                         net (fo=8114, unset)         0.924     4.924    grp_dense_latency_ap_fixed_16_6_5_3_0_ap_fixed_36_16_5_3_0_config2_s_fu_114/ap_clk
    SLICE_X18Y55         FDRE                                         r  grp_dense_latency_ap_fixed_16_6_5_3_0_ap_fixed_36_16_5_3_0_config2_s_fu_114/add_ln73_reg_2401_reg[20]/C
                         clock pessimism              0.000     4.924    
                         clock uncertainty           -0.035     4.889    
    SLICE_X18Y55         FDRE (Setup_fdre_C_CE)      -0.205     4.684    grp_dense_latency_ap_fixed_16_6_5_3_0_ap_fixed_36_16_5_3_0_config2_s_fu_114/add_ln73_reg_2401_reg[20]
  -------------------------------------------------------------------
                         required time                          4.684    
                         arrival time                          -4.424    
  -------------------------------------------------------------------
                         slack                                  0.260    

Slack (MET) :             0.260ns  (required time - arrival time)
  Source:                 grp_dense_latency_ap_fixed_16_6_5_3_0_ap_fixed_36_16_5_3_0_config2_s_fu_114/ap_ce_reg_reg_replica/C
                            (rising edge-triggered cell FDRE clocked by ap_clk  {rise@0.000ns fall@2.000ns period=4.000ns})
  Destination:            grp_dense_latency_ap_fixed_16_6_5_3_0_ap_fixed_36_16_5_3_0_config2_s_fu_114/add_ln73_reg_2401_reg[21]/CE
                            (rising edge-triggered cell FDRE clocked by ap_clk  {rise@0.000ns fall@2.000ns period=4.000ns})
  Path Group:             ap_clk
  Path Type:              Setup (Max at Slow Process Corner)
  Requirement:            4.000ns  (ap_clk rise@4.000ns - ap_clk rise@0.000ns)
  Data Path Delay:        3.451ns  (logic 0.456ns (13.214%)  route 2.995ns (86.786%))
  Logic Levels:           0  
  Clock Path Skew:        -0.049ns (DCD - SCD + CPR)
    Destination Clock Delay (DCD):    0.924ns = ( 4.924 - 4.000 ) 
    Source Clock Delay      (SCD):    0.973ns
    Clock Pessimism Removal (CPR):    0.000ns
  Clock Uncertainty:      0.035ns  ((TSJ^2 + TIJ^2)^1/2 + DJ) / 2 + PE
    Total System Jitter     (TSJ):    0.071ns
    Total Input Jitter      (TIJ):    0.000ns
    Discrete Jitter          (DJ):    0.000ns
    Phase Error              (PE):    0.000ns

    Location             Delay type                Incr(ns)  Path(ns)    Netlist Resource(s)
  -------------------------------------------------------------------    -------------------
                         (clock ap_clk rise edge)     0.000     0.000 r  
                                                      0.000     0.000 r  ap_clk (IN)
                         net (fo=8114, unset)         0.973     0.973    grp_dense_latency_ap_fixed_16_6_5_3_0_ap_fixed_36_16_5_3_0_config2_s_fu_114/ap_clk
    SLICE_X18Y65         FDRE                                         r  grp_dense_latency_ap_fixed_16_6_5_3_0_ap_fixed_36_16_5_3_0_config2_s_fu_114/ap_ce_reg_reg_replica/C
  -------------------------------------------------------------------    -------------------
    SLICE_X18Y65         FDRE (Prop_fdre_C_Q)         0.456     1.429 r  grp_dense_latency_ap_fixed_16_6_5_3_0_ap_fixed_36_16_5_3_0_config2_s_fu_114/ap_ce_reg_reg_replica/Q
                         net (fo=233, routed)         2.995     4.424    grp_dense_latency_ap_fixed_16_6_5_3_0_ap_fixed_36_16_5_3_0_config2_s_fu_114/ce_repN
    SLICE_X18Y55         FDRE                                         r  grp_dense_latency_ap_fixed_16_6_5_3_0_ap_fixed_36_16_5_3_0_config2_s_fu_114/add_ln73_reg_2401_reg[21]/CE
  -------------------------------------------------------------------    -------------------

                         (clock ap_clk rise edge)     4.000     4.000 r  
                                                      0.000     4.000 r  ap_clk (IN)
                         net (fo=8114, unset)         0.924     4.924    grp_dense_latency_ap_fixed_16_6_5_3_0_ap_fixed_36_16_5_3_0_config2_s_fu_114/ap_clk
    SLICE_X18Y55         FDRE                                         r  grp_dense_latency_ap_fixed_16_6_5_3_0_ap_fixed_36_16_5_3_0_config2_s_fu_114/add_ln73_reg_2401_reg[21]/C
                         clock pessimism              0.000     4.924    
                         clock uncertainty           -0.035     4.889    
    SLICE_X18Y55         FDRE (Setup_fdre_C_CE)      -0.205     4.684    grp_dense_latency_ap_fixed_16_6_5_3_0_ap_fixed_36_16_5_3_0_config2_s_fu_114/add_ln73_reg_2401_reg[21]
  -------------------------------------------------------------------
                         required time                          4.684    
                         arrival time                          -4.424    
  -------------------------------------------------------------------
                         slack                                  0.260    

Slack (MET) :             0.260ns  (required time - arrival time)
  Source:                 grp_dense_latency_ap_fixed_16_6_5_3_0_ap_fixed_36_16_5_3_0_config2_s_fu_114/ap_ce_reg_reg_replica/C
                            (rising edge-triggered cell FDRE clocked by ap_clk  {rise@0.000ns fall@2.000ns period=4.000ns})
  Destination:            grp_dense_latency_ap_fixed_16_6_5_3_0_ap_fixed_36_16_5_3_0_config2_s_fu_114/add_ln73_reg_2401_reg[22]/CE
                            (rising edge-triggered cell FDRE clocked by ap_clk  {rise@0.000ns fall@2.000ns period=4.000ns})
  Path Group:             ap_clk
  Path Type:              Setup (Max at Slow Process Corner)
  Requirement:            4.000ns  (ap_clk rise@4.000ns - ap_clk rise@0.000ns)
  Data Path Delay:        3.451ns  (logic 0.456ns (13.214%)  route 2.995ns (86.786%))
  Logic Levels:           0  
  Clock Path Skew:        -0.049ns (DCD - SCD + CPR)
    Destination Clock Delay (DCD):    0.924ns = ( 4.924 - 4.000 ) 
    Source Clock Delay      (SCD):    0.973ns
    Clock Pessimism Removal (CPR):    0.000ns
  Clock Uncertainty:      0.035ns  ((TSJ^2 + TIJ^2)^1/2 + DJ) / 2 + PE
    Total System Jitter     (TSJ):    0.071ns
    Total Input Jitter      (TIJ):    0.000ns
    Discrete Jitter          (DJ):    0.000ns
    Phase Error              (PE):    0.000ns

    Location             Delay type                Incr(ns)  Path(ns)    Netlist Resource(s)
  -------------------------------------------------------------------    -------------------
                         (clock ap_clk rise edge)     0.000     0.000 r  
                                                      0.000     0.000 r  ap_clk (IN)
                         net (fo=8114, unset)         0.973     0.973    grp_dense_latency_ap_fixed_16_6_5_3_0_ap_fixed_36_16_5_3_0_config2_s_fu_114/ap_clk
    SLICE_X18Y65         FDRE                                         r  grp_dense_latency_ap_fixed_16_6_5_3_0_ap_fixed_36_16_5_3_0_config2_s_fu_114/ap_ce_reg_reg_replica/C
  -------------------------------------------------------------------    -------------------
    SLICE_X18Y65         FDRE (Prop_fdre_C_Q)         0.456     1.429 r  grp_dense_latency_ap_fixed_16_6_5_3_0_ap_fixed_36_16_5_3_0_config2_s_fu_114/ap_ce_reg_reg_replica/Q
                         net (fo=233, routed)         2.995     4.424    grp_dense_latency_ap_fixed_16_6_5_3_0_ap_fixed_36_16_5_3_0_config2_s_fu_114/ce_repN
    SLICE_X18Y55         FDRE                                         r  grp_dense_latency_ap_fixed_16_6_5_3_0_ap_fixed_36_16_5_3_0_config2_s_fu_114/add_ln73_reg_2401_reg[22]/CE
  -------------------------------------------------------------------    -------------------

                         (clock ap_clk rise edge)     4.000     4.000 r  
                                                      0.000     4.000 r  ap_clk (IN)
                         net (fo=8114, unset)         0.924     4.924    grp_dense_latency_ap_fixed_16_6_5_3_0_ap_fixed_36_16_5_3_0_config2_s_fu_114/ap_clk
    SLICE_X18Y55         FDRE                                         r  grp_dense_latency_ap_fixed_16_6_5_3_0_ap_fixed_36_16_5_3_0_config2_s_fu_114/add_ln73_reg_2401_reg[22]/C
                         clock pessimism              0.000     4.924    
                         clock uncertainty           -0.035     4.889    
    SLICE_X18Y55         FDRE (Setup_fdre_C_CE)      -0.205     4.684    grp_dense_latency_ap_fixed_16_6_5_3_0_ap_fixed_36_16_5_3_0_config2_s_fu_114/add_ln73_reg_2401_reg[22]
  -------------------------------------------------------------------
                         required time                          4.684    
                         arrival time                          -4.424    
  -------------------------------------------------------------------
                         slack                                  0.260    

Slack (MET) :             0.261ns  (required time - arrival time)
  Source:                 grp_dense_latency_ap_fixed_16_6_5_3_0_ap_fixed_36_16_5_3_0_config4_s_fu_132/data_2_val_read_reg_2306_pp0_iter2_reg_reg[0]/C
                            (rising edge-triggered cell FDRE clocked by ap_clk  {rise@0.000ns fall@2.000ns period=4.000ns})
  Destination:            grp_dense_latency_ap_fixed_16_6_5_3_0_ap_fixed_36_16_5_3_0_config4_s_fu_132/sub_ln58_3_reg_2572_reg[25]/D
                            (rising edge-triggered cell FDRE clocked by ap_clk  {rise@0.000ns fall@2.000ns period=4.000ns})
  Path Group:             ap_clk
  Path Type:              Setup (Max at Slow Process Corner)
  Requirement:            4.000ns  (ap_clk rise@4.000ns - ap_clk rise@0.000ns)
  Data Path Delay:        3.717ns  (logic 1.754ns (47.188%)  route 1.963ns (52.812%))
  Logic Levels:           5  (CARRY4=4 LUT4=1)
  Clock Path Skew:        -0.049ns (DCD - SCD + CPR)
    Destination Clock Delay (DCD):    0.924ns = ( 4.924 - 4.000 ) 
    Source Clock Delay      (SCD):    0.973ns
    Clock Pessimism Removal (CPR):    0.000ns
  Clock Uncertainty:      0.035ns  ((TSJ^2 + TIJ^2)^1/2 + DJ) / 2 + PE
    Total System Jitter     (TSJ):    0.071ns
    Total Input Jitter      (TIJ):    0.000ns
    Discrete Jitter          (DJ):    0.000ns
    Phase Error              (PE):    0.000ns

    Location             Delay type                Incr(ns)  Path(ns)    Netlist Resource(s)
  -------------------------------------------------------------------    -------------------
                         (clock ap_clk rise edge)     0.000     0.000 r  
                                                      0.000     0.000 r  ap_clk (IN)
                         net (fo=8114, unset)         0.973     0.973    grp_dense_latency_ap_fixed_16_6_5_3_0_ap_fixed_36_16_5_3_0_config4_s_fu_132/ap_clk
    SLICE_X6Y61          FDRE                                         r  grp_dense_latency_ap_fixed_16_6_5_3_0_ap_fixed_36_16_5_3_0_config4_s_fu_132/data_2_val_read_reg_2306_pp0_iter2_reg_reg[0]/C
  -------------------------------------------------------------------    -------------------
    SLICE_X6Y61          FDRE (Prop_fdre_C_Q)         0.518     1.491 r  grp_dense_latency_ap_fixed_16_6_5_3_0_ap_fixed_36_16_5_3_0_config4_s_fu_132/data_2_val_read_reg_2306_pp0_iter2_reg_reg[0]/Q
                         net (fo=19, routed)          1.963     3.454    grp_dense_latency_ap_fixed_16_6_5_3_0_ap_fixed_36_16_5_3_0_config4_s_fu_132/RESIZE[12]
    SLICE_X36Y68         LUT4 (Prop_lut4_I0_O)        0.124     3.578 r  grp_dense_latency_ap_fixed_16_6_5_3_0_ap_fixed_36_16_5_3_0_config4_s_fu_132/sub_ln58_3_reg_2572[15]_i_7/O
                         net (fo=1, routed)           0.000     3.578    grp_dense_latency_ap_fixed_16_6_5_3_0_ap_fixed_36_16_5_3_0_config4_s_fu_132/sub_ln58_3_reg_2572[15]_i_7_n_0
    SLICE_X36Y68         CARRY4 (Prop_carry4_S[1]_CO[3])
                                                      0.550     4.128 r  grp_dense_latency_ap_fixed_16_6_5_3_0_ap_fixed_36_16_5_3_0_config4_s_fu_132/sub_ln58_3_reg_2572_reg[15]_i_1/CO[3]
                         net (fo=1, routed)           0.000     4.128    grp_dense_latency_ap_fixed_16_6_5_3_0_ap_fixed_36_16_5_3_0_config4_s_fu_132/sub_ln58_3_reg_2572_reg[15]_i_1_n_0
    SLICE_X36Y69         CARRY4 (Prop_carry4_CI_CO[3])
                                                      0.114     4.242 r  grp_dense_latency_ap_fixed_16_6_5_3_0_ap_fixed_36_16_5_3_0_config4_s_fu_132/sub_ln58_3_reg_2572_reg[19]_i_1/CO[3]
                         net (fo=1, routed)           0.000     4.242    grp_dense_latency_ap_fixed_16_6_5_3_0_ap_fixed_36_16_5_3_0_config4_s_fu_132/sub_ln58_3_reg_2572_reg[19]_i_1_n_0
    SLICE_X36Y70         CARRY4 (Prop_carry4_CI_CO[3])
                                                      0.114     4.356 r  grp_dense_latency_ap_fixed_16_6_5_3_0_ap_fixed_36_16_5_3_0_config4_s_fu_132/sub_ln58_3_reg_2572_reg[23]_i_1/CO[3]
                         net (fo=1, routed)           0.000     4.356    grp_dense_latency_ap_fixed_16_6_5_3_0_ap_fixed_36_16_5_3_0_config4_s_fu_132/sub_ln58_3_reg_2572_reg[23]_i_1_n_0
    SLICE_X36Y71         CARRY4 (Prop_carry4_CI_O[1])
                                                      0.334     4.690 r  grp_dense_latency_ap_fixed_16_6_5_3_0_ap_fixed_36_16_5_3_0_config4_s_fu_132/sub_ln58_3_reg_2572_reg[27]_i_1/O[1]
                         net (fo=1, routed)           0.000     4.690    grp_dense_latency_ap_fixed_16_6_5_3_0_ap_fixed_36_16_5_3_0_config4_s_fu_132/sub_ln58_3_fu_1693_p23_out[25]
    SLICE_X36Y71         FDRE                                         r  grp_dense_latency_ap_fixed_16_6_5_3_0_ap_fixed_36_16_5_3_0_config4_s_fu_132/sub_ln58_3_reg_2572_reg[25]/D
  -------------------------------------------------------------------    -------------------

                         (clock ap_clk rise edge)     4.000     4.000 r  
                                                      0.000     4.000 r  ap_clk (IN)
                         net (fo=8114, unset)         0.924     4.924    grp_dense_latency_ap_fixed_16_6_5_3_0_ap_fixed_36_16_5_3_0_config4_s_fu_132/ap_clk
    SLICE_X36Y71         FDRE                                         r  grp_dense_latency_ap_fixed_16_6_5_3_0_ap_fixed_36_16_5_3_0_config4_s_fu_132/sub_ln58_3_reg_2572_reg[25]/C
                         clock pessimism              0.000     4.924    
                         clock uncertainty           -0.035     4.889    
    SLICE_X36Y71         FDRE (Setup_fdre_C_D)        0.062     4.951    grp_dense_latency_ap_fixed_16_6_5_3_0_ap_fixed_36_16_5_3_0_config4_s_fu_132/sub_ln58_3_reg_2572_reg[25]
  -------------------------------------------------------------------
                         required time                          4.951    
                         arrival time                          -4.690    
  -------------------------------------------------------------------
                         slack                                  0.261    

Slack (MET) :             0.261ns  (required time - arrival time)
  Source:                 grp_dense_latency_ap_fixed_16_6_5_3_0_ap_fixed_36_16_5_3_0_config2_s_fu_114/a_reg_2275_pp0_iter1_reg_reg[5]_srl2_srlopt/C
                            (rising edge-triggered cell FDRE clocked by ap_clk  {rise@0.000ns fall@2.000ns period=4.000ns})
  Destination:            grp_dense_latency_ap_fixed_16_6_5_3_0_ap_fixed_36_16_5_3_0_config2_s_fu_114/sub_ln73_39_reg_2416_reg[25]/D
                            (rising edge-triggered cell FDRE clocked by ap_clk  {rise@0.000ns fall@2.000ns period=4.000ns})
  Path Group:             ap_clk
  Path Type:              Setup (Max at Slow Process Corner)
  Requirement:            4.000ns  (ap_clk rise@4.000ns - ap_clk rise@0.000ns)
  Data Path Delay:        3.717ns  (logic 1.714ns (46.115%)  route 2.003ns (53.885%))
  Logic Levels:           4  (CARRY4=3 LUT4=1)
  Clock Path Skew:        -0.049ns (DCD - SCD + CPR)
    Destination Clock Delay (DCD):    0.924ns = ( 4.924 - 4.000 ) 
    Source Clock Delay      (SCD):    0.973ns
    Clock Pessimism Removal (CPR):    0.000ns
  Clock Uncertainty:      0.035ns  ((TSJ^2 + TIJ^2)^1/2 + DJ) / 2 + PE
    Total System Jitter     (TSJ):    0.071ns
    Total Input Jitter      (TIJ):    0.000ns
    Discrete Jitter          (DJ):    0.000ns
    Phase Error              (PE):    0.000ns

    Location             Delay type                Incr(ns)  Path(ns)    Netlist Resource(s)
  -------------------------------------------------------------------    -------------------
                         (clock ap_clk rise edge)     0.000     0.000 r  
                                                      0.000     0.000 r  ap_clk (IN)
                         net (fo=8114, unset)         0.973     0.973    grp_dense_latency_ap_fixed_16_6_5_3_0_ap_fixed_36_16_5_3_0_config2_s_fu_114/ap_clk
    SLICE_X40Y41         FDRE                                         r  grp_dense_latency_ap_fixed_16_6_5_3_0_ap_fixed_36_16_5_3_0_config2_s_fu_114/a_reg_2275_pp0_iter1_reg_reg[5]_srl2_srlopt/C
  -------------------------------------------------------------------    -------------------
    SLICE_X40Y41         FDRE (Prop_fdre_C_Q)         0.419     1.392 r  grp_dense_latency_ap_fixed_16_6_5_3_0_ap_fixed_36_16_5_3_0_config2_s_fu_114/a_reg_2275_pp0_iter1_reg_reg[5]_srl2_srlopt/Q
                         net (fo=25, routed)          2.002     3.394    grp_dense_latency_ap_fixed_16_6_5_3_0_ap_fixed_36_16_5_3_0_config2_s_fu_114/RESIZE[17]
    SLICE_X18Y49         LUT4 (Prop_lut4_I2_O)        0.297     3.691 r  grp_dense_latency_ap_fixed_16_6_5_3_0_ap_fixed_36_16_5_3_0_config2_s_fu_114/sub_ln73_39_reg_2416[19]_i_8/O
                         net (fo=1, routed)           0.000     3.691    grp_dense_latency_ap_fixed_16_6_5_3_0_ap_fixed_36_16_5_3_0_config2_s_fu_114/sub_ln73_39_reg_2416[19]_i_8_n_0
    SLICE_X18Y49         CARRY4 (Prop_carry4_S[1]_CO[3])
                                                      0.550     4.241 r  grp_dense_latency_ap_fixed_16_6_5_3_0_ap_fixed_36_16_5_3_0_config2_s_fu_114/sub_ln73_39_reg_2416_reg[19]_i_1/CO[3]
                         net (fo=1, routed)           0.001     4.242    grp_dense_latency_ap_fixed_16_6_5_3_0_ap_fixed_36_16_5_3_0_config2_s_fu_114/sub_ln73_39_reg_2416_reg[19]_i_1_n_0
    SLICE_X18Y50         CARRY4 (Prop_carry4_CI_CO[3])
                                                      0.114     4.356 r  grp_dense_latency_ap_fixed_16_6_5_3_0_ap_fixed_36_16_5_3_0_config2_s_fu_114/sub_ln73_39_reg_2416_reg[23]_i_1/CO[3]
                         net (fo=1, routed)           0.000     4.356    grp_dense_latency_ap_fixed_16_6_5_3_0_ap_fixed_36_16_5_3_0_config2_s_fu_114/sub_ln73_39_reg_2416_reg[23]_i_1_n_0
    SLICE_X18Y51         CARRY4 (Prop_carry4_CI_O[1])
                                                      0.334     4.690 r  grp_dense_latency_ap_fixed_16_6_5_3_0_ap_fixed_36_16_5_3_0_config2_s_fu_114/sub_ln73_39_reg_2416_reg[27]_i_1/O[1]
                         net (fo=1, routed)           0.000     4.690    grp_dense_latency_ap_fixed_16_6_5_3_0_ap_fixed_36_16_5_3_0_config2_s_fu_114/sub_ln73_39_fu_1320_p2[25]
    SLICE_X18Y51         FDRE                                         r  grp_dense_latency_ap_fixed_16_6_5_3_0_ap_fixed_36_16_5_3_0_config2_s_fu_114/sub_ln73_39_reg_2416_reg[25]/D
  -------------------------------------------------------------------    -------------------

                         (clock ap_clk rise edge)     4.000     4.000 r  
                                                      0.000     4.000 r  ap_clk (IN)
                         net (fo=8114, unset)         0.924     4.924    grp_dense_latency_ap_fixed_16_6_5_3_0_ap_fixed_36_16_5_3_0_config2_s_fu_114/ap_clk
    SLICE_X18Y51         FDRE                                         r  grp_dense_latency_ap_fixed_16_6_5_3_0_ap_fixed_36_16_5_3_0_config2_s_fu_114/sub_ln73_39_reg_2416_reg[25]/C
                         clock pessimism              0.000     4.924    
                         clock uncertainty           -0.035     4.889    
    SLICE_X18Y51         FDRE (Setup_fdre_C_D)        0.062     4.951    grp_dense_latency_ap_fixed_16_6_5_3_0_ap_fixed_36_16_5_3_0_config2_s_fu_114/sub_ln73_39_reg_2416_reg[25]
  -------------------------------------------------------------------
                         required time                          4.951    
                         arrival time                          -4.690    
  -------------------------------------------------------------------
                         slack                                  0.261    

Slack (MET) :             0.280ns  (required time - arrival time)
  Source:                 grp_thresholded_relu_ap_fixed_ap_fixed_ap_fixed_thresholdedrelu_config3_s_fu_120/icmp_ln551_17_reg_340_reg[0]/C
                            (rising edge-triggered cell FDRE clocked by ap_clk  {rise@0.000ns fall@2.000ns period=4.000ns})
  Destination:            grp_dense_latency_ap_fixed_16_6_5_3_0_ap_fixed_36_16_5_3_0_config4_s_fu_132/data_3_val_int_reg_reg[10]/R
                            (rising edge-triggered cell FDRE clocked by ap_clk  {rise@0.000ns fall@2.000ns period=4.000ns})
  Path Group:             ap_clk
  Path Type:              Setup (Max at Slow Process Corner)
  Requirement:            4.000ns  (ap_clk rise@4.000ns - ap_clk rise@0.000ns)
  Data Path Delay:        3.112ns  (logic 0.642ns (20.632%)  route 2.470ns (79.368%))
  Logic Levels:           1  (LUT4=1)
  Clock Path Skew:        -0.049ns (DCD - SCD + CPR)
    Destination Clock Delay (DCD):    0.924ns = ( 4.924 - 4.000 ) 
    Source Clock Delay      (SCD):    0.973ns
    Clock Pessimism Removal (CPR):    0.000ns
  Clock Uncertainty:      0.035ns  ((TSJ^2 + TIJ^2)^1/2 + DJ) / 2 + PE
    Total System Jitter     (TSJ):    0.071ns
    Total Input Jitter      (TIJ):    0.000ns
    Discrete Jitter          (DJ):    0.000ns
    Phase Error              (PE):    0.000ns

    Location             Delay type                Incr(ns)  Path(ns)    Netlist Resource(s)
  -------------------------------------------------------------------    -------------------
                         (clock ap_clk rise edge)     0.000     0.000 r  
                                                      0.000     0.000 r  ap_clk (IN)
                         net (fo=8114, unset)         0.973     0.973    grp_thresholded_relu_ap_fixed_ap_fixed_ap_fixed_thresholdedrelu_config3_s_fu_120/ap_clk
    SLICE_X34Y43         FDRE                                         r  grp_thresholded_relu_ap_fixed_ap_fixed_ap_fixed_thresholdedrelu_config3_s_fu_120/icmp_ln551_17_reg_340_reg[0]/C
  -------------------------------------------------------------------    -------------------
    SLICE_X34Y43         FDRE (Prop_fdre_C_Q)         0.518     1.491 f  grp_thresholded_relu_ap_fixed_ap_fixed_ap_fixed_thresholdedrelu_config3_s_fu_120/icmp_ln551_17_reg_340_reg[0]/Q
                         net (fo=17, routed)          1.644     3.135    grp_thresholded_relu_ap_fixed_ap_fixed_ap_fixed_thresholdedrelu_config3_s_fu_120/icmp_ln551_17_reg_340
    SLICE_X15Y50         LUT4 (Prop_lut4_I3_O)        0.124     3.259 r  grp_thresholded_relu_ap_fixed_ap_fixed_ap_fixed_thresholdedrelu_config3_s_fu_120/data_3_val_int_reg[15]_i_1/O
                         net (fo=16, routed)          0.825     4.085    grp_dense_latency_ap_fixed_16_6_5_3_0_ap_fixed_36_16_5_3_0_config4_s_fu_132/data_3_val_int_reg_reg[0]_0
    SLICE_X16Y46         FDRE                                         r  grp_dense_latency_ap_fixed_16_6_5_3_0_ap_fixed_36_16_5_3_0_config4_s_fu_132/data_3_val_int_reg_reg[10]/R
  -------------------------------------------------------------------    -------------------

                         (clock ap_clk rise edge)     4.000     4.000 r  
                                                      0.000     4.000 r  ap_clk (IN)
                         net (fo=8114, unset)         0.924     4.924    grp_dense_latency_ap_fixed_16_6_5_3_0_ap_fixed_36_16_5_3_0_config4_s_fu_132/ap_clk
    SLICE_X16Y46         FDRE                                         r  grp_dense_latency_ap_fixed_16_6_5_3_0_ap_fixed_36_16_5_3_0_config4_s_fu_132/data_3_val_int_reg_reg[10]/C
                         clock pessimism              0.000     4.924    
                         clock uncertainty           -0.035     4.889    
    SLICE_X16Y46         FDRE (Setup_fdre_C_R)       -0.524     4.365    grp_dense_latency_ap_fixed_16_6_5_3_0_ap_fixed_36_16_5_3_0_config4_s_fu_132/data_3_val_int_reg_reg[10]
  -------------------------------------------------------------------
                         required time                          4.365    
                         arrival time                          -4.085    
  -------------------------------------------------------------------
                         slack                                  0.280    

Slack (MET) :             0.280ns  (required time - arrival time)
  Source:                 grp_thresholded_relu_ap_fixed_ap_fixed_ap_fixed_thresholdedrelu_config3_s_fu_120/icmp_ln551_17_reg_340_reg[0]/C
                            (rising edge-triggered cell FDRE clocked by ap_clk  {rise@0.000ns fall@2.000ns period=4.000ns})
  Destination:            grp_dense_latency_ap_fixed_16_6_5_3_0_ap_fixed_36_16_5_3_0_config4_s_fu_132/data_3_val_int_reg_reg[11]/R
                            (rising edge-triggered cell FDRE clocked by ap_clk  {rise@0.000ns fall@2.000ns period=4.000ns})
  Path Group:             ap_clk
  Path Type:              Setup (Max at Slow Process Corner)
  Requirement:            4.000ns  (ap_clk rise@4.000ns - ap_clk rise@0.000ns)
  Data Path Delay:        3.112ns  (logic 0.642ns (20.632%)  route 2.470ns (79.368%))
  Logic Levels:           1  (LUT4=1)
  Clock Path Skew:        -0.049ns (DCD - SCD + CPR)
    Destination Clock Delay (DCD):    0.924ns = ( 4.924 - 4.000 ) 
    Source Clock Delay      (SCD):    0.973ns
    Clock Pessimism Removal (CPR):    0.000ns
  Clock Uncertainty:      0.035ns  ((TSJ^2 + TIJ^2)^1/2 + DJ) / 2 + PE
    Total System Jitter     (TSJ):    0.071ns
    Total Input Jitter      (TIJ):    0.000ns
    Discrete Jitter          (DJ):    0.000ns
    Phase Error              (PE):    0.000ns

    Location             Delay type                Incr(ns)  Path(ns)    Netlist Resource(s)
  -------------------------------------------------------------------    -------------------
                         (clock ap_clk rise edge)     0.000     0.000 r  
                                                      0.000     0.000 r  ap_clk (IN)
                         net (fo=8114, unset)         0.973     0.973    grp_thresholded_relu_ap_fixed_ap_fixed_ap_fixed_thresholdedrelu_config3_s_fu_120/ap_clk
    SLICE_X34Y43         FDRE                                         r  grp_thresholded_relu_ap_fixed_ap_fixed_ap_fixed_thresholdedrelu_config3_s_fu_120/icmp_ln551_17_reg_340_reg[0]/C
  -------------------------------------------------------------------    -------------------
    SLICE_X34Y43         FDRE (Prop_fdre_C_Q)         0.518     1.491 f  grp_thresholded_relu_ap_fixed_ap_fixed_ap_fixed_thresholdedrelu_config3_s_fu_120/icmp_ln551_17_reg_340_reg[0]/Q
                         net (fo=17, routed)          1.644     3.135    grp_thresholded_relu_ap_fixed_ap_fixed_ap_fixed_thresholdedrelu_config3_s_fu_120/icmp_ln551_17_reg_340
    SLICE_X15Y50         LUT4 (Prop_lut4_I3_O)        0.124     3.259 r  grp_thresholded_relu_ap_fixed_ap_fixed_ap_fixed_thresholdedrelu_config3_s_fu_120/data_3_val_int_reg[15]_i_1/O
                         net (fo=16, routed)          0.825     4.085    grp_dense_latency_ap_fixed_16_6_5_3_0_ap_fixed_36_16_5_3_0_config4_s_fu_132/data_3_val_int_reg_reg[0]_0
    SLICE_X16Y46         FDRE                                         r  grp_dense_latency_ap_fixed_16_6_5_3_0_ap_fixed_36_16_5_3_0_config4_s_fu_132/data_3_val_int_reg_reg[11]/R
  -------------------------------------------------------------------    -------------------

                         (clock ap_clk rise edge)     4.000     4.000 r  
                                                      0.000     4.000 r  ap_clk (IN)
                         net (fo=8114, unset)         0.924     4.924    grp_dense_latency_ap_fixed_16_6_5_3_0_ap_fixed_36_16_5_3_0_config4_s_fu_132/ap_clk
    SLICE_X16Y46         FDRE                                         r  grp_dense_latency_ap_fixed_16_6_5_3_0_ap_fixed_36_16_5_3_0_config4_s_fu_132/data_3_val_int_reg_reg[11]/C
                         clock pessimism              0.000     4.924    
                         clock uncertainty           -0.035     4.889    
    SLICE_X16Y46         FDRE (Setup_fdre_C_R)       -0.524     4.365    grp_dense_latency_ap_fixed_16_6_5_3_0_ap_fixed_36_16_5_3_0_config4_s_fu_132/data_3_val_int_reg_reg[11]
  -------------------------------------------------------------------
                         required time                          4.365    
                         arrival time                          -4.085    
  -------------------------------------------------------------------
                         slack                                  0.280    




