Copyright 1986-2022 Xilinx, Inc. All Rights Reserved. Copyright 2022-2024 Advanced Micro Devices, Inc. All Rights Reserved.
---------------------------------------------------------------------------------------------------------------------------------------------
| Tool Version : Vivado v.2024.1 (lin64) Build 5076996 Wed May 22 18:36:09 MDT 2024
| Date         : Thu Sep  3 04:08:12 2026
| Host         : ei-lan-400 running 64-bit Debian GNU/Linux 12 (bookworm)
| Command      : report_utilization -hierarchical -file ./Analysis/Utilization_Report_Implementation.rpt
| Design       : SampleNeuralNet
| Device       : xc7z010clg400-1
| Speed File   : -1
| Design State : Routed
---------------------------------------------------------------------------------------------------------------------------------------------

Utilization Design Information

Table of Contents
-----------------
1. Utilization by Hierarchy

1. Utilization by Hierarchy
---------------------------

+------------------------------------------------------------------------------------+---------------------------------------------------------------------------------------+------------+------------+---------+------+------+--------+--------+------------+
|                                      Instance                                      |                                         Module                                        | Total LUTs | Logic LUTs | LUTRAMs | SRLs |  FFs | RAMB36 | RAMB18 | DSP Blocks |
+------------------------------------------------------------------------------------+---------------------------------------------------------------------------------------+------------+------------+---------+------+------+--------+--------+------------+
| SampleNeuralNet                                                                    |                                                                                 (top) |       5563 |       5473 |       0 |   90 | 7927 |      0 |      0 |         12 |
|   (SampleNeuralNet)                                                                |                                                                                 (top) |          9 |          9 |       0 |    0 |  699 |      0 |      0 |          0 |
|   grp_dense_latency_ap_fixed_16_6_5_3_0_ap_fixed_36_16_5_3_0_config2_s_fu_114      |      SampleNeuralNet_dense_latency_ap_fixed_16_6_5_3_0_ap_fixed_36_16_5_3_0_config2_s |       1710 |       1685 |       0 |   25 | 2200 |      0 |      0 |          4 |
|   grp_dense_latency_ap_fixed_16_6_5_3_0_ap_fixed_36_16_5_3_0_config4_s_fu_132      |      SampleNeuralNet_dense_latency_ap_fixed_16_6_5_3_0_ap_fixed_36_16_5_3_0_config4_s |       1663 |       1630 |       0 |   33 | 2305 |      0 |      0 |          4 |
|     (grp_dense_latency_ap_fixed_16_6_5_3_0_ap_fixed_36_16_5_3_0_config4_s_fu_132)  |      SampleNeuralNet_dense_latency_ap_fixed_16_6_5_3_0_ap_fixed_36_16_5_3_0_config4_s |       1663 |       1630 |       0 |   33 | 2305 |      0 |      0 |          0 |
|     mul_16s_15ns_30_4_0_U19                                                        |                                                   SampleNeuralNet_mul_16s_15ns_30_4_0 |          0 |          0 |       0 |    0 |    0 |      0 |      0 |          1 |
|     mul_16s_15s_30_4_0_U17                                                         |                                                  SampleNeuralNet_mul_16s_15s_30_4_0_1 |          0 |          0 |       0 |    0 |    0 |      0 |      0 |          1 |
|     mul_16s_15s_30_4_0_U20                                                         |                                                  SampleNeuralNet_mul_16s_15s_30_4_0_2 |          0 |          0 |       0 |    0 |    0 |      0 |      0 |          1 |
|     mul_16s_15s_31_4_0_U18                                                         |                                                  SampleNeuralNet_mul_16s_15s_31_4_0_3 |          0 |          0 |       0 |    0 |    0 |      0 |      0 |          1 |
|   grp_dense_latency_ap_fixed_16_6_5_3_0_ap_fixed_36_16_5_3_0_config6_s_fu_156      |      SampleNeuralNet_dense_latency_ap_fixed_16_6_5_3_0_ap_fixed_36_16_5_3_0_config6_s |       1717 |       1685 |       0 |   32 | 2318 |      0 |      0 |          4 |
|     (grp_dense_latency_ap_fixed_16_6_5_3_0_ap_fixed_36_16_5_3_0_config6_s_fu_156)  |      SampleNeuralNet_dense_latency_ap_fixed_16_6_5_3_0_ap_fixed_36_16_5_3_0_config6_s |       1717 |       1685 |       0 |   32 | 2318 |      0 |      0 |          0 |
|     mul_16s_15ns_31_4_0_U38                                                        |                                                   SampleNeuralNet_mul_16s_15ns_31_4_0 |          0 |          0 |       0 |    0 |    0 |      0 |      0 |          1 |
|     mul_16s_15s_30_4_0_U39                                                         |                                                    SampleNeuralNet_mul_16s_15s_30_4_0 |          0 |          0 |       0 |    0 |    0 |      0 |      0 |          1 |
|     mul_16s_15s_30_4_0_U41                                                         |                                                  SampleNeuralNet_mul_16s_15s_30_4_0_0 |          0 |          0 |       0 |    0 |    0 |      0 |      0 |          1 |
|     mul_16s_15s_31_4_0_U40                                                         |                                                    SampleNeuralNet_mul_16s_15s_31_4_0 |          0 |          0 |       0 |    0 |    0 |      0 |      0 |          1 |
|   grp_thresholded_relu_ap_fixed_ap_fixed_ap_fixed_thresholdedrelu_config3_s_fu_120 | SampleNeuralNet_thresholded_relu_ap_fixed_ap_fixed_ap_fixed_thresholdedrelu_config3_s |        145 |        145 |       0 |    0 |  135 |      0 |      0 |          0 |
|   grp_thresholded_relu_ap_fixed_ap_fixed_ap_fixed_thresholdedrelu_config5_s_fu_144 | SampleNeuralNet_thresholded_relu_ap_fixed_ap_fixed_ap_fixed_thresholdedrelu_config5_s |        146 |        146 |       0 |    0 |  135 |      0 |      0 |          0 |
|   grp_thresholded_relu_ap_fixed_ap_fixed_ap_fixed_thresholdedrelu_config7_s_fu_168 | SampleNeuralNet_thresholded_relu_ap_fixed_ap_fixed_ap_fixed_thresholdedrelu_config7_s |        173 |        173 |       0 |    0 |  135 |      0 |      0 |          0 |
+------------------------------------------------------------------------------------+---------------------------------------------------------------------------------------+------------+------------+---------+------+------+--------+--------+------------+
* Note: The sum of lower-level cells may be larger than their parent cells total, due to cross-hierarchy LUT combining


