Copyright 1986-2022 Xilinx, Inc. All Rights Reserved. Copyright 2022-2024 Advanced Micro Devices, Inc. All Rights Reserved.
---------------------------------------------------------------------------------------------------------------------------------------------
| Tool Version : Vivado v.2024.1 (lin64) Build 5076996 Wed May 22 18:36:09 MDT 2024
| Date         : Thu Sep  3 04:35:19 2026
| Host         : ei-lan-400 running 64-bit Debian GNU/Linux 12 (bookworm)
| Command      : report_timing -max_paths 20 -file ./Analysis_Verilog/Timing_Paths_Implementation.rpt
| Design       : SampleNeuralNet
| Device       : 7z010-clg400
| Speed File   : -1  PRODUCTION 1.12 2019-11-22
| Design State : Routed
---------------------------------------------------------------------------------------------------------------------------------------------

Timing Report

Slack (VIOLATED) :        -0.435ns  (required time - arrival time)
  Source:                 custom_dsp_dense_implementation_ap_int_16_ap_int_48_config2_U0/ap_done_reg_reg/C
                            (rising edge-triggered cell FDRE clocked by ap_clk  {rise@0.000ns fall@2.000ns period=4.000ns})
  Destination:            ap_sync_reg_channel_write_layer2_out_2_reg/R
                            (rising edge-triggered cell FDRE clocked by ap_clk  {rise@0.000ns fall@2.000ns period=4.000ns})
  Path Group:             ap_clk
  Path Type:              Setup (Max at Slow Process Corner)
  Requirement:            4.000ns  (ap_clk rise@4.000ns - ap_clk rise@0.000ns)
  Data Path Delay:        3.827ns  (logic 0.952ns (24.875%)  route 2.875ns (75.125%))
  Logic Levels:           4  (LUT4=1 LUT6=3)
  Clock Path Skew:        -0.049ns (DCD - SCD + CPR)
    Destination Clock Delay (DCD):    0.924ns = ( 4.924 - 4.000 ) 
    Source Clock Delay      (SCD):    0.973ns
    Clock Pessimism Removal (CPR):    0.000ns
  Clock Uncertainty:      0.035ns  ((TSJ^2 + TIJ^2)^1/2 + DJ) / 2 + PE
    Total System Jitter     (TSJ):    0.071ns
    Total Input Jitter      (TIJ):    0.000ns
    Discrete Jitter          (DJ):    0.000ns
    Phase Error              (PE):    0.000ns

    Location             Delay type                Incr(ns)  Path(ns)    Netlist Resource(s)
  -------------------------------------------------------------------    -------------------
                         (clock ap_clk rise edge)     0.000     0.000 r  
                                                      0.000     0.000 r  ap_clk (IN)
                         net (fo=8586, unset)         0.973     0.973    custom_dsp_dense_implementation_ap_int_16_ap_int_48_config2_U0/ap_clk
    SLICE_X26Y10         FDRE                                         r  custom_dsp_dense_implementation_ap_int_16_ap_int_48_config2_U0/ap_done_reg_reg/C
  -------------------------------------------------------------------    -------------------
    SLICE_X26Y10         FDRE (Prop_fdre_C_Q)         0.456     1.429 f  custom_dsp_dense_implementation_ap_int_16_ap_int_48_config2_U0/ap_done_reg_reg/Q
                         net (fo=12, routed)          0.758     2.187    custom_dsp_dense_implementation_ap_int_16_ap_int_48_config2_U0/flow_control_loop_pipe_U/ap_done_reg
    SLICE_X27Y10         LUT6 (Prop_lut6_I0_O)        0.124     2.311 f  custom_dsp_dense_implementation_ap_int_16_ap_int_48_config2_U0/flow_control_loop_pipe_U/SRL_SIG[0][47]_i_3/O
                         net (fo=8, routed)           0.538     2.849    custom_dsp_dense_implementation_ap_int_16_ap_int_48_config2_U0/flow_control_loop_pipe_U/ap_block_state1_pp0_stage0_iter0
    SLICE_X27Y11         LUT6 (Prop_lut6_I2_O)        0.124     2.973 r  custom_dsp_dense_implementation_ap_int_16_ap_int_48_config2_U0/flow_control_loop_pipe_U/SRL_SIG[0][47]_i_1__0/O
                         net (fo=104, routed)         0.400     3.373    custom_dsp_dense_implementation_ap_int_16_ap_int_48_config2_U0/flow_control_loop_pipe_U/ap_sync_channel_write_layer2_out_10
    SLICE_X27Y10         LUT4 (Prop_lut4_I1_O)        0.124     3.497 f  custom_dsp_dense_implementation_ap_int_16_ap_int_48_config2_U0/flow_control_loop_pipe_U/ap_done_reg_i_3/O
                         net (fo=2, routed)           0.670     4.166    custom_dsp_dense_implementation_ap_int_16_ap_int_48_config2_U0/flow_control_loop_pipe_U/ap_done_reg_i_3_n_0
    SLICE_X26Y10         LUT6 (Prop_lut6_I0_O)        0.124     4.290 r  custom_dsp_dense_implementation_ap_int_16_ap_int_48_config2_U0/flow_control_loop_pipe_U/ap_sync_reg_channel_write_layer2_out_6_i_1/O
                         net (fo=8, routed)           0.510     4.800    ap_sync_reg_channel_write_layer2_out_7
    SLICE_X28Y9          FDRE                                         r  ap_sync_reg_channel_write_layer2_out_2_reg/R
  -------------------------------------------------------------------    -------------------

                         (clock ap_clk rise edge)     4.000     4.000 r  
                                                      0.000     4.000 r  ap_clk (IN)
                         net (fo=8586, unset)         0.924     4.924    ap_clk
    SLICE_X28Y9          FDRE                                         r  ap_sync_reg_channel_write_layer2_out_2_reg/C
                         clock pessimism              0.000     4.924    
                         clock uncertainty           -0.035     4.889    
    SLICE_X28Y9          FDRE (Setup_fdre_C_R)       -0.524     4.365    ap_sync_reg_channel_write_layer2_out_2_reg
  -------------------------------------------------------------------
                         required time                          4.365    
                         arrival time                          -4.800    
  -------------------------------------------------------------------
                         slack                                 -0.435    

Slack (VIOLATED) :        -0.435ns  (required time - arrival time)
  Source:                 custom_dsp_dense_implementation_ap_int_16_ap_int_48_config2_U0/ap_done_reg_reg/C
                            (rising edge-triggered cell FDRE clocked by ap_clk  {rise@0.000ns fall@2.000ns period=4.000ns})
  Destination:            ap_sync_reg_channel_write_layer2_out_5_reg/R
                            (rising edge-triggered cell FDRE clocked by ap_clk  {rise@0.000ns fall@2.000ns period=4.000ns})
  Path Group:             ap_clk
  Path Type:              Setup (Max at Slow Process Corner)
  Requirement:            4.000ns  (ap_clk rise@4.000ns - ap_clk rise@0.000ns)
  Data Path Delay:        3.827ns  (logic 0.952ns (24.875%)  route 2.875ns (75.125%))
  Logic Levels:           4  (LUT4=1 LUT6=3)
  Clock Path Skew:        -0.049ns (DCD - SCD + CPR)
    Destination Clock Delay (DCD):    0.924ns = ( 4.924 - 4.000 ) 
    Source Clock Delay      (SCD):    0.973ns
    Clock Pessimism Removal (CPR):    0.000ns
  Clock Uncertainty:      0.035ns  ((TSJ^2 + TIJ^2)^1/2 + DJ) / 2 + PE
    Total System Jitter     (TSJ):    0.071ns
    Total Input Jitter      (TIJ):    0.000ns
    Discrete Jitter          (DJ):    0.000ns
    Phase Error              (PE):    0.000ns

    Location             Delay type                Incr(ns)  Path(ns)    Netlist Resource(s)
  -------------------------------------------------------------------    -------------------
                         (clock ap_clk rise edge)     0.000     0.000 r  
                                                      0.000     0.000 r  ap_clk (IN)
                         net (fo=8586, unset)         0.973     0.973    custom_dsp_dense_implementation_ap_int_16_ap_int_48_config2_U0/ap_clk
    SLICE_X26Y10         FDRE                                         r  custom_dsp_dense_implementation_ap_int_16_ap_int_48_config2_U0/ap_done_reg_reg/C
  -------------------------------------------------------------------    -------------------
    SLICE_X26Y10         FDRE (Prop_fdre_C_Q)         0.456     1.429 f  custom_dsp_dense_implementation_ap_int_16_ap_int_48_config2_U0/ap_done_reg_reg/Q
                         net (fo=12, routed)          0.758     2.187    custom_dsp_dense_implementation_ap_int_16_ap_int_48_config2_U0/flow_control_loop_pipe_U/ap_done_reg
    SLICE_X27Y10         LUT6 (Prop_lut6_I0_O)        0.124     2.311 f  custom_dsp_dense_implementation_ap_int_16_ap_int_48_config2_U0/flow_control_loop_pipe_U/SRL_SIG[0][47]_i_3/O
                         net (fo=8, routed)           0.538     2.849    custom_dsp_dense_implementation_ap_int_16_ap_int_48_config2_U0/flow_control_loop_pipe_U/ap_block_state1_pp0_stage0_iter0
    SLICE_X27Y11         LUT6 (Prop_lut6_I2_O)        0.124     2.973 r  custom_dsp_dense_implementation_ap_int_16_ap_int_48_config2_U0/flow_control_loop_pipe_U/SRL_SIG[0][47]_i_1__0/O
                         net (fo=104, routed)         0.400     3.373    custom_dsp_dense_implementation_ap_int_16_ap_int_48_config2_U0/flow_control_loop_pipe_U/ap_sync_channel_write_layer2_out_10
    SLICE_X27Y10         LUT4 (Prop_lut4_I1_O)        0.124     3.497 f  custom_dsp_dense_implementation_ap_int_16_ap_int_48_config2_U0/flow_control_loop_pipe_U/ap_done_reg_i_3/O
                         net (fo=2, routed)           0.670     4.166    custom_dsp_dense_implementation_ap_int_16_ap_int_48_config2_U0/flow_control_loop_pipe_U/ap_done_reg_i_3_n_0
    SLICE_X26Y10         LUT6 (Prop_lut6_I0_O)        0.124     4.290 r  custom_dsp_dense_implementation_ap_int_16_ap_int_48_config2_U0/flow_control_loop_pipe_U/ap_sync_reg_channel_write_layer2_out_6_i_1/O
                         net (fo=8, routed)           0.510     4.800    ap_sync_reg_channel_write_layer2_out_7
    SLICE_X28Y9          FDRE                                         r  ap_sync_reg_channel_write_layer2_out_5_reg/R
  -------------------------------------------------------------------    -------------------

                         (clock ap_clk rise edge)     4.000     4.000 r  
                                                      0.000     4.000 r  ap_clk (IN)
                         net (fo=8586, unset)         0.924     4.924    ap_clk
    SLICE_X28Y9          FDRE                                         r  ap_sync_reg_channel_write_layer2_out_5_reg/C
                         clock pessimism              0.000     4.924    
                         clock uncertainty           -0.035     4.889    
    SLICE_X28Y9          FDRE (Setup_fdre_C_R)       -0.524     4.365    ap_sync_reg_channel_write_layer2_out_5_reg
  -------------------------------------------------------------------
                         required time                          4.365    
                         arrival time                          -4.800    
  -------------------------------------------------------------------
                         slack                                 -0.435    

Slack (VIOLATED) :        -0.435ns  (required time - arrival time)
  Source:                 custom_dsp_dense_implementation_ap_int_16_ap_int_48_config2_U0/ap_done_reg_reg/C
                            (rising edge-triggered cell FDRE clocked by ap_clk  {rise@0.000ns fall@2.000ns period=4.000ns})
  Destination:            ap_sync_reg_channel_write_layer2_out_reg/R
                            (rising edge-triggered cell FDRE clocked by ap_clk  {rise@0.000ns fall@2.000ns period=4.000ns})
  Path Group:             ap_clk
  Path Type:              Setup (Max at Slow Process Corner)
  Requirement:            4.000ns  (ap_clk rise@4.000ns - ap_clk rise@0.000ns)
  Data Path Delay:        3.827ns  (logic 0.952ns (24.875%)  route 2.875ns (75.125%))
  Logic Levels:           4  (LUT4=1 LUT6=3)
  Clock Path Skew:        -0.049ns (DCD - SCD + CPR)
    Destination Clock Delay (DCD):    0.924ns = ( 4.924 - 4.000 ) 
    Source Clock Delay      (SCD):    0.973ns
    Clock Pessimism Removal (CPR):    0.000ns
  Clock Uncertainty:      0.035ns  ((TSJ^2 + TIJ^2)^1/2 + DJ) / 2 + PE
    Total System Jitter     (TSJ):    0.071ns
    Total Input Jitter      (TIJ):    0.000ns
    Discrete Jitter          (DJ):    0.000ns
    Phase Error              (PE):    0.000ns

    Location             Delay type                Incr(ns)  Path(ns)    Netlist Resource(s)
  -------------------------------------------------------------------    -------------------
                         (clock ap_clk rise edge)     0.000     0.000 r  
                                                      0.000     0.000 r  ap_clk (IN)
                         net (fo=8586, unset)         0.973     0.973    custom_dsp_dense_implementation_ap_int_16_ap_int_48_config2_U0/ap_clk
    SLICE_X26Y10         FDRE                                         r  custom_dsp_dense_implementation_ap_int_16_ap_int_48_config2_U0/ap_done_reg_reg/C
  -------------------------------------------------------------------    -------------------
    SLICE_X26Y10         FDRE (Prop_fdre_C_Q)         0.456     1.429 f  custom_dsp_dense_implementation_ap_int_16_ap_int_48_config2_U0/ap_done_reg_reg/Q
                         net (fo=12, routed)          0.758     2.187    custom_dsp_dense_implementation_ap_int_16_ap_int_48_config2_U0/flow_control_loop_pipe_U/ap_done_reg
    SLICE_X27Y10         LUT6 (Prop_lut6_I0_O)        0.124     2.311 f  custom_dsp_dense_implementation_ap_int_16_ap_int_48_config2_U0/flow_control_loop_pipe_U/SRL_SIG[0][47]_i_3/O
                         net (fo=8, routed)           0.538     2.849    custom_dsp_dense_implementation_ap_int_16_ap_int_48_config2_U0/flow_control_loop_pipe_U/ap_block_state1_pp0_stage0_iter0
    SLICE_X27Y11         LUT6 (Prop_lut6_I2_O)        0.124     2.973 r  custom_dsp_dense_implementation_ap_int_16_ap_int_48_config2_U0/flow_control_loop_pipe_U/SRL_SIG[0][47]_i_1__0/O
                         net (fo=104, routed)         0.400     3.373    custom_dsp_dense_implementation_ap_int_16_ap_int_48_config2_U0/flow_control_loop_pipe_U/ap_sync_channel_write_layer2_out_10
    SLICE_X27Y10         LUT4 (Prop_lut4_I1_O)        0.124     3.497 f  custom_dsp_dense_implementation_ap_int_16_ap_int_48_config2_U0/flow_control_loop_pipe_U/ap_done_reg_i_3/O
                         net (fo=2, routed)           0.670     4.166    custom_dsp_dense_implementation_ap_int_16_ap_int_48_config2_U0/flow_control_loop_pipe_U/ap_done_reg_i_3_n_0
    SLICE_X26Y10         LUT6 (Prop_lut6_I0_O)        0.124     4.290 r  custom_dsp_dense_implementation_ap_int_16_ap_int_48_config2_U0/flow_control_loop_pipe_U/ap_sync_reg_channel_write_layer2_out_6_i_1/O
                         net (fo=8, routed)           0.510     4.800    ap_sync_reg_channel_write_layer2_out_7
    SLICE_X28Y9          FDRE                                         r  ap_sync_reg_channel_write_layer2_out_reg/R
  -------------------------------------------------------------------    -------------------

                         (clock ap_clk rise edge)     4.000     4.000 r  
                                                      0.000     4.000 r  ap_clk (IN)
                         net (fo=8586, unset)         0.924     4.924    ap_clk
    SLICE_X28Y9          FDRE                                         r  ap_sync_reg_channel_write_layer2_out_reg/C
                         clock pessimism              0.000     4.924    
                         clock uncertainty           -0.035     4.889    
    SLICE_X28Y9          FDRE (Setup_fdre_C_R)       -0.524     4.365    ap_sync_reg_channel_write_layer2_out_reg
  -------------------------------------------------------------------
                         required time                          4.365    
                         arrival time                          -4.800    
  -------------------------------------------------------------------
                         slack                                 -0.435    

Slack (VIOLATED) :        -0.360ns  (required time - arrival time)
  Source:                 custom_dsp_dense_implementation_ap_int_16_ap_int_48_config2_U0/ap_done_reg_reg/C
                            (rising edge-triggered cell FDRE clocked by ap_clk  {rise@0.000ns fall@2.000ns period=4.000ns})
  Destination:            ap_sync_reg_channel_write_layer2_out_6_reg/R
                            (rising edge-triggered cell FDRE clocked by ap_clk  {rise@0.000ns fall@2.000ns period=4.000ns})
  Path Group:             ap_clk
  Path Type:              Setup (Max at Slow Process Corner)
  Requirement:            4.000ns  (ap_clk rise@4.000ns - ap_clk rise@0.000ns)
  Data Path Delay:        3.847ns  (logic 0.952ns (24.746%)  route 2.895ns (75.254%))
  Logic Levels:           4  (LUT4=1 LUT6=3)
  Clock Path Skew:        -0.049ns (DCD - SCD + CPR)
    Destination Clock Delay (DCD):    0.924ns = ( 4.924 - 4.000 ) 
    Source Clock Delay      (SCD):    0.973ns
    Clock Pessimism Removal (CPR):    0.000ns
  Clock Uncertainty:      0.035ns  ((TSJ^2 + TIJ^2)^1/2 + DJ) / 2 + PE
    Total System Jitter     (TSJ):    0.071ns
    Total Input Jitter      (TIJ):    0.000ns
    Discrete Jitter          (DJ):    0.000ns
    Phase Error              (PE):    0.000ns

    Location             Delay type                Incr(ns)  Path(ns)    Netlist Resource(s)
  -------------------------------------------------------------------    -------------------
                         (clock ap_clk rise edge)     0.000     0.000 r  
                                                      0.000     0.000 r  ap_clk (IN)
                         net (fo=8586, unset)         0.973     0.973    custom_dsp_dense_implementation_ap_int_16_ap_int_48_config2_U0/ap_clk
    SLICE_X26Y10         FDRE                                         r  custom_dsp_dense_implementation_ap_int_16_ap_int_48_config2_U0/ap_done_reg_reg/C
  -------------------------------------------------------------------    -------------------
    SLICE_X26Y10         FDRE (Prop_fdre_C_Q)         0.456     1.429 f  custom_dsp_dense_implementation_ap_int_16_ap_int_48_config2_U0/ap_done_reg_reg/Q
                         net (fo=12, routed)          0.758     2.187    custom_dsp_dense_implementation_ap_int_16_ap_int_48_config2_U0/flow_control_loop_pipe_U/ap_done_reg
    SLICE_X27Y10         LUT6 (Prop_lut6_I0_O)        0.124     2.311 f  custom_dsp_dense_implementation_ap_int_16_ap_int_48_config2_U0/flow_control_loop_pipe_U/SRL_SIG[0][47]_i_3/O
                         net (fo=8, routed)           0.538     2.849    custom_dsp_dense_implementation_ap_int_16_ap_int_48_config2_U0/flow_control_loop_pipe_U/ap_block_state1_pp0_stage0_iter0
    SLICE_X27Y11         LUT6 (Prop_lut6_I2_O)        0.124     2.973 r  custom_dsp_dense_implementation_ap_int_16_ap_int_48_config2_U0/flow_control_loop_pipe_U/SRL_SIG[0][47]_i_1__0/O
                         net (fo=104, routed)         0.400     3.373    custom_dsp_dense_implementation_ap_int_16_ap_int_48_config2_U0/flow_control_loop_pipe_U/ap_sync_channel_write_layer2_out_10
    SLICE_X27Y10         LUT4 (Prop_lut4_I1_O)        0.124     3.497 f  custom_dsp_dense_implementation_ap_int_16_ap_int_48_config2_U0/flow_control_loop_pipe_U/ap_done_reg_i_3/O
                         net (fo=2, routed)           0.670     4.166    custom_dsp_dense_implementation_ap_int_16_ap_int_48_config2_U0/flow_control_loop_pipe_U/ap_done_reg_i_3_n_0
    SLICE_X26Y10         LUT6 (Prop_lut6_I0_O)        0.124     4.290 r  custom_dsp_dense_implementation_ap_int_16_ap_int_48_config2_U0/flow_control_loop_pipe_U/ap_sync_reg_channel_write_layer2_out_6_i_1/O
                         net (fo=8, routed)           0.530     4.820    ap_sync_reg_channel_write_layer2_out_7
    SLICE_X27Y11         FDRE                                         r  ap_sync_reg_channel_write_layer2_out_6_reg/R
  -------------------------------------------------------------------    -------------------

                         (clock ap_clk rise edge)     4.000     4.000 r  
                                                      0.000     4.000 r  ap_clk (IN)
                         net (fo=8586, unset)         0.924     4.924    ap_clk
    SLICE_X27Y11         FDRE                                         r  ap_sync_reg_channel_write_layer2_out_6_reg/C
                         clock pessimism              0.000     4.924    
                         clock uncertainty           -0.035     4.889    
    SLICE_X27Y11         FDRE (Setup_fdre_C_R)       -0.429     4.460    ap_sync_reg_channel_write_layer2_out_6_reg
  -------------------------------------------------------------------
                         required time                          4.460    
                         arrival time                          -4.820    
  -------------------------------------------------------------------
                         slack                                 -0.360    

Slack (VIOLATED) :        -0.307ns  (required time - arrival time)
  Source:                 ap_sync_reg_channel_write_layer4_out_4_reg/C
                            (rising edge-triggered cell FDRE clocked by ap_clk  {rise@0.000ns fall@2.000ns period=4.000ns})
  Destination:            ap_sync_reg_channel_write_layer4_out_2_reg/R
                            (rising edge-triggered cell FDRE clocked by ap_clk  {rise@0.000ns fall@2.000ns period=4.000ns})
  Path Group:             ap_clk
  Path Type:              Setup (Max at Slow Process Corner)
  Requirement:            4.000ns  (ap_clk rise@4.000ns - ap_clk rise@0.000ns)
  Data Path Delay:        3.699ns  (logic 0.952ns (25.739%)  route 2.747ns (74.261%))
  Logic Levels:           4  (LUT4=2 LUT5=1 LUT6=1)
  Clock Path Skew:        -0.049ns (DCD - SCD + CPR)
    Destination Clock Delay (DCD):    0.924ns = ( 4.924 - 4.000 ) 
    Source Clock Delay      (SCD):    0.973ns
    Clock Pessimism Removal (CPR):    0.000ns
  Clock Uncertainty:      0.035ns  ((TSJ^2 + TIJ^2)^1/2 + DJ) / 2 + PE
    Total System Jitter     (TSJ):    0.071ns
    Total Input Jitter      (TIJ):    0.000ns
    Discrete Jitter          (DJ):    0.000ns
    Phase Error              (PE):    0.000ns

    Location             Delay type                Incr(ns)  Path(ns)    Netlist Resource(s)
  -------------------------------------------------------------------    -------------------
                         (clock ap_clk rise edge)     0.000     0.000 r  
                                                      0.000     0.000 r  ap_clk (IN)
                         net (fo=8586, unset)         0.973     0.973    ap_clk
    SLICE_X13Y21         FDRE                                         r  ap_sync_reg_channel_write_layer4_out_4_reg/C
  -------------------------------------------------------------------    -------------------
    SLICE_X13Y21         FDRE (Prop_fdre_C_Q)         0.456     1.429 f  ap_sync_reg_channel_write_layer4_out_4_reg/Q
                         net (fo=3, routed)           0.730     2.159    custom_dsp_dense_implementation_ap_int_16_ap_int_48_config4_U0/ap_sync_reg_channel_write_layer4_out_4
    SLICE_X11Y21         LUT4 (Prop_lut4_I1_O)        0.124     2.283 r  custom_dsp_dense_implementation_ap_int_16_ap_int_48_config4_U0/SRL_SIG[0][47]_i_1__10/O
                         net (fo=104, routed)         0.615     2.898    custom_dsp_dense_implementation_ap_int_16_ap_int_48_config4_U0/push_1
    SLICE_X12Y21         LUT5 (Prop_lut5_I0_O)        0.124     3.022 f  custom_dsp_dense_implementation_ap_int_16_ap_int_48_config4_U0/ap_done_reg_inv_i_4__0/O
                         net (fo=1, routed)           0.162     3.184    custom_dsp_dense_implementation_ap_int_16_ap_int_48_config4_U0/ap_done_reg_inv_i_4__0_n_0
    SLICE_X12Y21         LUT6 (Prop_lut6_I5_O)        0.124     3.308 r  custom_dsp_dense_implementation_ap_int_16_ap_int_48_config4_U0/ap_done_reg_inv_i_2__0/O
                         net (fo=2, routed)           0.495     3.803    custom_dsp_dense_implementation_ap_int_16_ap_int_48_config4_U0/custom_dsp_dense_implementation_ap_int_16_ap_int_48_config4_U0_ap_continue
    SLICE_X13Y21         LUT4 (Prop_lut4_I0_O)        0.124     3.927 r  custom_dsp_dense_implementation_ap_int_16_ap_int_48_config4_U0/ap_sync_reg_channel_write_layer4_out_6_i_1/O
                         net (fo=8, routed)           0.744     4.672    ap_sync_reg_channel_write_layer4_out_7
    SLICE_X10Y21         FDRE                                         r  ap_sync_reg_channel_write_layer4_out_2_reg/R
  -------------------------------------------------------------------    -------------------

                         (clock ap_clk rise edge)     4.000     4.000 r  
                                                      0.000     4.000 r  ap_clk (IN)
                         net (fo=8586, unset)         0.924     4.924    ap_clk
    SLICE_X10Y21         FDRE                                         r  ap_sync_reg_channel_write_layer4_out_2_reg/C
                         clock pessimism              0.000     4.924    
                         clock uncertainty           -0.035     4.889    
    SLICE_X10Y21         FDRE (Setup_fdre_C_R)       -0.524     4.365    ap_sync_reg_channel_write_layer4_out_2_reg
  -------------------------------------------------------------------
                         required time                          4.365    
                         arrival time                          -4.672    
  -------------------------------------------------------------------
                         slack                                 -0.307    

Slack (VIOLATED) :        -0.307ns  (required time - arrival time)
  Source:                 ap_sync_reg_channel_write_layer4_out_4_reg/C
                            (rising edge-triggered cell FDRE clocked by ap_clk  {rise@0.000ns fall@2.000ns period=4.000ns})
  Destination:            ap_sync_reg_channel_write_layer4_out_5_reg/R
                            (rising edge-triggered cell FDRE clocked by ap_clk  {rise@0.000ns fall@2.000ns period=4.000ns})
  Path Group:             ap_clk
  Path Type:              Setup (Max at Slow Process Corner)
  Requirement:            4.000ns  (ap_clk rise@4.000ns - ap_clk rise@0.000ns)
  Data Path Delay:        3.699ns  (logic 0.952ns (25.739%)  route 2.747ns (74.261%))
  Logic Levels:           4  (LUT4=2 LUT5=1 LUT6=1)
  Clock Path Skew:        -0.049ns (DCD - SCD + CPR)
    Destination Clock Delay (DCD):    0.924ns = ( 4.924 - 4.000 ) 
    Source Clock Delay      (SCD):    0.973ns
    Clock Pessimism Removal (CPR):    0.000ns
  Clock Uncertainty:      0.035ns  ((TSJ^2 + TIJ^2)^1/2 + DJ) / 2 + PE
    Total System Jitter     (TSJ):    0.071ns
    Total Input Jitter      (TIJ):    0.000ns
    Discrete Jitter          (DJ):    0.000ns
    Phase Error              (PE):    0.000ns

    Location             Delay type                Incr(ns)  Path(ns)    Netlist Resource(s)
  -------------------------------------------------------------------    -------------------
                         (clock ap_clk rise edge)     0.000     0.000 r  
                                                      0.000     0.000 r  ap_clk (IN)
                         net (fo=8586, unset)         0.973     0.973    ap_clk
    SLICE_X13Y21         FDRE                                         r  ap_sync_reg_channel_write_layer4_out_4_reg/C
  -------------------------------------------------------------------    -------------------
    SLICE_X13Y21         FDRE (Prop_fdre_C_Q)         0.456     1.429 f  ap_sync_reg_channel_write_layer4_out_4_reg/Q
                         net (fo=3, routed)           0.730     2.159    custom_dsp_dense_implementation_ap_int_16_ap_int_48_config4_U0/ap_sync_reg_channel_write_layer4_out_4
    SLICE_X11Y21         LUT4 (Prop_lut4_I1_O)        0.124     2.283 r  custom_dsp_dense_implementation_ap_int_16_ap_int_48_config4_U0/SRL_SIG[0][47]_i_1__10/O
                         net (fo=104, routed)         0.615     2.898    custom_dsp_dense_implementation_ap_int_16_ap_int_48_config4_U0/push_1
    SLICE_X12Y21         LUT5 (Prop_lut5_I0_O)        0.124     3.022 f  custom_dsp_dense_implementation_ap_int_16_ap_int_48_config4_U0/ap_done_reg_inv_i_4__0/O
                         net (fo=1, routed)           0.162     3.184    custom_dsp_dense_implementation_ap_int_16_ap_int_48_config4_U0/ap_done_reg_inv_i_4__0_n_0
    SLICE_X12Y21         LUT6 (Prop_lut6_I5_O)        0.124     3.308 r  custom_dsp_dense_implementation_ap_int_16_ap_int_48_config4_U0/ap_done_reg_inv_i_2__0/O
                         net (fo=2, routed)           0.495     3.803    custom_dsp_dense_implementation_ap_int_16_ap_int_48_config4_U0/custom_dsp_dense_implementation_ap_int_16_ap_int_48_config4_U0_ap_continue
    SLICE_X13Y21         LUT4 (Prop_lut4_I0_O)        0.124     3.927 r  custom_dsp_dense_implementation_ap_int_16_ap_int_48_config4_U0/ap_sync_reg_channel_write_layer4_out_6_i_1/O
                         net (fo=8, routed)           0.744     4.672    ap_sync_reg_channel_write_layer4_out_7
    SLICE_X10Y21         FDRE                                         r  ap_sync_reg_channel_write_layer4_out_5_reg/R
  -------------------------------------------------------------------    -------------------

                         (clock ap_clk rise edge)     4.000     4.000 r  
                                                      0.000     4.000 r  ap_clk (IN)
                         net (fo=8586, unset)         0.924     4.924    ap_clk
    SLICE_X10Y21         FDRE                                         r  ap_sync_reg_channel_write_layer4_out_5_reg/C
                         clock pessimism              0.000     4.924    
                         clock uncertainty           -0.035     4.889    
    SLICE_X10Y21         FDRE (Setup_fdre_C_R)       -0.524     4.365    ap_sync_reg_channel_write_layer4_out_5_reg
  -------------------------------------------------------------------
                         required time                          4.365    
                         arrival time                          -4.672    
  -------------------------------------------------------------------
                         slack                                 -0.307    

Slack (VIOLATED) :        -0.244ns  (required time - arrival time)
  Source:                 ap_sync_reg_channel_write_layer5_out_4_reg/C
                            (rising edge-triggered cell FDRE clocked by ap_clk  {rise@0.000ns fall@2.000ns period=4.000ns})
  Destination:            ap_sync_reg_channel_write_layer5_out_4_reg/R
                            (rising edge-triggered cell FDRE clocked by ap_clk  {rise@0.000ns fall@2.000ns period=4.000ns})
  Path Group:             ap_clk
  Path Type:              Setup (Max at Slow Process Corner)
  Requirement:            4.000ns  (ap_clk rise@4.000ns - ap_clk rise@0.000ns)
  Data Path Delay:        3.636ns  (logic 1.014ns (27.887%)  route 2.622ns (72.113%))
  Logic Levels:           4  (LUT4=2 LUT5=1 LUT6=1)
  Clock Path Skew:        -0.049ns (DCD - SCD + CPR)
    Destination Clock Delay (DCD):    0.924ns = ( 4.924 - 4.000 ) 
    Source Clock Delay      (SCD):    0.973ns
    Clock Pessimism Removal (CPR):    0.000ns
  Clock Uncertainty:      0.035ns  ((TSJ^2 + TIJ^2)^1/2 + DJ) / 2 + PE
    Total System Jitter     (TSJ):    0.071ns
    Total Input Jitter      (TIJ):    0.000ns
    Discrete Jitter          (DJ):    0.000ns
    Phase Error              (PE):    0.000ns

    Location             Delay type                Incr(ns)  Path(ns)    Netlist Resource(s)
  -------------------------------------------------------------------    -------------------
                         (clock ap_clk rise edge)     0.000     0.000 r  
                                                      0.000     0.000 r  ap_clk (IN)
                         net (fo=8586, unset)         0.973     0.973    ap_clk
    SLICE_X16Y44         FDRE                                         r  ap_sync_reg_channel_write_layer5_out_4_reg/C
  -------------------------------------------------------------------    -------------------
    SLICE_X16Y44         FDRE (Prop_fdre_C_Q)         0.518     1.491 f  ap_sync_reg_channel_write_layer5_out_4_reg/Q
                         net (fo=3, routed)           0.801     2.292    thresholded_relu_ap_int_48_ap_int_48_ap_int_16_thresholdedrelu_config5_U0/ap_sync_reg_channel_write_layer5_out_4
    SLICE_X16Y44         LUT4 (Prop_lut4_I1_O)        0.124     2.416 r  thresholded_relu_ap_int_48_ap_int_48_ap_int_16_thresholdedrelu_config5_U0/SRL_SIG[0][15]_i_1__10/O
                         net (fo=39, routed)          0.490     2.906    thresholded_relu_ap_int_48_ap_int_48_ap_int_16_thresholdedrelu_config5_U0/push_1
    SLICE_X16Y44         LUT5 (Prop_lut5_I0_O)        0.124     3.030 f  thresholded_relu_ap_int_48_ap_int_48_ap_int_16_thresholdedrelu_config5_U0/ap_done_reg_inv_i_4__1/O
                         net (fo=1, routed)           0.403     3.433    thresholded_relu_ap_int_48_ap_int_48_ap_int_16_thresholdedrelu_config5_U0/ap_done_reg_inv_i_4__1_n_0
    SLICE_X17Y44         LUT6 (Prop_lut6_I5_O)        0.124     3.557 r  thresholded_relu_ap_int_48_ap_int_48_ap_int_16_thresholdedrelu_config5_U0/ap_done_reg_inv_i_2__1/O
                         net (fo=2, routed)           0.276     3.833    thresholded_relu_ap_int_48_ap_int_48_ap_int_16_thresholdedrelu_config5_U0/thresholded_relu_ap_int_48_ap_int_48_ap_int_16_thresholdedrelu_config5_U0_ap_continue
    SLICE_X17Y44         LUT4 (Prop_lut4_I0_O)        0.124     3.957 r  thresholded_relu_ap_int_48_ap_int_48_ap_int_16_thresholdedrelu_config5_U0/ap_sync_reg_channel_write_layer5_out_6_i_1/O
                         net (fo=8, routed)           0.653     4.609    ap_sync_reg_channel_write_layer5_out_7
    SLICE_X16Y44         FDRE                                         r  ap_sync_reg_channel_write_layer5_out_4_reg/R
  -------------------------------------------------------------------    -------------------

                         (clock ap_clk rise edge)     4.000     4.000 r  
                                                      0.000     4.000 r  ap_clk (IN)
                         net (fo=8586, unset)         0.924     4.924    ap_clk
    SLICE_X16Y44         FDRE                                         r  ap_sync_reg_channel_write_layer5_out_4_reg/C
                         clock pessimism              0.000     4.924    
                         clock uncertainty           -0.035     4.889    
    SLICE_X16Y44         FDRE (Setup_fdre_C_R)       -0.524     4.365    ap_sync_reg_channel_write_layer5_out_4_reg
  -------------------------------------------------------------------
                         required time                          4.365    
                         arrival time                          -4.609    
  -------------------------------------------------------------------
                         slack                                 -0.244    

Slack (VIOLATED) :        -0.244ns  (required time - arrival time)
  Source:                 ap_sync_reg_channel_write_layer5_out_4_reg/C
                            (rising edge-triggered cell FDRE clocked by ap_clk  {rise@0.000ns fall@2.000ns period=4.000ns})
  Destination:            ap_sync_reg_channel_write_layer5_out_6_reg/R
                            (rising edge-triggered cell FDRE clocked by ap_clk  {rise@0.000ns fall@2.000ns period=4.000ns})
  Path Group:             ap_clk
  Path Type:              Setup (Max at Slow Process Corner)
  Requirement:            4.000ns  (ap_clk rise@4.000ns - ap_clk rise@0.000ns)
  Data Path Delay:        3.636ns  (logic 1.014ns (27.887%)  route 2.622ns (72.113%))
  Logic Levels:           4  (LUT4=2 LUT5=1 LUT6=1)
  Clock Path Skew:        -0.049ns (DCD - SCD + CPR)
    Destination Clock Delay (DCD):    0.924ns = ( 4.924 - 4.000 ) 
    Source Clock Delay      (SCD):    0.973ns
    Clock Pessimism Removal (CPR):    0.000ns
  Clock Uncertainty:      0.035ns  ((TSJ^2 + TIJ^2)^1/2 + DJ) / 2 + PE
    Total System Jitter     (TSJ):    0.071ns
    Total Input Jitter      (TIJ):    0.000ns
    Discrete Jitter          (DJ):    0.000ns
    Phase Error              (PE):    0.000ns

    Location             Delay type                Incr(ns)  Path(ns)    Netlist Resource(s)
  -------------------------------------------------------------------    -------------------
                         (clock ap_clk rise edge)     0.000     0.000 r  
                                                      0.000     0.000 r  ap_clk (IN)
                         net (fo=8586, unset)         0.973     0.973    ap_clk
    SLICE_X16Y44         FDRE                                         r  ap_sync_reg_channel_write_layer5_out_4_reg/C
  -------------------------------------------------------------------    -------------------
    SLICE_X16Y44         FDRE (Prop_fdre_C_Q)         0.518     1.491 f  ap_sync_reg_channel_write_layer5_out_4_reg/Q
                         net (fo=3, routed)           0.801     2.292    thresholded_relu_ap_int_48_ap_int_48_ap_int_16_thresholdedrelu_config5_U0/ap_sync_reg_channel_write_layer5_out_4
    SLICE_X16Y44         LUT4 (Prop_lut4_I1_O)        0.124     2.416 r  thresholded_relu_ap_int_48_ap_int_48_ap_int_16_thresholdedrelu_config5_U0/SRL_SIG[0][15]_i_1__10/O
                         net (fo=39, routed)          0.490     2.906    thresholded_relu_ap_int_48_ap_int_48_ap_int_16_thresholdedrelu_config5_U0/push_1
    SLICE_X16Y44         LUT5 (Prop_lut5_I0_O)        0.124     3.030 f  thresholded_relu_ap_int_48_ap_int_48_ap_int_16_thresholdedrelu_config5_U0/ap_done_reg_inv_i_4__1/O
                         net (fo=1, routed)           0.403     3.433    thresholded_relu_ap_int_48_ap_int_48_ap_int_16_thresholdedrelu_config5_U0/ap_done_reg_inv_i_4__1_n_0
    SLICE_X17Y44         LUT6 (Prop_lut6_I5_O)        0.124     3.557 r  thresholded_relu_ap_int_48_ap_int_48_ap_int_16_thresholdedrelu_config5_U0/ap_done_reg_inv_i_2__1/O
                         net (fo=2, routed)           0.276     3.833    thresholded_relu_ap_int_48_ap_int_48_ap_int_16_thresholdedrelu_config5_U0/thresholded_relu_ap_int_48_ap_int_48_ap_int_16_thresholdedrelu_config5_U0_ap_continue
    SLICE_X17Y44         LUT4 (Prop_lut4_I0_O)        0.124     3.957 r  thresholded_relu_ap_int_48_ap_int_48_ap_int_16_thresholdedrelu_config5_U0/ap_sync_reg_channel_write_layer5_out_6_i_1/O
                         net (fo=8, routed)           0.653     4.609    ap_sync_reg_channel_write_layer5_out_7
    SLICE_X16Y44         FDRE                                         r  ap_sync_reg_channel_write_layer5_out_6_reg/R
  -------------------------------------------------------------------    -------------------

                         (clock ap_clk rise edge)     4.000     4.000 r  
                                                      0.000     4.000 r  ap_clk (IN)
                         net (fo=8586, unset)         0.924     4.924    ap_clk
    SLICE_X16Y44         FDRE                                         r  ap_sync_reg_channel_write_layer5_out_6_reg/C
                         clock pessimism              0.000     4.924    
                         clock uncertainty           -0.035     4.889    
    SLICE_X16Y44         FDRE (Setup_fdre_C_R)       -0.524     4.365    ap_sync_reg_channel_write_layer5_out_6_reg
  -------------------------------------------------------------------
                         required time                          4.365    
                         arrival time                          -4.609    
  -------------------------------------------------------------------
                         slack                                 -0.244    

Slack (VIOLATED) :        -0.203ns  (required time - arrival time)
  Source:                 custom_dsp_dense_implementation_ap_int_16_ap_int_48_config2_U0/ap_done_reg_reg/C
                            (rising edge-triggered cell FDRE clocked by ap_clk  {rise@0.000ns fall@2.000ns period=4.000ns})
  Destination:            ap_sync_reg_channel_write_layer2_out_1_reg/R
                            (rising edge-triggered cell FDRE clocked by ap_clk  {rise@0.000ns fall@2.000ns period=4.000ns})
  Path Group:             ap_clk
  Path Type:              Setup (Max at Slow Process Corner)
  Requirement:            4.000ns  (ap_clk rise@4.000ns - ap_clk rise@0.000ns)
  Data Path Delay:        3.690ns  (logic 0.952ns (25.801%)  route 2.738ns (74.199%))
  Logic Levels:           4  (LUT4=1 LUT6=3)
  Clock Path Skew:        -0.049ns (DCD - SCD + CPR)
    Destination Clock Delay (DCD):    0.924ns = ( 4.924 - 4.000 ) 
    Source Clock Delay      (SCD):    0.973ns
    Clock Pessimism Removal (CPR):    0.000ns
  Clock Uncertainty:      0.035ns  ((TSJ^2 + TIJ^2)^1/2 + DJ) / 2 + PE
    Total System Jitter     (TSJ):    0.071ns
    Total Input Jitter      (TIJ):    0.000ns
    Discrete Jitter          (DJ):    0.000ns
    Phase Error              (PE):    0.000ns

    Location             Delay type                Incr(ns)  Path(ns)    Netlist Resource(s)
  -------------------------------------------------------------------    -------------------
                         (clock ap_clk rise edge)     0.000     0.000 r  
                                                      0.000     0.000 r  ap_clk (IN)
                         net (fo=8586, unset)         0.973     0.973    custom_dsp_dense_implementation_ap_int_16_ap_int_48_config2_U0/ap_clk
    SLICE_X26Y10         FDRE                                         r  custom_dsp_dense_implementation_ap_int_16_ap_int_48_config2_U0/ap_done_reg_reg/C
  -------------------------------------------------------------------    -------------------
    SLICE_X26Y10         FDRE (Prop_fdre_C_Q)         0.456     1.429 f  custom_dsp_dense_implementation_ap_int_16_ap_int_48_config2_U0/ap_done_reg_reg/Q
                         net (fo=12, routed)          0.758     2.187    custom_dsp_dense_implementation_ap_int_16_ap_int_48_config2_U0/flow_control_loop_pipe_U/ap_done_reg
    SLICE_X27Y10         LUT6 (Prop_lut6_I0_O)        0.124     2.311 f  custom_dsp_dense_implementation_ap_int_16_ap_int_48_config2_U0/flow_control_loop_pipe_U/SRL_SIG[0][47]_i_3/O
                         net (fo=8, routed)           0.538     2.849    custom_dsp_dense_implementation_ap_int_16_ap_int_48_config2_U0/flow_control_loop_pipe_U/ap_block_state1_pp0_stage0_iter0
    SLICE_X27Y11         LUT6 (Prop_lut6_I2_O)        0.124     2.973 r  custom_dsp_dense_implementation_ap_int_16_ap_int_48_config2_U0/flow_control_loop_pipe_U/SRL_SIG[0][47]_i_1__0/O
                         net (fo=104, routed)         0.400     3.373    custom_dsp_dense_implementation_ap_int_16_ap_int_48_config2_U0/flow_control_loop_pipe_U/ap_sync_channel_write_layer2_out_10
    SLICE_X27Y10         LUT4 (Prop_lut4_I1_O)        0.124     3.497 f  custom_dsp_dense_implementation_ap_int_16_ap_int_48_config2_U0/flow_control_loop_pipe_U/ap_done_reg_i_3/O
                         net (fo=2, routed)           0.670     4.166    custom_dsp_dense_implementation_ap_int_16_ap_int_48_config2_U0/flow_control_loop_pipe_U/ap_done_reg_i_3_n_0
    SLICE_X26Y10         LUT6 (Prop_lut6_I0_O)        0.124     4.290 r  custom_dsp_dense_implementation_ap_int_16_ap_int_48_config2_U0/flow_control_loop_pipe_U/ap_sync_reg_channel_write_layer2_out_6_i_1/O
                         net (fo=8, routed)           0.372     4.663    ap_sync_reg_channel_write_layer2_out_7
    SLICE_X27Y9          FDRE                                         r  ap_sync_reg_channel_write_layer2_out_1_reg/R
  -------------------------------------------------------------------    -------------------

                         (clock ap_clk rise edge)     4.000     4.000 r  
                                                      0.000     4.000 r  ap_clk (IN)
                         net (fo=8586, unset)         0.924     4.924    ap_clk
    SLICE_X27Y9          FDRE                                         r  ap_sync_reg_channel_write_layer2_out_1_reg/C
                         clock pessimism              0.000     4.924    
                         clock uncertainty           -0.035     4.889    
    SLICE_X27Y9          FDRE (Setup_fdre_C_R)       -0.429     4.460    ap_sync_reg_channel_write_layer2_out_1_reg
  -------------------------------------------------------------------
                         required time                          4.460    
                         arrival time                          -4.663    
  -------------------------------------------------------------------
                         slack                                 -0.203    

Slack (VIOLATED) :        -0.203ns  (required time - arrival time)
  Source:                 custom_dsp_dense_implementation_ap_int_16_ap_int_48_config2_U0/ap_done_reg_reg/C
                            (rising edge-triggered cell FDRE clocked by ap_clk  {rise@0.000ns fall@2.000ns period=4.000ns})
  Destination:            ap_sync_reg_channel_write_layer2_out_3_reg/R
                            (rising edge-triggered cell FDRE clocked by ap_clk  {rise@0.000ns fall@2.000ns period=4.000ns})
  Path Group:             ap_clk
  Path Type:              Setup (Max at Slow Process Corner)
  Requirement:            4.000ns  (ap_clk rise@4.000ns - ap_clk rise@0.000ns)
  Data Path Delay:        3.690ns  (logic 0.952ns (25.801%)  route 2.738ns (74.199%))
  Logic Levels:           4  (LUT4=1 LUT6=3)
  Clock Path Skew:        -0.049ns (DCD - SCD + CPR)
    Destination Clock Delay (DCD):    0.924ns = ( 4.924 - 4.000 ) 
    Source Clock Delay      (SCD):    0.973ns
    Clock Pessimism Removal (CPR):    0.000ns
  Clock Uncertainty:      0.035ns  ((TSJ^2 + TIJ^2)^1/2 + DJ) / 2 + PE
    Total System Jitter     (TSJ):    0.071ns
    Total Input Jitter      (TIJ):    0.000ns
    Discrete Jitter          (DJ):    0.000ns
    Phase Error              (PE):    0.000ns

    Location             Delay type                Incr(ns)  Path(ns)    Netlist Resource(s)
  -------------------------------------------------------------------    -------------------
                         (clock ap_clk rise edge)     0.000     0.000 r  
                                                      0.000     0.000 r  ap_clk (IN)
                         net (fo=8586, unset)         0.973     0.973    custom_dsp_dense_implementation_ap_int_16_ap_int_48_config2_U0/ap_clk
    SLICE_X26Y10         FDRE                                         r  custom_dsp_dense_implementation_ap_int_16_ap_int_48_config2_U0/ap_done_reg_reg/C
  -------------------------------------------------------------------    -------------------
    SLICE_X26Y10         FDRE (Prop_fdre_C_Q)         0.456     1.429 f  custom_dsp_dense_implementation_ap_int_16_ap_int_48_config2_U0/ap_done_reg_reg/Q
                         net (fo=12, routed)          0.758     2.187    custom_dsp_dense_implementation_ap_int_16_ap_int_48_config2_U0/flow_control_loop_pipe_U/ap_done_reg
    SLICE_X27Y10         LUT6 (Prop_lut6_I0_O)        0.124     2.311 f  custom_dsp_dense_implementation_ap_int_16_ap_int_48_config2_U0/flow_control_loop_pipe_U/SRL_SIG[0][47]_i_3/O
                         net (fo=8, routed)           0.538     2.849    custom_dsp_dense_implementation_ap_int_16_ap_int_48_config2_U0/flow_control_loop_pipe_U/ap_block_state1_pp0_stage0_iter0
    SLICE_X27Y11         LUT6 (Prop_lut6_I2_O)        0.124     2.973 r  custom_dsp_dense_implementation_ap_int_16_ap_int_48_config2_U0/flow_control_loop_pipe_U/SRL_SIG[0][47]_i_1__0/O
                         net (fo=104, routed)         0.400     3.373    custom_dsp_dense_implementation_ap_int_16_ap_int_48_config2_U0/flow_control_loop_pipe_U/ap_sync_channel_write_layer2_out_10
    SLICE_X27Y10         LUT4 (Prop_lut4_I1_O)        0.124     3.497 f  custom_dsp_dense_implementation_ap_int_16_ap_int_48_config2_U0/flow_control_loop_pipe_U/ap_done_reg_i_3/O
                         net (fo=2, routed)           0.670     4.166    custom_dsp_dense_implementation_ap_int_16_ap_int_48_config2_U0/flow_control_loop_pipe_U/ap_done_reg_i_3_n_0
    SLICE_X26Y10         LUT6 (Prop_lut6_I0_O)        0.124     4.290 r  custom_dsp_dense_implementation_ap_int_16_ap_int_48_config2_U0/flow_control_loop_pipe_U/ap_sync_reg_channel_write_layer2_out_6_i_1/O
                         net (fo=8, routed)           0.372     4.663    ap_sync_reg_channel_write_layer2_out_7
    SLICE_X27Y9          FDRE                                         r  ap_sync_reg_channel_write_layer2_out_3_reg/R
  -------------------------------------------------------------------    -------------------

                         (clock ap_clk rise edge)     4.000     4.000 r  
                                                      0.000     4.000 r  ap_clk (IN)
                         net (fo=8586, unset)         0.924     4.924    ap_clk
    SLICE_X27Y9          FDRE                                         r  ap_sync_reg_channel_write_layer2_out_3_reg/C
                         clock pessimism              0.000     4.924    
                         clock uncertainty           -0.035     4.889    
    SLICE_X27Y9          FDRE (Setup_fdre_C_R)       -0.429     4.460    ap_sync_reg_channel_write_layer2_out_3_reg
  -------------------------------------------------------------------
                         required time                          4.460    
                         arrival time                          -4.663    
  -------------------------------------------------------------------
                         slack                                 -0.203    

Slack (VIOLATED) :        -0.203ns  (required time - arrival time)
  Source:                 custom_dsp_dense_implementation_ap_int_16_ap_int_48_config2_U0/ap_done_reg_reg/C
                            (rising edge-triggered cell FDRE clocked by ap_clk  {rise@0.000ns fall@2.000ns period=4.000ns})
  Destination:            ap_sync_reg_channel_write_layer2_out_4_reg/R
                            (rising edge-triggered cell FDRE clocked by ap_clk  {rise@0.000ns fall@2.000ns period=4.000ns})
  Path Group:             ap_clk
  Path Type:              Setup (Max at Slow Process Corner)
  Requirement:            4.000ns  (ap_clk rise@4.000ns - ap_clk rise@0.000ns)
  Data Path Delay:        3.690ns  (logic 0.952ns (25.801%)  route 2.738ns (74.199%))
  Logic Levels:           4  (LUT4=1 LUT6=3)
  Clock Path Skew:        -0.049ns (DCD - SCD + CPR)
    Destination Clock Delay (DCD):    0.924ns = ( 4.924 - 4.000 ) 
    Source Clock Delay      (SCD):    0.973ns
    Clock Pessimism Removal (CPR):    0.000ns
  Clock Uncertainty:      0.035ns  ((TSJ^2 + TIJ^2)^1/2 + DJ) / 2 + PE
    Total System Jitter     (TSJ):    0.071ns
    Total Input Jitter      (TIJ):    0.000ns
    Discrete Jitter          (DJ):    0.000ns
    Phase Error              (PE):    0.000ns

    Location             Delay type                Incr(ns)  Path(ns)    Netlist Resource(s)
  -------------------------------------------------------------------    -------------------
                         (clock ap_clk rise edge)     0.000     0.000 r  
                                                      0.000     0.000 r  ap_clk (IN)
                         net (fo=8586, unset)         0.973     0.973    custom_dsp_dense_implementation_ap_int_16_ap_int_48_config2_U0/ap_clk
    SLICE_X26Y10         FDRE                                         r  custom_dsp_dense_implementation_ap_int_16_ap_int_48_config2_U0/ap_done_reg_reg/C
  -------------------------------------------------------------------    -------------------
    SLICE_X26Y10         FDRE (Prop_fdre_C_Q)         0.456     1.429 f  custom_dsp_dense_implementation_ap_int_16_ap_int_48_config2_U0/ap_done_reg_reg/Q
                         net (fo=12, routed)          0.758     2.187    custom_dsp_dense_implementation_ap_int_16_ap_int_48_config2_U0/flow_control_loop_pipe_U/ap_done_reg
    SLICE_X27Y10         LUT6 (Prop_lut6_I0_O)        0.124     2.311 f  custom_dsp_dense_implementation_ap_int_16_ap_int_48_config2_U0/flow_control_loop_pipe_U/SRL_SIG[0][47]_i_3/O
                         net (fo=8, routed)           0.538     2.849    custom_dsp_dense_implementation_ap_int_16_ap_int_48_config2_U0/flow_control_loop_pipe_U/ap_block_state1_pp0_stage0_iter0
    SLICE_X27Y11         LUT6 (Prop_lut6_I2_O)        0.124     2.973 r  custom_dsp_dense_implementation_ap_int_16_ap_int_48_config2_U0/flow_control_loop_pipe_U/SRL_SIG[0][47]_i_1__0/O
                         net (fo=104, routed)         0.400     3.373    custom_dsp_dense_implementation_ap_int_16_ap_int_48_config2_U0/flow_control_loop_pipe_U/ap_sync_channel_write_layer2_out_10
    SLICE_X27Y10         LUT4 (Prop_lut4_I1_O)        0.124     3.497 f  custom_dsp_dense_implementation_ap_int_16_ap_int_48_config2_U0/flow_control_loop_pipe_U/ap_done_reg_i_3/O
                         net (fo=2, routed)           0.670     4.166    custom_dsp_dense_implementation_ap_int_16_ap_int_48_config2_U0/flow_control_loop_pipe_U/ap_done_reg_i_3_n_0
    SLICE_X26Y10         LUT6 (Prop_lut6_I0_O)        0.124     4.290 r  custom_dsp_dense_implementation_ap_int_16_ap_int_48_config2_U0/flow_control_loop_pipe_U/ap_sync_reg_channel_write_layer2_out_6_i_1/O
                         net (fo=8, routed)           0.372     4.663    ap_sync_reg_channel_write_layer2_out_7
    SLICE_X27Y9          FDRE                                         r  ap_sync_reg_channel_write_layer2_out_4_reg/R
  -------------------------------------------------------------------    -------------------

                         (clock ap_clk rise edge)     4.000     4.000 r  
                                                      0.000     4.000 r  ap_clk (IN)
                         net (fo=8586, unset)         0.924     4.924    ap_clk
    SLICE_X27Y9          FDRE                                         r  ap_sync_reg_channel_write_layer2_out_4_reg/C
                         clock pessimism              0.000     4.924    
                         clock uncertainty           -0.035     4.889    
    SLICE_X27Y9          FDRE (Setup_fdre_C_R)       -0.429     4.460    ap_sync_reg_channel_write_layer2_out_4_reg
  -------------------------------------------------------------------
                         required time                          4.460    
                         arrival time                          -4.663    
  -------------------------------------------------------------------
                         slack                                 -0.203    

Slack (VIOLATED) :        -0.203ns  (required time - arrival time)
  Source:                 custom_dsp_dense_implementation_ap_int_16_ap_int_48_config2_U0/ap_done_reg_reg/C
                            (rising edge-triggered cell FDRE clocked by ap_clk  {rise@0.000ns fall@2.000ns period=4.000ns})
  Destination:            ap_sync_reg_channel_write_layer2_out_7_reg/R
                            (rising edge-triggered cell FDRE clocked by ap_clk  {rise@0.000ns fall@2.000ns period=4.000ns})
  Path Group:             ap_clk
  Path Type:              Setup (Max at Slow Process Corner)
  Requirement:            4.000ns  (ap_clk rise@4.000ns - ap_clk rise@0.000ns)
  Data Path Delay:        3.690ns  (logic 0.952ns (25.801%)  route 2.738ns (74.199%))
  Logic Levels:           4  (LUT4=1 LUT6=3)
  Clock Path Skew:        -0.049ns (DCD - SCD + CPR)
    Destination Clock Delay (DCD):    0.924ns = ( 4.924 - 4.000 ) 
    Source Clock Delay      (SCD):    0.973ns
    Clock Pessimism Removal (CPR):    0.000ns
  Clock Uncertainty:      0.035ns  ((TSJ^2 + TIJ^2)^1/2 + DJ) / 2 + PE
    Total System Jitter     (TSJ):    0.071ns
    Total Input Jitter      (TIJ):    0.000ns
    Discrete Jitter          (DJ):    0.000ns
    Phase Error              (PE):    0.000ns

    Location             Delay type                Incr(ns)  Path(ns)    Netlist Resource(s)
  -------------------------------------------------------------------    -------------------
                         (clock ap_clk rise edge)     0.000     0.000 r  
                                                      0.000     0.000 r  ap_clk (IN)
                         net (fo=8586, unset)         0.973     0.973    custom_dsp_dense_implementation_ap_int_16_ap_int_48_config2_U0/ap_clk
    SLICE_X26Y10         FDRE                                         r  custom_dsp_dense_implementation_ap_int_16_ap_int_48_config2_U0/ap_done_reg_reg/C
  -------------------------------------------------------------------    -------------------
    SLICE_X26Y10         FDRE (Prop_fdre_C_Q)         0.456     1.429 f  custom_dsp_dense_implementation_ap_int_16_ap_int_48_config2_U0/ap_done_reg_reg/Q
                         net (fo=12, routed)          0.758     2.187    custom_dsp_dense_implementation_ap_int_16_ap_int_48_config2_U0/flow_control_loop_pipe_U/ap_done_reg
    SLICE_X27Y10         LUT6 (Prop_lut6_I0_O)        0.124     2.311 f  custom_dsp_dense_implementation_ap_int_16_ap_int_48_config2_U0/flow_control_loop_pipe_U/SRL_SIG[0][47]_i_3/O
                         net (fo=8, routed)           0.538     2.849    custom_dsp_dense_implementation_ap_int_16_ap_int_48_config2_U0/flow_control_loop_pipe_U/ap_block_state1_pp0_stage0_iter0
    SLICE_X27Y11         LUT6 (Prop_lut6_I2_O)        0.124     2.973 r  custom_dsp_dense_implementation_ap_int_16_ap_int_48_config2_U0/flow_control_loop_pipe_U/SRL_SIG[0][47]_i_1__0/O
                         net (fo=104, routed)         0.400     3.373    custom_dsp_dense_implementation_ap_int_16_ap_int_48_config2_U0/flow_control_loop_pipe_U/ap_sync_channel_write_layer2_out_10
    SLICE_X27Y10         LUT4 (Prop_lut4_I1_O)        0.124     3.497 f  custom_dsp_dense_implementation_ap_int_16_ap_int_48_config2_U0/flow_control_loop_pipe_U/ap_done_reg_i_3/O
                         net (fo=2, routed)           0.670     4.166    custom_dsp_dense_implementation_ap_int_16_ap_int_48_config2_U0/flow_control_loop_pipe_U/ap_done_reg_i_3_n_0
    SLICE_X26Y10         LUT6 (Prop_lut6_I0_O)        0.124     4.290 r  custom_dsp_dense_implementation_ap_int_16_ap_int_48_config2_U0/flow_control_loop_pipe_U/ap_sync_reg_channel_write_layer2_out_6_i_1/O
                         net (fo=8, routed)           0.372     4.663    ap_sync_reg_channel_write_layer2_out_7
    SLICE_X27Y9          FDRE                                         r  ap_sync_reg_channel_write_layer2_out_7_reg/R
  -------------------------------------------------------------------    -------------------

                         (clock ap_clk rise edge)     4.000     4.000 r  
                                                      0.000     4.000 r  ap_clk (IN)
                         net (fo=8586, unset)         0.924     4.924    ap_clk
    SLICE_X27Y9          FDRE                                         r  ap_sync_reg_channel_write_layer2_out_7_reg/C
                         clock pessimism              0.000     4.924    
                         clock uncertainty           -0.035     4.889    
    SLICE_X27Y9          FDRE (Setup_fdre_C_R)       -0.429     4.460    ap_sync_reg_channel_write_layer2_out_7_reg
  -------------------------------------------------------------------
                         required time                          4.460    
                         arrival time                          -4.663    
  -------------------------------------------------------------------
                         slack                                 -0.203    

Slack (VIOLATED) :        -0.154ns  (required time - arrival time)
  Source:                 custom_dsp_dense_implementation_ap_int_16_ap_int_48_config2_U0/icmp_ln62_reg_667_reg[0]/C
                            (rising edge-triggered cell FDRE clocked by ap_clk  {rise@0.000ns fall@2.000ns period=4.000ns})
  Destination:            custom_dsp_dense_implementation_ap_int_16_ap_int_48_config2_U0/dsp_48ns_32ns_64ns_25ns_30s_18s_48ns_1ns_48_5_1_U16/SampleNeuralNet_dsp_48ns_32ns_64ns_25ns_30s_18s_48ns_1ns_48_5_1_DSP_Builtin_U/p_reg_reg/CEB1
                            (rising edge-triggered cell DSP48E1 clocked by ap_clk  {rise@0.000ns fall@2.000ns period=4.000ns})
  Path Group:             ap_clk
  Path Type:              Setup (Max at Slow Process Corner)
  Requirement:            4.000ns  (ap_clk rise@4.000ns - ap_clk rise@0.000ns)
  Data Path Delay:        3.556ns  (logic 0.839ns (23.597%)  route 2.717ns (76.403%))
  Logic Levels:           2  (LUT4=2)
  Clock Path Skew:        -0.049ns (DCD - SCD + CPR)
    Destination Clock Delay (DCD):    0.924ns = ( 4.924 - 4.000 ) 
    Source Clock Delay      (SCD):    0.973ns
    Clock Pessimism Removal (CPR):    0.000ns
  Clock Uncertainty:      0.035ns  ((TSJ^2 + TIJ^2)^1/2 + DJ) / 2 + PE
    Total System Jitter     (TSJ):    0.071ns
    Total Input Jitter      (TIJ):    0.000ns
    Discrete Jitter          (DJ):    0.000ns
    Phase Error              (PE):    0.000ns

    Location             Delay type                Incr(ns)  Path(ns)    Netlist Resource(s)
  -------------------------------------------------------------------    -------------------
                         (clock ap_clk rise edge)     0.000     0.000 r  
                                                      0.000     0.000 r  ap_clk (IN)
                         net (fo=8586, unset)         0.973     0.973    custom_dsp_dense_implementation_ap_int_16_ap_int_48_config2_U0/ap_clk
    SLICE_X27Y10         FDRE                                         r  custom_dsp_dense_implementation_ap_int_16_ap_int_48_config2_U0/icmp_ln62_reg_667_reg[0]/C
  -------------------------------------------------------------------    -------------------
    SLICE_X27Y10         FDRE (Prop_fdre_C_Q)         0.419     1.392 f  custom_dsp_dense_implementation_ap_int_16_ap_int_48_config2_U0/icmp_ln62_reg_667_reg[0]/Q
                         net (fo=12, routed)          0.663     2.055    custom_dsp_dense_implementation_ap_int_16_ap_int_48_config2_U0/flow_control_loop_pipe_U/icmp_ln62_reg_667
    SLICE_X28Y10         LUT4 (Prop_lut4_I2_O)        0.296     2.351 f  custom_dsp_dense_implementation_ap_int_16_ap_int_48_config2_U0/flow_control_loop_pipe_U/ap_ready_INST_0_i_3/O
                         net (fo=3, routed)           0.593     2.944    custom_dsp_dense_implementation_ap_int_16_ap_int_48_config2_U0/flow_control_loop_pipe_U/p_13_in
    SLICE_X30Y8          LUT4 (Prop_lut4_I2_O)        0.124     3.068 r  custom_dsp_dense_implementation_ap_int_16_ap_int_48_config2_U0/flow_control_loop_pipe_U/buff4[15]_i_1/O
                         net (fo=146, routed)         1.461     4.529    custom_dsp_dense_implementation_ap_int_16_ap_int_48_config2_U0/dsp_48ns_32ns_64ns_25ns_30s_18s_48ns_1ns_48_5_1_U16/SampleNeuralNet_dsp_48ns_32ns_64ns_25ns_30s_18s_48ns_1ns_48_5_1_DSP_Builtin_U/ap_block_pp0_stage0_subdone
    DSP48_X0Y4           DSP48E1                                      r  custom_dsp_dense_implementation_ap_int_16_ap_int_48_config2_U0/dsp_48ns_32ns_64ns_25ns_30s_18s_48ns_1ns_48_5_1_U16/SampleNeuralNet_dsp_48ns_32ns_64ns_25ns_30s_18s_48ns_1ns_48_5_1_DSP_Builtin_U/p_reg_reg/CEB1
  -------------------------------------------------------------------    -------------------

                         (clock ap_clk rise edge)     4.000     4.000 r  
                                                      0.000     4.000 r  ap_clk (IN)
                         net (fo=8586, unset)         0.924     4.924    custom_dsp_dense_implementation_ap_int_16_ap_int_48_config2_U0/dsp_48ns_32ns_64ns_25ns_30s_18s_48ns_1ns_48_5_1_U16/SampleNeuralNet_dsp_48ns_32ns_64ns_25ns_30s_18s_48ns_1ns_48_5_1_DSP_Builtin_U/ap_clk
    DSP48_X0Y4           DSP48E1                                      r  custom_dsp_dense_implementation_ap_int_16_ap_int_48_config2_U0/dsp_48ns_32ns_64ns_25ns_30s_18s_48ns_1ns_48_5_1_U16/SampleNeuralNet_dsp_48ns_32ns_64ns_25ns_30s_18s_48ns_1ns_48_5_1_DSP_Builtin_U/p_reg_reg/CLK
                         clock pessimism              0.000     4.924    
                         clock uncertainty           -0.035     4.889    
    DSP48_X0Y4           DSP48E1 (Setup_dsp48e1_CLK_CEB1)
                                                     -0.514     4.375    custom_dsp_dense_implementation_ap_int_16_ap_int_48_config2_U0/dsp_48ns_32ns_64ns_25ns_30s_18s_48ns_1ns_48_5_1_U16/SampleNeuralNet_dsp_48ns_32ns_64ns_25ns_30s_18s_48ns_1ns_48_5_1_DSP_Builtin_U/p_reg_reg
  -------------------------------------------------------------------
                         required time                          4.375    
                         arrival time                          -4.529    
  -------------------------------------------------------------------
                         slack                                 -0.154    

Slack (VIOLATED) :        -0.149ns  (required time - arrival time)
  Source:                 ap_sync_reg_channel_write_layer5_out_4_reg/C
                            (rising edge-triggered cell FDRE clocked by ap_clk  {rise@0.000ns fall@2.000ns period=4.000ns})
  Destination:            ap_sync_reg_channel_write_layer5_out_1_reg/R
                            (rising edge-triggered cell FDRE clocked by ap_clk  {rise@0.000ns fall@2.000ns period=4.000ns})
  Path Group:             ap_clk
  Path Type:              Setup (Max at Slow Process Corner)
  Requirement:            4.000ns  (ap_clk rise@4.000ns - ap_clk rise@0.000ns)
  Data Path Delay:        3.636ns  (logic 1.014ns (27.887%)  route 2.622ns (72.113%))
  Logic Levels:           4  (LUT4=2 LUT5=1 LUT6=1)
  Clock Path Skew:        -0.049ns (DCD - SCD + CPR)
    Destination Clock Delay (DCD):    0.924ns = ( 4.924 - 4.000 ) 
    Source Clock Delay      (SCD):    0.973ns
    Clock Pessimism Removal (CPR):    0.000ns
  Clock Uncertainty:      0.035ns  ((TSJ^2 + TIJ^2)^1/2 + DJ) / 2 + PE
    Total System Jitter     (TSJ):    0.071ns
    Total Input Jitter      (TIJ):    0.000ns
    Discrete Jitter          (DJ):    0.000ns
    Phase Error              (PE):    0.000ns

    Location             Delay type                Incr(ns)  Path(ns)    Netlist Resource(s)
  -------------------------------------------------------------------    -------------------
                         (clock ap_clk rise edge)     0.000     0.000 r  
                                                      0.000     0.000 r  ap_clk (IN)
                         net (fo=8586, unset)         0.973     0.973    ap_clk
    SLICE_X16Y44         FDRE                                         r  ap_sync_reg_channel_write_layer5_out_4_reg/C
  -------------------------------------------------------------------    -------------------
    SLICE_X16Y44         FDRE (Prop_fdre_C_Q)         0.518     1.491 f  ap_sync_reg_channel_write_layer5_out_4_reg/Q
                         net (fo=3, routed)           0.801     2.292    thresholded_relu_ap_int_48_ap_int_48_ap_int_16_thresholdedrelu_config5_U0/ap_sync_reg_channel_write_layer5_out_4
    SLICE_X16Y44         LUT4 (Prop_lut4_I1_O)        0.124     2.416 r  thresholded_relu_ap_int_48_ap_int_48_ap_int_16_thresholdedrelu_config5_U0/SRL_SIG[0][15]_i_1__10/O
                         net (fo=39, routed)          0.490     2.906    thresholded_relu_ap_int_48_ap_int_48_ap_int_16_thresholdedrelu_config5_U0/push_1
    SLICE_X16Y44         LUT5 (Prop_lut5_I0_O)        0.124     3.030 f  thresholded_relu_ap_int_48_ap_int_48_ap_int_16_thresholdedrelu_config5_U0/ap_done_reg_inv_i_4__1/O
                         net (fo=1, routed)           0.403     3.433    thresholded_relu_ap_int_48_ap_int_48_ap_int_16_thresholdedrelu_config5_U0/ap_done_reg_inv_i_4__1_n_0
    SLICE_X17Y44         LUT6 (Prop_lut6_I5_O)        0.124     3.557 r  thresholded_relu_ap_int_48_ap_int_48_ap_int_16_thresholdedrelu_config5_U0/ap_done_reg_inv_i_2__1/O
                         net (fo=2, routed)           0.276     3.833    thresholded_relu_ap_int_48_ap_int_48_ap_int_16_thresholdedrelu_config5_U0/thresholded_relu_ap_int_48_ap_int_48_ap_int_16_thresholdedrelu_config5_U0_ap_continue
    SLICE_X17Y44         LUT4 (Prop_lut4_I0_O)        0.124     3.957 r  thresholded_relu_ap_int_48_ap_int_48_ap_int_16_thresholdedrelu_config5_U0/ap_sync_reg_channel_write_layer5_out_6_i_1/O
                         net (fo=8, routed)           0.653     4.609    ap_sync_reg_channel_write_layer5_out_7
    SLICE_X17Y44         FDRE                                         r  ap_sync_reg_channel_write_layer5_out_1_reg/R
  -------------------------------------------------------------------    -------------------

                         (clock ap_clk rise edge)     4.000     4.000 r  
                                                      0.000     4.000 r  ap_clk (IN)
                         net (fo=8586, unset)         0.924     4.924    ap_clk
    SLICE_X17Y44         FDRE                                         r  ap_sync_reg_channel_write_layer5_out_1_reg/C
                         clock pessimism              0.000     4.924    
                         clock uncertainty           -0.035     4.889    
    SLICE_X17Y44         FDRE (Setup_fdre_C_R)       -0.429     4.460    ap_sync_reg_channel_write_layer5_out_1_reg
  -------------------------------------------------------------------
                         required time                          4.460    
                         arrival time                          -4.609    
  -------------------------------------------------------------------
                         slack                                 -0.149    

Slack (VIOLATED) :        -0.149ns  (required time - arrival time)
  Source:                 ap_sync_reg_channel_write_layer5_out_4_reg/C
                            (rising edge-triggered cell FDRE clocked by ap_clk  {rise@0.000ns fall@2.000ns period=4.000ns})
  Destination:            ap_sync_reg_channel_write_layer5_out_2_reg/R
                            (rising edge-triggered cell FDRE clocked by ap_clk  {rise@0.000ns fall@2.000ns period=4.000ns})
  Path Group:             ap_clk
  Path Type:              Setup (Max at Slow Process Corner)
  Requirement:            4.000ns  (ap_clk rise@4.000ns - ap_clk rise@0.000ns)
  Data Path Delay:        3.636ns  (logic 1.014ns (27.887%)  route 2.622ns (72.113%))
  Logic Levels:           4  (LUT4=2 LUT5=1 LUT6=1)
  Clock Path Skew:        -0.049ns (DCD - SCD + CPR)
    Destination Clock Delay (DCD):    0.924ns = ( 4.924 - 4.000 ) 
    Source Clock Delay      (SCD):    0.973ns
    Clock Pessimism Removal (CPR):    0.000ns
  Clock Uncertainty:      0.035ns  ((TSJ^2 + TIJ^2)^1/2 + DJ) / 2 + PE
    Total System Jitter     (TSJ):    0.071ns
    Total Input Jitter      (TIJ):    0.000ns
    Discrete Jitter          (DJ):    0.000ns
    Phase Error              (PE):    0.000ns

    Location             Delay type                Incr(ns)  Path(ns)    Netlist Resource(s)
  -------------------------------------------------------------------    -------------------
                         (clock ap_clk rise edge)     0.000     0.000 r  
                                                      0.000     0.000 r  ap_clk (IN)
                         net (fo=8586, unset)         0.973     0.973    ap_clk
    SLICE_X16Y44         FDRE                                         r  ap_sync_reg_channel_write_layer5_out_4_reg/C
  -------------------------------------------------------------------    -------------------
    SLICE_X16Y44         FDRE (Prop_fdre_C_Q)         0.518     1.491 f  ap_sync_reg_channel_write_layer5_out_4_reg/Q
                         net (fo=3, routed)           0.801     2.292    thresholded_relu_ap_int_48_ap_int_48_ap_int_16_thresholdedrelu_config5_U0/ap_sync_reg_channel_write_layer5_out_4
    SLICE_X16Y44         LUT4 (Prop_lut4_I1_O)        0.124     2.416 r  thresholded_relu_ap_int_48_ap_int_48_ap_int_16_thresholdedrelu_config5_U0/SRL_SIG[0][15]_i_1__10/O
                         net (fo=39, routed)          0.490     2.906    thresholded_relu_ap_int_48_ap_int_48_ap_int_16_thresholdedrelu_config5_U0/push_1
    SLICE_X16Y44         LUT5 (Prop_lut5_I0_O)        0.124     3.030 f  thresholded_relu_ap_int_48_ap_int_48_ap_int_16_thresholdedrelu_config5_U0/ap_done_reg_inv_i_4__1/O
                         net (fo=1, routed)           0.403     3.433    thresholded_relu_ap_int_48_ap_int_48_ap_int_16_thresholdedrelu_config5_U0/ap_done_reg_inv_i_4__1_n_0
    SLICE_X17Y44         LUT6 (Prop_lut6_I5_O)        0.124     3.557 r  thresholded_relu_ap_int_48_ap_int_48_ap_int_16_thresholdedrelu_config5_U0/ap_done_reg_inv_i_2__1/O
                         net (fo=2, routed)           0.276     3.833    thresholded_relu_ap_int_48_ap_int_48_ap_int_16_thresholdedrelu_config5_U0/thresholded_relu_ap_int_48_ap_int_48_ap_int_16_thresholdedrelu_config5_U0_ap_continue
    SLICE_X17Y44         LUT4 (Prop_lut4_I0_O)        0.124     3.957 r  thresholded_relu_ap_int_48_ap_int_48_ap_int_16_thresholdedrelu_config5_U0/ap_sync_reg_channel_write_layer5_out_6_i_1/O
                         net (fo=8, routed)           0.653     4.609    ap_sync_reg_channel_write_layer5_out_7
    SLICE_X17Y44         FDRE                                         r  ap_sync_reg_channel_write_layer5_out_2_reg/R
  -------------------------------------------------------------------    -------------------

                         (clock ap_clk rise edge)     4.000     4.000 r  
                                                      0.000     4.000 r  ap_clk (IN)
                         net (fo=8586, unset)         0.924     4.924    ap_clk
    SLICE_X17Y44         FDRE                                         r  ap_sync_reg_channel_write_layer5_out_2_reg/C
                         clock pessimism              0.000     4.924    
                         clock uncertainty           -0.035     4.889    
    SLICE_X17Y44         FDRE (Setup_fdre_C_R)       -0.429     4.460    ap_sync_reg_channel_write_layer5_out_2_reg
  -------------------------------------------------------------------
                         required time                          4.460    
                         arrival time                          -4.609    
  -------------------------------------------------------------------
                         slack                                 -0.149    

Slack (VIOLATED) :        -0.149ns  (required time - arrival time)
  Source:                 ap_sync_reg_channel_write_layer5_out_4_reg/C
                            (rising edge-triggered cell FDRE clocked by ap_clk  {rise@0.000ns fall@2.000ns period=4.000ns})
  Destination:            ap_sync_reg_channel_write_layer5_out_7_reg/R
                            (rising edge-triggered cell FDRE clocked by ap_clk  {rise@0.000ns fall@2.000ns period=4.000ns})
  Path Group:             ap_clk
  Path Type:              Setup (Max at Slow Process Corner)
  Requirement:            4.000ns  (ap_clk rise@4.000ns - ap_clk rise@0.000ns)
  Data Path Delay:        3.636ns  (logic 1.014ns (27.887%)  route 2.622ns (72.113%))
  Logic Levels:           4  (LUT4=2 LUT5=1 LUT6=1)
  Clock Path Skew:        -0.049ns (DCD - SCD + CPR)
    Destination Clock Delay (DCD):    0.924ns = ( 4.924 - 4.000 ) 
    Source Clock Delay      (SCD):    0.973ns
    Clock Pessimism Removal (CPR):    0.000ns
  Clock Uncertainty:      0.035ns  ((TSJ^2 + TIJ^2)^1/2 + DJ) / 2 + PE
    Total System Jitter     (TSJ):    0.071ns
    Total Input Jitter      (TIJ):    0.000ns
    Discrete Jitter          (DJ):    0.000ns
    Phase Error              (PE):    0.000ns

    Location             Delay type                Incr(ns)  Path(ns)    Netlist Resource(s)
  -------------------------------------------------------------------    -------------------
                         (clock ap_clk rise edge)     0.000     0.000 r  
                                                      0.000     0.000 r  ap_clk (IN)
                         net (fo=8586, unset)         0.973     0.973    ap_clk
    SLICE_X16Y44         FDRE                                         r  ap_sync_reg_channel_write_layer5_out_4_reg/C
  -------------------------------------------------------------------    -------------------
    SLICE_X16Y44         FDRE (Prop_fdre_C_Q)         0.518     1.491 f  ap_sync_reg_channel_write_layer5_out_4_reg/Q
                         net (fo=3, routed)           0.801     2.292    thresholded_relu_ap_int_48_ap_int_48_ap_int_16_thresholdedrelu_config5_U0/ap_sync_reg_channel_write_layer5_out_4
    SLICE_X16Y44         LUT4 (Prop_lut4_I1_O)        0.124     2.416 r  thresholded_relu_ap_int_48_ap_int_48_ap_int_16_thresholdedrelu_config5_U0/SRL_SIG[0][15]_i_1__10/O
                         net (fo=39, routed)          0.490     2.906    thresholded_relu_ap_int_48_ap_int_48_ap_int_16_thresholdedrelu_config5_U0/push_1
    SLICE_X16Y44         LUT5 (Prop_lut5_I0_O)        0.124     3.030 f  thresholded_relu_ap_int_48_ap_int_48_ap_int_16_thresholdedrelu_config5_U0/ap_done_reg_inv_i_4__1/O
                         net (fo=1, routed)           0.403     3.433    thresholded_relu_ap_int_48_ap_int_48_ap_int_16_thresholdedrelu_config5_U0/ap_done_reg_inv_i_4__1_n_0
    SLICE_X17Y44         LUT6 (Prop_lut6_I5_O)        0.124     3.557 r  thresholded_relu_ap_int_48_ap_int_48_ap_int_16_thresholdedrelu_config5_U0/ap_done_reg_inv_i_2__1/O
                         net (fo=2, routed)           0.276     3.833    thresholded_relu_ap_int_48_ap_int_48_ap_int_16_thresholdedrelu_config5_U0/thresholded_relu_ap_int_48_ap_int_48_ap_int_16_thresholdedrelu_config5_U0_ap_continue
    SLICE_X17Y44         LUT4 (Prop_lut4_I0_O)        0.124     3.957 r  thresholded_relu_ap_int_48_ap_int_48_ap_int_16_thresholdedrelu_config5_U0/ap_sync_reg_channel_write_layer5_out_6_i_1/O
                         net (fo=8, routed)           0.653     4.609    ap_sync_reg_channel_write_layer5_out_7
    SLICE_X17Y44         FDRE                                         r  ap_sync_reg_channel_write_layer5_out_7_reg/R
  -------------------------------------------------------------------    -------------------

                         (clock ap_clk rise edge)     4.000     4.000 r  
                                                      0.000     4.000 r  ap_clk (IN)
                         net (fo=8586, unset)         0.924     4.924    ap_clk
    SLICE_X17Y44         FDRE                                         r  ap_sync_reg_channel_write_layer5_out_7_reg/C
                         clock pessimism              0.000     4.924    
                         clock uncertainty           -0.035     4.889    
    SLICE_X17Y44         FDRE (Setup_fdre_C_R)       -0.429     4.460    ap_sync_reg_channel_write_layer5_out_7_reg
  -------------------------------------------------------------------
                         required time                          4.460    
                         arrival time                          -4.609    
  -------------------------------------------------------------------
                         slack                                 -0.149    

Slack (VIOLATED) :        -0.109ns  (required time - arrival time)
  Source:                 custom_dsp_dense_implementation_ap_int_16_ap_int_48_config2_U0/icmp_ln62_reg_667_reg[0]/C
                            (rising edge-triggered cell FDRE clocked by ap_clk  {rise@0.000ns fall@2.000ns period=4.000ns})
  Destination:            custom_dsp_dense_implementation_ap_int_16_ap_int_48_config2_U0/w2_U/q0_t0_reg/REGCEAREGCE
                            (rising edge-triggered cell RAMB18E1 clocked by ap_clk  {rise@0.000ns fall@2.000ns period=4.000ns})
  Path Group:             ap_clk
  Path Type:              Setup (Max at Slow Process Corner)
  Requirement:            4.000ns  (ap_clk rise@4.000ns - ap_clk rise@0.000ns)
  Data Path Delay:        3.665ns  (logic 0.963ns (26.275%)  route 2.702ns (73.725%))
  Logic Levels:           3  (LUT4=3)
  Clock Path Skew:        -0.049ns (DCD - SCD + CPR)
    Destination Clock Delay (DCD):    0.924ns = ( 4.924 - 4.000 ) 
    Source Clock Delay      (SCD):    0.973ns
    Clock Pessimism Removal (CPR):    0.000ns
  Clock Uncertainty:      0.035ns  ((TSJ^2 + TIJ^2)^1/2 + DJ) / 2 + PE
    Total System Jitter     (TSJ):    0.071ns
    Total Input Jitter      (TIJ):    0.000ns
    Discrete Jitter          (DJ):    0.000ns
    Phase Error              (PE):    0.000ns

    Location             Delay type                Incr(ns)  Path(ns)    Netlist Resource(s)
  -------------------------------------------------------------------    -------------------
                         (clock ap_clk rise edge)     0.000     0.000 r  
                                                      0.000     0.000 r  ap_clk (IN)
                         net (fo=8586, unset)         0.973     0.973    custom_dsp_dense_implementation_ap_int_16_ap_int_48_config2_U0/ap_clk
    SLICE_X27Y10         FDRE                                         r  custom_dsp_dense_implementation_ap_int_16_ap_int_48_config2_U0/icmp_ln62_reg_667_reg[0]/C
  -------------------------------------------------------------------    -------------------
    SLICE_X27Y10         FDRE (Prop_fdre_C_Q)         0.419     1.392 f  custom_dsp_dense_implementation_ap_int_16_ap_int_48_config2_U0/icmp_ln62_reg_667_reg[0]/Q
                         net (fo=12, routed)          0.663     2.055    custom_dsp_dense_implementation_ap_int_16_ap_int_48_config2_U0/flow_control_loop_pipe_U/icmp_ln62_reg_667
    SLICE_X28Y10         LUT4 (Prop_lut4_I2_O)        0.296     2.351 f  custom_dsp_dense_implementation_ap_int_16_ap_int_48_config2_U0/flow_control_loop_pipe_U/ap_ready_INST_0_i_3/O
                         net (fo=3, routed)           0.453     2.803    custom_dsp_dense_implementation_ap_int_16_ap_int_48_config2_U0/flow_control_loop_pipe_U/p_13_in
    SLICE_X30Y9          LUT4 (Prop_lut4_I2_O)        0.124     2.927 f  custom_dsp_dense_implementation_ap_int_16_ap_int_48_config2_U0/flow_control_loop_pipe_U/ap_ready_INST_0_i_1/O
                         net (fo=400, routed)         0.826     3.754    custom_dsp_dense_implementation_ap_int_16_ap_int_48_config2_U0/flow_control_loop_pipe_U/ap_block_pp0_stage0_11001
    SLICE_X30Y2          LUT4 (Prop_lut4_I2_O)        0.124     3.878 r  custom_dsp_dense_implementation_ap_int_16_ap_int_48_config2_U0/flow_control_loop_pipe_U/q0_t0_reg_i_1/O
                         net (fo=3, routed)           0.760     4.638    custom_dsp_dense_implementation_ap_int_16_ap_int_48_config2_U0/w2_U/w2_ce0_local
    RAMB18_X2Y0          RAMB18E1                                     r  custom_dsp_dense_implementation_ap_int_16_ap_int_48_config2_U0/w2_U/q0_t0_reg/REGCEAREGCE
  -------------------------------------------------------------------    -------------------

                         (clock ap_clk rise edge)     4.000     4.000 r  
                                                      0.000     4.000 r  ap_clk (IN)
                         net (fo=8586, unset)         0.924     4.924    custom_dsp_dense_implementation_ap_int_16_ap_int_48_config2_U0/w2_U/ap_clk
    RAMB18_X2Y0          RAMB18E1                                     r  custom_dsp_dense_implementation_ap_int_16_ap_int_48_config2_U0/w2_U/q0_t0_reg/CLKARDCLK
                         clock pessimism              0.000     4.924    
                         clock uncertainty           -0.035     4.889    
    RAMB18_X2Y0          RAMB18E1 (Setup_ramb18e1_CLKARDCLK_REGCEAREGCE)
                                                     -0.360     4.529    custom_dsp_dense_implementation_ap_int_16_ap_int_48_config2_U0/w2_U/q0_t0_reg
  -------------------------------------------------------------------
                         required time                          4.529    
                         arrival time                          -4.638    
  -------------------------------------------------------------------
                         slack                                 -0.109    

Slack (VIOLATED) :        -0.109ns  (required time - arrival time)
  Source:                 custom_dsp_dense_implementation_ap_int_16_ap_int_48_config2_U0/icmp_ln62_reg_667_reg[0]/C
                            (rising edge-triggered cell FDRE clocked by ap_clk  {rise@0.000ns fall@2.000ns period=4.000ns})
  Destination:            custom_dsp_dense_implementation_ap_int_16_ap_int_48_config2_U0/w2_U/q0_t0_reg/REGCEB
                            (rising edge-triggered cell RAMB18E1 clocked by ap_clk  {rise@0.000ns fall@2.000ns period=4.000ns})
  Path Group:             ap_clk
  Path Type:              Setup (Max at Slow Process Corner)
  Requirement:            4.000ns  (ap_clk rise@4.000ns - ap_clk rise@0.000ns)
  Data Path Delay:        3.665ns  (logic 0.963ns (26.275%)  route 2.702ns (73.725%))
  Logic Levels:           3  (LUT4=3)
  Clock Path Skew:        -0.049ns (DCD - SCD + CPR)
    Destination Clock Delay (DCD):    0.924ns = ( 4.924 - 4.000 ) 
    Source Clock Delay      (SCD):    0.973ns
    Clock Pessimism Removal (CPR):    0.000ns
  Clock Uncertainty:      0.035ns  ((TSJ^2 + TIJ^2)^1/2 + DJ) / 2 + PE
    Total System Jitter     (TSJ):    0.071ns
    Total Input Jitter      (TIJ):    0.000ns
    Discrete Jitter          (DJ):    0.000ns
    Phase Error              (PE):    0.000ns

    Location             Delay type                Incr(ns)  Path(ns)    Netlist Resource(s)
  -------------------------------------------------------------------    -------------------
                         (clock ap_clk rise edge)     0.000     0.000 r  
                                                      0.000     0.000 r  ap_clk (IN)
                         net (fo=8586, unset)         0.973     0.973    custom_dsp_dense_implementation_ap_int_16_ap_int_48_config2_U0/ap_clk
    SLICE_X27Y10         FDRE                                         r  custom_dsp_dense_implementation_ap_int_16_ap_int_48_config2_U0/icmp_ln62_reg_667_reg[0]/C
  -------------------------------------------------------------------    -------------------
    SLICE_X27Y10         FDRE (Prop_fdre_C_Q)         0.419     1.392 f  custom_dsp_dense_implementation_ap_int_16_ap_int_48_config2_U0/icmp_ln62_reg_667_reg[0]/Q
                         net (fo=12, routed)          0.663     2.055    custom_dsp_dense_implementation_ap_int_16_ap_int_48_config2_U0/flow_control_loop_pipe_U/icmp_ln62_reg_667
    SLICE_X28Y10         LUT4 (Prop_lut4_I2_O)        0.296     2.351 f  custom_dsp_dense_implementation_ap_int_16_ap_int_48_config2_U0/flow_control_loop_pipe_U/ap_ready_INST_0_i_3/O
                         net (fo=3, routed)           0.453     2.803    custom_dsp_dense_implementation_ap_int_16_ap_int_48_config2_U0/flow_control_loop_pipe_U/p_13_in
    SLICE_X30Y9          LUT4 (Prop_lut4_I2_O)        0.124     2.927 f  custom_dsp_dense_implementation_ap_int_16_ap_int_48_config2_U0/flow_control_loop_pipe_U/ap_ready_INST_0_i_1/O
                         net (fo=400, routed)         0.826     3.754    custom_dsp_dense_implementation_ap_int_16_ap_int_48_config2_U0/flow_control_loop_pipe_U/ap_block_pp0_stage0_11001
    SLICE_X30Y2          LUT4 (Prop_lut4_I2_O)        0.124     3.878 r  custom_dsp_dense_implementation_ap_int_16_ap_int_48_config2_U0/flow_control_loop_pipe_U/q0_t0_reg_i_1/O
                         net (fo=3, routed)           0.760     4.638    custom_dsp_dense_implementation_ap_int_16_ap_int_48_config2_U0/w2_U/w2_ce0_local
    RAMB18_X2Y0          RAMB18E1                                     r  custom_dsp_dense_implementation_ap_int_16_ap_int_48_config2_U0/w2_U/q0_t0_reg/REGCEB
  -------------------------------------------------------------------    -------------------

                         (clock ap_clk rise edge)     4.000     4.000 r  
                                                      0.000     4.000 r  ap_clk (IN)
                         net (fo=8586, unset)         0.924     4.924    custom_dsp_dense_implementation_ap_int_16_ap_int_48_config2_U0/w2_U/ap_clk
    RAMB18_X2Y0          RAMB18E1                                     r  custom_dsp_dense_implementation_ap_int_16_ap_int_48_config2_U0/w2_U/q0_t0_reg/CLKBWRCLK
                         clock pessimism              0.000     4.924    
                         clock uncertainty           -0.035     4.889    
    RAMB18_X2Y0          RAMB18E1 (Setup_ramb18e1_CLKBWRCLK_REGCEB)
                                                     -0.360     4.529    custom_dsp_dense_implementation_ap_int_16_ap_int_48_config2_U0/w2_U/q0_t0_reg
  -------------------------------------------------------------------
                         required time                          4.529    
                         arrival time                          -4.638    
  -------------------------------------------------------------------
                         slack                                 -0.109    

Slack (VIOLATED) :        -0.101ns  (required time - arrival time)
  Source:                 ap_sync_reg_channel_write_layer4_out_4_reg/C
                            (rising edge-triggered cell FDRE clocked by ap_clk  {rise@0.000ns fall@2.000ns period=4.000ns})
  Destination:            ap_sync_reg_channel_write_layer4_out_7_reg/R
                            (rising edge-triggered cell FDRE clocked by ap_clk  {rise@0.000ns fall@2.000ns period=4.000ns})
  Path Group:             ap_clk
  Path Type:              Setup (Max at Slow Process Corner)
  Requirement:            4.000ns  (ap_clk rise@4.000ns - ap_clk rise@0.000ns)
  Data Path Delay:        3.588ns  (logic 0.952ns (26.530%)  route 2.636ns (73.470%))
  Logic Levels:           4  (LUT4=2 LUT5=1 LUT6=1)
  Clock Path Skew:        -0.049ns (DCD - SCD + CPR)
    Destination Clock Delay (DCD):    0.924ns = ( 4.924 - 4.000 ) 
    Source Clock Delay      (SCD):    0.973ns
    Clock Pessimism Removal (CPR):    0.000ns
  Clock Uncertainty:      0.035ns  ((TSJ^2 + TIJ^2)^1/2 + DJ) / 2 + PE
    Total System Jitter     (TSJ):    0.071ns
    Total Input Jitter      (TIJ):    0.000ns
    Discrete Jitter          (DJ):    0.000ns
    Phase Error              (PE):    0.000ns

    Location             Delay type                Incr(ns)  Path(ns)    Netlist Resource(s)
  -------------------------------------------------------------------    -------------------
                         (clock ap_clk rise edge)     0.000     0.000 r  
                                                      0.000     0.000 r  ap_clk (IN)
                         net (fo=8586, unset)         0.973     0.973    ap_clk
    SLICE_X13Y21         FDRE                                         r  ap_sync_reg_channel_write_layer4_out_4_reg/C
  -------------------------------------------------------------------    -------------------
    SLICE_X13Y21         FDRE (Prop_fdre_C_Q)         0.456     1.429 f  ap_sync_reg_channel_write_layer4_out_4_reg/Q
                         net (fo=3, routed)           0.730     2.159    custom_dsp_dense_implementation_ap_int_16_ap_int_48_config4_U0/ap_sync_reg_channel_write_layer4_out_4
    SLICE_X11Y21         LUT4 (Prop_lut4_I1_O)        0.124     2.283 r  custom_dsp_dense_implementation_ap_int_16_ap_int_48_config4_U0/SRL_SIG[0][47]_i_1__10/O
                         net (fo=104, routed)         0.615     2.898    custom_dsp_dense_implementation_ap_int_16_ap_int_48_config4_U0/push_1
    SLICE_X12Y21         LUT5 (Prop_lut5_I0_O)        0.124     3.022 f  custom_dsp_dense_implementation_ap_int_16_ap_int_48_config4_U0/ap_done_reg_inv_i_4__0/O
                         net (fo=1, routed)           0.162     3.184    custom_dsp_dense_implementation_ap_int_16_ap_int_48_config4_U0/ap_done_reg_inv_i_4__0_n_0
    SLICE_X12Y21         LUT6 (Prop_lut6_I5_O)        0.124     3.308 r  custom_dsp_dense_implementation_ap_int_16_ap_int_48_config4_U0/ap_done_reg_inv_i_2__0/O
                         net (fo=2, routed)           0.495     3.803    custom_dsp_dense_implementation_ap_int_16_ap_int_48_config4_U0/custom_dsp_dense_implementation_ap_int_16_ap_int_48_config4_U0_ap_continue
    SLICE_X13Y21         LUT4 (Prop_lut4_I0_O)        0.124     3.927 r  custom_dsp_dense_implementation_ap_int_16_ap_int_48_config4_U0/ap_sync_reg_channel_write_layer4_out_6_i_1/O
                         net (fo=8, routed)           0.634     4.561    ap_sync_reg_channel_write_layer4_out_7
    SLICE_X14Y21         FDRE                                         r  ap_sync_reg_channel_write_layer4_out_7_reg/R
  -------------------------------------------------------------------    -------------------

                         (clock ap_clk rise edge)     4.000     4.000 r  
                                                      0.000     4.000 r  ap_clk (IN)
                         net (fo=8586, unset)         0.924     4.924    ap_clk
    SLICE_X14Y21         FDRE                                         r  ap_sync_reg_channel_write_layer4_out_7_reg/C
                         clock pessimism              0.000     4.924    
                         clock uncertainty           -0.035     4.889    
    SLICE_X14Y21         FDRE (Setup_fdre_C_R)       -0.429     4.460    ap_sync_reg_channel_write_layer4_out_7_reg
  -------------------------------------------------------------------
                         required time                          4.460    
                         arrival time                          -4.561    
  -------------------------------------------------------------------
                         slack                                 -0.101    

Slack (VIOLATED) :        -0.088ns  (required time - arrival time)
  Source:                 layer6_out_3_U/full_n_reg/C
                            (rising edge-triggered cell FDSE clocked by ap_clk  {rise@0.000ns fall@2.000ns period=4.000ns})
  Destination:            ap_sync_reg_channel_write_layer6_out_1_reg/R
                            (rising edge-triggered cell FDRE clocked by ap_clk  {rise@0.000ns fall@2.000ns period=4.000ns})
  Path Group:             ap_clk
  Path Type:              Setup (Max at Slow Process Corner)
  Requirement:            4.000ns  (ap_clk rise@4.000ns - ap_clk rise@0.000ns)
  Data Path Delay:        3.479ns  (logic 0.952ns (27.360%)  route 2.527ns (72.640%))
  Logic Levels:           4  (LUT4=2 LUT5=1 LUT6=1)
  Clock Path Skew:        -0.049ns (DCD - SCD + CPR)
    Destination Clock Delay (DCD):    0.924ns = ( 4.924 - 4.000 ) 
    Source Clock Delay      (SCD):    0.973ns
    Clock Pessimism Removal (CPR):    0.000ns
  Clock Uncertainty:      0.035ns  ((TSJ^2 + TIJ^2)^1/2 + DJ) / 2 + PE
    Total System Jitter     (TSJ):    0.071ns
    Total Input Jitter      (TIJ):    0.000ns
    Discrete Jitter          (DJ):    0.000ns
    Phase Error              (PE):    0.000ns

    Location             Delay type                Incr(ns)  Path(ns)    Netlist Resource(s)
  -------------------------------------------------------------------    -------------------
                         (clock ap_clk rise edge)     0.000     0.000 r  
                                                      0.000     0.000 r  ap_clk (IN)
                         net (fo=8586, unset)         0.973     0.973    layer6_out_3_U/ap_clk
    SLICE_X25Y43         FDSE                                         r  layer6_out_3_U/full_n_reg/C
  -------------------------------------------------------------------    -------------------
    SLICE_X25Y43         FDSE (Prop_fdse_C_Q)         0.456     1.429 r  layer6_out_3_U/full_n_reg/Q
                         net (fo=5, routed)           0.681     2.110    custom_dsp_dense_implementation_ap_int_16_ap_int_48_config6_U0/layer6_out_3_full_n
    SLICE_X24Y44         LUT4 (Prop_lut4_I0_O)        0.124     2.234 r  custom_dsp_dense_implementation_ap_int_16_ap_int_48_config6_U0/SRL_SIG[0][47]_i_1__15/O
                         net (fo=102, routed)         0.569     2.804    custom_dsp_dense_implementation_ap_int_16_ap_int_48_config6_U0/push_8
    SLICE_X23Y44         LUT5 (Prop_lut5_I2_O)        0.124     2.928 f  custom_dsp_dense_implementation_ap_int_16_ap_int_48_config6_U0/ap_done_reg_inv_i_4__2/O
                         net (fo=1, routed)           0.509     3.436    custom_dsp_dense_implementation_ap_int_16_ap_int_48_config6_U0/ap_done_reg_inv_i_4__2_n_0
    SLICE_X24Y44         LUT6 (Prop_lut6_I5_O)        0.124     3.560 r  custom_dsp_dense_implementation_ap_int_16_ap_int_48_config6_U0/ap_done_reg_inv_i_2__2/O
                         net (fo=2, routed)           0.426     3.986    custom_dsp_dense_implementation_ap_int_16_ap_int_48_config6_U0/custom_dsp_dense_implementation_ap_int_16_ap_int_48_config6_U0_ap_continue
    SLICE_X22Y45         LUT4 (Prop_lut4_I0_O)        0.124     4.110 r  custom_dsp_dense_implementation_ap_int_16_ap_int_48_config6_U0/ap_sync_reg_channel_write_layer6_out_6_i_1/O
                         net (fo=8, routed)           0.342     4.452    ap_sync_reg_channel_write_layer6_out_7
    SLICE_X24Y45         FDRE                                         r  ap_sync_reg_channel_write_layer6_out_1_reg/R
  -------------------------------------------------------------------    -------------------

                         (clock ap_clk rise edge)     4.000     4.000 r  
                                                      0.000     4.000 r  ap_clk (IN)
                         net (fo=8586, unset)         0.924     4.924    ap_clk
    SLICE_X24Y45         FDRE                                         r  ap_sync_reg_channel_write_layer6_out_1_reg/C
                         clock pessimism              0.000     4.924    
                         clock uncertainty           -0.035     4.889    
    SLICE_X24Y45         FDRE (Setup_fdre_C_R)       -0.524     4.365    ap_sync_reg_channel_write_layer6_out_1_reg
  -------------------------------------------------------------------
                         required time                          4.365    
                         arrival time                          -4.452    
  -------------------------------------------------------------------
                         slack                                 -0.088    




