Copyright 1986-2022 Xilinx, Inc. All Rights Reserved. Copyright 2022-2024 Advanced Micro Devices, Inc. All Rights Reserved.
---------------------------------------------------------------------------------------------------------------------------------------------
| Tool Version : Vivado v.2024.1 (lin64) Build 5076996 Wed May 22 18:36:09 MDT 2024
| Date         : Wed Sep  2 01:10:38 2026
| Host         : ei-lan-400 running 64-bit Debian GNU/Linux 12 (bookworm)
| Command      : report_timing_summary -file ./Analysis_Verilog/Timing_Report_Implementation.rpt
| Design       : SampleNeuralNet
| Device       : 7z010-clg400
| Speed File   : -1  PRODUCTION 1.12 2019-11-22
| Design State : Routed
---------------------------------------------------------------------------------------------------------------------------------------------

Timing Summary Report

------------------------------------------------------------------------------------------------
| Timer Settings
| --------------
------------------------------------------------------------------------------------------------

  Enable Multi Corner Analysis               :  Yes
  Enable Pessimism Removal                   :  Yes
  Pessimism Removal Resolution               :  Nearest Common Node
  Enable Input Delay Default Clock           :  No
  Enable Preset / Clear Arcs                 :  No
  Disable Flight Delays                      :  No
  Ignore I/O Paths                           :  No
  Timing Early Launch at Borrowing Latches   :  No
  Borrow Time for Max Delay Exceptions       :  Yes
  Merge Timing Exceptions                    :  Yes
  Inter-SLR Compensation                     :  Conservative

  Corner  Analyze    Analyze    
  Name    Max Paths  Min Paths  
  ------  ---------  ---------  
  Slow    Yes        Yes        
  Fast    Yes        Yes        


------------------------------------------------------------------------------------------------
| Report Methodology
| ------------------
------------------------------------------------------------------------------------------------

No report available as report_methodology has not been run prior. Run report_methodology on the current design for the summary of methodology violations.



check_timing report

Table of Contents
-----------------
1. checking no_clock (0)
2. checking constant_clock (0)
3. checking pulse_width_clock (0)
4. checking unconstrained_internal_endpoints (0)
5. checking no_input_delay (131)
6. checking no_output_delay (139)
7. checking multiple_clock (0)
8. checking generated_clocks (0)
9. checking loops (0)
10. checking partial_input_delay (0)
11. checking partial_output_delay (0)
12. checking latch_loops (0)

1. checking no_clock (0)
------------------------
 There are 0 register/latch pins with no clock.


2. checking constant_clock (0)
------------------------------
 There are 0 register/latch pins with constant_clock.


3. checking pulse_width_clock (0)
---------------------------------
 There are 0 register/latch pins which need pulse_width check


4. checking unconstrained_internal_endpoints (0)
------------------------------------------------
 There are 0 pins that are not constrained for maximum delay.

 There are 0 pins that are not constrained for maximum delay due to constant clock.


5. checking no_input_delay (131)
--------------------------------
 There are 131 input ports with no input delay specified. (HIGH)

 There are 0 input ports with no input delay but user has a false path constraint.


6. checking no_output_delay (139)
---------------------------------
 There are 139 ports with no output delay specified. (HIGH)

 There are 0 ports with no output delay but user has a false path constraint

 There are 0 ports with no output delay but with a timing clock defined on it or propagating through it


7. checking multiple_clock (0)
------------------------------
 There are 0 register/latch pins with multiple clocks.


8. checking generated_clocks (0)
--------------------------------
 There are 0 generated clocks that are not connected to a clock source.


9. checking loops (0)
---------------------
 There are 0 combinational loops in the design.


10. checking partial_input_delay (0)
------------------------------------
 There are 0 input ports with partial input delay specified.


11. checking partial_output_delay (0)
-------------------------------------
 There are 0 ports with partial output delay specified.


12. checking latch_loops (0)
----------------------------
 There are 0 combinational latch loops in the design through latch input



------------------------------------------------------------------------------------------------
| Design Timing Summary
| ---------------------
------------------------------------------------------------------------------------------------

    WNS(ns)      TNS(ns)  TNS Failing Endpoints  TNS Total Endpoints      WHS(ns)      THS(ns)  THS Failing Endpoints  THS Total Endpoints     WPWS(ns)     TPWS(ns)  TPWS Failing Endpoints  TPWS Total Endpoints  
    -------      -------  ---------------------  -------------------      -------      -------  ---------------------  -------------------     --------     --------  ----------------------  --------------------  
     -3.673    -3343.906                   3358                19021        0.070        0.000                      0                19021        0.557        0.000                       0                 10452  


Timing constraints are not met.


------------------------------------------------------------------------------------------------
| Clock Summary
| -------------
------------------------------------------------------------------------------------------------

Clock   Waveform(ns)         Period(ns)      Frequency(MHz)
-----   ------------         ----------      --------------
ap_clk  {0.000 2.000}        4.000           250.000         


------------------------------------------------------------------------------------------------
| Intra Clock Table
| -----------------
------------------------------------------------------------------------------------------------

Clock             WNS(ns)      TNS(ns)  TNS Failing Endpoints  TNS Total Endpoints      WHS(ns)      THS(ns)  THS Failing Endpoints  THS Total Endpoints     WPWS(ns)     TPWS(ns)  TPWS Failing Endpoints  TPWS Total Endpoints  
-----             -------      -------  ---------------------  -------------------      -------      -------  ---------------------  -------------------     --------     --------  ----------------------  --------------------  
ap_clk             -3.673    -3343.906                   3358                19021        0.070        0.000                      0                19021        0.557        0.000                       0                 10452  


------------------------------------------------------------------------------------------------
| Inter Clock Table
| -----------------
------------------------------------------------------------------------------------------------

From Clock    To Clock          WNS(ns)      TNS(ns)  TNS Failing Endpoints  TNS Total Endpoints      WHS(ns)      THS(ns)  THS Failing Endpoints  THS Total Endpoints  
----------    --------          -------      -------  ---------------------  -------------------      -------      -------  ---------------------  -------------------  


------------------------------------------------------------------------------------------------
| Other Path Groups Table
| -----------------------
------------------------------------------------------------------------------------------------

Path Group    From Clock    To Clock          WNS(ns)      TNS(ns)  TNS Failing Endpoints  TNS Total Endpoints      WHS(ns)      THS(ns)  THS Failing Endpoints  THS Total Endpoints  
----------    ----------    --------          -------      -------  ---------------------  -------------------      -------      -------  ---------------------  -------------------  


------------------------------------------------------------------------------------------------
| Timing Details
| --------------
------------------------------------------------------------------------------------------------


---------------------------------------------------------------------------------------------------
From Clock:  ap_clk
  To Clock:  ap_clk

Setup :         3358  Failing Endpoints,  Worst Slack       -3.673ns,  Total Violation    -3343.906ns
Hold  :            0  Failing Endpoints,  Worst Slack        0.070ns,  Total Violation        0.000ns
PW    :            0  Failing Endpoints,  Worst Slack        0.557ns,  Total Violation        0.000ns
---------------------------------------------------------------------------------------------------


Max Delay Paths
--------------------------------------------------------------------------------------
Slack (VIOLATED) :        -3.673ns  (required time - arrival time)
  Source:                 custom_dsp_dense_implementation_ap_int_16_ap_int_48_config2_U0/pf_ap_return_5_U/fifo_reg[17][49]_srl18/CLK
                            (rising edge-triggered cell SRLC32E clocked by ap_clk  {rise@0.000ns fall@2.000ns period=4.000ns})
  Destination:            custom_dsp_dense_implementation_ap_int_16_ap_int_48_config2_U0/pf_ap_return_7_U/fifo_rdPtr_reg[3]/D
                            (rising edge-triggered cell FDSE clocked by ap_clk  {rise@0.000ns fall@2.000ns period=4.000ns})
  Path Group:             ap_clk
  Path Type:              Setup (Max at Slow Process Corner)
  Requirement:            4.000ns  (ap_clk rise@4.000ns - ap_clk rise@0.000ns)
  Data Path Delay:        7.621ns  (logic 2.728ns (35.797%)  route 4.893ns (64.203%))
  Logic Levels:           9  (LUT3=2 LUT4=2 LUT5=5)
  Clock Path Skew:        -0.049ns (DCD - SCD + CPR)
    Destination Clock Delay (DCD):    0.924ns = ( 4.924 - 4.000 ) 
    Source Clock Delay      (SCD):    0.973ns
    Clock Pessimism Removal (CPR):    0.000ns
  Clock Uncertainty:      0.035ns  ((TSJ^2 + TIJ^2)^1/2 + DJ) / 2 + PE
    Total System Jitter     (TSJ):    0.071ns
    Total Input Jitter      (TIJ):    0.000ns
    Discrete Jitter          (DJ):    0.000ns
    Phase Error              (PE):    0.000ns

    Location             Delay type                Incr(ns)  Path(ns)    Netlist Resource(s)
  -------------------------------------------------------------------    -------------------
                         (clock ap_clk rise edge)     0.000     0.000 r  
                                                      0.000     0.000 r  ap_clk (IN)
                         net (fo=10451, unset)        0.973     0.973    custom_dsp_dense_implementation_ap_int_16_ap_int_48_config2_U0/pf_ap_return_5_U/ap_clk
    SLICE_X24Y22         SRLC32E                                      r  custom_dsp_dense_implementation_ap_int_16_ap_int_48_config2_U0/pf_ap_return_5_U/fifo_reg[17][49]_srl18/CLK
  -------------------------------------------------------------------    -------------------
    SLICE_X24Y22         SRLC32E (Prop_srlc32e_CLK_Q)
                                                      1.612     2.585 f  custom_dsp_dense_implementation_ap_int_16_ap_int_48_config2_U0/pf_ap_return_5_U/fifo_reg[17][49]_srl18/Q
                         net (fo=4, routed)           0.477     3.062    custom_dsp_dense_implementation_ap_int_16_ap_int_48_config2_U0/pf_ap_return_5_U/fifo_reg[17][49]_srl18_n_0
    SLICE_X25Y25         LUT4 (Prop_lut4_I3_O)        0.124     3.186 f  custom_dsp_dense_implementation_ap_int_16_ap_int_48_config2_U0/pf_ap_return_5_U/pf_done_INST_0/O
                         net (fo=1, routed)           0.503     3.689    custom_dsp_dense_implementation_ap_int_16_ap_int_48_config2_U0/pf_ap_return_5_U_pf_done
    SLICE_X19Y29         LUT4 (Prop_lut4_I3_O)        0.124     3.813 r  custom_dsp_dense_implementation_ap_int_16_ap_int_48_config2_U0/pf_ap_return_0_U_i_51/O
                         net (fo=1, routed)           0.596     4.409    custom_dsp_dense_implementation_ap_int_16_ap_int_48_config2_U0/pf_ap_return_0_U_i_51_n_0
    SLICE_X20Y29         LUT5 (Prop_lut5_I4_O)        0.124     4.533 f  custom_dsp_dense_implementation_ap_int_16_ap_int_48_config2_U0/pf_ap_return_0_U_i_49/O
                         net (fo=22, routed)          0.415     4.947    layer2_out_5_U/custom_dsp_dense_implementation_ap_int_16_ap_int_48_config2_U0_ap_done
    SLICE_X19Y28         LUT5 (Prop_lut5_I4_O)        0.124     5.071 r  layer2_out_5_U/pf_ap_return_0_U_i_53/O
                         net (fo=2, routed)           0.817     5.888    custom_dsp_dense_implementation_ap_int_16_ap_int_48_config2_U0/stalled_reg_0
    SLICE_X18Y27         LUT5 (Prop_lut5_I2_O)        0.124     6.012 f  custom_dsp_dense_implementation_ap_int_16_ap_int_48_config2_U0/pf_ap_return_0_U_i_50/O
                         net (fo=24, routed)          0.789     6.802    custom_dsp_dense_implementation_ap_int_16_ap_int_48_config2_U0/pf_ap_return_7_U/pf_continue
    SLICE_X23Y24         LUT5 (Prop_lut5_I4_O)        0.124     6.926 r  custom_dsp_dense_implementation_ap_int_16_ap_int_48_config2_U0/pf_ap_return_7_U/fifo_rdPtr[1]_i_3/O
                         net (fo=1, routed)           0.263     7.189    custom_dsp_dense_implementation_ap_int_16_ap_int_48_config2_U0/pf_ap_return_7_U/fifo_rdPtr[1]_i_3_n_0
    SLICE_X23Y24         LUT3 (Prop_lut3_I1_O)        0.124     7.313 r  custom_dsp_dense_implementation_ap_int_16_ap_int_48_config2_U0/pf_ap_return_7_U/fifo_rdPtr[1]_i_2/O
                         net (fo=3, routed)           0.598     7.911    custom_dsp_dense_implementation_ap_int_16_ap_int_48_config2_U0/pf_ap_return_7_U/fifo_rdPtr13_out
    SLICE_X23Y23         LUT3 (Prop_lut3_I2_O)        0.124     8.035 r  custom_dsp_dense_implementation_ap_int_16_ap_int_48_config2_U0/pf_ap_return_7_U/fifo_rdPtr[2]_i_3/O
                         net (fo=3, routed)           0.435     8.470    custom_dsp_dense_implementation_ap_int_16_ap_int_48_config2_U0/pf_ap_return_7_U/fifo_rdPtr[2]_i_3_n_0
    SLICE_X25Y24         LUT5 (Prop_lut5_I2_O)        0.124     8.594 r  custom_dsp_dense_implementation_ap_int_16_ap_int_48_config2_U0/pf_ap_return_7_U/fifo_rdPtr[3]_i_1/O
                         net (fo=1, routed)           0.000     8.594    custom_dsp_dense_implementation_ap_int_16_ap_int_48_config2_U0/pf_ap_return_7_U/fifo_rdPtr[3]_i_1_n_0
    SLICE_X25Y24         FDSE                                         r  custom_dsp_dense_implementation_ap_int_16_ap_int_48_config2_U0/pf_ap_return_7_U/fifo_rdPtr_reg[3]/D
  -------------------------------------------------------------------    -------------------

                         (clock ap_clk rise edge)     4.000     4.000 r  
                                                      0.000     4.000 r  ap_clk (IN)
                         net (fo=10451, unset)        0.924     4.924    custom_dsp_dense_implementation_ap_int_16_ap_int_48_config2_U0/pf_ap_return_7_U/ap_clk
    SLICE_X25Y24         FDSE                                         r  custom_dsp_dense_implementation_ap_int_16_ap_int_48_config2_U0/pf_ap_return_7_U/fifo_rdPtr_reg[3]/C
                         clock pessimism              0.000     4.924    
                         clock uncertainty           -0.035     4.889    
    SLICE_X25Y24         FDSE (Setup_fdse_C_D)        0.032     4.921    custom_dsp_dense_implementation_ap_int_16_ap_int_48_config2_U0/pf_ap_return_7_U/fifo_rdPtr_reg[3]
  -------------------------------------------------------------------
                         required time                          4.921    
                         arrival time                          -8.594    
  -------------------------------------------------------------------
                         slack                                 -3.673    





Min Delay Paths
--------------------------------------------------------------------------------------
Slack (MET) :             0.070ns  (arrival time - required time)
  Source:                 custom_dsp_dense_implementation_ap_int_16_ap_int_48_config6_U0/dspInit_reg_960_pp0_iter11_reg_reg[0]/C
                            (rising edge-triggered cell FDRE clocked by ap_clk  {rise@0.000ns fall@2.000ns period=4.000ns})
  Destination:            custom_dsp_dense_implementation_ap_int_16_ap_int_48_config6_U0/dspInit_reg_960_pp0_iter14_reg_reg[0]_srl3/D
                            (rising edge-triggered cell SRL16E clocked by ap_clk  {rise@0.000ns fall@2.000ns period=4.000ns})
  Path Group:             ap_clk
  Path Type:              Hold (Min at Fast Process Corner)
  Requirement:            0.000ns  (ap_clk rise@0.000ns - ap_clk rise@0.000ns)
  Data Path Delay:        0.209ns  (logic 0.141ns (67.454%)  route 0.068ns (32.546%))
  Logic Levels:           0  
  Clock Path Skew:        0.022ns (DCD - SCD - CPR)
    Destination Clock Delay (DCD):    0.432ns
    Source Clock Delay      (SCD):    0.410ns
    Clock Pessimism Removal (CPR):    -0.000ns

    Location             Delay type                Incr(ns)  Path(ns)    Netlist Resource(s)
  -------------------------------------------------------------------    -------------------
                         (clock ap_clk rise edge)     0.000     0.000 r  
                                                      0.000     0.000 r  ap_clk (IN)
                         net (fo=10451, unset)        0.410     0.410    custom_dsp_dense_implementation_ap_int_16_ap_int_48_config6_U0/ap_clk
    SLICE_X25Y55         FDRE                                         r  custom_dsp_dense_implementation_ap_int_16_ap_int_48_config6_U0/dspInit_reg_960_pp0_iter11_reg_reg[0]/C
  -------------------------------------------------------------------    -------------------
    SLICE_X25Y55         FDRE (Prop_fdre_C_Q)         0.141     0.551 r  custom_dsp_dense_implementation_ap_int_16_ap_int_48_config6_U0/dspInit_reg_960_pp0_iter11_reg_reg[0]/Q
                         net (fo=2, routed)           0.068     0.619    custom_dsp_dense_implementation_ap_int_16_ap_int_48_config6_U0/dspInit_reg_960_pp0_iter11_reg
    SLICE_X24Y55         SRL16E                                       r  custom_dsp_dense_implementation_ap_int_16_ap_int_48_config6_U0/dspInit_reg_960_pp0_iter14_reg_reg[0]_srl3/D
  -------------------------------------------------------------------    -------------------

                         (clock ap_clk rise edge)     0.000     0.000 r  
                                                      0.000     0.000 r  ap_clk (IN)
                         net (fo=10451, unset)        0.432     0.432    custom_dsp_dense_implementation_ap_int_16_ap_int_48_config6_U0/ap_clk
    SLICE_X24Y55         SRL16E                                       r  custom_dsp_dense_implementation_ap_int_16_ap_int_48_config6_U0/dspInit_reg_960_pp0_iter14_reg_reg[0]_srl3/CLK
                         clock pessimism              0.000     0.432    
    SLICE_X24Y55         SRL16E (Hold_srl16e_CLK_D)
                                                      0.117     0.549    custom_dsp_dense_implementation_ap_int_16_ap_int_48_config6_U0/dspInit_reg_960_pp0_iter14_reg_reg[0]_srl3
  -------------------------------------------------------------------
                         required time                         -0.549    
                         arrival time                           0.619    
  -------------------------------------------------------------------
                         slack                                  0.070    





Pulse Width Checks
--------------------------------------------------------------------------------------
Clock Name:         ap_clk
Waveform(ns):       { 0.000 2.000 }
Period(ns):         4.000
Sources:            { ap_clk }

Check Type        Corner  Lib Pin      Reference Pin  Required(ns)  Actual(ns)  Slack(ns)  Location      Pin
Min Period        n/a     DSP48E1/CLK  n/a            3.443         4.000       0.557      DSP48_X0Y7    custom_dsp_dense_implementation_ap_int_16_ap_int_48_config2_U0/dsp_48ns_32ns_64ns_25ns_30ns_18ns_48ns_1s_48_5_1_U3/SampleNeuralNet_dsp_48ns_32ns_64ns_25ns_30ns_18ns_48ns_1s_48_5_1_DSP_Builtin_U/p_reg_reg/CLK
Low Pulse Width   Slow    SRL16E/CLK   n/a            0.980         2.000       1.020      SLICE_X20Y36  custom_dsp_dense_implementation_ap_int_16_ap_int_48_config2_U0/ap_loop_exit_ready_pp0_iter15_reg_reg_srl15/CLK
High Pulse Width  Slow    SRL16E/CLK   n/a            0.980         2.000       1.020      SLICE_X20Y36  custom_dsp_dense_implementation_ap_int_16_ap_int_48_config2_U0/ap_loop_exit_ready_pp0_iter15_reg_reg_srl15/CLK



