Copyright 1986-2022 Xilinx, Inc. All Rights Reserved. Copyright 2022-2024 Advanced Micro Devices, Inc. All Rights Reserved.
---------------------------------------------------------------------------------------------------------------------------------------------
| Tool Version : Vivado v.2024.1 (lin64) Build 5076996 Wed May 22 18:36:09 MDT 2024
| Date         : Thu Sep  3 04:38:21 2026
| Host         : ei-lan-400 running 64-bit Debian GNU/Linux 12 (bookworm)
| Command      : report_timing_summary -file ./Analysis_Verilog/Timing_Report_Synthesis.rpt
| Design       : SampleNeuralNet
| Device       : 7z010-clg400
| Speed File   : -1  PRODUCTION 1.12 2019-11-22
| Design State : Synthesized
---------------------------------------------------------------------------------------------------------------------------------------------

Timing Summary Report

------------------------------------------------------------------------------------------------
| Timer Settings
| --------------
------------------------------------------------------------------------------------------------

  Enable Multi Corner Analysis               :  Yes
  Enable Pessimism Removal                   :  Yes
  Pessimism Removal Resolution               :  Nearest Common Node
  Enable Input Delay Default Clock           :  No
  Enable Preset / Clear Arcs                 :  No
  Disable Flight Delays                      :  No
  Ignore I/O Paths                           :  No
  Timing Early Launch at Borrowing Latches   :  No
  Borrow Time for Max Delay Exceptions       :  Yes
  Merge Timing Exceptions                    :  Yes
  Inter-SLR Compensation                     :  Conservative

  Corner  Analyze    Analyze    
  Name    Max Paths  Min Paths  
  ------  ---------  ---------  
  Slow    Yes        Yes        
  Fast    Yes        Yes        


------------------------------------------------------------------------------------------------
| Report Methodology
| ------------------
------------------------------------------------------------------------------------------------

No report available as report_methodology has not been run prior. Run report_methodology on the current design for the summary of methodology violations.



check_timing report

Table of Contents
-----------------
1. checking no_clock (0)
2. checking constant_clock (0)
3. checking pulse_width_clock (0)
4. checking unconstrained_internal_endpoints (0)
5. checking no_input_delay (131)
6. checking no_output_delay (139)
7. checking multiple_clock (0)
8. checking generated_clocks (0)
9. checking loops (0)
10. checking partial_input_delay (0)
11. checking partial_output_delay (0)
12. checking latch_loops (0)

1. checking no_clock (0)
------------------------
 There are 0 register/latch pins with no clock.


2. checking constant_clock (0)
------------------------------
 There are 0 register/latch pins with constant_clock.


3. checking pulse_width_clock (0)
---------------------------------
 There are 0 register/latch pins which need pulse_width check


4. checking unconstrained_internal_endpoints (0)
------------------------------------------------
 There are 0 pins that are not constrained for maximum delay.

 There are 0 pins that are not constrained for maximum delay due to constant clock.


5. checking no_input_delay (131)
--------------------------------
 There are 131 input ports with no input delay specified. (HIGH)

 There are 0 input ports with no input delay but user has a false path constraint.


6. checking no_output_delay (139)
---------------------------------
 There are 139 ports with no output delay specified. (HIGH)

 There are 0 ports with no output delay but user has a false path constraint

 There are 0 ports with no output delay but with a timing clock defined on it or propagating through it


7. checking multiple_clock (0)
------------------------------
 There are 0 register/latch pins with multiple clocks.


8. checking generated_clocks (0)
--------------------------------
 There are 0 generated clocks that are not connected to a clock source.


9. checking loops (0)
---------------------
 There are 0 combinational loops in the design.


10. checking partial_input_delay (0)
------------------------------------
 There are 0 input ports with partial input delay specified.


11. checking partial_output_delay (0)
-------------------------------------
 There are 0 ports with partial output delay specified.


12. checking latch_loops (0)
----------------------------
 There are 0 combinational latch loops in the design through latch input



------------------------------------------------------------------------------------------------
| Design Timing Summary
| ---------------------
------------------------------------------------------------------------------------------------

    WNS(ns)      TNS(ns)  TNS Failing Endpoints  TNS Total Endpoints      WHS(ns)      THS(ns)  THS Failing Endpoints  THS Total Endpoints     WPWS(ns)     TPWS(ns)  TPWS Failing Endpoints  TPWS Total Endpoints  
    -------      -------  ---------------------  -------------------      -------      -------  ---------------------  -------------------     --------     --------  ----------------------  --------------------  
     -4.279    -3505.445                   1349                18998        0.203        0.000                      0                18998        0.557        0.000                       0                 10425  


Timing constraints are not met.


------------------------------------------------------------------------------------------------
| Clock Summary
| -------------
------------------------------------------------------------------------------------------------

Clock   Waveform(ns)         Period(ns)      Frequency(MHz)
-----   ------------         ----------      --------------
ap_clk  {0.000 2.000}        4.000           250.000         


------------------------------------------------------------------------------------------------
| Intra Clock Table
| -----------------
------------------------------------------------------------------------------------------------

Clock             WNS(ns)      TNS(ns)  TNS Failing Endpoints  TNS Total Endpoints      WHS(ns)      THS(ns)  THS Failing Endpoints  THS Total Endpoints     WPWS(ns)     TPWS(ns)  TPWS Failing Endpoints  TPWS Total Endpoints  
-----             -------      -------  ---------------------  -------------------      -------      -------  ---------------------  -------------------     --------     --------  ----------------------  --------------------  
ap_clk             -4.279    -3505.445                   1349                18998        0.203        0.000                      0                18998        0.557        0.000                       0                 10425  


------------------------------------------------------------------------------------------------
| Inter Clock Table
| -----------------
------------------------------------------------------------------------------------------------

From Clock    To Clock          WNS(ns)      TNS(ns)  TNS Failing Endpoints  TNS Total Endpoints      WHS(ns)      THS(ns)  THS Failing Endpoints  THS Total Endpoints  
----------    --------          -------      -------  ---------------------  -------------------      -------      -------  ---------------------  -------------------  


------------------------------------------------------------------------------------------------
| Other Path Groups Table
| -----------------------
------------------------------------------------------------------------------------------------

Path Group    From Clock    To Clock          WNS(ns)      TNS(ns)  TNS Failing Endpoints  TNS Total Endpoints      WHS(ns)      THS(ns)  THS Failing Endpoints  THS Total Endpoints  
----------    ----------    --------          -------      -------  ---------------------  -------------------      -------      -------  ---------------------  -------------------  


------------------------------------------------------------------------------------------------
| Timing Details
| --------------
------------------------------------------------------------------------------------------------


---------------------------------------------------------------------------------------------------
From Clock:  ap_clk
  To Clock:  ap_clk

Setup :         1349  Failing Endpoints,  Worst Slack       -4.279ns,  Total Violation    -3505.445ns
Hold  :            0  Failing Endpoints,  Worst Slack        0.203ns,  Total Violation        0.000ns
PW    :            0  Failing Endpoints,  Worst Slack        0.557ns,  Total Violation        0.000ns
---------------------------------------------------------------------------------------------------


Max Delay Paths
--------------------------------------------------------------------------------------
Slack (VIOLATED) :        -4.279ns  (required time - arrival time)
  Source:                 custom_dsp_dense_implementation_ap_int_16_ap_int_48_config2_U0/pf_ap_return_3_U/fifo_rdPtr_reg[0]/C
                            (rising edge-triggered cell FDSE clocked by ap_clk  {rise@0.000ns fall@2.000ns period=4.000ns})
  Destination:            custom_dsp_dense_implementation_ap_int_16_ap_int_48_config2_U0/pf_ap_return_0_U/fifo_reg[17][0]_srl18/CE
                            (rising edge-triggered cell SRLC32E clocked by ap_clk  {rise@0.000ns fall@2.000ns period=4.000ns})
  Path Group:             ap_clk
  Path Type:              Setup (Max at Slow Process Corner)
  Requirement:            4.000ns  (ap_clk rise@4.000ns - ap_clk rise@0.000ns)
  Data Path Delay:        7.683ns  (logic 1.659ns (21.593%)  route 6.024ns (78.407%))
  Logic Levels:           8  (LUT4=2 LUT5=4 LUT6=1 SRLC32E=1)
  Clock Path Skew:        -0.049ns (DCD - SCD + CPR)
    Destination Clock Delay (DCD):    0.924ns = ( 4.924 - 4.000 ) 
    Source Clock Delay      (SCD):    0.973ns
    Clock Pessimism Removal (CPR):    0.000ns
  Clock Uncertainty:      0.035ns  ((TSJ^2 + TIJ^2)^1/2 + DJ) / 2 + PE
    Total System Jitter     (TSJ):    0.071ns
    Total Input Jitter      (TIJ):    0.000ns
    Discrete Jitter          (DJ):    0.000ns
    Phase Error              (PE):    0.000ns

    Location             Delay type                Incr(ns)  Path(ns)    Netlist Resource(s)
  -------------------------------------------------------------------    -------------------
                         (clock ap_clk rise edge)     0.000     0.000 r  
                                                      0.000     0.000 r  ap_clk (IN)
                         net (fo=10424, unset)        0.973     0.973    custom_dsp_dense_implementation_ap_int_16_ap_int_48_config2_U0/pf_ap_return_3_U/ap_clk
                         FDSE                                         r  custom_dsp_dense_implementation_ap_int_16_ap_int_48_config2_U0/pf_ap_return_3_U/fifo_rdPtr_reg[0]/C
  -------------------------------------------------------------------    -------------------
                         FDSE (Prop_fdse_C_Q)         0.496     1.469 r  custom_dsp_dense_implementation_ap_int_16_ap_int_48_config2_U0/pf_ap_return_3_U/fifo_rdPtr_reg[0]/Q
                         net (fo=61, unplaced)        0.893     2.362    custom_dsp_dense_implementation_ap_int_16_ap_int_48_config2_U0/pf_ap_return_3_U/fifo_rdPtr_reg[0]
                         SRLC32E (Prop_srlc32e_A[0]_Q)
                                                      0.295     2.657 f  custom_dsp_dense_implementation_ap_int_16_ap_int_48_config2_U0/pf_ap_return_3_U/fifo_reg[17][49]_srl18/Q
                         net (fo=4, unplaced)         0.926     3.583    custom_dsp_dense_implementation_ap_int_16_ap_int_48_config2_U0/pf_ap_return_3_U/fifo_reg[17][49]_srl18_n_0
                         LUT5 (Prop_lut5_I3_O)        0.124     3.707 f  custom_dsp_dense_implementation_ap_int_16_ap_int_48_config2_U0/pf_ap_return_3_U/pf_done_INST_0/O
                         net (fo=1, unplaced)         0.902     4.609    custom_dsp_dense_implementation_ap_int_16_ap_int_48_config2_U0/pf_ap_return_3_U_pf_done
                         LUT4 (Prop_lut4_I1_O)        0.124     4.733 r  custom_dsp_dense_implementation_ap_int_16_ap_int_48_config2_U0/pf_ap_return_0_U_i_51/O
                         net (fo=1, unplaced)         0.449     5.182    custom_dsp_dense_implementation_ap_int_16_ap_int_48_config2_U0/pf_ap_return_0_U_i_51_n_0
                         LUT5 (Prop_lut5_I4_O)        0.124     5.306 f  custom_dsp_dense_implementation_ap_int_16_ap_int_48_config2_U0/pf_ap_return_0_U_i_49/O
                         net (fo=30, unplaced)        0.519     5.825    layer2_out_5_U/custom_dsp_dense_implementation_ap_int_16_ap_int_48_config2_U0_ap_done
                         LUT5 (Prop_lut5_I4_O)        0.124     5.949 r  layer2_out_5_U/pf_ap_return_0_U_i_53/O
                         net (fo=2, unplaced)         0.913     6.862    custom_dsp_dense_implementation_ap_int_16_ap_int_48_config2_U0/stalled_reg_0
                         LUT5 (Prop_lut5_I2_O)        0.124     6.986 f  custom_dsp_dense_implementation_ap_int_16_ap_int_48_config2_U0/pf_ap_return_0_U_i_50/O
                         net (fo=40, unplaced)        0.526     7.512    custom_dsp_dense_implementation_ap_int_16_ap_int_48_config2_U0/pf_ap_return_0_U/pf_continue
                         LUT6 (Prop_lut6_I5_O)        0.124     7.636 r  custom_dsp_dense_implementation_ap_int_16_ap_int_48_config2_U0/pf_ap_return_0_U/stalled_i_1/O
                         net (fo=6, unplaced)         0.481     8.117    custom_dsp_dense_implementation_ap_int_16_ap_int_48_config2_U0/pf_ap_return_0_U/must_stall
                         LUT4 (Prop_lut4_I2_O)        0.124     8.241 r  custom_dsp_dense_implementation_ap_int_16_ap_int_48_config2_U0/pf_ap_return_0_U/fifo_reg[17][0]_srl18_i_1/O
                         net (fo=50, unplaced)        0.415     8.656    custom_dsp_dense_implementation_ap_int_16_ap_int_48_config2_U0/pf_ap_return_0_U/write_enable
                         SRLC32E                                      r  custom_dsp_dense_implementation_ap_int_16_ap_int_48_config2_U0/pf_ap_return_0_U/fifo_reg[17][0]_srl18/CE
  -------------------------------------------------------------------    -------------------

                         (clock ap_clk rise edge)     4.000     4.000 r  
                                                      0.000     4.000 r  ap_clk (IN)
                         net (fo=10424, unset)        0.924     4.924    custom_dsp_dense_implementation_ap_int_16_ap_int_48_config2_U0/pf_ap_return_0_U/ap_clk
                         SRLC32E                                      r  custom_dsp_dense_implementation_ap_int_16_ap_int_48_config2_U0/pf_ap_return_0_U/fifo_reg[17][0]_srl18/CLK
                         clock pessimism              0.000     4.924    
                         clock uncertainty           -0.035     4.889    
                         SRLC32E (Setup_srlc32e_CLK_CE)
                                                     -0.512     4.377    custom_dsp_dense_implementation_ap_int_16_ap_int_48_config2_U0/pf_ap_return_0_U/fifo_reg[17][0]_srl18
  -------------------------------------------------------------------
                         required time                          4.377    
                         arrival time                          -8.656    
  -------------------------------------------------------------------
                         slack                                 -4.279    





Min Delay Paths
--------------------------------------------------------------------------------------
Slack (MET) :             0.203ns  (arrival time - required time)
  Source:                 custom_dsp_dense_implementation_ap_int_16_ap_int_48_config2_U0/frp_pipeline_valid_U/nvd_reg_reg[0]/C
                            (rising edge-triggered cell FDRE clocked by ap_clk  {rise@0.000ns fall@2.000ns period=4.000ns})
  Destination:            custom_dsp_dense_implementation_ap_int_16_ap_int_48_config2_U0/frp_pipeline_valid_U/nvd_reg_reg[1]/D
                            (rising edge-triggered cell FDRE clocked by ap_clk  {rise@0.000ns fall@2.000ns period=4.000ns})
  Path Group:             ap_clk
  Path Type:              Hold (Min at Fast Process Corner)
  Requirement:            0.000ns  (ap_clk rise@0.000ns - ap_clk rise@0.000ns)
  Data Path Delay:        0.351ns  (logic 0.252ns (71.783%)  route 0.099ns (28.217%))
  Logic Levels:           1  (CARRY4=1)
  Clock Path Skew:        0.022ns (DCD - SCD - CPR)
    Destination Clock Delay (DCD):    0.432ns
    Source Clock Delay      (SCD):    0.410ns
    Clock Pessimism Removal (CPR):    -0.000ns

    Location             Delay type                Incr(ns)  Path(ns)    Netlist Resource(s)
  -------------------------------------------------------------------    -------------------
                         (clock ap_clk rise edge)     0.000     0.000 r  
                                                      0.000     0.000 r  ap_clk (IN)
                         net (fo=10424, unset)        0.410     0.410    custom_dsp_dense_implementation_ap_int_16_ap_int_48_config2_U0/frp_pipeline_valid_U/ap_clk
                         FDRE                                         r  custom_dsp_dense_implementation_ap_int_16_ap_int_48_config2_U0/frp_pipeline_valid_U/nvd_reg_reg[0]/C
  -------------------------------------------------------------------    -------------------
                         FDRE (Prop_fdre_C_Q)         0.158     0.568 r  custom_dsp_dense_implementation_ap_int_16_ap_int_48_config2_U0/frp_pipeline_valid_U/nvd_reg_reg[0]/Q
                         net (fo=10, unplaced)        0.099     0.667    custom_dsp_dense_implementation_ap_int_16_ap_int_48_config2_U0/frp_pipeline_valid_U/num_valid_datasets[0]
                         CARRY4 (Prop_carry4_DI[0]_O[1])
                                                      0.094     0.761 r  custom_dsp_dense_implementation_ap_int_16_ap_int_48_config2_U0/frp_pipeline_valid_U/nvd_reg_reg[3]_i_1/O[1]
                         net (fo=1, unplaced)         0.000     0.761    custom_dsp_dense_implementation_ap_int_16_ap_int_48_config2_U0/frp_pipeline_valid_U/p_0_in[1]
                         FDRE                                         r  custom_dsp_dense_implementation_ap_int_16_ap_int_48_config2_U0/frp_pipeline_valid_U/nvd_reg_reg[1]/D
  -------------------------------------------------------------------    -------------------

                         (clock ap_clk rise edge)     0.000     0.000 r  
                                                      0.000     0.000 r  ap_clk (IN)
                         net (fo=10424, unset)        0.432     0.432    custom_dsp_dense_implementation_ap_int_16_ap_int_48_config2_U0/frp_pipeline_valid_U/ap_clk
                         FDRE                                         r  custom_dsp_dense_implementation_ap_int_16_ap_int_48_config2_U0/frp_pipeline_valid_U/nvd_reg_reg[1]/C
                         clock pessimism              0.000     0.432    
                         FDRE (Hold_fdre_C_D)         0.126     0.558    custom_dsp_dense_implementation_ap_int_16_ap_int_48_config2_U0/frp_pipeline_valid_U/nvd_reg_reg[1]
  -------------------------------------------------------------------
                         required time                         -0.558    
                         arrival time                           0.761    
  -------------------------------------------------------------------
                         slack                                  0.203    





Pulse Width Checks
--------------------------------------------------------------------------------------
Clock Name:         ap_clk
Waveform(ns):       { 0.000 2.000 }
Period(ns):         4.000
Sources:            { ap_clk }

Check Type        Corner  Lib Pin      Reference Pin  Required(ns)  Actual(ns)  Slack(ns)  Location  Pin
Min Period        n/a     DSP48E1/CLK  n/a            3.443         4.000       0.557                custom_dsp_dense_implementation_ap_int_16_ap_int_48_config2_U0/dsp_48ns_32ns_64ns_25ns_30ns_18ns_48ns_1s_48_5_1_U3/SampleNeuralNet_dsp_48ns_32ns_64ns_25ns_30ns_18ns_48ns_1s_48_5_1_DSP_Builtin_U/p_reg_reg/CLK
Low Pulse Width   Slow    SRL16E/CLK   n/a            0.980         2.000       1.020                custom_dsp_dense_implementation_ap_int_16_ap_int_48_config2_U0/ap_loop_exit_ready_pp0_iter15_reg_reg_srl15/CLK
High Pulse Width  Slow    SRL16E/CLK   n/a            0.980         2.000       1.020                custom_dsp_dense_implementation_ap_int_16_ap_int_48_config2_U0/ap_loop_exit_ready_pp0_iter15_reg_reg_srl15/CLK



