Copyright 1986-2022 Xilinx, Inc. All Rights Reserved. Copyright 2022-2024 Advanced Micro Devices, Inc. All Rights Reserved.
---------------------------------------------------------------------------------------------------------------------------------------------
| Tool Version : Vivado v.2024.1 (lin64) Build 5076996 Wed May 22 18:36:09 MDT 2024
| Date         : Wed Sep  2 01:10:38 2026
| Host         : ei-lan-400 running 64-bit Debian GNU/Linux 12 (bookworm)
| Command      : report_utilization -hierarchical -file ./Analysis_Verilog/Utilization_Report_Implementation.rpt
| Design       : SampleNeuralNet
| Device       : xc7z010clg400-1
| Speed File   : -1
| Design State : Routed
---------------------------------------------------------------------------------------------------------------------------------------------

Utilization Design Information

Table of Contents
-----------------
1. Utilization by Hierarchy

1. Utilization by Hierarchy
---------------------------

+--------------------------------------------------------------------------------------+-------------------------------------------------------------------------------------------------+------------+------------+---------+------+------+--------+--------+------------+
|                                       Instance                                       |                                              Module                                             | Total LUTs | Logic LUTs | LUTRAMs | SRLs |  FFs | RAMB36 | RAMB18 | DSP Blocks |
+--------------------------------------------------------------------------------------+-------------------------------------------------------------------------------------------------+------------+------------+---------+------+------+--------+--------+------------+
| SampleNeuralNet                                                                      |                                                                                           (top) |       4433 |       3990 |       0 |  443 | 9951 |      0 |      3 |         25 |
|   (SampleNeuralNet)                                                                  |                                                                                           (top) |          0 |          0 |       0 |    0 |   40 |      0 |      0 |          0 |
|   custom_dsp_dense_implementation_ap_int_16_ap_int_48_config2_U0                     |                   SampleNeuralNet_custom_dsp_dense_implementation_ap_int_16_ap_int_48_config2_s |       1321 |        912 |       0 |  409 | 1518 |      0 |      1 |          9 |
|     (custom_dsp_dense_implementation_ap_int_16_ap_int_48_config2_U0)                 |                   SampleNeuralNet_custom_dsp_dense_implementation_ap_int_16_ap_int_48_config2_s |        420 |        415 |       0 |    5 | 1247 |      0 |      0 |          0 |
|     dsp_48ns_32ns_64ns_25ns_30ns_18ns_48ns_1s_48_5_1_U3                              |                            SampleNeuralNet_dsp_48ns_32ns_64ns_25ns_30ns_18ns_48ns_1s_48_5_1_173 |          0 |          0 |       0 |    0 |    0 |      0 |      0 |          1 |
|       SampleNeuralNet_dsp_48ns_32ns_64ns_25ns_30ns_18ns_48ns_1s_48_5_1_DSP_Builtin_U |                SampleNeuralNet_dsp_48ns_32ns_64ns_25ns_30ns_18ns_48ns_1s_48_5_1_DSP_Builtin_192 |          0 |          0 |       0 |    0 |    0 |      0 |      0 |          1 |
|     dsp_48ns_32ns_64ns_25ns_30ns_18ns_48ns_1s_48_5_1_U5                              |                            SampleNeuralNet_dsp_48ns_32ns_64ns_25ns_30ns_18ns_48ns_1s_48_5_1_174 |          0 |          0 |       0 |    0 |    0 |      0 |      0 |          1 |
|       SampleNeuralNet_dsp_48ns_32ns_64ns_25ns_30ns_18ns_48ns_1s_48_5_1_DSP_Builtin_U |                SampleNeuralNet_dsp_48ns_32ns_64ns_25ns_30ns_18ns_48ns_1s_48_5_1_DSP_Builtin_191 |          0 |          0 |       0 |    0 |    0 |      0 |      0 |          1 |
|     dsp_48ns_32ns_64ns_25ns_30ns_18ns_48ns_1s_48_5_1_U6                              |                            SampleNeuralNet_dsp_48ns_32ns_64ns_25ns_30ns_18ns_48ns_1s_48_5_1_175 |          0 |          0 |       0 |    0 |    0 |      0 |      0 |          1 |
|       SampleNeuralNet_dsp_48ns_32ns_64ns_25ns_30ns_18ns_48ns_1s_48_5_1_DSP_Builtin_U |                SampleNeuralNet_dsp_48ns_32ns_64ns_25ns_30ns_18ns_48ns_1s_48_5_1_DSP_Builtin_190 |          0 |          0 |       0 |    0 |    0 |      0 |      0 |          1 |
|     dsp_48ns_32ns_64ns_25ns_30ns_18ns_48ns_1s_48_5_1_U7                              |                            SampleNeuralNet_dsp_48ns_32ns_64ns_25ns_30ns_18ns_48ns_1s_48_5_1_176 |          0 |          0 |       0 |    0 |    0 |      0 |      0 |          1 |
|       SampleNeuralNet_dsp_48ns_32ns_64ns_25ns_30ns_18ns_48ns_1s_48_5_1_DSP_Builtin_U |                SampleNeuralNet_dsp_48ns_32ns_64ns_25ns_30ns_18ns_48ns_1s_48_5_1_DSP_Builtin_189 |          0 |          0 |       0 |    0 |    0 |      0 |      0 |          1 |
|     dsp_48ns_32ns_64ns_25ns_30ns_18ns_48ns_1s_48_5_1_U8                              |                            SampleNeuralNet_dsp_48ns_32ns_64ns_25ns_30ns_18ns_48ns_1s_48_5_1_177 |          0 |          0 |       0 |    0 |    0 |      0 |      0 |          1 |
|       SampleNeuralNet_dsp_48ns_32ns_64ns_25ns_30ns_18ns_48ns_1s_48_5_1_DSP_Builtin_U |                SampleNeuralNet_dsp_48ns_32ns_64ns_25ns_30ns_18ns_48ns_1s_48_5_1_DSP_Builtin_188 |          0 |          0 |       0 |    0 |    0 |      0 |      0 |          1 |
|     dsp_48ns_32ns_64ns_25ns_30s_18ns_48ns_1s_48_5_1_U4                               |                             SampleNeuralNet_dsp_48ns_32ns_64ns_25ns_30s_18ns_48ns_1s_48_5_1_178 |          0 |          0 |       0 |    0 |    0 |      0 |      0 |          1 |
|       SampleNeuralNet_dsp_48ns_32ns_64ns_25ns_30s_18ns_48ns_1s_48_5_1_DSP_Builtin_U  |                 SampleNeuralNet_dsp_48ns_32ns_64ns_25ns_30s_18ns_48ns_1s_48_5_1_DSP_Builtin_187 |          0 |          0 |       0 |    0 |    0 |      0 |      0 |          1 |
|     dsp_48ns_32ns_64ns_25ns_30s_18ns_48ns_1s_48_5_1_U9                               |                             SampleNeuralNet_dsp_48ns_32ns_64ns_25ns_30s_18ns_48ns_1s_48_5_1_179 |          0 |          0 |       0 |    0 |    0 |      0 |      0 |          1 |
|       SampleNeuralNet_dsp_48ns_32ns_64ns_25ns_30s_18ns_48ns_1s_48_5_1_DSP_Builtin_U  |                 SampleNeuralNet_dsp_48ns_32ns_64ns_25ns_30s_18ns_48ns_1s_48_5_1_DSP_Builtin_186 |          0 |          0 |       0 |    0 |    0 |      0 |      0 |          1 |
|     dsp_48ns_32ns_64ns_25ns_30s_18s_48ns_1ns_48_5_1_U10                              |                             SampleNeuralNet_dsp_48ns_32ns_64ns_25ns_30s_18s_48ns_1ns_48_5_1_180 |          0 |          0 |       0 |    0 |    0 |      0 |      0 |          1 |
|       SampleNeuralNet_dsp_48ns_32ns_64ns_25ns_30s_18s_48ns_1ns_48_5_1_DSP_Builtin_U  |                 SampleNeuralNet_dsp_48ns_32ns_64ns_25ns_30s_18s_48ns_1ns_48_5_1_DSP_Builtin_185 |          0 |          0 |       0 |    0 |    0 |      0 |      0 |          1 |
|     dsp_48ns_32ns_64ns_25ns_30s_18s_48ns_1ns_48_5_1_U17                              |                             SampleNeuralNet_dsp_48ns_32ns_64ns_25ns_30s_18s_48ns_1ns_48_5_1_181 |         24 |         24 |       0 |    0 |    0 |      0 |      0 |          1 |
|       SampleNeuralNet_dsp_48ns_32ns_64ns_25ns_30s_18s_48ns_1ns_48_5_1_DSP_Builtin_U  |                 SampleNeuralNet_dsp_48ns_32ns_64ns_25ns_30s_18s_48ns_1ns_48_5_1_DSP_Builtin_184 |         24 |         24 |       0 |    0 |    0 |      0 |      0 |          1 |
|     flow_control_loop_pipe_U                                                         |                                                      SampleNeuralNet_flow_control_loop_pipe_182 |         15 |         15 |       0 |    0 |    1 |      0 |      0 |          0 |
|     frp_pipeline_valid_U                                                             |                                                              SampleNeuralNet_frp_pipeline_valid |          6 |          6 |       0 |    0 |   22 |      0 |      0 |          0 |
|     lshr_128ns_7ns_128_7_1_U1                                                        |                                                          SampleNeuralNet_lshr_128ns_7ns_128_7_1 |         41 |         33 |       0 |    8 |  163 |      0 |      0 |          0 |
|     lshr_128s_7ns_128_7_1_U2                                                         |                                                       SampleNeuralNet_lshr_128s_7ns_128_7_1_183 |          7 |          3 |       0 |    4 |   13 |      0 |      0 |          0 |
|     pf_ap_return_0_U                                                                 |                                                                  SampleNeuralNet_frp_fifoout__1 |        101 |         52 |       0 |   49 |    9 |      0 |      0 |          0 |
|     pf_ap_return_1_U                                                                 |                                                                  SampleNeuralNet_frp_fifoout__2 |        101 |         52 |       0 |   49 |    9 |      0 |      0 |          0 |
|     pf_ap_return_2_U                                                                 |                                                                  SampleNeuralNet_frp_fifoout__3 |        101 |         52 |       0 |   49 |    9 |      0 |      0 |          0 |
|     pf_ap_return_3_U                                                                 |                                                                  SampleNeuralNet_frp_fifoout__4 |        101 |         52 |       0 |   49 |    9 |      0 |      0 |          0 |
|     pf_ap_return_4_U                                                                 |                                                                  SampleNeuralNet_frp_fifoout__5 |        101 |         52 |       0 |   49 |    9 |      0 |      0 |          0 |
|     pf_ap_return_5_U                                                                 |                                                                  SampleNeuralNet_frp_fifoout__6 |        101 |         52 |       0 |   49 |    9 |      0 |      0 |          0 |
|     pf_ap_return_6_U                                                                 |                                                                  SampleNeuralNet_frp_fifoout__7 |        101 |         52 |       0 |   49 |    9 |      0 |      0 |          0 |
|     pf_ap_return_7_U                                                                 |                                                                     SampleNeuralNet_frp_fifoout |        101 |         52 |       0 |   49 |    9 |      0 |      0 |          0 |
|     w2_U                                                                             | SampleNeuralNet_custom_dsp_dense_implementation_ap_int_16_ap_int_48_config2_s_w2_ROM_NP_BRAM_2R |          1 |          1 |       0 |    0 |    0 |      0 |      1 |          0 |
|   custom_dsp_dense_implementation_ap_int_16_ap_int_48_config4_U0                     |                   SampleNeuralNet_custom_dsp_dense_implementation_ap_int_16_ap_int_48_config4_s |        646 |        629 |       0 |   17 | 1193 |      0 |      1 |          8 |
|     (custom_dsp_dense_implementation_ap_int_16_ap_int_48_config4_U0)                 |                   SampleNeuralNet_custom_dsp_dense_implementation_ap_int_16_ap_int_48_config4_s |        573 |        560 |       0 |   13 | 1177 |      0 |      0 |          0 |
|     dsp_48ns_32ns_64ns_25ns_30ns_18ns_48ns_1s_48_5_1_U45                             |                            SampleNeuralNet_dsp_48ns_32ns_64ns_25ns_30ns_18ns_48ns_1s_48_5_1_155 |          0 |          0 |       0 |    0 |    0 |      0 |      0 |          1 |
|       SampleNeuralNet_dsp_48ns_32ns_64ns_25ns_30ns_18ns_48ns_1s_48_5_1_DSP_Builtin_U |                SampleNeuralNet_dsp_48ns_32ns_64ns_25ns_30ns_18ns_48ns_1s_48_5_1_DSP_Builtin_172 |          0 |          0 |       0 |    0 |    0 |      0 |      0 |          1 |
|     dsp_48ns_32ns_64ns_25ns_30ns_18ns_48ns_1s_48_5_1_U47                             |                            SampleNeuralNet_dsp_48ns_32ns_64ns_25ns_30ns_18ns_48ns_1s_48_5_1_156 |          0 |          0 |       0 |    0 |    0 |      0 |      0 |          1 |
|       SampleNeuralNet_dsp_48ns_32ns_64ns_25ns_30ns_18ns_48ns_1s_48_5_1_DSP_Builtin_U |                SampleNeuralNet_dsp_48ns_32ns_64ns_25ns_30ns_18ns_48ns_1s_48_5_1_DSP_Builtin_171 |          0 |          0 |       0 |    0 |    0 |      0 |      0 |          1 |
|     dsp_48ns_32ns_64ns_25ns_30ns_18ns_48ns_1s_48_5_1_U48                             |                            SampleNeuralNet_dsp_48ns_32ns_64ns_25ns_30ns_18ns_48ns_1s_48_5_1_157 |          0 |          0 |       0 |    0 |    0 |      0 |      0 |          1 |
|       SampleNeuralNet_dsp_48ns_32ns_64ns_25ns_30ns_18ns_48ns_1s_48_5_1_DSP_Builtin_U |                SampleNeuralNet_dsp_48ns_32ns_64ns_25ns_30ns_18ns_48ns_1s_48_5_1_DSP_Builtin_170 |          0 |          0 |       0 |    0 |    0 |      0 |      0 |          1 |
|     dsp_48ns_32ns_64ns_25ns_30ns_18ns_48ns_1s_48_5_1_U51                             |                            SampleNeuralNet_dsp_48ns_32ns_64ns_25ns_30ns_18ns_48ns_1s_48_5_1_158 |          0 |          0 |       0 |    0 |    0 |      0 |      0 |          1 |
|       SampleNeuralNet_dsp_48ns_32ns_64ns_25ns_30ns_18ns_48ns_1s_48_5_1_DSP_Builtin_U |                SampleNeuralNet_dsp_48ns_32ns_64ns_25ns_30ns_18ns_48ns_1s_48_5_1_DSP_Builtin_169 |          0 |          0 |       0 |    0 |    0 |      0 |      0 |          1 |
|     dsp_48ns_32ns_64ns_25ns_30s_18ns_48ns_1s_48_5_1_U46                              |                             SampleNeuralNet_dsp_48ns_32ns_64ns_25ns_30s_18ns_48ns_1s_48_5_1_159 |          0 |          0 |       0 |    0 |    0 |      0 |      0 |          1 |
|       SampleNeuralNet_dsp_48ns_32ns_64ns_25ns_30s_18ns_48ns_1s_48_5_1_DSP_Builtin_U  |                 SampleNeuralNet_dsp_48ns_32ns_64ns_25ns_30s_18ns_48ns_1s_48_5_1_DSP_Builtin_168 |          0 |          0 |       0 |    0 |    0 |      0 |      0 |          1 |
|     dsp_48ns_32ns_64ns_25ns_30s_18ns_48ns_1s_48_5_1_U49                              |                             SampleNeuralNet_dsp_48ns_32ns_64ns_25ns_30s_18ns_48ns_1s_48_5_1_160 |          0 |          0 |       0 |    0 |    0 |      0 |      0 |          1 |
|       SampleNeuralNet_dsp_48ns_32ns_64ns_25ns_30s_18ns_48ns_1s_48_5_1_DSP_Builtin_U  |                 SampleNeuralNet_dsp_48ns_32ns_64ns_25ns_30s_18ns_48ns_1s_48_5_1_DSP_Builtin_167 |          0 |          0 |       0 |    0 |    0 |      0 |      0 |          1 |
|     dsp_48ns_32ns_64ns_25ns_30s_18s_48ns_1ns_48_5_1_U52                              |                             SampleNeuralNet_dsp_48ns_32ns_64ns_25ns_30s_18s_48ns_1ns_48_5_1_161 |          0 |          0 |       0 |    0 |    0 |      0 |      0 |          1 |
|       SampleNeuralNet_dsp_48ns_32ns_64ns_25ns_30s_18s_48ns_1ns_48_5_1_DSP_Builtin_U  |                 SampleNeuralNet_dsp_48ns_32ns_64ns_25ns_30s_18s_48ns_1ns_48_5_1_DSP_Builtin_166 |          0 |          0 |       0 |    0 |    0 |      0 |      0 |          1 |
|     dsp_48ns_32ns_64ns_25ns_30s_18s_48ns_1ns_48_5_1_U59                              |                             SampleNeuralNet_dsp_48ns_32ns_64ns_25ns_30s_18s_48ns_1ns_48_5_1_162 |         48 |         48 |       0 |    0 |    0 |      0 |      0 |          1 |
|       SampleNeuralNet_dsp_48ns_32ns_64ns_25ns_30s_18s_48ns_1ns_48_5_1_DSP_Builtin_U  |                 SampleNeuralNet_dsp_48ns_32ns_64ns_25ns_30s_18s_48ns_1ns_48_5_1_DSP_Builtin_165 |         48 |         48 |       0 |    0 |    0 |      0 |      0 |          1 |
|     flow_control_loop_pipe_U                                                         |                                                      SampleNeuralNet_flow_control_loop_pipe_163 |         16 |         16 |       0 |    0 |    1 |      0 |      0 |          0 |
|     lshr_128s_7ns_128_7_1_U44                                                        |                                                       SampleNeuralNet_lshr_128s_7ns_128_7_1_164 |          8 |          4 |       0 |    4 |   13 |      0 |      0 |          0 |
|     w4_U                                                                             | SampleNeuralNet_custom_dsp_dense_implementation_ap_int_16_ap_int_48_config4_s_w4_ROM_NP_BRAM_2R |          3 |          3 |       0 |    0 |    2 |      0 |      1 |          0 |
|   custom_dsp_dense_implementation_ap_int_16_ap_int_48_config6_U0                     |                   SampleNeuralNet_custom_dsp_dense_implementation_ap_int_16_ap_int_48_config6_s |        653 |        636 |       0 |   17 | 1192 |      0 |      1 |          8 |
|     (custom_dsp_dense_implementation_ap_int_16_ap_int_48_config6_U0)                 |                   SampleNeuralNet_custom_dsp_dense_implementation_ap_int_16_ap_int_48_config6_s |        580 |        567 |       0 |   13 | 1176 |      0 |      0 |          0 |
|     dsp_48ns_32ns_64ns_25ns_30ns_18ns_48ns_1s_48_5_1_U88                             |                                SampleNeuralNet_dsp_48ns_32ns_64ns_25ns_30ns_18ns_48ns_1s_48_5_1 |          0 |          0 |       0 |    0 |    0 |      0 |      0 |          1 |
|       SampleNeuralNet_dsp_48ns_32ns_64ns_25ns_30ns_18ns_48ns_1s_48_5_1_DSP_Builtin_U |                SampleNeuralNet_dsp_48ns_32ns_64ns_25ns_30ns_18ns_48ns_1s_48_5_1_DSP_Builtin_154 |          0 |          0 |       0 |    0 |    0 |      0 |      0 |          1 |
|     dsp_48ns_32ns_64ns_25ns_30ns_18ns_48ns_1s_48_5_1_U90                             |                            SampleNeuralNet_dsp_48ns_32ns_64ns_25ns_30ns_18ns_48ns_1s_48_5_1_145 |          0 |          0 |       0 |    0 |    0 |      0 |      0 |          1 |
|       SampleNeuralNet_dsp_48ns_32ns_64ns_25ns_30ns_18ns_48ns_1s_48_5_1_DSP_Builtin_U |                SampleNeuralNet_dsp_48ns_32ns_64ns_25ns_30ns_18ns_48ns_1s_48_5_1_DSP_Builtin_153 |          0 |          0 |       0 |    0 |    0 |      0 |      0 |          1 |
|     dsp_48ns_32ns_64ns_25ns_30ns_18ns_48ns_1s_48_5_1_U93                             |                            SampleNeuralNet_dsp_48ns_32ns_64ns_25ns_30ns_18ns_48ns_1s_48_5_1_146 |          0 |          0 |       0 |    0 |    0 |      0 |      0 |          1 |
|       SampleNeuralNet_dsp_48ns_32ns_64ns_25ns_30ns_18ns_48ns_1s_48_5_1_DSP_Builtin_U |                SampleNeuralNet_dsp_48ns_32ns_64ns_25ns_30ns_18ns_48ns_1s_48_5_1_DSP_Builtin_152 |          0 |          0 |       0 |    0 |    0 |      0 |      0 |          1 |
|     dsp_48ns_32ns_64ns_25ns_30ns_18ns_48ns_1s_48_5_1_U94                             |                            SampleNeuralNet_dsp_48ns_32ns_64ns_25ns_30ns_18ns_48ns_1s_48_5_1_147 |          0 |          0 |       0 |    0 |    0 |      0 |      0 |          1 |
|       SampleNeuralNet_dsp_48ns_32ns_64ns_25ns_30ns_18ns_48ns_1s_48_5_1_DSP_Builtin_U |                    SampleNeuralNet_dsp_48ns_32ns_64ns_25ns_30ns_18ns_48ns_1s_48_5_1_DSP_Builtin |          0 |          0 |       0 |    0 |    0 |      0 |      0 |          1 |
|     dsp_48ns_32ns_64ns_25ns_30s_18ns_48ns_1s_48_5_1_U89                              |                                 SampleNeuralNet_dsp_48ns_32ns_64ns_25ns_30s_18ns_48ns_1s_48_5_1 |          0 |          0 |       0 |    0 |    0 |      0 |      0 |          1 |
|       SampleNeuralNet_dsp_48ns_32ns_64ns_25ns_30s_18ns_48ns_1s_48_5_1_DSP_Builtin_U  |                 SampleNeuralNet_dsp_48ns_32ns_64ns_25ns_30s_18ns_48ns_1s_48_5_1_DSP_Builtin_151 |          0 |          0 |       0 |    0 |    0 |      0 |      0 |          1 |
|     dsp_48ns_32ns_64ns_25ns_30s_18ns_48ns_1s_48_5_1_U91                              |                             SampleNeuralNet_dsp_48ns_32ns_64ns_25ns_30s_18ns_48ns_1s_48_5_1_148 |          0 |          0 |       0 |    0 |    0 |      0 |      0 |          1 |
|       SampleNeuralNet_dsp_48ns_32ns_64ns_25ns_30s_18ns_48ns_1s_48_5_1_DSP_Builtin_U  |                     SampleNeuralNet_dsp_48ns_32ns_64ns_25ns_30s_18ns_48ns_1s_48_5_1_DSP_Builtin |          0 |          0 |       0 |    0 |    0 |      0 |      0 |          1 |
|     dsp_48ns_32ns_64ns_25ns_30s_18s_48ns_1ns_48_5_1_U102                             |                                 SampleNeuralNet_dsp_48ns_32ns_64ns_25ns_30s_18s_48ns_1ns_48_5_1 |         48 |         48 |       0 |    0 |    0 |      0 |      0 |          1 |
|       SampleNeuralNet_dsp_48ns_32ns_64ns_25ns_30s_18s_48ns_1ns_48_5_1_DSP_Builtin_U  |                 SampleNeuralNet_dsp_48ns_32ns_64ns_25ns_30s_18s_48ns_1ns_48_5_1_DSP_Builtin_150 |         48 |         48 |       0 |    0 |    0 |      0 |      0 |          1 |
|     dsp_48ns_32ns_64ns_25ns_30s_18s_48ns_1ns_48_5_1_U95                              |                             SampleNeuralNet_dsp_48ns_32ns_64ns_25ns_30s_18s_48ns_1ns_48_5_1_149 |          0 |          0 |       0 |    0 |    0 |      0 |      0 |          1 |
|       SampleNeuralNet_dsp_48ns_32ns_64ns_25ns_30s_18s_48ns_1ns_48_5_1_DSP_Builtin_U  |                     SampleNeuralNet_dsp_48ns_32ns_64ns_25ns_30s_18s_48ns_1ns_48_5_1_DSP_Builtin |          0 |          0 |       0 |    0 |    0 |      0 |      0 |          1 |
|     flow_control_loop_pipe_U                                                         |                                                          SampleNeuralNet_flow_control_loop_pipe |         15 |         15 |       0 |    0 |    1 |      0 |      0 |          0 |
|     lshr_128s_7ns_128_7_1_U87                                                        |                                                           SampleNeuralNet_lshr_128s_7ns_128_7_1 |          8 |          4 |       0 |    4 |   13 |      0 |      0 |          0 |
|     w6_U                                                                             | SampleNeuralNet_custom_dsp_dense_implementation_ap_int_16_ap_int_48_config6_s_w6_ROM_NP_BRAM_2R |          3 |          3 |       0 |    0 |    2 |      0 |      1 |          0 |
|   layer2_out_1_U                                                                     |                                                                   SampleNeuralNet_fifo_w48_d2_S |         35 |         35 |       0 |    0 |  102 |      0 |      0 |          0 |
|     (layer2_out_1_U)                                                                 |                                                                   SampleNeuralNet_fifo_w48_d2_S |         10 |         10 |       0 |    0 |    6 |      0 |      0 |          0 |
|     U_SampleNeuralNet_fifo_w48_d2_S_ShiftReg                                         |                                                      SampleNeuralNet_fifo_w48_d2_S_ShiftReg_144 |         25 |         25 |       0 |    0 |   96 |      0 |      0 |          0 |
|   layer2_out_2_U                                                                     |                                                                 SampleNeuralNet_fifo_w48_d2_S_0 |         33 |         33 |       0 |    0 |  102 |      0 |      0 |          0 |
|     (layer2_out_2_U)                                                                 |                                                                 SampleNeuralNet_fifo_w48_d2_S_0 |          8 |          8 |       0 |    0 |    6 |      0 |      0 |          0 |
|     U_SampleNeuralNet_fifo_w48_d2_S_ShiftReg                                         |                                                      SampleNeuralNet_fifo_w48_d2_S_ShiftReg_143 |         25 |         25 |       0 |    0 |   96 |      0 |      0 |          0 |
|   layer2_out_3_U                                                                     |                                                                 SampleNeuralNet_fifo_w48_d2_S_1 |         32 |         32 |       0 |    0 |  102 |      0 |      0 |          0 |
|     (layer2_out_3_U)                                                                 |                                                                 SampleNeuralNet_fifo_w48_d2_S_1 |          7 |          7 |       0 |    0 |    6 |      0 |      0 |          0 |
|     U_SampleNeuralNet_fifo_w48_d2_S_ShiftReg                                         |                                                      SampleNeuralNet_fifo_w48_d2_S_ShiftReg_142 |         25 |         25 |       0 |    0 |   96 |      0 |      0 |          0 |
|   layer2_out_4_U                                                                     |                                                                 SampleNeuralNet_fifo_w48_d2_S_2 |         32 |         32 |       0 |    0 |  102 |      0 |      0 |          0 |
|     (layer2_out_4_U)                                                                 |                                                                 SampleNeuralNet_fifo_w48_d2_S_2 |          7 |          7 |       0 |    0 |    6 |      0 |      0 |          0 |
|     U_SampleNeuralNet_fifo_w48_d2_S_ShiftReg                                         |                                                      SampleNeuralNet_fifo_w48_d2_S_ShiftReg_141 |         25 |         25 |       0 |    0 |   96 |      0 |      0 |          0 |
|   layer2_out_5_U                                                                     |                                                                 SampleNeuralNet_fifo_w48_d2_S_3 |         32 |         32 |       0 |    0 |  102 |      0 |      0 |          0 |
|     (layer2_out_5_U)                                                                 |                                                                 SampleNeuralNet_fifo_w48_d2_S_3 |          7 |          7 |       0 |    0 |    6 |      0 |      0 |          0 |
|     U_SampleNeuralNet_fifo_w48_d2_S_ShiftReg                                         |                                                      SampleNeuralNet_fifo_w48_d2_S_ShiftReg_140 |         25 |         25 |       0 |    0 |   96 |      0 |      0 |          0 |
|   layer2_out_6_U                                                                     |                                                                 SampleNeuralNet_fifo_w48_d2_S_4 |         31 |         31 |       0 |    0 |  102 |      0 |      0 |          0 |
|     (layer2_out_6_U)                                                                 |                                                                 SampleNeuralNet_fifo_w48_d2_S_4 |          6 |          6 |       0 |    0 |    6 |      0 |      0 |          0 |
|     U_SampleNeuralNet_fifo_w48_d2_S_ShiftReg                                         |                                                      SampleNeuralNet_fifo_w48_d2_S_ShiftReg_139 |         25 |         25 |       0 |    0 |   96 |      0 |      0 |          0 |
|   layer2_out_7_U                                                                     |                                                                 SampleNeuralNet_fifo_w48_d2_S_5 |         32 |         32 |       0 |    0 |  102 |      0 |      0 |          0 |
|     (layer2_out_7_U)                                                                 |                                                                 SampleNeuralNet_fifo_w48_d2_S_5 |          7 |          7 |       0 |    0 |    6 |      0 |      0 |          0 |
|     U_SampleNeuralNet_fifo_w48_d2_S_ShiftReg                                         |                                                      SampleNeuralNet_fifo_w48_d2_S_ShiftReg_138 |         25 |         25 |       0 |    0 |   96 |      0 |      0 |          0 |
|   layer2_out_U                                                                       |                                                                 SampleNeuralNet_fifo_w48_d2_S_6 |         31 |         31 |       0 |    0 |  102 |      0 |      0 |          0 |
|     (layer2_out_U)                                                                   |                                                                 SampleNeuralNet_fifo_w48_d2_S_6 |          6 |          6 |       0 |    0 |    6 |      0 |      0 |          0 |
|     U_SampleNeuralNet_fifo_w48_d2_S_ShiftReg                                         |                                                      SampleNeuralNet_fifo_w48_d2_S_ShiftReg_137 |         25 |         25 |       0 |    0 |   96 |      0 |      0 |          0 |
|   layer3_out_1_U                                                                     |                                                                   SampleNeuralNet_fifo_w16_d2_S |         15 |         15 |       0 |    0 |   38 |      0 |      0 |          0 |
|     (layer3_out_1_U)                                                                 |                                                                   SampleNeuralNet_fifo_w16_d2_S |          7 |          7 |       0 |    0 |    6 |      0 |      0 |          0 |
|     U_SampleNeuralNet_fifo_w16_d2_S_ShiftReg                                         |                                                      SampleNeuralNet_fifo_w16_d2_S_ShiftReg_136 |          8 |          8 |       0 |    0 |   32 |      0 |      0 |          0 |
|   layer3_out_2_U                                                                     |                                                                 SampleNeuralNet_fifo_w16_d2_S_7 |         14 |         14 |       0 |    0 |   38 |      0 |      0 |          0 |
|     (layer3_out_2_U)                                                                 |                                                                 SampleNeuralNet_fifo_w16_d2_S_7 |          6 |          6 |       0 |    0 |    6 |      0 |      0 |          0 |
|     U_SampleNeuralNet_fifo_w16_d2_S_ShiftReg                                         |                                                      SampleNeuralNet_fifo_w16_d2_S_ShiftReg_135 |          8 |          8 |       0 |    0 |   32 |      0 |      0 |          0 |
|   layer3_out_3_U                                                                     |                                                                 SampleNeuralNet_fifo_w16_d2_S_8 |         14 |         14 |       0 |    0 |   38 |      0 |      0 |          0 |
|     (layer3_out_3_U)                                                                 |                                                                 SampleNeuralNet_fifo_w16_d2_S_8 |          6 |          6 |       0 |    0 |    6 |      0 |      0 |          0 |
|     U_SampleNeuralNet_fifo_w16_d2_S_ShiftReg                                         |                                                      SampleNeuralNet_fifo_w16_d2_S_ShiftReg_134 |          8 |          8 |       0 |    0 |   32 |      0 |      0 |          0 |
|   layer3_out_4_U                                                                     |                                                                 SampleNeuralNet_fifo_w16_d2_S_9 |         16 |         16 |       0 |    0 |   38 |      0 |      0 |          0 |
|     (layer3_out_4_U)                                                                 |                                                                 SampleNeuralNet_fifo_w16_d2_S_9 |          8 |          8 |       0 |    0 |    6 |      0 |      0 |          0 |
|     U_SampleNeuralNet_fifo_w16_d2_S_ShiftReg                                         |                                                      SampleNeuralNet_fifo_w16_d2_S_ShiftReg_133 |          8 |          8 |       0 |    0 |   32 |      0 |      0 |          0 |
|   layer3_out_5_U                                                                     |                                                                SampleNeuralNet_fifo_w16_d2_S_10 |         14 |         14 |       0 |    0 |   38 |      0 |      0 |          0 |
|     (layer3_out_5_U)                                                                 |                                                                SampleNeuralNet_fifo_w16_d2_S_10 |          6 |          6 |       0 |    0 |    6 |      0 |      0 |          0 |
|     U_SampleNeuralNet_fifo_w16_d2_S_ShiftReg                                         |                                                      SampleNeuralNet_fifo_w16_d2_S_ShiftReg_132 |          8 |          8 |       0 |    0 |   32 |      0 |      0 |          0 |
|   layer3_out_6_U                                                                     |                                                                SampleNeuralNet_fifo_w16_d2_S_11 |         15 |         15 |       0 |    0 |   38 |      0 |      0 |          0 |
|     (layer3_out_6_U)                                                                 |                                                                SampleNeuralNet_fifo_w16_d2_S_11 |          7 |          7 |       0 |    0 |    6 |      0 |      0 |          0 |
|     U_SampleNeuralNet_fifo_w16_d2_S_ShiftReg                                         |                                                      SampleNeuralNet_fifo_w16_d2_S_ShiftReg_131 |          8 |          8 |       0 |    0 |   32 |      0 |      0 |          0 |
|   layer3_out_7_U                                                                     |                                                                SampleNeuralNet_fifo_w16_d2_S_12 |         14 |         14 |       0 |    0 |   38 |      0 |      0 |          0 |
|     (layer3_out_7_U)                                                                 |                                                                SampleNeuralNet_fifo_w16_d2_S_12 |          6 |          6 |       0 |    0 |    6 |      0 |      0 |          0 |
|     U_SampleNeuralNet_fifo_w16_d2_S_ShiftReg                                         |                                                      SampleNeuralNet_fifo_w16_d2_S_ShiftReg_130 |          8 |          8 |       0 |    0 |   32 |      0 |      0 |          0 |
|   layer3_out_U                                                                       |                                                                SampleNeuralNet_fifo_w16_d2_S_13 |         15 |         15 |       0 |    0 |   38 |      0 |      0 |          0 |
|     (layer3_out_U)                                                                   |                                                                SampleNeuralNet_fifo_w16_d2_S_13 |          7 |          7 |       0 |    0 |    6 |      0 |      0 |          0 |
|     U_SampleNeuralNet_fifo_w16_d2_S_ShiftReg                                         |                                                      SampleNeuralNet_fifo_w16_d2_S_ShiftReg_129 |          8 |          8 |       0 |    0 |   32 |      0 |      0 |          0 |
|   layer4_out_1_U                                                                     |                                                                SampleNeuralNet_fifo_w48_d2_S_14 |         43 |         43 |       0 |    0 |  102 |      0 |      0 |          0 |
|     (layer4_out_1_U)                                                                 |                                                                SampleNeuralNet_fifo_w48_d2_S_14 |         19 |         19 |       0 |    0 |    6 |      0 |      0 |          0 |
|     U_SampleNeuralNet_fifo_w48_d2_S_ShiftReg                                         |                                                      SampleNeuralNet_fifo_w48_d2_S_ShiftReg_128 |         24 |         24 |       0 |    0 |   96 |      0 |      0 |          0 |
|   layer4_out_2_U                                                                     |                                                                SampleNeuralNet_fifo_w48_d2_S_15 |         30 |         30 |       0 |    0 |  102 |      0 |      0 |          0 |
|     (layer4_out_2_U)                                                                 |                                                                SampleNeuralNet_fifo_w48_d2_S_15 |          6 |          6 |       0 |    0 |    6 |      0 |      0 |          0 |
|     U_SampleNeuralNet_fifo_w48_d2_S_ShiftReg                                         |                                                      SampleNeuralNet_fifo_w48_d2_S_ShiftReg_127 |         24 |         24 |       0 |    0 |   96 |      0 |      0 |          0 |
|   layer4_out_3_U                                                                     |                                                                SampleNeuralNet_fifo_w48_d2_S_16 |         30 |         30 |       0 |    0 |  102 |      0 |      0 |          0 |
|     (layer4_out_3_U)                                                                 |                                                                SampleNeuralNet_fifo_w48_d2_S_16 |          6 |          6 |       0 |    0 |    6 |      0 |      0 |          0 |
|     U_SampleNeuralNet_fifo_w48_d2_S_ShiftReg                                         |                                                      SampleNeuralNet_fifo_w48_d2_S_ShiftReg_126 |         24 |         24 |       0 |    0 |   96 |      0 |      0 |          0 |
|   layer4_out_4_U                                                                     |                                                                SampleNeuralNet_fifo_w48_d2_S_17 |         36 |         36 |       0 |    0 |  102 |      0 |      0 |          0 |
|     (layer4_out_4_U)                                                                 |                                                                SampleNeuralNet_fifo_w48_d2_S_17 |         12 |         12 |       0 |    0 |    6 |      0 |      0 |          0 |
|     U_SampleNeuralNet_fifo_w48_d2_S_ShiftReg                                         |                                                      SampleNeuralNet_fifo_w48_d2_S_ShiftReg_125 |         24 |         24 |       0 |    0 |   96 |      0 |      0 |          0 |
|   layer4_out_5_U                                                                     |                                                                SampleNeuralNet_fifo_w48_d2_S_18 |         30 |         30 |       0 |    0 |  102 |      0 |      0 |          0 |
|     (layer4_out_5_U)                                                                 |                                                                SampleNeuralNet_fifo_w48_d2_S_18 |          6 |          6 |       0 |    0 |    6 |      0 |      0 |          0 |
|     U_SampleNeuralNet_fifo_w48_d2_S_ShiftReg                                         |                                                      SampleNeuralNet_fifo_w48_d2_S_ShiftReg_124 |         24 |         24 |       0 |    0 |   96 |      0 |      0 |          0 |
|   layer4_out_6_U                                                                     |                                                                SampleNeuralNet_fifo_w48_d2_S_19 |         30 |         30 |       0 |    0 |  102 |      0 |      0 |          0 |
|     (layer4_out_6_U)                                                                 |                                                                SampleNeuralNet_fifo_w48_d2_S_19 |          6 |          6 |       0 |    0 |    6 |      0 |      0 |          0 |
|     U_SampleNeuralNet_fifo_w48_d2_S_ShiftReg                                         |                                                      SampleNeuralNet_fifo_w48_d2_S_ShiftReg_123 |         24 |         24 |       0 |    0 |   96 |      0 |      0 |          0 |
|   layer4_out_7_U                                                                     |                                                                SampleNeuralNet_fifo_w48_d2_S_20 |         30 |         30 |       0 |    0 |  102 |      0 |      0 |          0 |
|     (layer4_out_7_U)                                                                 |                                                                SampleNeuralNet_fifo_w48_d2_S_20 |          6 |          6 |       0 |    0 |    6 |      0 |      0 |          0 |
|     U_SampleNeuralNet_fifo_w48_d2_S_ShiftReg                                         |                                                      SampleNeuralNet_fifo_w48_d2_S_ShiftReg_122 |         24 |         24 |       0 |    0 |   96 |      0 |      0 |          0 |
|   layer4_out_U                                                                       |                                                                SampleNeuralNet_fifo_w48_d2_S_21 |         30 |         30 |       0 |    0 |  102 |      0 |      0 |          0 |
|     (layer4_out_U)                                                                   |                                                                SampleNeuralNet_fifo_w48_d2_S_21 |          6 |          6 |       0 |    0 |    6 |      0 |      0 |          0 |
|     U_SampleNeuralNet_fifo_w48_d2_S_ShiftReg                                         |                                                      SampleNeuralNet_fifo_w48_d2_S_ShiftReg_121 |         24 |         24 |       0 |    0 |   96 |      0 |      0 |          0 |
|   layer5_out_1_U                                                                     |                                                                SampleNeuralNet_fifo_w16_d2_S_22 |         15 |         15 |       0 |    0 |   38 |      0 |      0 |          0 |
|     (layer5_out_1_U)                                                                 |                                                                SampleNeuralNet_fifo_w16_d2_S_22 |          7 |          7 |       0 |    0 |    6 |      0 |      0 |          0 |
|     U_SampleNeuralNet_fifo_w16_d2_S_ShiftReg                                         |                                                      SampleNeuralNet_fifo_w16_d2_S_ShiftReg_120 |          8 |          8 |       0 |    0 |   32 |      0 |      0 |          0 |
|   layer5_out_2_U                                                                     |                                                                SampleNeuralNet_fifo_w16_d2_S_23 |         15 |         15 |       0 |    0 |   38 |      0 |      0 |          0 |
|     (layer5_out_2_U)                                                                 |                                                                SampleNeuralNet_fifo_w16_d2_S_23 |          7 |          7 |       0 |    0 |    6 |      0 |      0 |          0 |
|     U_SampleNeuralNet_fifo_w16_d2_S_ShiftReg                                         |                                                      SampleNeuralNet_fifo_w16_d2_S_ShiftReg_119 |          8 |          8 |       0 |    0 |   32 |      0 |      0 |          0 |
|   layer5_out_3_U                                                                     |                                                                SampleNeuralNet_fifo_w16_d2_S_24 |         14 |         14 |       0 |    0 |   38 |      0 |      0 |          0 |
|     (layer5_out_3_U)                                                                 |                                                                SampleNeuralNet_fifo_w16_d2_S_24 |          6 |          6 |       0 |    0 |    6 |      0 |      0 |          0 |
|     U_SampleNeuralNet_fifo_w16_d2_S_ShiftReg                                         |                                                      SampleNeuralNet_fifo_w16_d2_S_ShiftReg_118 |          8 |          8 |       0 |    0 |   32 |      0 |      0 |          0 |
|   layer5_out_4_U                                                                     |                                                                SampleNeuralNet_fifo_w16_d2_S_25 |         16 |         16 |       0 |    0 |   38 |      0 |      0 |          0 |
|     (layer5_out_4_U)                                                                 |                                                                SampleNeuralNet_fifo_w16_d2_S_25 |          8 |          8 |       0 |    0 |    6 |      0 |      0 |          0 |
|     U_SampleNeuralNet_fifo_w16_d2_S_ShiftReg                                         |                                                      SampleNeuralNet_fifo_w16_d2_S_ShiftReg_117 |          8 |          8 |       0 |    0 |   32 |      0 |      0 |          0 |
|   layer5_out_5_U                                                                     |                                                                SampleNeuralNet_fifo_w16_d2_S_26 |         14 |         14 |       0 |    0 |   38 |      0 |      0 |          0 |
|     (layer5_out_5_U)                                                                 |                                                                SampleNeuralNet_fifo_w16_d2_S_26 |          6 |          6 |       0 |    0 |    6 |      0 |      0 |          0 |
|     U_SampleNeuralNet_fifo_w16_d2_S_ShiftReg                                         |                                                      SampleNeuralNet_fifo_w16_d2_S_ShiftReg_116 |          8 |          8 |       0 |    0 |   32 |      0 |      0 |          0 |
|   layer5_out_6_U                                                                     |                                                                SampleNeuralNet_fifo_w16_d2_S_27 |         14 |         14 |       0 |    0 |   38 |      0 |      0 |          0 |
|     (layer5_out_6_U)                                                                 |                                                                SampleNeuralNet_fifo_w16_d2_S_27 |          6 |          6 |       0 |    0 |    6 |      0 |      0 |          0 |
|     U_SampleNeuralNet_fifo_w16_d2_S_ShiftReg                                         |                                                      SampleNeuralNet_fifo_w16_d2_S_ShiftReg_115 |          8 |          8 |       0 |    0 |   32 |      0 |      0 |          0 |
|   layer5_out_7_U                                                                     |                                                                SampleNeuralNet_fifo_w16_d2_S_28 |         14 |         14 |       0 |    0 |   38 |      0 |      0 |          0 |
|     (layer5_out_7_U)                                                                 |                                                                SampleNeuralNet_fifo_w16_d2_S_28 |          6 |          6 |       0 |    0 |    6 |      0 |      0 |          0 |
|     U_SampleNeuralNet_fifo_w16_d2_S_ShiftReg                                         |                                                      SampleNeuralNet_fifo_w16_d2_S_ShiftReg_114 |          8 |          8 |       0 |    0 |   32 |      0 |      0 |          0 |
|   layer5_out_U                                                                       |                                                                SampleNeuralNet_fifo_w16_d2_S_29 |         14 |         14 |       0 |    0 |   38 |      0 |      0 |          0 |
|     (layer5_out_U)                                                                   |                                                                SampleNeuralNet_fifo_w16_d2_S_29 |          6 |          6 |       0 |    0 |    6 |      0 |      0 |          0 |
|     U_SampleNeuralNet_fifo_w16_d2_S_ShiftReg                                         |                                                          SampleNeuralNet_fifo_w16_d2_S_ShiftReg |          8 |          8 |       0 |    0 |   32 |      0 |      0 |          0 |
|   layer6_out_1_U                                                                     |                                                                SampleNeuralNet_fifo_w48_d2_S_30 |         31 |         31 |       0 |    0 |  102 |      0 |      0 |          0 |
|     (layer6_out_1_U)                                                                 |                                                                SampleNeuralNet_fifo_w48_d2_S_30 |          7 |          7 |       0 |    0 |    6 |      0 |      0 |          0 |
|     U_SampleNeuralNet_fifo_w48_d2_S_ShiftReg                                         |                                                      SampleNeuralNet_fifo_w48_d2_S_ShiftReg_113 |         24 |         24 |       0 |    0 |   96 |      0 |      0 |          0 |
|   layer6_out_2_U                                                                     |                                                                SampleNeuralNet_fifo_w48_d2_S_31 |         31 |         31 |       0 |    0 |  102 |      0 |      0 |          0 |
|     (layer6_out_2_U)                                                                 |                                                                SampleNeuralNet_fifo_w48_d2_S_31 |          7 |          7 |       0 |    0 |    6 |      0 |      0 |          0 |
|     U_SampleNeuralNet_fifo_w48_d2_S_ShiftReg                                         |                                                      SampleNeuralNet_fifo_w48_d2_S_ShiftReg_112 |         24 |         24 |       0 |    0 |   96 |      0 |      0 |          0 |
|   layer6_out_3_U                                                                     |                                                                SampleNeuralNet_fifo_w48_d2_S_32 |         31 |         31 |       0 |    0 |  102 |      0 |      0 |          0 |
|     (layer6_out_3_U)                                                                 |                                                                SampleNeuralNet_fifo_w48_d2_S_32 |          7 |          7 |       0 |    0 |    6 |      0 |      0 |          0 |
|     U_SampleNeuralNet_fifo_w48_d2_S_ShiftReg                                         |                                                      SampleNeuralNet_fifo_w48_d2_S_ShiftReg_111 |         24 |         24 |       0 |    0 |   96 |      0 |      0 |          0 |
|   layer6_out_4_U                                                                     |                                                                SampleNeuralNet_fifo_w48_d2_S_33 |         31 |         31 |       0 |    0 |  102 |      0 |      0 |          0 |
|     (layer6_out_4_U)                                                                 |                                                                SampleNeuralNet_fifo_w48_d2_S_33 |          7 |          7 |       0 |    0 |    6 |      0 |      0 |          0 |
|     U_SampleNeuralNet_fifo_w48_d2_S_ShiftReg                                         |                                                      SampleNeuralNet_fifo_w48_d2_S_ShiftReg_110 |         24 |         24 |       0 |    0 |   96 |      0 |      0 |          0 |
|   layer6_out_5_U                                                                     |                                                                SampleNeuralNet_fifo_w48_d2_S_34 |         33 |         33 |       0 |    0 |  102 |      0 |      0 |          0 |
|     (layer6_out_5_U)                                                                 |                                                                SampleNeuralNet_fifo_w48_d2_S_34 |          9 |          9 |       0 |    0 |    6 |      0 |      0 |          0 |
|     U_SampleNeuralNet_fifo_w48_d2_S_ShiftReg                                         |                                                      SampleNeuralNet_fifo_w48_d2_S_ShiftReg_109 |         24 |         24 |       0 |    0 |   96 |      0 |      0 |          0 |
|   layer6_out_6_U                                                                     |                                                                SampleNeuralNet_fifo_w48_d2_S_35 |         31 |         31 |       0 |    0 |  102 |      0 |      0 |          0 |
|     (layer6_out_6_U)                                                                 |                                                                SampleNeuralNet_fifo_w48_d2_S_35 |          7 |          7 |       0 |    0 |    6 |      0 |      0 |          0 |
|     U_SampleNeuralNet_fifo_w48_d2_S_ShiftReg                                         |                                                      SampleNeuralNet_fifo_w48_d2_S_ShiftReg_108 |         24 |         24 |       0 |    0 |   96 |      0 |      0 |          0 |
|   layer6_out_7_U                                                                     |                                                                SampleNeuralNet_fifo_w48_d2_S_36 |         31 |         31 |       0 |    0 |  102 |      0 |      0 |          0 |
|     (layer6_out_7_U)                                                                 |                                                                SampleNeuralNet_fifo_w48_d2_S_36 |          7 |          7 |       0 |    0 |    6 |      0 |      0 |          0 |
|     U_SampleNeuralNet_fifo_w48_d2_S_ShiftReg                                         |                                                      SampleNeuralNet_fifo_w48_d2_S_ShiftReg_107 |         24 |         24 |       0 |    0 |   96 |      0 |      0 |          0 |
|   layer6_out_U                                                                       |                                                                SampleNeuralNet_fifo_w48_d2_S_37 |         33 |         33 |       0 |    0 |  102 |      0 |      0 |          0 |
|     (layer6_out_U)                                                                   |                                                                SampleNeuralNet_fifo_w48_d2_S_37 |          9 |          9 |       0 |    0 |    6 |      0 |      0 |          0 |
|     U_SampleNeuralNet_fifo_w48_d2_S_ShiftReg                                         |                                                          SampleNeuralNet_fifo_w48_d2_S_ShiftReg |         24 |         24 |       0 |    0 |   96 |      0 |      0 |          0 |
|   thresholded_relu_ap_int_48_ap_int_48_ap_int_16_thresholdedrelu_config3_U0          |        SampleNeuralNet_thresholded_relu_ap_int_48_ap_int_48_ap_int_16_thresholdedrelu_config3_s |        277 |        277 |       0 |    0 |  986 |      0 |      0 |          0 |
|     (thresholded_relu_ap_int_48_ap_int_48_ap_int_16_thresholdedrelu_config3_U0)      |        SampleNeuralNet_thresholded_relu_ap_int_48_ap_int_48_ap_int_16_thresholdedrelu_config3_s |        149 |        149 |       0 |    0 |  786 |      0 |      0 |          0 |
|     icmp_48s_48s_1_2_1_U26                                                           |                                                           SampleNeuralNet_icmp_48s_48s_1_2_1_83 |         16 |         16 |       0 |    0 |   25 |      0 |      0 |          0 |
|       base                                                                           |                                                      SampleNeuralNet_icmp_48s_48s_1_2_1_sub_105 |         16 |         16 |       0 |    0 |   25 |      0 |      0 |          0 |
|         (base)                                                                       |                                                      SampleNeuralNet_icmp_48s_48s_1_2_1_sub_105 |         16 |         16 |       0 |    0 |   25 |      0 |      0 |          0 |
|         u2                                                                           |                           SampleNeuralNet_icmp_48s_48s_1_2_1_sub_comb_adder__parameterized0_106 |          0 |          0 |       0 |    0 |    0 |      0 |      0 |          0 |
|     icmp_48s_48s_1_2_1_U27                                                           |                                                           SampleNeuralNet_icmp_48s_48s_1_2_1_84 |         16 |         16 |       0 |    0 |   25 |      0 |      0 |          0 |
|       base                                                                           |                                                      SampleNeuralNet_icmp_48s_48s_1_2_1_sub_103 |         16 |         16 |       0 |    0 |   25 |      0 |      0 |          0 |
|         (base)                                                                       |                                                      SampleNeuralNet_icmp_48s_48s_1_2_1_sub_103 |         16 |         16 |       0 |    0 |   25 |      0 |      0 |          0 |
|         u2                                                                           |                           SampleNeuralNet_icmp_48s_48s_1_2_1_sub_comb_adder__parameterized0_104 |          0 |          0 |       0 |    0 |    0 |      0 |      0 |          0 |
|     icmp_48s_48s_1_2_1_U28                                                           |                                                           SampleNeuralNet_icmp_48s_48s_1_2_1_85 |         16 |         16 |       0 |    0 |   25 |      0 |      0 |          0 |
|       base                                                                           |                                                      SampleNeuralNet_icmp_48s_48s_1_2_1_sub_101 |         16 |         16 |       0 |    0 |   25 |      0 |      0 |          0 |
|         (base)                                                                       |                                                      SampleNeuralNet_icmp_48s_48s_1_2_1_sub_101 |         16 |         16 |       0 |    0 |   25 |      0 |      0 |          0 |
|         u2                                                                           |                           SampleNeuralNet_icmp_48s_48s_1_2_1_sub_comb_adder__parameterized0_102 |          0 |          0 |       0 |    0 |    0 |      0 |      0 |          0 |
|     icmp_48s_48s_1_2_1_U29                                                           |                                                           SampleNeuralNet_icmp_48s_48s_1_2_1_86 |         16 |         16 |       0 |    0 |   25 |      0 |      0 |          0 |
|       base                                                                           |                                                       SampleNeuralNet_icmp_48s_48s_1_2_1_sub_99 |         16 |         16 |       0 |    0 |   25 |      0 |      0 |          0 |
|         (base)                                                                       |                                                       SampleNeuralNet_icmp_48s_48s_1_2_1_sub_99 |         16 |         16 |       0 |    0 |   25 |      0 |      0 |          0 |
|         u2                                                                           |                           SampleNeuralNet_icmp_48s_48s_1_2_1_sub_comb_adder__parameterized0_100 |          0 |          0 |       0 |    0 |    0 |      0 |      0 |          0 |
|     icmp_48s_48s_1_2_1_U30                                                           |                                                           SampleNeuralNet_icmp_48s_48s_1_2_1_87 |         16 |         16 |       0 |    0 |   25 |      0 |      0 |          0 |
|       base                                                                           |                                                       SampleNeuralNet_icmp_48s_48s_1_2_1_sub_97 |         16 |         16 |       0 |    0 |   25 |      0 |      0 |          0 |
|         (base)                                                                       |                                                       SampleNeuralNet_icmp_48s_48s_1_2_1_sub_97 |         16 |         16 |       0 |    0 |   25 |      0 |      0 |          0 |
|         u2                                                                           |                            SampleNeuralNet_icmp_48s_48s_1_2_1_sub_comb_adder__parameterized0_98 |          0 |          0 |       0 |    0 |    0 |      0 |      0 |          0 |
|     icmp_48s_48s_1_2_1_U31                                                           |                                                           SampleNeuralNet_icmp_48s_48s_1_2_1_88 |         16 |         16 |       0 |    0 |   25 |      0 |      0 |          0 |
|       base                                                                           |                                                       SampleNeuralNet_icmp_48s_48s_1_2_1_sub_95 |         16 |         16 |       0 |    0 |   25 |      0 |      0 |          0 |
|         (base)                                                                       |                                                       SampleNeuralNet_icmp_48s_48s_1_2_1_sub_95 |         16 |         16 |       0 |    0 |   25 |      0 |      0 |          0 |
|         u2                                                                           |                            SampleNeuralNet_icmp_48s_48s_1_2_1_sub_comb_adder__parameterized0_96 |          0 |          0 |       0 |    0 |    0 |      0 |      0 |          0 |
|     icmp_48s_48s_1_2_1_U32                                                           |                                                           SampleNeuralNet_icmp_48s_48s_1_2_1_89 |         16 |         16 |       0 |    0 |   25 |      0 |      0 |          0 |
|       base                                                                           |                                                       SampleNeuralNet_icmp_48s_48s_1_2_1_sub_93 |         16 |         16 |       0 |    0 |   25 |      0 |      0 |          0 |
|         (base)                                                                       |                                                       SampleNeuralNet_icmp_48s_48s_1_2_1_sub_93 |         16 |         16 |       0 |    0 |   25 |      0 |      0 |          0 |
|         u2                                                                           |                            SampleNeuralNet_icmp_48s_48s_1_2_1_sub_comb_adder__parameterized0_94 |          0 |          0 |       0 |    0 |    0 |      0 |      0 |          0 |
|     icmp_48s_48s_1_2_1_U33                                                           |                                                           SampleNeuralNet_icmp_48s_48s_1_2_1_90 |         16 |         16 |       0 |    0 |   25 |      0 |      0 |          0 |
|       base                                                                           |                                                       SampleNeuralNet_icmp_48s_48s_1_2_1_sub_91 |         16 |         16 |       0 |    0 |   25 |      0 |      0 |          0 |
|         (base)                                                                       |                                                       SampleNeuralNet_icmp_48s_48s_1_2_1_sub_91 |         16 |         16 |       0 |    0 |   25 |      0 |      0 |          0 |
|         u2                                                                           |                            SampleNeuralNet_icmp_48s_48s_1_2_1_sub_comb_adder__parameterized0_92 |          0 |          0 |       0 |    0 |    0 |      0 |      0 |          0 |
|   thresholded_relu_ap_int_48_ap_int_48_ap_int_16_thresholdedrelu_config5_U0          |        SampleNeuralNet_thresholded_relu_ap_int_48_ap_int_48_ap_int_16_thresholdedrelu_config5_s |        277 |        277 |       0 |    0 |  987 |      0 |      0 |          0 |
|     (thresholded_relu_ap_int_48_ap_int_48_ap_int_16_thresholdedrelu_config5_U0)      |        SampleNeuralNet_thresholded_relu_ap_int_48_ap_int_48_ap_int_16_thresholdedrelu_config5_s |        149 |        149 |       0 |    0 |  787 |      0 |      0 |          0 |
|     icmp_48s_48s_1_2_1_U70                                                           |                                                           SampleNeuralNet_icmp_48s_48s_1_2_1_59 |         16 |         16 |       0 |    0 |   25 |      0 |      0 |          0 |
|       base                                                                           |                                                       SampleNeuralNet_icmp_48s_48s_1_2_1_sub_81 |         16 |         16 |       0 |    0 |   25 |      0 |      0 |          0 |
|         (base)                                                                       |                                                       SampleNeuralNet_icmp_48s_48s_1_2_1_sub_81 |         16 |         16 |       0 |    0 |   25 |      0 |      0 |          0 |
|         u2                                                                           |                            SampleNeuralNet_icmp_48s_48s_1_2_1_sub_comb_adder__parameterized0_82 |          0 |          0 |       0 |    0 |    0 |      0 |      0 |          0 |
|     icmp_48s_48s_1_2_1_U71                                                           |                                                           SampleNeuralNet_icmp_48s_48s_1_2_1_60 |         16 |         16 |       0 |    0 |   25 |      0 |      0 |          0 |
|       base                                                                           |                                                       SampleNeuralNet_icmp_48s_48s_1_2_1_sub_79 |         16 |         16 |       0 |    0 |   25 |      0 |      0 |          0 |
|         (base)                                                                       |                                                       SampleNeuralNet_icmp_48s_48s_1_2_1_sub_79 |         16 |         16 |       0 |    0 |   25 |      0 |      0 |          0 |
|         u2                                                                           |                            SampleNeuralNet_icmp_48s_48s_1_2_1_sub_comb_adder__parameterized0_80 |          0 |          0 |       0 |    0 |    0 |      0 |      0 |          0 |
|     icmp_48s_48s_1_2_1_U72                                                           |                                                           SampleNeuralNet_icmp_48s_48s_1_2_1_61 |         16 |         16 |       0 |    0 |   25 |      0 |      0 |          0 |
|       base                                                                           |                                                       SampleNeuralNet_icmp_48s_48s_1_2_1_sub_77 |         16 |         16 |       0 |    0 |   25 |      0 |      0 |          0 |
|         (base)                                                                       |                                                       SampleNeuralNet_icmp_48s_48s_1_2_1_sub_77 |         16 |         16 |       0 |    0 |   25 |      0 |      0 |          0 |
|         u2                                                                           |                            SampleNeuralNet_icmp_48s_48s_1_2_1_sub_comb_adder__parameterized0_78 |          0 |          0 |       0 |    0 |    0 |      0 |      0 |          0 |
|     icmp_48s_48s_1_2_1_U73                                                           |                                                           SampleNeuralNet_icmp_48s_48s_1_2_1_62 |         16 |         16 |       0 |    0 |   25 |      0 |      0 |          0 |
|       base                                                                           |                                                       SampleNeuralNet_icmp_48s_48s_1_2_1_sub_75 |         16 |         16 |       0 |    0 |   25 |      0 |      0 |          0 |
|         (base)                                                                       |                                                       SampleNeuralNet_icmp_48s_48s_1_2_1_sub_75 |         16 |         16 |       0 |    0 |   25 |      0 |      0 |          0 |
|         u2                                                                           |                            SampleNeuralNet_icmp_48s_48s_1_2_1_sub_comb_adder__parameterized0_76 |          0 |          0 |       0 |    0 |    0 |      0 |      0 |          0 |
|     icmp_48s_48s_1_2_1_U74                                                           |                                                           SampleNeuralNet_icmp_48s_48s_1_2_1_63 |         16 |         16 |       0 |    0 |   25 |      0 |      0 |          0 |
|       base                                                                           |                                                       SampleNeuralNet_icmp_48s_48s_1_2_1_sub_73 |         16 |         16 |       0 |    0 |   25 |      0 |      0 |          0 |
|         (base)                                                                       |                                                       SampleNeuralNet_icmp_48s_48s_1_2_1_sub_73 |         16 |         16 |       0 |    0 |   25 |      0 |      0 |          0 |
|         u2                                                                           |                            SampleNeuralNet_icmp_48s_48s_1_2_1_sub_comb_adder__parameterized0_74 |          0 |          0 |       0 |    0 |    0 |      0 |      0 |          0 |
|     icmp_48s_48s_1_2_1_U75                                                           |                                                           SampleNeuralNet_icmp_48s_48s_1_2_1_64 |         16 |         16 |       0 |    0 |   25 |      0 |      0 |          0 |
|       base                                                                           |                                                       SampleNeuralNet_icmp_48s_48s_1_2_1_sub_71 |         16 |         16 |       0 |    0 |   25 |      0 |      0 |          0 |
|         (base)                                                                       |                                                       SampleNeuralNet_icmp_48s_48s_1_2_1_sub_71 |         16 |         16 |       0 |    0 |   25 |      0 |      0 |          0 |
|         u2                                                                           |                            SampleNeuralNet_icmp_48s_48s_1_2_1_sub_comb_adder__parameterized0_72 |          0 |          0 |       0 |    0 |    0 |      0 |      0 |          0 |
|     icmp_48s_48s_1_2_1_U76                                                           |                                                           SampleNeuralNet_icmp_48s_48s_1_2_1_65 |         16 |         16 |       0 |    0 |   25 |      0 |      0 |          0 |
|       base                                                                           |                                                       SampleNeuralNet_icmp_48s_48s_1_2_1_sub_69 |         16 |         16 |       0 |    0 |   25 |      0 |      0 |          0 |
|         (base)                                                                       |                                                       SampleNeuralNet_icmp_48s_48s_1_2_1_sub_69 |         16 |         16 |       0 |    0 |   25 |      0 |      0 |          0 |
|         u2                                                                           |                            SampleNeuralNet_icmp_48s_48s_1_2_1_sub_comb_adder__parameterized0_70 |          0 |          0 |       0 |    0 |    0 |      0 |      0 |          0 |
|     icmp_48s_48s_1_2_1_U77                                                           |                                                           SampleNeuralNet_icmp_48s_48s_1_2_1_66 |         16 |         16 |       0 |    0 |   25 |      0 |      0 |          0 |
|       base                                                                           |                                                       SampleNeuralNet_icmp_48s_48s_1_2_1_sub_67 |         16 |         16 |       0 |    0 |   25 |      0 |      0 |          0 |
|         (base)                                                                       |                                                       SampleNeuralNet_icmp_48s_48s_1_2_1_sub_67 |         16 |         16 |       0 |    0 |   25 |      0 |      0 |          0 |
|         u2                                                                           |                            SampleNeuralNet_icmp_48s_48s_1_2_1_sub_comb_adder__parameterized0_68 |          0 |          0 |       0 |    0 |    0 |      0 |      0 |          0 |
|   thresholded_relu_ap_int_48_ap_int_48_ap_int_16_thresholdedrelu_config7_U0          |        SampleNeuralNet_thresholded_relu_ap_int_48_ap_int_48_ap_int_16_thresholdedrelu_config7_s |        257 |        257 |       0 |    0 |  979 |      0 |      0 |          0 |
|     (thresholded_relu_ap_int_48_ap_int_48_ap_int_16_thresholdedrelu_config7_U0)      |        SampleNeuralNet_thresholded_relu_ap_int_48_ap_int_48_ap_int_16_thresholdedrelu_config7_s |        129 |        129 |       0 |    0 |  779 |      0 |      0 |          0 |
|     icmp_48s_48s_1_2_1_U112                                                          |                                                              SampleNeuralNet_icmp_48s_48s_1_2_1 |         16 |         16 |       0 |    0 |   25 |      0 |      0 |          0 |
|       base                                                                           |                                                       SampleNeuralNet_icmp_48s_48s_1_2_1_sub_57 |         16 |         16 |       0 |    0 |   25 |      0 |      0 |          0 |
|         (base)                                                                       |                                                       SampleNeuralNet_icmp_48s_48s_1_2_1_sub_57 |         16 |         16 |       0 |    0 |   25 |      0 |      0 |          0 |
|         u2                                                                           |                            SampleNeuralNet_icmp_48s_48s_1_2_1_sub_comb_adder__parameterized0_58 |          0 |          0 |       0 |    0 |    0 |      0 |      0 |          0 |
|     icmp_48s_48s_1_2_1_U113                                                          |                                                           SampleNeuralNet_icmp_48s_48s_1_2_1_38 |         16 |         16 |       0 |    0 |   25 |      0 |      0 |          0 |
|       base                                                                           |                                                       SampleNeuralNet_icmp_48s_48s_1_2_1_sub_55 |         16 |         16 |       0 |    0 |   25 |      0 |      0 |          0 |
|         (base)                                                                       |                                                       SampleNeuralNet_icmp_48s_48s_1_2_1_sub_55 |         16 |         16 |       0 |    0 |   25 |      0 |      0 |          0 |
|         u2                                                                           |                            SampleNeuralNet_icmp_48s_48s_1_2_1_sub_comb_adder__parameterized0_56 |          0 |          0 |       0 |    0 |    0 |      0 |      0 |          0 |
|     icmp_48s_48s_1_2_1_U114                                                          |                                                           SampleNeuralNet_icmp_48s_48s_1_2_1_39 |         16 |         16 |       0 |    0 |   25 |      0 |      0 |          0 |
|       base                                                                           |                                                       SampleNeuralNet_icmp_48s_48s_1_2_1_sub_53 |         16 |         16 |       0 |    0 |   25 |      0 |      0 |          0 |
|         (base)                                                                       |                                                       SampleNeuralNet_icmp_48s_48s_1_2_1_sub_53 |         16 |         16 |       0 |    0 |   25 |      0 |      0 |          0 |
|         u2                                                                           |                            SampleNeuralNet_icmp_48s_48s_1_2_1_sub_comb_adder__parameterized0_54 |          0 |          0 |       0 |    0 |    0 |      0 |      0 |          0 |
|     icmp_48s_48s_1_2_1_U115                                                          |                                                           SampleNeuralNet_icmp_48s_48s_1_2_1_40 |         16 |         16 |       0 |    0 |   25 |      0 |      0 |          0 |
|       base                                                                           |                                                       SampleNeuralNet_icmp_48s_48s_1_2_1_sub_51 |         16 |         16 |       0 |    0 |   25 |      0 |      0 |          0 |
|         (base)                                                                       |                                                       SampleNeuralNet_icmp_48s_48s_1_2_1_sub_51 |         16 |         16 |       0 |    0 |   25 |      0 |      0 |          0 |
|         u2                                                                           |                            SampleNeuralNet_icmp_48s_48s_1_2_1_sub_comb_adder__parameterized0_52 |          0 |          0 |       0 |    0 |    0 |      0 |      0 |          0 |
|     icmp_48s_48s_1_2_1_U116                                                          |                                                           SampleNeuralNet_icmp_48s_48s_1_2_1_41 |         16 |         16 |       0 |    0 |   25 |      0 |      0 |          0 |
|       base                                                                           |                                                       SampleNeuralNet_icmp_48s_48s_1_2_1_sub_49 |         16 |         16 |       0 |    0 |   25 |      0 |      0 |          0 |
|         (base)                                                                       |                                                       SampleNeuralNet_icmp_48s_48s_1_2_1_sub_49 |         16 |         16 |       0 |    0 |   25 |      0 |      0 |          0 |
|         u2                                                                           |                            SampleNeuralNet_icmp_48s_48s_1_2_1_sub_comb_adder__parameterized0_50 |          0 |          0 |       0 |    0 |    0 |      0 |      0 |          0 |
|     icmp_48s_48s_1_2_1_U117                                                          |                                                           SampleNeuralNet_icmp_48s_48s_1_2_1_42 |         16 |         16 |       0 |    0 |   25 |      0 |      0 |          0 |
|       base                                                                           |                                                       SampleNeuralNet_icmp_48s_48s_1_2_1_sub_47 |         16 |         16 |       0 |    0 |   25 |      0 |      0 |          0 |
|         (base)                                                                       |                                                       SampleNeuralNet_icmp_48s_48s_1_2_1_sub_47 |         16 |         16 |       0 |    0 |   25 |      0 |      0 |          0 |
|         u2                                                                           |                            SampleNeuralNet_icmp_48s_48s_1_2_1_sub_comb_adder__parameterized0_48 |          0 |          0 |       0 |    0 |    0 |      0 |      0 |          0 |
|     icmp_48s_48s_1_2_1_U118                                                          |                                                           SampleNeuralNet_icmp_48s_48s_1_2_1_43 |         16 |         16 |       0 |    0 |   25 |      0 |      0 |          0 |
|       base                                                                           |                                                       SampleNeuralNet_icmp_48s_48s_1_2_1_sub_45 |         16 |         16 |       0 |    0 |   25 |      0 |      0 |          0 |
|         (base)                                                                       |                                                       SampleNeuralNet_icmp_48s_48s_1_2_1_sub_45 |         16 |         16 |       0 |    0 |   25 |      0 |      0 |          0 |
|         u2                                                                           |                            SampleNeuralNet_icmp_48s_48s_1_2_1_sub_comb_adder__parameterized0_46 |          0 |          0 |       0 |    0 |    0 |      0 |      0 |          0 |
|     icmp_48s_48s_1_2_1_U119                                                          |                                                           SampleNeuralNet_icmp_48s_48s_1_2_1_44 |         16 |         16 |       0 |    0 |   25 |      0 |      0 |          0 |
|       base                                                                           |                                                          SampleNeuralNet_icmp_48s_48s_1_2_1_sub |         16 |         16 |       0 |    0 |   25 |      0 |      0 |          0 |
|         (base)                                                                       |                                                          SampleNeuralNet_icmp_48s_48s_1_2_1_sub |         16 |         16 |       0 |    0 |   25 |      0 |      0 |          0 |
|         u2                                                                           |                               SampleNeuralNet_icmp_48s_48s_1_2_1_sub_comb_adder__parameterized0 |          0 |          0 |       0 |    0 |    0 |      0 |      0 |          0 |
+--------------------------------------------------------------------------------------+-------------------------------------------------------------------------------------------------+------------+------------+---------+------+------+--------+--------+------------+
* Note: The sum of lower-level cells may be larger than their parent cells total, due to cross-hierarchy LUT combining


