Copyright 1986-2022 Xilinx, Inc. All Rights Reserved. Copyright 2022-2024 Advanced Micro Devices, Inc. All Rights Reserved.
---------------------------------------------------------------------------------------------------------------------------------------------
| Tool Version : Vivado v.2024.1 (lin64) Build 5076996 Wed May 22 18:36:09 MDT 2024
| Date         : Thu Sep  3 04:12:30 2026
| Host         : ei-lan-400 running 64-bit Debian GNU/Linux 12 (bookworm)
| Command      : report_timing -max_paths 20 -file ./Analysis/Timing_Paths_Implementation.rpt
| Design       : SampleNeuralNet
| Device       : 7z010-clg400
| Speed File   : -1  PRODUCTION 1.12 2019-11-22
| Design State : Routed
---------------------------------------------------------------------------------------------------------------------------------------------

Timing Report

Slack (VIOLATED) :        -0.517ns  (required time - arrival time)
  Source:                 dense_resource_rf_leq_nin_ap_int_16_ap_int_48_config2_U0/icmp_ln46_reg_610_pp0_iter10_reg_reg[0]__0_rep/C
                            (rising edge-triggered cell FDRE clocked by ap_clk  {rise@0.000ns fall@2.000ns period=4.000ns})
  Destination:            dense_resource_rf_leq_nin_ap_int_16_ap_int_48_config2_U0/mac_muladd_16s_16s_34s_34_4_1_U8/SampleNeuralNet_mac_muladd_16s_16s_34s_34_4_1_DSP48_0_U/p_reg_reg/C[27]
                            (rising edge-triggered cell DSP48E1 clocked by ap_clk  {rise@0.000ns fall@2.000ns period=4.000ns})
  Path Group:             ap_clk
  Path Type:              Setup (Max at Slow Process Corner)
  Requirement:            4.000ns  (ap_clk rise@4.000ns - ap_clk rise@0.000ns)
  Data Path Delay:        2.732ns  (logic 0.580ns (21.230%)  route 2.152ns (78.770%))
  Logic Levels:           1  (LUT4=1)
  Clock Path Skew:        -0.049ns (DCD - SCD + CPR)
    Destination Clock Delay (DCD):    0.924ns = ( 4.924 - 4.000 ) 
    Source Clock Delay      (SCD):    0.973ns
    Clock Pessimism Removal (CPR):    0.000ns
  Clock Uncertainty:      0.035ns  ((TSJ^2 + TIJ^2)^1/2 + DJ) / 2 + PE
    Total System Jitter     (TSJ):    0.071ns
    Total Input Jitter      (TIJ):    0.000ns
    Discrete Jitter          (DJ):    0.000ns
    Phase Error              (PE):    0.000ns

    Location             Delay type                Incr(ns)  Path(ns)    Netlist Resource(s)
  -------------------------------------------------------------------    -------------------
                         (clock ap_clk rise edge)     0.000     0.000 r  
                                                      0.000     0.000 r  ap_clk (IN)
                         net (fo=6960, unset)         0.973     0.973    dense_resource_rf_leq_nin_ap_int_16_ap_int_48_config2_U0/ap_clk
    SLICE_X15Y37         FDRE                                         r  dense_resource_rf_leq_nin_ap_int_16_ap_int_48_config2_U0/icmp_ln46_reg_610_pp0_iter10_reg_reg[0]__0_rep/C
  -------------------------------------------------------------------    -------------------
    SLICE_X15Y37         FDRE (Prop_fdre_C_Q)         0.456     1.429 r  dense_resource_rf_leq_nin_ap_int_16_ap_int_48_config2_U0/icmp_ln46_reg_610_pp0_iter10_reg_reg[0]__0_rep/Q
                         net (fo=69, routed)          1.172     2.601    dense_resource_rf_leq_nin_ap_int_16_ap_int_48_config2_U0/mac_muladd_16s_16s_34s_34_4_1_U8/SampleNeuralNet_mac_muladd_16s_16s_34s_34_4_1_DSP48_0_U/p_reg_reg_1
    SLICE_X19Y36         LUT4 (Prop_lut4_I2_O)        0.124     2.725 r  dense_resource_rf_leq_nin_ap_int_16_ap_int_48_config2_U0/mac_muladd_16s_16s_34s_34_4_1_U8/SampleNeuralNet_mac_muladd_16s_16s_34s_34_4_1_DSP48_0_U/p_reg_reg_i_7__9/O
                         net (fo=1, routed)           0.980     3.705    dense_resource_rf_leq_nin_ap_int_16_ap_int_48_config2_U0/mac_muladd_16s_16s_34s_34_4_1_U8/SampleNeuralNet_mac_muladd_16s_16s_34s_34_4_1_DSP48_0_U/p_reg_reg_i_7__9_n_0
    DSP48_X0Y15          DSP48E1                                      r  dense_resource_rf_leq_nin_ap_int_16_ap_int_48_config2_U0/mac_muladd_16s_16s_34s_34_4_1_U8/SampleNeuralNet_mac_muladd_16s_16s_34s_34_4_1_DSP48_0_U/p_reg_reg/C[27]
  -------------------------------------------------------------------    -------------------

                         (clock ap_clk rise edge)     4.000     4.000 r  
                                                      0.000     4.000 r  ap_clk (IN)
                         net (fo=6960, unset)         0.924     4.924    dense_resource_rf_leq_nin_ap_int_16_ap_int_48_config2_U0/mac_muladd_16s_16s_34s_34_4_1_U8/SampleNeuralNet_mac_muladd_16s_16s_34s_34_4_1_DSP48_0_U/ap_clk
    DSP48_X0Y15          DSP48E1                                      r  dense_resource_rf_leq_nin_ap_int_16_ap_int_48_config2_U0/mac_muladd_16s_16s_34s_34_4_1_U8/SampleNeuralNet_mac_muladd_16s_16s_34s_34_4_1_DSP48_0_U/p_reg_reg/CLK
                         clock pessimism              0.000     4.924    
                         clock uncertainty           -0.035     4.889    
    DSP48_X0Y15          DSP48E1 (Setup_dsp48e1_CLK_C[27])
                                                     -1.701     3.188    dense_resource_rf_leq_nin_ap_int_16_ap_int_48_config2_U0/mac_muladd_16s_16s_34s_34_4_1_U8/SampleNeuralNet_mac_muladd_16s_16s_34s_34_4_1_DSP48_0_U/p_reg_reg
  -------------------------------------------------------------------
                         required time                          3.188    
                         arrival time                          -3.705    
  -------------------------------------------------------------------
                         slack                                 -0.517    

Slack (VIOLATED) :        -0.478ns  (required time - arrival time)
  Source:                 dense_resource_rf_leq_nin_ap_int_16_ap_int_48_config6_U0/ap_loop_init_pp0_iter4_reg_reg__0/C
                            (rising edge-triggered cell FDRE clocked by ap_clk  {rise@0.000ns fall@2.000ns period=4.000ns})
  Destination:            dense_resource_rf_leq_nin_ap_int_16_ap_int_48_config6_U0/mac_muladd_16s_16s_34s_34_4_1_U55/SampleNeuralNet_mac_muladd_16s_16s_34s_34_4_1_DSP48_0_U/p_reg_reg/C[20]
                            (rising edge-triggered cell DSP48E1 clocked by ap_clk  {rise@0.000ns fall@2.000ns period=4.000ns})
  Path Group:             ap_clk
  Path Type:              Setup (Max at Slow Process Corner)
  Requirement:            4.000ns  (ap_clk rise@4.000ns - ap_clk rise@0.000ns)
  Data Path Delay:        2.485ns  (logic 0.608ns (24.471%)  route 1.877ns (75.529%))
  Logic Levels:           1  (LUT4=1)
  Clock Path Skew:        -0.049ns (DCD - SCD + CPR)
    Destination Clock Delay (DCD):    0.924ns = ( 4.924 - 4.000 ) 
    Source Clock Delay      (SCD):    0.973ns
    Clock Pessimism Removal (CPR):    0.000ns
  Clock Uncertainty:      0.035ns  ((TSJ^2 + TIJ^2)^1/2 + DJ) / 2 + PE
    Total System Jitter     (TSJ):    0.071ns
    Total Input Jitter      (TIJ):    0.000ns
    Discrete Jitter          (DJ):    0.000ns
    Phase Error              (PE):    0.000ns

    Location             Delay type                Incr(ns)  Path(ns)    Netlist Resource(s)
  -------------------------------------------------------------------    -------------------
                         (clock ap_clk rise edge)     0.000     0.000 r  
                                                      0.000     0.000 r  ap_clk (IN)
                         net (fo=6960, unset)         0.973     0.973    dense_resource_rf_leq_nin_ap_int_16_ap_int_48_config6_U0/ap_clk
    SLICE_X33Y9          FDRE                                         r  dense_resource_rf_leq_nin_ap_int_16_ap_int_48_config6_U0/ap_loop_init_pp0_iter4_reg_reg__0/C
  -------------------------------------------------------------------    -------------------
    SLICE_X33Y9          FDRE (Prop_fdre_C_Q)         0.456     1.429 r  dense_resource_rf_leq_nin_ap_int_16_ap_int_48_config6_U0/ap_loop_init_pp0_iter4_reg_reg__0/Q
                         net (fo=263, routed)         1.354     2.783    dense_resource_rf_leq_nin_ap_int_16_ap_int_48_config6_U0/mac_muladd_16s_16s_34s_34_4_1_U55/SampleNeuralNet_mac_muladd_16s_16s_34s_34_4_1_DSP48_0_U/ap_loop_init_pp0_iter4_reg
    SLICE_X33Y14         LUT4 (Prop_lut4_I0_O)        0.152     2.935 r  dense_resource_rf_leq_nin_ap_int_16_ap_int_48_config6_U0/mac_muladd_16s_16s_34s_34_4_1_U55/SampleNeuralNet_mac_muladd_16s_16s_34s_34_4_1_DSP48_0_U/p_reg_reg_i_14__6/O
                         net (fo=1, routed)           0.522     3.458    dense_resource_rf_leq_nin_ap_int_16_ap_int_48_config6_U0/mac_muladd_16s_16s_34s_34_4_1_U55/SampleNeuralNet_mac_muladd_16s_16s_34s_34_4_1_DSP48_0_U/p_reg_reg_i_14__6_n_0
    DSP48_X1Y7           DSP48E1                                      r  dense_resource_rf_leq_nin_ap_int_16_ap_int_48_config6_U0/mac_muladd_16s_16s_34s_34_4_1_U55/SampleNeuralNet_mac_muladd_16s_16s_34s_34_4_1_DSP48_0_U/p_reg_reg/C[20]
  -------------------------------------------------------------------    -------------------

                         (clock ap_clk rise edge)     4.000     4.000 r  
                                                      0.000     4.000 r  ap_clk (IN)
                         net (fo=6960, unset)         0.924     4.924    dense_resource_rf_leq_nin_ap_int_16_ap_int_48_config6_U0/mac_muladd_16s_16s_34s_34_4_1_U55/SampleNeuralNet_mac_muladd_16s_16s_34s_34_4_1_DSP48_0_U/ap_clk
    DSP48_X1Y7           DSP48E1                                      r  dense_resource_rf_leq_nin_ap_int_16_ap_int_48_config6_U0/mac_muladd_16s_16s_34s_34_4_1_U55/SampleNeuralNet_mac_muladd_16s_16s_34s_34_4_1_DSP48_0_U/p_reg_reg/CLK
                         clock pessimism              0.000     4.924    
                         clock uncertainty           -0.035     4.889    
    DSP48_X1Y7           DSP48E1 (Setup_dsp48e1_CLK_C[20])
                                                     -1.909     2.980    dense_resource_rf_leq_nin_ap_int_16_ap_int_48_config6_U0/mac_muladd_16s_16s_34s_34_4_1_U55/SampleNeuralNet_mac_muladd_16s_16s_34s_34_4_1_DSP48_0_U/p_reg_reg
  -------------------------------------------------------------------
                         required time                          2.980    
                         arrival time                          -3.458    
  -------------------------------------------------------------------
                         slack                                 -0.478    

Slack (VIOLATED) :        -0.448ns  (required time - arrival time)
  Source:                 dense_resource_rf_leq_nin_ap_int_16_ap_int_48_config2_U0/ap_loop_init_pp0_iter10_reg_reg__0/C
                            (rising edge-triggered cell FDRE clocked by ap_clk  {rise@0.000ns fall@2.000ns period=4.000ns})
  Destination:            dense_resource_rf_leq_nin_ap_int_16_ap_int_48_config2_U0/mac_muladd_16s_16s_34s_34_4_1_U8/SampleNeuralNet_mac_muladd_16s_16s_34s_34_4_1_DSP48_0_U/p_reg_reg/C[46]
                            (rising edge-triggered cell DSP48E1 clocked by ap_clk  {rise@0.000ns fall@2.000ns period=4.000ns})
  Path Group:             ap_clk
  Path Type:              Setup (Max at Slow Process Corner)
  Requirement:            4.000ns  (ap_clk rise@4.000ns - ap_clk rise@0.000ns)
  Data Path Delay:        2.663ns  (logic 0.580ns (21.780%)  route 2.083ns (78.220%))
  Logic Levels:           1  (LUT4=1)
  Clock Path Skew:        -0.049ns (DCD - SCD + CPR)
    Destination Clock Delay (DCD):    0.924ns = ( 4.924 - 4.000 ) 
    Source Clock Delay      (SCD):    0.973ns
    Clock Pessimism Removal (CPR):    0.000ns
  Clock Uncertainty:      0.035ns  ((TSJ^2 + TIJ^2)^1/2 + DJ) / 2 + PE
    Total System Jitter     (TSJ):    0.071ns
    Total Input Jitter      (TIJ):    0.000ns
    Discrete Jitter          (DJ):    0.000ns
    Phase Error              (PE):    0.000ns

    Location             Delay type                Incr(ns)  Path(ns)    Netlist Resource(s)
  -------------------------------------------------------------------    -------------------
                         (clock ap_clk rise edge)     0.000     0.000 r  
                                                      0.000     0.000 r  ap_clk (IN)
                         net (fo=6960, unset)         0.973     0.973    dense_resource_rf_leq_nin_ap_int_16_ap_int_48_config2_U0/ap_clk
    SLICE_X25Y38         FDRE                                         r  dense_resource_rf_leq_nin_ap_int_16_ap_int_48_config2_U0/ap_loop_init_pp0_iter10_reg_reg__0/C
  -------------------------------------------------------------------    -------------------
    SLICE_X25Y38         FDRE (Prop_fdre_C_Q)         0.456     1.429 r  dense_resource_rf_leq_nin_ap_int_16_ap_int_48_config2_U0/ap_loop_init_pp0_iter10_reg_reg__0/Q
                         net (fo=263, routed)         1.013     2.442    dense_resource_rf_leq_nin_ap_int_16_ap_int_48_config2_U0/mac_muladd_16s_16s_34s_34_4_1_U8/SampleNeuralNet_mac_muladd_16s_16s_34s_34_4_1_DSP48_0_U/ap_loop_init_pp0_iter10_reg
    SLICE_X19Y36         LUT4 (Prop_lut4_I0_O)        0.124     2.566 r  dense_resource_rf_leq_nin_ap_int_16_ap_int_48_config2_U0/mac_muladd_16s_16s_34s_34_4_1_U8/SampleNeuralNet_mac_muladd_16s_16s_34s_34_4_1_DSP48_0_U/p_reg_reg_i_1__9/O
                         net (fo=15, routed)          1.070     3.636    dense_resource_rf_leq_nin_ap_int_16_ap_int_48_config2_U0/mac_muladd_16s_16s_34s_34_4_1_U8/SampleNeuralNet_mac_muladd_16s_16s_34s_34_4_1_DSP48_0_U/p_reg_reg_i_1__9_n_0
    DSP48_X0Y15          DSP48E1                                      r  dense_resource_rf_leq_nin_ap_int_16_ap_int_48_config2_U0/mac_muladd_16s_16s_34s_34_4_1_U8/SampleNeuralNet_mac_muladd_16s_16s_34s_34_4_1_DSP48_0_U/p_reg_reg/C[46]
  -------------------------------------------------------------------    -------------------

                         (clock ap_clk rise edge)     4.000     4.000 r  
                                                      0.000     4.000 r  ap_clk (IN)
                         net (fo=6960, unset)         0.924     4.924    dense_resource_rf_leq_nin_ap_int_16_ap_int_48_config2_U0/mac_muladd_16s_16s_34s_34_4_1_U8/SampleNeuralNet_mac_muladd_16s_16s_34s_34_4_1_DSP48_0_U/ap_clk
    DSP48_X0Y15          DSP48E1                                      r  dense_resource_rf_leq_nin_ap_int_16_ap_int_48_config2_U0/mac_muladd_16s_16s_34s_34_4_1_U8/SampleNeuralNet_mac_muladd_16s_16s_34s_34_4_1_DSP48_0_U/p_reg_reg/CLK
                         clock pessimism              0.000     4.924    
                         clock uncertainty           -0.035     4.889    
    DSP48_X0Y15          DSP48E1 (Setup_dsp48e1_CLK_C[46])
                                                     -1.701     3.188    dense_resource_rf_leq_nin_ap_int_16_ap_int_48_config2_U0/mac_muladd_16s_16s_34s_34_4_1_U8/SampleNeuralNet_mac_muladd_16s_16s_34s_34_4_1_DSP48_0_U/p_reg_reg
  -------------------------------------------------------------------
                         required time                          3.188    
                         arrival time                          -3.636    
  -------------------------------------------------------------------
                         slack                                 -0.448    

Slack (VIOLATED) :        -0.445ns  (required time - arrival time)
  Source:                 dense_resource_rf_leq_nin_ap_int_16_ap_int_48_config2_U0/ap_loop_init_pp0_iter10_reg_reg__0/C
                            (rising edge-triggered cell FDRE clocked by ap_clk  {rise@0.000ns fall@2.000ns period=4.000ns})
  Destination:            dense_resource_rf_leq_nin_ap_int_16_ap_int_48_config2_U0/mac_muladd_16s_16s_34s_34_4_1_U8/SampleNeuralNet_mac_muladd_16s_16s_34s_34_4_1_DSP48_0_U/p_reg_reg/C[38]
                            (rising edge-triggered cell DSP48E1 clocked by ap_clk  {rise@0.000ns fall@2.000ns period=4.000ns})
  Path Group:             ap_clk
  Path Type:              Setup (Max at Slow Process Corner)
  Requirement:            4.000ns  (ap_clk rise@4.000ns - ap_clk rise@0.000ns)
  Data Path Delay:        2.660ns  (logic 0.580ns (21.802%)  route 2.080ns (78.198%))
  Logic Levels:           1  (LUT4=1)
  Clock Path Skew:        -0.049ns (DCD - SCD + CPR)
    Destination Clock Delay (DCD):    0.924ns = ( 4.924 - 4.000 ) 
    Source Clock Delay      (SCD):    0.973ns
    Clock Pessimism Removal (CPR):    0.000ns
  Clock Uncertainty:      0.035ns  ((TSJ^2 + TIJ^2)^1/2 + DJ) / 2 + PE
    Total System Jitter     (TSJ):    0.071ns
    Total Input Jitter      (TIJ):    0.000ns
    Discrete Jitter          (DJ):    0.000ns
    Phase Error              (PE):    0.000ns

    Location             Delay type                Incr(ns)  Path(ns)    Netlist Resource(s)
  -------------------------------------------------------------------    -------------------
                         (clock ap_clk rise edge)     0.000     0.000 r  
                                                      0.000     0.000 r  ap_clk (IN)
                         net (fo=6960, unset)         0.973     0.973    dense_resource_rf_leq_nin_ap_int_16_ap_int_48_config2_U0/ap_clk
    SLICE_X25Y38         FDRE                                         r  dense_resource_rf_leq_nin_ap_int_16_ap_int_48_config2_U0/ap_loop_init_pp0_iter10_reg_reg__0/C
  -------------------------------------------------------------------    -------------------
    SLICE_X25Y38         FDRE (Prop_fdre_C_Q)         0.456     1.429 r  dense_resource_rf_leq_nin_ap_int_16_ap_int_48_config2_U0/ap_loop_init_pp0_iter10_reg_reg__0/Q
                         net (fo=263, routed)         1.013     2.442    dense_resource_rf_leq_nin_ap_int_16_ap_int_48_config2_U0/mac_muladd_16s_16s_34s_34_4_1_U8/SampleNeuralNet_mac_muladd_16s_16s_34s_34_4_1_DSP48_0_U/ap_loop_init_pp0_iter10_reg
    SLICE_X19Y36         LUT4 (Prop_lut4_I0_O)        0.124     2.566 r  dense_resource_rf_leq_nin_ap_int_16_ap_int_48_config2_U0/mac_muladd_16s_16s_34s_34_4_1_U8/SampleNeuralNet_mac_muladd_16s_16s_34s_34_4_1_DSP48_0_U/p_reg_reg_i_1__9/O
                         net (fo=15, routed)          1.067     3.633    dense_resource_rf_leq_nin_ap_int_16_ap_int_48_config2_U0/mac_muladd_16s_16s_34s_34_4_1_U8/SampleNeuralNet_mac_muladd_16s_16s_34s_34_4_1_DSP48_0_U/p_reg_reg_i_1__9_n_0
    DSP48_X0Y15          DSP48E1                                      r  dense_resource_rf_leq_nin_ap_int_16_ap_int_48_config2_U0/mac_muladd_16s_16s_34s_34_4_1_U8/SampleNeuralNet_mac_muladd_16s_16s_34s_34_4_1_DSP48_0_U/p_reg_reg/C[38]
  -------------------------------------------------------------------    -------------------

                         (clock ap_clk rise edge)     4.000     4.000 r  
                                                      0.000     4.000 r  ap_clk (IN)
                         net (fo=6960, unset)         0.924     4.924    dense_resource_rf_leq_nin_ap_int_16_ap_int_48_config2_U0/mac_muladd_16s_16s_34s_34_4_1_U8/SampleNeuralNet_mac_muladd_16s_16s_34s_34_4_1_DSP48_0_U/ap_clk
    DSP48_X0Y15          DSP48E1                                      r  dense_resource_rf_leq_nin_ap_int_16_ap_int_48_config2_U0/mac_muladd_16s_16s_34s_34_4_1_U8/SampleNeuralNet_mac_muladd_16s_16s_34s_34_4_1_DSP48_0_U/p_reg_reg/CLK
                         clock pessimism              0.000     4.924    
                         clock uncertainty           -0.035     4.889    
    DSP48_X0Y15          DSP48E1 (Setup_dsp48e1_CLK_C[38])
                                                     -1.701     3.188    dense_resource_rf_leq_nin_ap_int_16_ap_int_48_config2_U0/mac_muladd_16s_16s_34s_34_4_1_U8/SampleNeuralNet_mac_muladd_16s_16s_34s_34_4_1_DSP48_0_U/p_reg_reg
  -------------------------------------------------------------------
                         required time                          3.188    
                         arrival time                          -3.633    
  -------------------------------------------------------------------
                         slack                                 -0.445    

Slack (VIOLATED) :        -0.441ns  (required time - arrival time)
  Source:                 dense_resource_rf_leq_nin_ap_int_16_ap_int_48_config2_U0/ap_loop_init_pp0_iter10_reg_reg__0/C
                            (rising edge-triggered cell FDRE clocked by ap_clk  {rise@0.000ns fall@2.000ns period=4.000ns})
  Destination:            dense_resource_rf_leq_nin_ap_int_16_ap_int_48_config2_U0/mac_muladd_16s_16s_34s_34_4_1_U8/SampleNeuralNet_mac_muladd_16s_16s_34s_34_4_1_DSP48_0_U/p_reg_reg/C[41]
                            (rising edge-triggered cell DSP48E1 clocked by ap_clk  {rise@0.000ns fall@2.000ns period=4.000ns})
  Path Group:             ap_clk
  Path Type:              Setup (Max at Slow Process Corner)
  Requirement:            4.000ns  (ap_clk rise@4.000ns - ap_clk rise@0.000ns)
  Data Path Delay:        2.656ns  (logic 0.580ns (21.839%)  route 2.076ns (78.161%))
  Logic Levels:           1  (LUT4=1)
  Clock Path Skew:        -0.049ns (DCD - SCD + CPR)
    Destination Clock Delay (DCD):    0.924ns = ( 4.924 - 4.000 ) 
    Source Clock Delay      (SCD):    0.973ns
    Clock Pessimism Removal (CPR):    0.000ns
  Clock Uncertainty:      0.035ns  ((TSJ^2 + TIJ^2)^1/2 + DJ) / 2 + PE
    Total System Jitter     (TSJ):    0.071ns
    Total Input Jitter      (TIJ):    0.000ns
    Discrete Jitter          (DJ):    0.000ns
    Phase Error              (PE):    0.000ns

    Location             Delay type                Incr(ns)  Path(ns)    Netlist Resource(s)
  -------------------------------------------------------------------    -------------------
                         (clock ap_clk rise edge)     0.000     0.000 r  
                                                      0.000     0.000 r  ap_clk (IN)
                         net (fo=6960, unset)         0.973     0.973    dense_resource_rf_leq_nin_ap_int_16_ap_int_48_config2_U0/ap_clk
    SLICE_X25Y38         FDRE                                         r  dense_resource_rf_leq_nin_ap_int_16_ap_int_48_config2_U0/ap_loop_init_pp0_iter10_reg_reg__0/C
  -------------------------------------------------------------------    -------------------
    SLICE_X25Y38         FDRE (Prop_fdre_C_Q)         0.456     1.429 r  dense_resource_rf_leq_nin_ap_int_16_ap_int_48_config2_U0/ap_loop_init_pp0_iter10_reg_reg__0/Q
                         net (fo=263, routed)         1.013     2.442    dense_resource_rf_leq_nin_ap_int_16_ap_int_48_config2_U0/mac_muladd_16s_16s_34s_34_4_1_U8/SampleNeuralNet_mac_muladd_16s_16s_34s_34_4_1_DSP48_0_U/ap_loop_init_pp0_iter10_reg
    SLICE_X19Y36         LUT4 (Prop_lut4_I0_O)        0.124     2.566 r  dense_resource_rf_leq_nin_ap_int_16_ap_int_48_config2_U0/mac_muladd_16s_16s_34s_34_4_1_U8/SampleNeuralNet_mac_muladd_16s_16s_34s_34_4_1_DSP48_0_U/p_reg_reg_i_1__9/O
                         net (fo=15, routed)          1.063     3.629    dense_resource_rf_leq_nin_ap_int_16_ap_int_48_config2_U0/mac_muladd_16s_16s_34s_34_4_1_U8/SampleNeuralNet_mac_muladd_16s_16s_34s_34_4_1_DSP48_0_U/p_reg_reg_i_1__9_n_0
    DSP48_X0Y15          DSP48E1                                      r  dense_resource_rf_leq_nin_ap_int_16_ap_int_48_config2_U0/mac_muladd_16s_16s_34s_34_4_1_U8/SampleNeuralNet_mac_muladd_16s_16s_34s_34_4_1_DSP48_0_U/p_reg_reg/C[41]
  -------------------------------------------------------------------    -------------------

                         (clock ap_clk rise edge)     4.000     4.000 r  
                                                      0.000     4.000 r  ap_clk (IN)
                         net (fo=6960, unset)         0.924     4.924    dense_resource_rf_leq_nin_ap_int_16_ap_int_48_config2_U0/mac_muladd_16s_16s_34s_34_4_1_U8/SampleNeuralNet_mac_muladd_16s_16s_34s_34_4_1_DSP48_0_U/ap_clk
    DSP48_X0Y15          DSP48E1                                      r  dense_resource_rf_leq_nin_ap_int_16_ap_int_48_config2_U0/mac_muladd_16s_16s_34s_34_4_1_U8/SampleNeuralNet_mac_muladd_16s_16s_34s_34_4_1_DSP48_0_U/p_reg_reg/CLK
                         clock pessimism              0.000     4.924    
                         clock uncertainty           -0.035     4.889    
    DSP48_X0Y15          DSP48E1 (Setup_dsp48e1_CLK_C[41])
                                                     -1.701     3.188    dense_resource_rf_leq_nin_ap_int_16_ap_int_48_config2_U0/mac_muladd_16s_16s_34s_34_4_1_U8/SampleNeuralNet_mac_muladd_16s_16s_34s_34_4_1_DSP48_0_U/p_reg_reg
  -------------------------------------------------------------------
                         required time                          3.188    
                         arrival time                          -3.629    
  -------------------------------------------------------------------
                         slack                                 -0.441    

Slack (VIOLATED) :        -0.439ns  (required time - arrival time)
  Source:                 ap_sync_reg_channel_write_layer4_out_3_reg/C
                            (rising edge-triggered cell FDRE clocked by ap_clk  {rise@0.000ns fall@2.000ns period=4.000ns})
  Destination:            ap_sync_reg_channel_write_layer4_out_4_reg/R
                            (rising edge-triggered cell FDRE clocked by ap_clk  {rise@0.000ns fall@2.000ns period=4.000ns})
  Path Group:             ap_clk
  Path Type:              Setup (Max at Slow Process Corner)
  Requirement:            4.000ns  (ap_clk rise@4.000ns - ap_clk rise@0.000ns)
  Data Path Delay:        3.831ns  (logic 0.952ns (24.850%)  route 2.879ns (75.150%))
  Logic Levels:           4  (LUT4=1 LUT5=1 LUT6=2)
  Clock Path Skew:        -0.049ns (DCD - SCD + CPR)
    Destination Clock Delay (DCD):    0.924ns = ( 4.924 - 4.000 ) 
    Source Clock Delay      (SCD):    0.973ns
    Clock Pessimism Removal (CPR):    0.000ns
  Clock Uncertainty:      0.035ns  ((TSJ^2 + TIJ^2)^1/2 + DJ) / 2 + PE
    Total System Jitter     (TSJ):    0.071ns
    Total Input Jitter      (TIJ):    0.000ns
    Discrete Jitter          (DJ):    0.000ns
    Phase Error              (PE):    0.000ns

    Location             Delay type                Incr(ns)  Path(ns)    Netlist Resource(s)
  -------------------------------------------------------------------    -------------------
                         (clock ap_clk rise edge)     0.000     0.000 r  
                                                      0.000     0.000 r  ap_clk (IN)
                         net (fo=6960, unset)         0.973     0.973    ap_clk
    SLICE_X19Y23         FDRE                                         r  ap_sync_reg_channel_write_layer4_out_3_reg/C
  -------------------------------------------------------------------    -------------------
    SLICE_X19Y23         FDRE (Prop_fdre_C_Q)         0.456     1.429 r  ap_sync_reg_channel_write_layer4_out_3_reg/Q
                         net (fo=3, routed)           0.966     2.395    dense_resource_rf_leq_nin_ap_int_16_ap_int_48_config4_U0/ap_sync_reg_channel_write_layer4_out_3
    SLICE_X17Y23         LUT6 (Prop_lut6_I0_O)        0.124     2.519 f  dense_resource_rf_leq_nin_ap_int_16_ap_int_48_config4_U0/ap_done_reg_inv_i_5__0/O
                         net (fo=1, routed)           0.433     2.953    dense_resource_rf_leq_nin_ap_int_16_ap_int_48_config4_U0/ap_done_reg_inv_i_5__0_n_0
    SLICE_X17Y23         LUT5 (Prop_lut5_I0_O)        0.124     3.077 f  dense_resource_rf_leq_nin_ap_int_16_ap_int_48_config4_U0/ap_done_reg_inv_i_4__0/O
                         net (fo=1, routed)           0.287     3.364    dense_resource_rf_leq_nin_ap_int_16_ap_int_48_config4_U0/ap_done_reg_inv_i_4__0_n_0
    SLICE_X19Y23         LUT6 (Prop_lut6_I5_O)        0.124     3.488 r  dense_resource_rf_leq_nin_ap_int_16_ap_int_48_config4_U0/ap_done_reg_inv_i_2__0/O
                         net (fo=2, routed)           0.564     4.052    dense_resource_rf_leq_nin_ap_int_16_ap_int_48_config4_U0/ap_continue50_out
    SLICE_X16Y23         LUT4 (Prop_lut4_I0_O)        0.124     4.176 r  dense_resource_rf_leq_nin_ap_int_16_ap_int_48_config4_U0/ap_sync_reg_channel_write_layer4_out_6_i_1/O
                         net (fo=8, routed)           0.628     4.804    ap_sync_reg_channel_write_layer4_out_7
    SLICE_X20Y23         FDRE                                         r  ap_sync_reg_channel_write_layer4_out_4_reg/R
  -------------------------------------------------------------------    -------------------

                         (clock ap_clk rise edge)     4.000     4.000 r  
                                                      0.000     4.000 r  ap_clk (IN)
                         net (fo=6960, unset)         0.924     4.924    ap_clk
    SLICE_X20Y23         FDRE                                         r  ap_sync_reg_channel_write_layer4_out_4_reg/C
                         clock pessimism              0.000     4.924    
                         clock uncertainty           -0.035     4.889    
    SLICE_X20Y23         FDRE (Setup_fdre_C_R)       -0.524     4.365    ap_sync_reg_channel_write_layer4_out_4_reg
  -------------------------------------------------------------------
                         required time                          4.365    
                         arrival time                          -4.804    
  -------------------------------------------------------------------
                         slack                                 -0.439    

Slack (VIOLATED) :        -0.439ns  (required time - arrival time)
  Source:                 ap_sync_reg_channel_write_layer4_out_3_reg/C
                            (rising edge-triggered cell FDRE clocked by ap_clk  {rise@0.000ns fall@2.000ns period=4.000ns})
  Destination:            ap_sync_reg_channel_write_layer4_out_5_reg/R
                            (rising edge-triggered cell FDRE clocked by ap_clk  {rise@0.000ns fall@2.000ns period=4.000ns})
  Path Group:             ap_clk
  Path Type:              Setup (Max at Slow Process Corner)
  Requirement:            4.000ns  (ap_clk rise@4.000ns - ap_clk rise@0.000ns)
  Data Path Delay:        3.831ns  (logic 0.952ns (24.850%)  route 2.879ns (75.150%))
  Logic Levels:           4  (LUT4=1 LUT5=1 LUT6=2)
  Clock Path Skew:        -0.049ns (DCD - SCD + CPR)
    Destination Clock Delay (DCD):    0.924ns = ( 4.924 - 4.000 ) 
    Source Clock Delay      (SCD):    0.973ns
    Clock Pessimism Removal (CPR):    0.000ns
  Clock Uncertainty:      0.035ns  ((TSJ^2 + TIJ^2)^1/2 + DJ) / 2 + PE
    Total System Jitter     (TSJ):    0.071ns
    Total Input Jitter      (TIJ):    0.000ns
    Discrete Jitter          (DJ):    0.000ns
    Phase Error              (PE):    0.000ns

    Location             Delay type                Incr(ns)  Path(ns)    Netlist Resource(s)
  -------------------------------------------------------------------    -------------------
                         (clock ap_clk rise edge)     0.000     0.000 r  
                                                      0.000     0.000 r  ap_clk (IN)
                         net (fo=6960, unset)         0.973     0.973    ap_clk
    SLICE_X19Y23         FDRE                                         r  ap_sync_reg_channel_write_layer4_out_3_reg/C
  -------------------------------------------------------------------    -------------------
    SLICE_X19Y23         FDRE (Prop_fdre_C_Q)         0.456     1.429 r  ap_sync_reg_channel_write_layer4_out_3_reg/Q
                         net (fo=3, routed)           0.966     2.395    dense_resource_rf_leq_nin_ap_int_16_ap_int_48_config4_U0/ap_sync_reg_channel_write_layer4_out_3
    SLICE_X17Y23         LUT6 (Prop_lut6_I0_O)        0.124     2.519 f  dense_resource_rf_leq_nin_ap_int_16_ap_int_48_config4_U0/ap_done_reg_inv_i_5__0/O
                         net (fo=1, routed)           0.433     2.953    dense_resource_rf_leq_nin_ap_int_16_ap_int_48_config4_U0/ap_done_reg_inv_i_5__0_n_0
    SLICE_X17Y23         LUT5 (Prop_lut5_I0_O)        0.124     3.077 f  dense_resource_rf_leq_nin_ap_int_16_ap_int_48_config4_U0/ap_done_reg_inv_i_4__0/O
                         net (fo=1, routed)           0.287     3.364    dense_resource_rf_leq_nin_ap_int_16_ap_int_48_config4_U0/ap_done_reg_inv_i_4__0_n_0
    SLICE_X19Y23         LUT6 (Prop_lut6_I5_O)        0.124     3.488 r  dense_resource_rf_leq_nin_ap_int_16_ap_int_48_config4_U0/ap_done_reg_inv_i_2__0/O
                         net (fo=2, routed)           0.564     4.052    dense_resource_rf_leq_nin_ap_int_16_ap_int_48_config4_U0/ap_continue50_out
    SLICE_X16Y23         LUT4 (Prop_lut4_I0_O)        0.124     4.176 r  dense_resource_rf_leq_nin_ap_int_16_ap_int_48_config4_U0/ap_sync_reg_channel_write_layer4_out_6_i_1/O
                         net (fo=8, routed)           0.628     4.804    ap_sync_reg_channel_write_layer4_out_7
    SLICE_X20Y23         FDRE                                         r  ap_sync_reg_channel_write_layer4_out_5_reg/R
  -------------------------------------------------------------------    -------------------

                         (clock ap_clk rise edge)     4.000     4.000 r  
                                                      0.000     4.000 r  ap_clk (IN)
                         net (fo=6960, unset)         0.924     4.924    ap_clk
    SLICE_X20Y23         FDRE                                         r  ap_sync_reg_channel_write_layer4_out_5_reg/C
                         clock pessimism              0.000     4.924    
                         clock uncertainty           -0.035     4.889    
    SLICE_X20Y23         FDRE (Setup_fdre_C_R)       -0.524     4.365    ap_sync_reg_channel_write_layer4_out_5_reg
  -------------------------------------------------------------------
                         required time                          4.365    
                         arrival time                          -4.804    
  -------------------------------------------------------------------
                         slack                                 -0.439    

Slack (VIOLATED) :        -0.439ns  (required time - arrival time)
  Source:                 ap_sync_reg_channel_write_layer4_out_3_reg/C
                            (rising edge-triggered cell FDRE clocked by ap_clk  {rise@0.000ns fall@2.000ns period=4.000ns})
  Destination:            ap_sync_reg_channel_write_layer4_out_6_reg/R
                            (rising edge-triggered cell FDRE clocked by ap_clk  {rise@0.000ns fall@2.000ns period=4.000ns})
  Path Group:             ap_clk
  Path Type:              Setup (Max at Slow Process Corner)
  Requirement:            4.000ns  (ap_clk rise@4.000ns - ap_clk rise@0.000ns)
  Data Path Delay:        3.831ns  (logic 0.952ns (24.850%)  route 2.879ns (75.150%))
  Logic Levels:           4  (LUT4=1 LUT5=1 LUT6=2)
  Clock Path Skew:        -0.049ns (DCD - SCD + CPR)
    Destination Clock Delay (DCD):    0.924ns = ( 4.924 - 4.000 ) 
    Source Clock Delay      (SCD):    0.973ns
    Clock Pessimism Removal (CPR):    0.000ns
  Clock Uncertainty:      0.035ns  ((TSJ^2 + TIJ^2)^1/2 + DJ) / 2 + PE
    Total System Jitter     (TSJ):    0.071ns
    Total Input Jitter      (TIJ):    0.000ns
    Discrete Jitter          (DJ):    0.000ns
    Phase Error              (PE):    0.000ns

    Location             Delay type                Incr(ns)  Path(ns)    Netlist Resource(s)
  -------------------------------------------------------------------    -------------------
                         (clock ap_clk rise edge)     0.000     0.000 r  
                                                      0.000     0.000 r  ap_clk (IN)
                         net (fo=6960, unset)         0.973     0.973    ap_clk
    SLICE_X19Y23         FDRE                                         r  ap_sync_reg_channel_write_layer4_out_3_reg/C
  -------------------------------------------------------------------    -------------------
    SLICE_X19Y23         FDRE (Prop_fdre_C_Q)         0.456     1.429 r  ap_sync_reg_channel_write_layer4_out_3_reg/Q
                         net (fo=3, routed)           0.966     2.395    dense_resource_rf_leq_nin_ap_int_16_ap_int_48_config4_U0/ap_sync_reg_channel_write_layer4_out_3
    SLICE_X17Y23         LUT6 (Prop_lut6_I0_O)        0.124     2.519 f  dense_resource_rf_leq_nin_ap_int_16_ap_int_48_config4_U0/ap_done_reg_inv_i_5__0/O
                         net (fo=1, routed)           0.433     2.953    dense_resource_rf_leq_nin_ap_int_16_ap_int_48_config4_U0/ap_done_reg_inv_i_5__0_n_0
    SLICE_X17Y23         LUT5 (Prop_lut5_I0_O)        0.124     3.077 f  dense_resource_rf_leq_nin_ap_int_16_ap_int_48_config4_U0/ap_done_reg_inv_i_4__0/O
                         net (fo=1, routed)           0.287     3.364    dense_resource_rf_leq_nin_ap_int_16_ap_int_48_config4_U0/ap_done_reg_inv_i_4__0_n_0
    SLICE_X19Y23         LUT6 (Prop_lut6_I5_O)        0.124     3.488 r  dense_resource_rf_leq_nin_ap_int_16_ap_int_48_config4_U0/ap_done_reg_inv_i_2__0/O
                         net (fo=2, routed)           0.564     4.052    dense_resource_rf_leq_nin_ap_int_16_ap_int_48_config4_U0/ap_continue50_out
    SLICE_X16Y23         LUT4 (Prop_lut4_I0_O)        0.124     4.176 r  dense_resource_rf_leq_nin_ap_int_16_ap_int_48_config4_U0/ap_sync_reg_channel_write_layer4_out_6_i_1/O
                         net (fo=8, routed)           0.628     4.804    ap_sync_reg_channel_write_layer4_out_7
    SLICE_X20Y23         FDRE                                         r  ap_sync_reg_channel_write_layer4_out_6_reg/R
  -------------------------------------------------------------------    -------------------

                         (clock ap_clk rise edge)     4.000     4.000 r  
                                                      0.000     4.000 r  ap_clk (IN)
                         net (fo=6960, unset)         0.924     4.924    ap_clk
    SLICE_X20Y23         FDRE                                         r  ap_sync_reg_channel_write_layer4_out_6_reg/C
                         clock pessimism              0.000     4.924    
                         clock uncertainty           -0.035     4.889    
    SLICE_X20Y23         FDRE (Setup_fdre_C_R)       -0.524     4.365    ap_sync_reg_channel_write_layer4_out_6_reg
  -------------------------------------------------------------------
                         required time                          4.365    
                         arrival time                          -4.804    
  -------------------------------------------------------------------
                         slack                                 -0.439    

Slack (VIOLATED) :        -0.439ns  (required time - arrival time)
  Source:                 ap_sync_reg_channel_write_layer4_out_3_reg/C
                            (rising edge-triggered cell FDRE clocked by ap_clk  {rise@0.000ns fall@2.000ns period=4.000ns})
  Destination:            ap_sync_reg_channel_write_layer4_out_reg/R
                            (rising edge-triggered cell FDRE clocked by ap_clk  {rise@0.000ns fall@2.000ns period=4.000ns})
  Path Group:             ap_clk
  Path Type:              Setup (Max at Slow Process Corner)
  Requirement:            4.000ns  (ap_clk rise@4.000ns - ap_clk rise@0.000ns)
  Data Path Delay:        3.831ns  (logic 0.952ns (24.850%)  route 2.879ns (75.150%))
  Logic Levels:           4  (LUT4=1 LUT5=1 LUT6=2)
  Clock Path Skew:        -0.049ns (DCD - SCD + CPR)
    Destination Clock Delay (DCD):    0.924ns = ( 4.924 - 4.000 ) 
    Source Clock Delay      (SCD):    0.973ns
    Clock Pessimism Removal (CPR):    0.000ns
  Clock Uncertainty:      0.035ns  ((TSJ^2 + TIJ^2)^1/2 + DJ) / 2 + PE
    Total System Jitter     (TSJ):    0.071ns
    Total Input Jitter      (TIJ):    0.000ns
    Discrete Jitter          (DJ):    0.000ns
    Phase Error              (PE):    0.000ns

    Location             Delay type                Incr(ns)  Path(ns)    Netlist Resource(s)
  -------------------------------------------------------------------    -------------------
                         (clock ap_clk rise edge)     0.000     0.000 r  
                                                      0.000     0.000 r  ap_clk (IN)
                         net (fo=6960, unset)         0.973     0.973    ap_clk
    SLICE_X19Y23         FDRE                                         r  ap_sync_reg_channel_write_layer4_out_3_reg/C
  -------------------------------------------------------------------    -------------------
    SLICE_X19Y23         FDRE (Prop_fdre_C_Q)         0.456     1.429 r  ap_sync_reg_channel_write_layer4_out_3_reg/Q
                         net (fo=3, routed)           0.966     2.395    dense_resource_rf_leq_nin_ap_int_16_ap_int_48_config4_U0/ap_sync_reg_channel_write_layer4_out_3
    SLICE_X17Y23         LUT6 (Prop_lut6_I0_O)        0.124     2.519 f  dense_resource_rf_leq_nin_ap_int_16_ap_int_48_config4_U0/ap_done_reg_inv_i_5__0/O
                         net (fo=1, routed)           0.433     2.953    dense_resource_rf_leq_nin_ap_int_16_ap_int_48_config4_U0/ap_done_reg_inv_i_5__0_n_0
    SLICE_X17Y23         LUT5 (Prop_lut5_I0_O)        0.124     3.077 f  dense_resource_rf_leq_nin_ap_int_16_ap_int_48_config4_U0/ap_done_reg_inv_i_4__0/O
                         net (fo=1, routed)           0.287     3.364    dense_resource_rf_leq_nin_ap_int_16_ap_int_48_config4_U0/ap_done_reg_inv_i_4__0_n_0
    SLICE_X19Y23         LUT6 (Prop_lut6_I5_O)        0.124     3.488 r  dense_resource_rf_leq_nin_ap_int_16_ap_int_48_config4_U0/ap_done_reg_inv_i_2__0/O
                         net (fo=2, routed)           0.564     4.052    dense_resource_rf_leq_nin_ap_int_16_ap_int_48_config4_U0/ap_continue50_out
    SLICE_X16Y23         LUT4 (Prop_lut4_I0_O)        0.124     4.176 r  dense_resource_rf_leq_nin_ap_int_16_ap_int_48_config4_U0/ap_sync_reg_channel_write_layer4_out_6_i_1/O
                         net (fo=8, routed)           0.628     4.804    ap_sync_reg_channel_write_layer4_out_7
    SLICE_X20Y23         FDRE                                         r  ap_sync_reg_channel_write_layer4_out_reg/R
  -------------------------------------------------------------------    -------------------

                         (clock ap_clk rise edge)     4.000     4.000 r  
                                                      0.000     4.000 r  ap_clk (IN)
                         net (fo=6960, unset)         0.924     4.924    ap_clk
    SLICE_X20Y23         FDRE                                         r  ap_sync_reg_channel_write_layer4_out_reg/C
                         clock pessimism              0.000     4.924    
                         clock uncertainty           -0.035     4.889    
    SLICE_X20Y23         FDRE (Setup_fdre_C_R)       -0.524     4.365    ap_sync_reg_channel_write_layer4_out_reg
  -------------------------------------------------------------------
                         required time                          4.365    
                         arrival time                          -4.804    
  -------------------------------------------------------------------
                         slack                                 -0.439    

Slack (VIOLATED) :        -0.439ns  (required time - arrival time)
  Source:                 dense_resource_rf_leq_nin_ap_int_16_ap_int_48_config2_U0/ap_loop_init_pp0_iter10_reg_reg__0/C
                            (rising edge-triggered cell FDRE clocked by ap_clk  {rise@0.000ns fall@2.000ns period=4.000ns})
  Destination:            dense_resource_rf_leq_nin_ap_int_16_ap_int_48_config2_U0/mac_muladd_16s_16s_34s_34_4_1_U8/SampleNeuralNet_mac_muladd_16s_16s_34s_34_4_1_DSP48_0_U/p_reg_reg/C[45]
                            (rising edge-triggered cell DSP48E1 clocked by ap_clk  {rise@0.000ns fall@2.000ns period=4.000ns})
  Path Group:             ap_clk
  Path Type:              Setup (Max at Slow Process Corner)
  Requirement:            4.000ns  (ap_clk rise@4.000ns - ap_clk rise@0.000ns)
  Data Path Delay:        2.654ns  (logic 0.580ns (21.858%)  route 2.074ns (78.142%))
  Logic Levels:           1  (LUT4=1)
  Clock Path Skew:        -0.049ns (DCD - SCD + CPR)
    Destination Clock Delay (DCD):    0.924ns = ( 4.924 - 4.000 ) 
    Source Clock Delay      (SCD):    0.973ns
    Clock Pessimism Removal (CPR):    0.000ns
  Clock Uncertainty:      0.035ns  ((TSJ^2 + TIJ^2)^1/2 + DJ) / 2 + PE
    Total System Jitter     (TSJ):    0.071ns
    Total Input Jitter      (TIJ):    0.000ns
    Discrete Jitter          (DJ):    0.000ns
    Phase Error              (PE):    0.000ns

    Location             Delay type                Incr(ns)  Path(ns)    Netlist Resource(s)
  -------------------------------------------------------------------    -------------------
                         (clock ap_clk rise edge)     0.000     0.000 r  
                                                      0.000     0.000 r  ap_clk (IN)
                         net (fo=6960, unset)         0.973     0.973    dense_resource_rf_leq_nin_ap_int_16_ap_int_48_config2_U0/ap_clk
    SLICE_X25Y38         FDRE                                         r  dense_resource_rf_leq_nin_ap_int_16_ap_int_48_config2_U0/ap_loop_init_pp0_iter10_reg_reg__0/C
  -------------------------------------------------------------------    -------------------
    SLICE_X25Y38         FDRE (Prop_fdre_C_Q)         0.456     1.429 r  dense_resource_rf_leq_nin_ap_int_16_ap_int_48_config2_U0/ap_loop_init_pp0_iter10_reg_reg__0/Q
                         net (fo=263, routed)         1.013     2.442    dense_resource_rf_leq_nin_ap_int_16_ap_int_48_config2_U0/mac_muladd_16s_16s_34s_34_4_1_U8/SampleNeuralNet_mac_muladd_16s_16s_34s_34_4_1_DSP48_0_U/ap_loop_init_pp0_iter10_reg
    SLICE_X19Y36         LUT4 (Prop_lut4_I0_O)        0.124     2.566 r  dense_resource_rf_leq_nin_ap_int_16_ap_int_48_config2_U0/mac_muladd_16s_16s_34s_34_4_1_U8/SampleNeuralNet_mac_muladd_16s_16s_34s_34_4_1_DSP48_0_U/p_reg_reg_i_1__9/O
                         net (fo=15, routed)          1.061     3.627    dense_resource_rf_leq_nin_ap_int_16_ap_int_48_config2_U0/mac_muladd_16s_16s_34s_34_4_1_U8/SampleNeuralNet_mac_muladd_16s_16s_34s_34_4_1_DSP48_0_U/p_reg_reg_i_1__9_n_0
    DSP48_X0Y15          DSP48E1                                      r  dense_resource_rf_leq_nin_ap_int_16_ap_int_48_config2_U0/mac_muladd_16s_16s_34s_34_4_1_U8/SampleNeuralNet_mac_muladd_16s_16s_34s_34_4_1_DSP48_0_U/p_reg_reg/C[45]
  -------------------------------------------------------------------    -------------------

                         (clock ap_clk rise edge)     4.000     4.000 r  
                                                      0.000     4.000 r  ap_clk (IN)
                         net (fo=6960, unset)         0.924     4.924    dense_resource_rf_leq_nin_ap_int_16_ap_int_48_config2_U0/mac_muladd_16s_16s_34s_34_4_1_U8/SampleNeuralNet_mac_muladd_16s_16s_34s_34_4_1_DSP48_0_U/ap_clk
    DSP48_X0Y15          DSP48E1                                      r  dense_resource_rf_leq_nin_ap_int_16_ap_int_48_config2_U0/mac_muladd_16s_16s_34s_34_4_1_U8/SampleNeuralNet_mac_muladd_16s_16s_34s_34_4_1_DSP48_0_U/p_reg_reg/CLK
                         clock pessimism              0.000     4.924    
                         clock uncertainty           -0.035     4.889    
    DSP48_X0Y15          DSP48E1 (Setup_dsp48e1_CLK_C[45])
                                                     -1.701     3.188    dense_resource_rf_leq_nin_ap_int_16_ap_int_48_config2_U0/mac_muladd_16s_16s_34s_34_4_1_U8/SampleNeuralNet_mac_muladd_16s_16s_34s_34_4_1_DSP48_0_U/p_reg_reg
  -------------------------------------------------------------------
                         required time                          3.188    
                         arrival time                          -3.627    
  -------------------------------------------------------------------
                         slack                                 -0.439    

Slack (VIOLATED) :        -0.437ns  (required time - arrival time)
  Source:                 dense_resource_rf_leq_nin_ap_int_16_ap_int_48_config2_U0/ap_loop_init_pp0_iter10_reg_reg__0/C
                            (rising edge-triggered cell FDRE clocked by ap_clk  {rise@0.000ns fall@2.000ns period=4.000ns})
  Destination:            dense_resource_rf_leq_nin_ap_int_16_ap_int_48_config2_U0/mac_muladd_16s_16s_34s_34_4_1_U8/SampleNeuralNet_mac_muladd_16s_16s_34s_34_4_1_DSP48_0_U/p_reg_reg/C[37]
                            (rising edge-triggered cell DSP48E1 clocked by ap_clk  {rise@0.000ns fall@2.000ns period=4.000ns})
  Path Group:             ap_clk
  Path Type:              Setup (Max at Slow Process Corner)
  Requirement:            4.000ns  (ap_clk rise@4.000ns - ap_clk rise@0.000ns)
  Data Path Delay:        2.652ns  (logic 0.580ns (21.872%)  route 2.072ns (78.128%))
  Logic Levels:           1  (LUT4=1)
  Clock Path Skew:        -0.049ns (DCD - SCD + CPR)
    Destination Clock Delay (DCD):    0.924ns = ( 4.924 - 4.000 ) 
    Source Clock Delay      (SCD):    0.973ns
    Clock Pessimism Removal (CPR):    0.000ns
  Clock Uncertainty:      0.035ns  ((TSJ^2 + TIJ^2)^1/2 + DJ) / 2 + PE
    Total System Jitter     (TSJ):    0.071ns
    Total Input Jitter      (TIJ):    0.000ns
    Discrete Jitter          (DJ):    0.000ns
    Phase Error              (PE):    0.000ns

    Location             Delay type                Incr(ns)  Path(ns)    Netlist Resource(s)
  -------------------------------------------------------------------    -------------------
                         (clock ap_clk rise edge)     0.000     0.000 r  
                                                      0.000     0.000 r  ap_clk (IN)
                         net (fo=6960, unset)         0.973     0.973    dense_resource_rf_leq_nin_ap_int_16_ap_int_48_config2_U0/ap_clk
    SLICE_X25Y38         FDRE                                         r  dense_resource_rf_leq_nin_ap_int_16_ap_int_48_config2_U0/ap_loop_init_pp0_iter10_reg_reg__0/C
  -------------------------------------------------------------------    -------------------
    SLICE_X25Y38         FDRE (Prop_fdre_C_Q)         0.456     1.429 r  dense_resource_rf_leq_nin_ap_int_16_ap_int_48_config2_U0/ap_loop_init_pp0_iter10_reg_reg__0/Q
                         net (fo=263, routed)         1.013     2.442    dense_resource_rf_leq_nin_ap_int_16_ap_int_48_config2_U0/mac_muladd_16s_16s_34s_34_4_1_U8/SampleNeuralNet_mac_muladd_16s_16s_34s_34_4_1_DSP48_0_U/ap_loop_init_pp0_iter10_reg
    SLICE_X19Y36         LUT4 (Prop_lut4_I0_O)        0.124     2.566 r  dense_resource_rf_leq_nin_ap_int_16_ap_int_48_config2_U0/mac_muladd_16s_16s_34s_34_4_1_U8/SampleNeuralNet_mac_muladd_16s_16s_34s_34_4_1_DSP48_0_U/p_reg_reg_i_1__9/O
                         net (fo=15, routed)          1.059     3.625    dense_resource_rf_leq_nin_ap_int_16_ap_int_48_config2_U0/mac_muladd_16s_16s_34s_34_4_1_U8/SampleNeuralNet_mac_muladd_16s_16s_34s_34_4_1_DSP48_0_U/p_reg_reg_i_1__9_n_0
    DSP48_X0Y15          DSP48E1                                      r  dense_resource_rf_leq_nin_ap_int_16_ap_int_48_config2_U0/mac_muladd_16s_16s_34s_34_4_1_U8/SampleNeuralNet_mac_muladd_16s_16s_34s_34_4_1_DSP48_0_U/p_reg_reg/C[37]
  -------------------------------------------------------------------    -------------------

                         (clock ap_clk rise edge)     4.000     4.000 r  
                                                      0.000     4.000 r  ap_clk (IN)
                         net (fo=6960, unset)         0.924     4.924    dense_resource_rf_leq_nin_ap_int_16_ap_int_48_config2_U0/mac_muladd_16s_16s_34s_34_4_1_U8/SampleNeuralNet_mac_muladd_16s_16s_34s_34_4_1_DSP48_0_U/ap_clk
    DSP48_X0Y15          DSP48E1                                      r  dense_resource_rf_leq_nin_ap_int_16_ap_int_48_config2_U0/mac_muladd_16s_16s_34s_34_4_1_U8/SampleNeuralNet_mac_muladd_16s_16s_34s_34_4_1_DSP48_0_U/p_reg_reg/CLK
                         clock pessimism              0.000     4.924    
                         clock uncertainty           -0.035     4.889    
    DSP48_X0Y15          DSP48E1 (Setup_dsp48e1_CLK_C[37])
                                                     -1.701     3.188    dense_resource_rf_leq_nin_ap_int_16_ap_int_48_config2_U0/mac_muladd_16s_16s_34s_34_4_1_U8/SampleNeuralNet_mac_muladd_16s_16s_34s_34_4_1_DSP48_0_U/p_reg_reg
  -------------------------------------------------------------------
                         required time                          3.188    
                         arrival time                          -3.625    
  -------------------------------------------------------------------
                         slack                                 -0.437    

Slack (VIOLATED) :        -0.432ns  (required time - arrival time)
  Source:                 dense_resource_rf_leq_nin_ap_int_16_ap_int_48_config2_U0/ap_loop_init_pp0_iter10_reg_reg__0/C
                            (rising edge-triggered cell FDRE clocked by ap_clk  {rise@0.000ns fall@2.000ns period=4.000ns})
  Destination:            dense_resource_rf_leq_nin_ap_int_16_ap_int_48_config2_U0/mac_muladd_16s_16s_34s_34_4_1_U8/SampleNeuralNet_mac_muladd_16s_16s_34s_34_4_1_DSP48_0_U/p_reg_reg/C[36]
                            (rising edge-triggered cell DSP48E1 clocked by ap_clk  {rise@0.000ns fall@2.000ns period=4.000ns})
  Path Group:             ap_clk
  Path Type:              Setup (Max at Slow Process Corner)
  Requirement:            4.000ns  (ap_clk rise@4.000ns - ap_clk rise@0.000ns)
  Data Path Delay:        2.647ns  (logic 0.580ns (21.911%)  route 2.067ns (78.089%))
  Logic Levels:           1  (LUT4=1)
  Clock Path Skew:        -0.049ns (DCD - SCD + CPR)
    Destination Clock Delay (DCD):    0.924ns = ( 4.924 - 4.000 ) 
    Source Clock Delay      (SCD):    0.973ns
    Clock Pessimism Removal (CPR):    0.000ns
  Clock Uncertainty:      0.035ns  ((TSJ^2 + TIJ^2)^1/2 + DJ) / 2 + PE
    Total System Jitter     (TSJ):    0.071ns
    Total Input Jitter      (TIJ):    0.000ns
    Discrete Jitter          (DJ):    0.000ns
    Phase Error              (PE):    0.000ns

    Location             Delay type                Incr(ns)  Path(ns)    Netlist Resource(s)
  -------------------------------------------------------------------    -------------------
                         (clock ap_clk rise edge)     0.000     0.000 r  
                                                      0.000     0.000 r  ap_clk (IN)
                         net (fo=6960, unset)         0.973     0.973    dense_resource_rf_leq_nin_ap_int_16_ap_int_48_config2_U0/ap_clk
    SLICE_X25Y38         FDRE                                         r  dense_resource_rf_leq_nin_ap_int_16_ap_int_48_config2_U0/ap_loop_init_pp0_iter10_reg_reg__0/C
  -------------------------------------------------------------------    -------------------
    SLICE_X25Y38         FDRE (Prop_fdre_C_Q)         0.456     1.429 r  dense_resource_rf_leq_nin_ap_int_16_ap_int_48_config2_U0/ap_loop_init_pp0_iter10_reg_reg__0/Q
                         net (fo=263, routed)         1.013     2.442    dense_resource_rf_leq_nin_ap_int_16_ap_int_48_config2_U0/mac_muladd_16s_16s_34s_34_4_1_U8/SampleNeuralNet_mac_muladd_16s_16s_34s_34_4_1_DSP48_0_U/ap_loop_init_pp0_iter10_reg
    SLICE_X19Y36         LUT4 (Prop_lut4_I0_O)        0.124     2.566 r  dense_resource_rf_leq_nin_ap_int_16_ap_int_48_config2_U0/mac_muladd_16s_16s_34s_34_4_1_U8/SampleNeuralNet_mac_muladd_16s_16s_34s_34_4_1_DSP48_0_U/p_reg_reg_i_1__9/O
                         net (fo=15, routed)          1.054     3.620    dense_resource_rf_leq_nin_ap_int_16_ap_int_48_config2_U0/mac_muladd_16s_16s_34s_34_4_1_U8/SampleNeuralNet_mac_muladd_16s_16s_34s_34_4_1_DSP48_0_U/p_reg_reg_i_1__9_n_0
    DSP48_X0Y15          DSP48E1                                      r  dense_resource_rf_leq_nin_ap_int_16_ap_int_48_config2_U0/mac_muladd_16s_16s_34s_34_4_1_U8/SampleNeuralNet_mac_muladd_16s_16s_34s_34_4_1_DSP48_0_U/p_reg_reg/C[36]
  -------------------------------------------------------------------    -------------------

                         (clock ap_clk rise edge)     4.000     4.000 r  
                                                      0.000     4.000 r  ap_clk (IN)
                         net (fo=6960, unset)         0.924     4.924    dense_resource_rf_leq_nin_ap_int_16_ap_int_48_config2_U0/mac_muladd_16s_16s_34s_34_4_1_U8/SampleNeuralNet_mac_muladd_16s_16s_34s_34_4_1_DSP48_0_U/ap_clk
    DSP48_X0Y15          DSP48E1                                      r  dense_resource_rf_leq_nin_ap_int_16_ap_int_48_config2_U0/mac_muladd_16s_16s_34s_34_4_1_U8/SampleNeuralNet_mac_muladd_16s_16s_34s_34_4_1_DSP48_0_U/p_reg_reg/CLK
                         clock pessimism              0.000     4.924    
                         clock uncertainty           -0.035     4.889    
    DSP48_X0Y15          DSP48E1 (Setup_dsp48e1_CLK_C[36])
                                                     -1.701     3.188    dense_resource_rf_leq_nin_ap_int_16_ap_int_48_config2_U0/mac_muladd_16s_16s_34s_34_4_1_U8/SampleNeuralNet_mac_muladd_16s_16s_34s_34_4_1_DSP48_0_U/p_reg_reg
  -------------------------------------------------------------------
                         required time                          3.188    
                         arrival time                          -3.620    
  -------------------------------------------------------------------
                         slack                                 -0.432    

Slack (VIOLATED) :        -0.429ns  (required time - arrival time)
  Source:                 dense_resource_rf_leq_nin_ap_int_16_ap_int_48_config2_U0/ap_loop_init_pp0_iter10_reg_reg__0/C
                            (rising edge-triggered cell FDRE clocked by ap_clk  {rise@0.000ns fall@2.000ns period=4.000ns})
  Destination:            dense_resource_rf_leq_nin_ap_int_16_ap_int_48_config2_U0/mac_muladd_16s_16s_34s_34_4_1_U8/SampleNeuralNet_mac_muladd_16s_16s_34s_34_4_1_DSP48_0_U/p_reg_reg/C[39]
                            (rising edge-triggered cell DSP48E1 clocked by ap_clk  {rise@0.000ns fall@2.000ns period=4.000ns})
  Path Group:             ap_clk
  Path Type:              Setup (Max at Slow Process Corner)
  Requirement:            4.000ns  (ap_clk rise@4.000ns - ap_clk rise@0.000ns)
  Data Path Delay:        2.644ns  (logic 0.580ns (21.935%)  route 2.064ns (78.065%))
  Logic Levels:           1  (LUT4=1)
  Clock Path Skew:        -0.049ns (DCD - SCD + CPR)
    Destination Clock Delay (DCD):    0.924ns = ( 4.924 - 4.000 ) 
    Source Clock Delay      (SCD):    0.973ns
    Clock Pessimism Removal (CPR):    0.000ns
  Clock Uncertainty:      0.035ns  ((TSJ^2 + TIJ^2)^1/2 + DJ) / 2 + PE
    Total System Jitter     (TSJ):    0.071ns
    Total Input Jitter      (TIJ):    0.000ns
    Discrete Jitter          (DJ):    0.000ns
    Phase Error              (PE):    0.000ns

    Location             Delay type                Incr(ns)  Path(ns)    Netlist Resource(s)
  -------------------------------------------------------------------    -------------------
                         (clock ap_clk rise edge)     0.000     0.000 r  
                                                      0.000     0.000 r  ap_clk (IN)
                         net (fo=6960, unset)         0.973     0.973    dense_resource_rf_leq_nin_ap_int_16_ap_int_48_config2_U0/ap_clk
    SLICE_X25Y38         FDRE                                         r  dense_resource_rf_leq_nin_ap_int_16_ap_int_48_config2_U0/ap_loop_init_pp0_iter10_reg_reg__0/C
  -------------------------------------------------------------------    -------------------
    SLICE_X25Y38         FDRE (Prop_fdre_C_Q)         0.456     1.429 r  dense_resource_rf_leq_nin_ap_int_16_ap_int_48_config2_U0/ap_loop_init_pp0_iter10_reg_reg__0/Q
                         net (fo=263, routed)         1.013     2.442    dense_resource_rf_leq_nin_ap_int_16_ap_int_48_config2_U0/mac_muladd_16s_16s_34s_34_4_1_U8/SampleNeuralNet_mac_muladd_16s_16s_34s_34_4_1_DSP48_0_U/ap_loop_init_pp0_iter10_reg
    SLICE_X19Y36         LUT4 (Prop_lut4_I0_O)        0.124     2.566 r  dense_resource_rf_leq_nin_ap_int_16_ap_int_48_config2_U0/mac_muladd_16s_16s_34s_34_4_1_U8/SampleNeuralNet_mac_muladd_16s_16s_34s_34_4_1_DSP48_0_U/p_reg_reg_i_1__9/O
                         net (fo=15, routed)          1.051     3.617    dense_resource_rf_leq_nin_ap_int_16_ap_int_48_config2_U0/mac_muladd_16s_16s_34s_34_4_1_U8/SampleNeuralNet_mac_muladd_16s_16s_34s_34_4_1_DSP48_0_U/p_reg_reg_i_1__9_n_0
    DSP48_X0Y15          DSP48E1                                      r  dense_resource_rf_leq_nin_ap_int_16_ap_int_48_config2_U0/mac_muladd_16s_16s_34s_34_4_1_U8/SampleNeuralNet_mac_muladd_16s_16s_34s_34_4_1_DSP48_0_U/p_reg_reg/C[39]
  -------------------------------------------------------------------    -------------------

                         (clock ap_clk rise edge)     4.000     4.000 r  
                                                      0.000     4.000 r  ap_clk (IN)
                         net (fo=6960, unset)         0.924     4.924    dense_resource_rf_leq_nin_ap_int_16_ap_int_48_config2_U0/mac_muladd_16s_16s_34s_34_4_1_U8/SampleNeuralNet_mac_muladd_16s_16s_34s_34_4_1_DSP48_0_U/ap_clk
    DSP48_X0Y15          DSP48E1                                      r  dense_resource_rf_leq_nin_ap_int_16_ap_int_48_config2_U0/mac_muladd_16s_16s_34s_34_4_1_U8/SampleNeuralNet_mac_muladd_16s_16s_34s_34_4_1_DSP48_0_U/p_reg_reg/CLK
                         clock pessimism              0.000     4.924    
                         clock uncertainty           -0.035     4.889    
    DSP48_X0Y15          DSP48E1 (Setup_dsp48e1_CLK_C[39])
                                                     -1.701     3.188    dense_resource_rf_leq_nin_ap_int_16_ap_int_48_config2_U0/mac_muladd_16s_16s_34s_34_4_1_U8/SampleNeuralNet_mac_muladd_16s_16s_34s_34_4_1_DSP48_0_U/p_reg_reg
  -------------------------------------------------------------------
                         required time                          3.188    
                         arrival time                          -3.617    
  -------------------------------------------------------------------
                         slack                                 -0.429    

Slack (VIOLATED) :        -0.429ns  (required time - arrival time)
  Source:                 dense_resource_rf_leq_nin_ap_int_16_ap_int_48_config2_U0/ap_loop_init_pp0_iter10_reg_reg__0/C
                            (rising edge-triggered cell FDRE clocked by ap_clk  {rise@0.000ns fall@2.000ns period=4.000ns})
  Destination:            dense_resource_rf_leq_nin_ap_int_16_ap_int_48_config2_U0/mac_muladd_16s_16s_34s_34_4_1_U8/SampleNeuralNet_mac_muladd_16s_16s_34s_34_4_1_DSP48_0_U/p_reg_reg/C[44]
                            (rising edge-triggered cell DSP48E1 clocked by ap_clk  {rise@0.000ns fall@2.000ns period=4.000ns})
  Path Group:             ap_clk
  Path Type:              Setup (Max at Slow Process Corner)
  Requirement:            4.000ns  (ap_clk rise@4.000ns - ap_clk rise@0.000ns)
  Data Path Delay:        2.644ns  (logic 0.580ns (21.935%)  route 2.064ns (78.065%))
  Logic Levels:           1  (LUT4=1)
  Clock Path Skew:        -0.049ns (DCD - SCD + CPR)
    Destination Clock Delay (DCD):    0.924ns = ( 4.924 - 4.000 ) 
    Source Clock Delay      (SCD):    0.973ns
    Clock Pessimism Removal (CPR):    0.000ns
  Clock Uncertainty:      0.035ns  ((TSJ^2 + TIJ^2)^1/2 + DJ) / 2 + PE
    Total System Jitter     (TSJ):    0.071ns
    Total Input Jitter      (TIJ):    0.000ns
    Discrete Jitter          (DJ):    0.000ns
    Phase Error              (PE):    0.000ns

    Location             Delay type                Incr(ns)  Path(ns)    Netlist Resource(s)
  -------------------------------------------------------------------    -------------------
                         (clock ap_clk rise edge)     0.000     0.000 r  
                                                      0.000     0.000 r  ap_clk (IN)
                         net (fo=6960, unset)         0.973     0.973    dense_resource_rf_leq_nin_ap_int_16_ap_int_48_config2_U0/ap_clk
    SLICE_X25Y38         FDRE                                         r  dense_resource_rf_leq_nin_ap_int_16_ap_int_48_config2_U0/ap_loop_init_pp0_iter10_reg_reg__0/C
  -------------------------------------------------------------------    -------------------
    SLICE_X25Y38         FDRE (Prop_fdre_C_Q)         0.456     1.429 r  dense_resource_rf_leq_nin_ap_int_16_ap_int_48_config2_U0/ap_loop_init_pp0_iter10_reg_reg__0/Q
                         net (fo=263, routed)         1.013     2.442    dense_resource_rf_leq_nin_ap_int_16_ap_int_48_config2_U0/mac_muladd_16s_16s_34s_34_4_1_U8/SampleNeuralNet_mac_muladd_16s_16s_34s_34_4_1_DSP48_0_U/ap_loop_init_pp0_iter10_reg
    SLICE_X19Y36         LUT4 (Prop_lut4_I0_O)        0.124     2.566 r  dense_resource_rf_leq_nin_ap_int_16_ap_int_48_config2_U0/mac_muladd_16s_16s_34s_34_4_1_U8/SampleNeuralNet_mac_muladd_16s_16s_34s_34_4_1_DSP48_0_U/p_reg_reg_i_1__9/O
                         net (fo=15, routed)          1.051     3.617    dense_resource_rf_leq_nin_ap_int_16_ap_int_48_config2_U0/mac_muladd_16s_16s_34s_34_4_1_U8/SampleNeuralNet_mac_muladd_16s_16s_34s_34_4_1_DSP48_0_U/p_reg_reg_i_1__9_n_0
    DSP48_X0Y15          DSP48E1                                      r  dense_resource_rf_leq_nin_ap_int_16_ap_int_48_config2_U0/mac_muladd_16s_16s_34s_34_4_1_U8/SampleNeuralNet_mac_muladd_16s_16s_34s_34_4_1_DSP48_0_U/p_reg_reg/C[44]
  -------------------------------------------------------------------    -------------------

                         (clock ap_clk rise edge)     4.000     4.000 r  
                                                      0.000     4.000 r  ap_clk (IN)
                         net (fo=6960, unset)         0.924     4.924    dense_resource_rf_leq_nin_ap_int_16_ap_int_48_config2_U0/mac_muladd_16s_16s_34s_34_4_1_U8/SampleNeuralNet_mac_muladd_16s_16s_34s_34_4_1_DSP48_0_U/ap_clk
    DSP48_X0Y15          DSP48E1                                      r  dense_resource_rf_leq_nin_ap_int_16_ap_int_48_config2_U0/mac_muladd_16s_16s_34s_34_4_1_U8/SampleNeuralNet_mac_muladd_16s_16s_34s_34_4_1_DSP48_0_U/p_reg_reg/CLK
                         clock pessimism              0.000     4.924    
                         clock uncertainty           -0.035     4.889    
    DSP48_X0Y15          DSP48E1 (Setup_dsp48e1_CLK_C[44])
                                                     -1.701     3.188    dense_resource_rf_leq_nin_ap_int_16_ap_int_48_config2_U0/mac_muladd_16s_16s_34s_34_4_1_U8/SampleNeuralNet_mac_muladd_16s_16s_34s_34_4_1_DSP48_0_U/p_reg_reg
  -------------------------------------------------------------------
                         required time                          3.188    
                         arrival time                          -3.617    
  -------------------------------------------------------------------
                         slack                                 -0.429    

Slack (VIOLATED) :        -0.429ns  (required time - arrival time)
  Source:                 dense_resource_rf_leq_nin_ap_int_16_ap_int_48_config2_U0/ap_loop_init_pp0_iter10_reg_reg__0/C
                            (rising edge-triggered cell FDRE clocked by ap_clk  {rise@0.000ns fall@2.000ns period=4.000ns})
  Destination:            dense_resource_rf_leq_nin_ap_int_16_ap_int_48_config2_U0/mac_muladd_16s_16s_34s_34_4_1_U8/SampleNeuralNet_mac_muladd_16s_16s_34s_34_4_1_DSP48_0_U/p_reg_reg/C[47]
                            (rising edge-triggered cell DSP48E1 clocked by ap_clk  {rise@0.000ns fall@2.000ns period=4.000ns})
  Path Group:             ap_clk
  Path Type:              Setup (Max at Slow Process Corner)
  Requirement:            4.000ns  (ap_clk rise@4.000ns - ap_clk rise@0.000ns)
  Data Path Delay:        2.644ns  (logic 0.580ns (21.935%)  route 2.064ns (78.065%))
  Logic Levels:           1  (LUT4=1)
  Clock Path Skew:        -0.049ns (DCD - SCD + CPR)
    Destination Clock Delay (DCD):    0.924ns = ( 4.924 - 4.000 ) 
    Source Clock Delay      (SCD):    0.973ns
    Clock Pessimism Removal (CPR):    0.000ns
  Clock Uncertainty:      0.035ns  ((TSJ^2 + TIJ^2)^1/2 + DJ) / 2 + PE
    Total System Jitter     (TSJ):    0.071ns
    Total Input Jitter      (TIJ):    0.000ns
    Discrete Jitter          (DJ):    0.000ns
    Phase Error              (PE):    0.000ns

    Location             Delay type                Incr(ns)  Path(ns)    Netlist Resource(s)
  -------------------------------------------------------------------    -------------------
                         (clock ap_clk rise edge)     0.000     0.000 r  
                                                      0.000     0.000 r  ap_clk (IN)
                         net (fo=6960, unset)         0.973     0.973    dense_resource_rf_leq_nin_ap_int_16_ap_int_48_config2_U0/ap_clk
    SLICE_X25Y38         FDRE                                         r  dense_resource_rf_leq_nin_ap_int_16_ap_int_48_config2_U0/ap_loop_init_pp0_iter10_reg_reg__0/C
  -------------------------------------------------------------------    -------------------
    SLICE_X25Y38         FDRE (Prop_fdre_C_Q)         0.456     1.429 r  dense_resource_rf_leq_nin_ap_int_16_ap_int_48_config2_U0/ap_loop_init_pp0_iter10_reg_reg__0/Q
                         net (fo=263, routed)         1.013     2.442    dense_resource_rf_leq_nin_ap_int_16_ap_int_48_config2_U0/mac_muladd_16s_16s_34s_34_4_1_U8/SampleNeuralNet_mac_muladd_16s_16s_34s_34_4_1_DSP48_0_U/ap_loop_init_pp0_iter10_reg
    SLICE_X19Y36         LUT4 (Prop_lut4_I0_O)        0.124     2.566 r  dense_resource_rf_leq_nin_ap_int_16_ap_int_48_config2_U0/mac_muladd_16s_16s_34s_34_4_1_U8/SampleNeuralNet_mac_muladd_16s_16s_34s_34_4_1_DSP48_0_U/p_reg_reg_i_1__9/O
                         net (fo=15, routed)          1.051     3.617    dense_resource_rf_leq_nin_ap_int_16_ap_int_48_config2_U0/mac_muladd_16s_16s_34s_34_4_1_U8/SampleNeuralNet_mac_muladd_16s_16s_34s_34_4_1_DSP48_0_U/p_reg_reg_i_1__9_n_0
    DSP48_X0Y15          DSP48E1                                      r  dense_resource_rf_leq_nin_ap_int_16_ap_int_48_config2_U0/mac_muladd_16s_16s_34s_34_4_1_U8/SampleNeuralNet_mac_muladd_16s_16s_34s_34_4_1_DSP48_0_U/p_reg_reg/C[47]
  -------------------------------------------------------------------    -------------------

                         (clock ap_clk rise edge)     4.000     4.000 r  
                                                      0.000     4.000 r  ap_clk (IN)
                         net (fo=6960, unset)         0.924     4.924    dense_resource_rf_leq_nin_ap_int_16_ap_int_48_config2_U0/mac_muladd_16s_16s_34s_34_4_1_U8/SampleNeuralNet_mac_muladd_16s_16s_34s_34_4_1_DSP48_0_U/ap_clk
    DSP48_X0Y15          DSP48E1                                      r  dense_resource_rf_leq_nin_ap_int_16_ap_int_48_config2_U0/mac_muladd_16s_16s_34s_34_4_1_U8/SampleNeuralNet_mac_muladd_16s_16s_34s_34_4_1_DSP48_0_U/p_reg_reg/CLK
                         clock pessimism              0.000     4.924    
                         clock uncertainty           -0.035     4.889    
    DSP48_X0Y15          DSP48E1 (Setup_dsp48e1_CLK_C[47])
                                                     -1.701     3.188    dense_resource_rf_leq_nin_ap_int_16_ap_int_48_config2_U0/mac_muladd_16s_16s_34s_34_4_1_U8/SampleNeuralNet_mac_muladd_16s_16s_34s_34_4_1_DSP48_0_U/p_reg_reg
  -------------------------------------------------------------------
                         required time                          3.188    
                         arrival time                          -3.617    
  -------------------------------------------------------------------
                         slack                                 -0.429    

Slack (VIOLATED) :        -0.421ns  (required time - arrival time)
  Source:                 dense_resource_rf_leq_nin_ap_int_16_ap_int_48_config2_U0/ap_loop_init_pp0_iter10_reg_reg__0/C
                            (rising edge-triggered cell FDRE clocked by ap_clk  {rise@0.000ns fall@2.000ns period=4.000ns})
  Destination:            dense_resource_rf_leq_nin_ap_int_16_ap_int_48_config2_U0/mac_muladd_16s_16s_34s_34_4_1_U8/SampleNeuralNet_mac_muladd_16s_16s_34s_34_4_1_DSP48_0_U/p_reg_reg/C[3]
                            (rising edge-triggered cell DSP48E1 clocked by ap_clk  {rise@0.000ns fall@2.000ns period=4.000ns})
  Path Group:             ap_clk
  Path Type:              Setup (Max at Slow Process Corner)
  Requirement:            4.000ns  (ap_clk rise@4.000ns - ap_clk rise@0.000ns)
  Data Path Delay:        2.636ns  (logic 0.580ns (22.004%)  route 2.056ns (77.996%))
  Logic Levels:           1  (LUT4=1)
  Clock Path Skew:        -0.049ns (DCD - SCD + CPR)
    Destination Clock Delay (DCD):    0.924ns = ( 4.924 - 4.000 ) 
    Source Clock Delay      (SCD):    0.973ns
    Clock Pessimism Removal (CPR):    0.000ns
  Clock Uncertainty:      0.035ns  ((TSJ^2 + TIJ^2)^1/2 + DJ) / 2 + PE
    Total System Jitter     (TSJ):    0.071ns
    Total Input Jitter      (TIJ):    0.000ns
    Discrete Jitter          (DJ):    0.000ns
    Phase Error              (PE):    0.000ns

    Location             Delay type                Incr(ns)  Path(ns)    Netlist Resource(s)
  -------------------------------------------------------------------    -------------------
                         (clock ap_clk rise edge)     0.000     0.000 r  
                                                      0.000     0.000 r  ap_clk (IN)
                         net (fo=6960, unset)         0.973     0.973    dense_resource_rf_leq_nin_ap_int_16_ap_int_48_config2_U0/ap_clk
    SLICE_X25Y38         FDRE                                         r  dense_resource_rf_leq_nin_ap_int_16_ap_int_48_config2_U0/ap_loop_init_pp0_iter10_reg_reg__0/C
  -------------------------------------------------------------------    -------------------
    SLICE_X25Y38         FDRE (Prop_fdre_C_Q)         0.456     1.429 r  dense_resource_rf_leq_nin_ap_int_16_ap_int_48_config2_U0/ap_loop_init_pp0_iter10_reg_reg__0/Q
                         net (fo=263, routed)         1.465     2.894    dense_resource_rf_leq_nin_ap_int_16_ap_int_48_config2_U0/mac_muladd_16s_16s_34s_34_4_1_U8/SampleNeuralNet_mac_muladd_16s_16s_34s_34_4_1_DSP48_0_U/ap_loop_init_pp0_iter10_reg
    SLICE_X11Y35         LUT4 (Prop_lut4_I0_O)        0.124     3.018 r  dense_resource_rf_leq_nin_ap_int_16_ap_int_48_config2_U0/mac_muladd_16s_16s_34s_34_4_1_U8/SampleNeuralNet_mac_muladd_16s_16s_34s_34_4_1_DSP48_0_U/p_reg_reg_i_31__9/O
                         net (fo=1, routed)           0.591     3.609    dense_resource_rf_leq_nin_ap_int_16_ap_int_48_config2_U0/mac_muladd_16s_16s_34s_34_4_1_U8/SampleNeuralNet_mac_muladd_16s_16s_34s_34_4_1_DSP48_0_U/p_reg_reg_i_31__9_n_0
    DSP48_X0Y15          DSP48E1                                      r  dense_resource_rf_leq_nin_ap_int_16_ap_int_48_config2_U0/mac_muladd_16s_16s_34s_34_4_1_U8/SampleNeuralNet_mac_muladd_16s_16s_34s_34_4_1_DSP48_0_U/p_reg_reg/C[3]
  -------------------------------------------------------------------    -------------------

                         (clock ap_clk rise edge)     4.000     4.000 r  
                                                      0.000     4.000 r  ap_clk (IN)
                         net (fo=6960, unset)         0.924     4.924    dense_resource_rf_leq_nin_ap_int_16_ap_int_48_config2_U0/mac_muladd_16s_16s_34s_34_4_1_U8/SampleNeuralNet_mac_muladd_16s_16s_34s_34_4_1_DSP48_0_U/ap_clk
    DSP48_X0Y15          DSP48E1                                      r  dense_resource_rf_leq_nin_ap_int_16_ap_int_48_config2_U0/mac_muladd_16s_16s_34s_34_4_1_U8/SampleNeuralNet_mac_muladd_16s_16s_34s_34_4_1_DSP48_0_U/p_reg_reg/CLK
                         clock pessimism              0.000     4.924    
                         clock uncertainty           -0.035     4.889    
    DSP48_X0Y15          DSP48E1 (Setup_dsp48e1_CLK_C[3])
                                                     -1.701     3.188    dense_resource_rf_leq_nin_ap_int_16_ap_int_48_config2_U0/mac_muladd_16s_16s_34s_34_4_1_U8/SampleNeuralNet_mac_muladd_16s_16s_34s_34_4_1_DSP48_0_U/p_reg_reg
  -------------------------------------------------------------------
                         required time                          3.188    
                         arrival time                          -3.609    
  -------------------------------------------------------------------
                         slack                                 -0.421    

Slack (VIOLATED) :        -0.415ns  (required time - arrival time)
  Source:                 dense_resource_rf_leq_nin_ap_int_16_ap_int_48_config2_U0/ap_enable_reg_pp0_iter11_reg_rep__0/C
                            (rising edge-triggered cell FDRE clocked by ap_clk  {rise@0.000ns fall@2.000ns period=4.000ns})
  Destination:            dense_resource_rf_leq_nin_ap_int_16_ap_int_48_config2_U0/mac_muladd_16s_16s_34s_35_4_1_U7/SampleNeuralNet_mac_muladd_16s_16s_34s_35_4_1_DSP48_0_U/p_reg_reg/C[40]
                            (rising edge-triggered cell DSP48E1 clocked by ap_clk  {rise@0.000ns fall@2.000ns period=4.000ns})
  Path Group:             ap_clk
  Path Type:              Setup (Max at Slow Process Corner)
  Requirement:            4.000ns  (ap_clk rise@4.000ns - ap_clk rise@0.000ns)
  Data Path Delay:        2.630ns  (logic 0.642ns (24.410%)  route 1.988ns (75.590%))
  Logic Levels:           1  (LUT5=1)
  Clock Path Skew:        -0.049ns (DCD - SCD + CPR)
    Destination Clock Delay (DCD):    0.924ns = ( 4.924 - 4.000 ) 
    Source Clock Delay      (SCD):    0.973ns
    Clock Pessimism Removal (CPR):    0.000ns
  Clock Uncertainty:      0.035ns  ((TSJ^2 + TIJ^2)^1/2 + DJ) / 2 + PE
    Total System Jitter     (TSJ):    0.071ns
    Total Input Jitter      (TIJ):    0.000ns
    Discrete Jitter          (DJ):    0.000ns
    Phase Error              (PE):    0.000ns

    Location             Delay type                Incr(ns)  Path(ns)    Netlist Resource(s)
  -------------------------------------------------------------------    -------------------
                         (clock ap_clk rise edge)     0.000     0.000 r  
                                                      0.000     0.000 r  ap_clk (IN)
                         net (fo=6960, unset)         0.973     0.973    dense_resource_rf_leq_nin_ap_int_16_ap_int_48_config2_U0/ap_clk
    SLICE_X30Y38         FDRE                                         r  dense_resource_rf_leq_nin_ap_int_16_ap_int_48_config2_U0/ap_enable_reg_pp0_iter11_reg_rep__0/C
  -------------------------------------------------------------------    -------------------
    SLICE_X30Y38         FDRE (Prop_fdre_C_Q)         0.518     1.491 r  dense_resource_rf_leq_nin_ap_int_16_ap_int_48_config2_U0/ap_enable_reg_pp0_iter11_reg_rep__0/Q
                         net (fo=97, routed)          1.018     2.509    dense_resource_rf_leq_nin_ap_int_16_ap_int_48_config2_U0/mac_muladd_16s_16s_34s_35_4_1_U7/SampleNeuralNet_mac_muladd_16s_16s_34s_35_4_1_DSP48_0_U/p_reg_reg_1
    SLICE_X31Y38         LUT5 (Prop_lut5_I0_O)        0.124     2.633 r  dense_resource_rf_leq_nin_ap_int_16_ap_int_48_config2_U0/mac_muladd_16s_16s_34s_35_4_1_U7/SampleNeuralNet_mac_muladd_16s_16s_34s_35_4_1_DSP48_0_U/p_reg_reg_i_1__19/O
                         net (fo=15, routed)          0.970     3.603    dense_resource_rf_leq_nin_ap_int_16_ap_int_48_config2_U0/mac_muladd_16s_16s_34s_35_4_1_U7/SampleNeuralNet_mac_muladd_16s_16s_34s_35_4_1_DSP48_0_U/p_reg_reg_i_1__19_n_0
    DSP48_X1Y13          DSP48E1                                      r  dense_resource_rf_leq_nin_ap_int_16_ap_int_48_config2_U0/mac_muladd_16s_16s_34s_35_4_1_U7/SampleNeuralNet_mac_muladd_16s_16s_34s_35_4_1_DSP48_0_U/p_reg_reg/C[40]
  -------------------------------------------------------------------    -------------------

                         (clock ap_clk rise edge)     4.000     4.000 r  
                                                      0.000     4.000 r  ap_clk (IN)
                         net (fo=6960, unset)         0.924     4.924    dense_resource_rf_leq_nin_ap_int_16_ap_int_48_config2_U0/mac_muladd_16s_16s_34s_35_4_1_U7/SampleNeuralNet_mac_muladd_16s_16s_34s_35_4_1_DSP48_0_U/ap_clk
    DSP48_X1Y13          DSP48E1                                      r  dense_resource_rf_leq_nin_ap_int_16_ap_int_48_config2_U0/mac_muladd_16s_16s_34s_35_4_1_U7/SampleNeuralNet_mac_muladd_16s_16s_34s_35_4_1_DSP48_0_U/p_reg_reg/CLK
                         clock pessimism              0.000     4.924    
                         clock uncertainty           -0.035     4.889    
    DSP48_X1Y13          DSP48E1 (Setup_dsp48e1_CLK_C[40])
                                                     -1.701     3.188    dense_resource_rf_leq_nin_ap_int_16_ap_int_48_config2_U0/mac_muladd_16s_16s_34s_35_4_1_U7/SampleNeuralNet_mac_muladd_16s_16s_34s_35_4_1_DSP48_0_U/p_reg_reg
  -------------------------------------------------------------------
                         required time                          3.188    
                         arrival time                          -3.603    
  -------------------------------------------------------------------
                         slack                                 -0.415    

Slack (VIOLATED) :        -0.414ns  (required time - arrival time)
  Source:                 dense_resource_rf_leq_nin_ap_int_16_ap_int_48_config2_U0/ap_enable_reg_pp0_iter11_reg_rep__0/C
                            (rising edge-triggered cell FDRE clocked by ap_clk  {rise@0.000ns fall@2.000ns period=4.000ns})
  Destination:            dense_resource_rf_leq_nin_ap_int_16_ap_int_48_config2_U0/mac_muladd_16s_16s_34s_35_4_1_U7/SampleNeuralNet_mac_muladd_16s_16s_34s_35_4_1_DSP48_0_U/p_reg_reg/C[41]
                            (rising edge-triggered cell DSP48E1 clocked by ap_clk  {rise@0.000ns fall@2.000ns period=4.000ns})
  Path Group:             ap_clk
  Path Type:              Setup (Max at Slow Process Corner)
  Requirement:            4.000ns  (ap_clk rise@4.000ns - ap_clk rise@0.000ns)
  Data Path Delay:        2.629ns  (logic 0.642ns (24.420%)  route 1.987ns (75.580%))
  Logic Levels:           1  (LUT5=1)
  Clock Path Skew:        -0.049ns (DCD - SCD + CPR)
    Destination Clock Delay (DCD):    0.924ns = ( 4.924 - 4.000 ) 
    Source Clock Delay      (SCD):    0.973ns
    Clock Pessimism Removal (CPR):    0.000ns
  Clock Uncertainty:      0.035ns  ((TSJ^2 + TIJ^2)^1/2 + DJ) / 2 + PE
    Total System Jitter     (TSJ):    0.071ns
    Total Input Jitter      (TIJ):    0.000ns
    Discrete Jitter          (DJ):    0.000ns
    Phase Error              (PE):    0.000ns

    Location             Delay type                Incr(ns)  Path(ns)    Netlist Resource(s)
  -------------------------------------------------------------------    -------------------
                         (clock ap_clk rise edge)     0.000     0.000 r  
                                                      0.000     0.000 r  ap_clk (IN)
                         net (fo=6960, unset)         0.973     0.973    dense_resource_rf_leq_nin_ap_int_16_ap_int_48_config2_U0/ap_clk
    SLICE_X30Y38         FDRE                                         r  dense_resource_rf_leq_nin_ap_int_16_ap_int_48_config2_U0/ap_enable_reg_pp0_iter11_reg_rep__0/C
  -------------------------------------------------------------------    -------------------
    SLICE_X30Y38         FDRE (Prop_fdre_C_Q)         0.518     1.491 r  dense_resource_rf_leq_nin_ap_int_16_ap_int_48_config2_U0/ap_enable_reg_pp0_iter11_reg_rep__0/Q
                         net (fo=97, routed)          1.018     2.509    dense_resource_rf_leq_nin_ap_int_16_ap_int_48_config2_U0/mac_muladd_16s_16s_34s_35_4_1_U7/SampleNeuralNet_mac_muladd_16s_16s_34s_35_4_1_DSP48_0_U/p_reg_reg_1
    SLICE_X31Y38         LUT5 (Prop_lut5_I0_O)        0.124     2.633 r  dense_resource_rf_leq_nin_ap_int_16_ap_int_48_config2_U0/mac_muladd_16s_16s_34s_35_4_1_U7/SampleNeuralNet_mac_muladd_16s_16s_34s_35_4_1_DSP48_0_U/p_reg_reg_i_1__19/O
                         net (fo=15, routed)          0.969     3.602    dense_resource_rf_leq_nin_ap_int_16_ap_int_48_config2_U0/mac_muladd_16s_16s_34s_35_4_1_U7/SampleNeuralNet_mac_muladd_16s_16s_34s_35_4_1_DSP48_0_U/p_reg_reg_i_1__19_n_0
    DSP48_X1Y13          DSP48E1                                      r  dense_resource_rf_leq_nin_ap_int_16_ap_int_48_config2_U0/mac_muladd_16s_16s_34s_35_4_1_U7/SampleNeuralNet_mac_muladd_16s_16s_34s_35_4_1_DSP48_0_U/p_reg_reg/C[41]
  -------------------------------------------------------------------    -------------------

                         (clock ap_clk rise edge)     4.000     4.000 r  
                                                      0.000     4.000 r  ap_clk (IN)
                         net (fo=6960, unset)         0.924     4.924    dense_resource_rf_leq_nin_ap_int_16_ap_int_48_config2_U0/mac_muladd_16s_16s_34s_35_4_1_U7/SampleNeuralNet_mac_muladd_16s_16s_34s_35_4_1_DSP48_0_U/ap_clk
    DSP48_X1Y13          DSP48E1                                      r  dense_resource_rf_leq_nin_ap_int_16_ap_int_48_config2_U0/mac_muladd_16s_16s_34s_35_4_1_U7/SampleNeuralNet_mac_muladd_16s_16s_34s_35_4_1_DSP48_0_U/p_reg_reg/CLK
                         clock pessimism              0.000     4.924    
                         clock uncertainty           -0.035     4.889    
    DSP48_X1Y13          DSP48E1 (Setup_dsp48e1_CLK_C[41])
                                                     -1.701     3.188    dense_resource_rf_leq_nin_ap_int_16_ap_int_48_config2_U0/mac_muladd_16s_16s_34s_35_4_1_U7/SampleNeuralNet_mac_muladd_16s_16s_34s_35_4_1_DSP48_0_U/p_reg_reg
  -------------------------------------------------------------------
                         required time                          3.188    
                         arrival time                          -3.602    
  -------------------------------------------------------------------
                         slack                                 -0.414    

Slack (VIOLATED) :        -0.409ns  (required time - arrival time)
  Source:                 dense_resource_rf_leq_nin_ap_int_16_ap_int_48_config2_U0/ap_enable_reg_pp0_iter11_reg/C
                            (rising edge-triggered cell FDRE clocked by ap_clk  {rise@0.000ns fall@2.000ns period=4.000ns})
  Destination:            dense_resource_rf_leq_nin_ap_int_16_ap_int_48_config2_U0/mac_muladd_16s_16s_34s_34_4_1_U8/SampleNeuralNet_mac_muladd_16s_16s_34s_34_4_1_DSP48_0_U/p_reg_reg/OPMODE[4]
                            (rising edge-triggered cell DSP48E1 clocked by ap_clk  {rise@0.000ns fall@2.000ns period=4.000ns})
  Path Group:             ap_clk
  Path Type:              Setup (Max at Slow Process Corner)
  Requirement:            4.000ns  (ap_clk rise@4.000ns - ap_clk rise@0.000ns)
  Data Path Delay:        2.116ns  (logic 0.580ns (27.414%)  route 1.536ns (72.586%))
  Logic Levels:           1  (LUT2=1)
  Clock Path Skew:        -0.049ns (DCD - SCD + CPR)
    Destination Clock Delay (DCD):    0.924ns = ( 4.924 - 4.000 ) 
    Source Clock Delay      (SCD):    0.973ns
    Clock Pessimism Removal (CPR):    0.000ns
  Clock Uncertainty:      0.035ns  ((TSJ^2 + TIJ^2)^1/2 + DJ) / 2 + PE
    Total System Jitter     (TSJ):    0.071ns
    Total Input Jitter      (TIJ):    0.000ns
    Discrete Jitter          (DJ):    0.000ns
    Phase Error              (PE):    0.000ns

    Location             Delay type                Incr(ns)  Path(ns)    Netlist Resource(s)
  -------------------------------------------------------------------    -------------------
                         (clock ap_clk rise edge)     0.000     0.000 r  
                                                      0.000     0.000 r  ap_clk (IN)
                         net (fo=6960, unset)         0.973     0.973    dense_resource_rf_leq_nin_ap_int_16_ap_int_48_config2_U0/ap_clk
    SLICE_X21Y39         FDRE                                         r  dense_resource_rf_leq_nin_ap_int_16_ap_int_48_config2_U0/ap_enable_reg_pp0_iter11_reg/C
  -------------------------------------------------------------------    -------------------
    SLICE_X21Y39         FDRE (Prop_fdre_C_Q)         0.456     1.429 f  dense_resource_rf_leq_nin_ap_int_16_ap_int_48_config2_U0/ap_enable_reg_pp0_iter11_reg/Q
                         net (fo=71, routed)          0.971     2.400    dense_resource_rf_leq_nin_ap_int_16_ap_int_48_config2_U0/mac_muladd_16s_16s_34s_34_4_1_U8/SampleNeuralNet_mac_muladd_16s_16s_34s_34_4_1_DSP48_0_U/ap_enable_reg_pp0_iter11
    SLICE_X13Y37         LUT2 (Prop_lut2_I1_O)        0.124     2.524 r  dense_resource_rf_leq_nin_ap_int_16_ap_int_48_config2_U0/mac_muladd_16s_16s_34s_34_4_1_U8/SampleNeuralNet_mac_muladd_16s_16s_34s_34_4_1_DSP48_0_U/p_reg_reg_i_35/O
                         net (fo=2, routed)           0.565     3.089    dense_resource_rf_leq_nin_ap_int_16_ap_int_48_config2_U0/mac_muladd_16s_16s_34s_34_4_1_U8/SampleNeuralNet_mac_muladd_16s_16s_34s_34_4_1_DSP48_0_U/OPMODE[0]
    DSP48_X0Y15          DSP48E1                                      r  dense_resource_rf_leq_nin_ap_int_16_ap_int_48_config2_U0/mac_muladd_16s_16s_34s_34_4_1_U8/SampleNeuralNet_mac_muladd_16s_16s_34s_34_4_1_DSP48_0_U/p_reg_reg/OPMODE[4]
  -------------------------------------------------------------------    -------------------

                         (clock ap_clk rise edge)     4.000     4.000 r  
                                                      0.000     4.000 r  ap_clk (IN)
                         net (fo=6960, unset)         0.924     4.924    dense_resource_rf_leq_nin_ap_int_16_ap_int_48_config2_U0/mac_muladd_16s_16s_34s_34_4_1_U8/SampleNeuralNet_mac_muladd_16s_16s_34s_34_4_1_DSP48_0_U/ap_clk
    DSP48_X0Y15          DSP48E1                                      r  dense_resource_rf_leq_nin_ap_int_16_ap_int_48_config2_U0/mac_muladd_16s_16s_34s_34_4_1_U8/SampleNeuralNet_mac_muladd_16s_16s_34s_34_4_1_DSP48_0_U/p_reg_reg/CLK
                         clock pessimism              0.000     4.924    
                         clock uncertainty           -0.035     4.889    
    DSP48_X0Y15          DSP48E1 (Setup_dsp48e1_CLK_OPMODE[4])
                                                     -2.209     2.680    dense_resource_rf_leq_nin_ap_int_16_ap_int_48_config2_U0/mac_muladd_16s_16s_34s_34_4_1_U8/SampleNeuralNet_mac_muladd_16s_16s_34s_34_4_1_DSP48_0_U/p_reg_reg
  -------------------------------------------------------------------
                         required time                          2.680    
                         arrival time                          -3.089    
  -------------------------------------------------------------------
                         slack                                 -0.409    

Slack (VIOLATED) :        -0.396ns  (required time - arrival time)
  Source:                 dense_resource_rf_leq_nin_ap_int_16_ap_int_48_config4_U0/ap_loop_init_pp0_iter4_reg_reg__0/C
                            (rising edge-triggered cell FDRE clocked by ap_clk  {rise@0.000ns fall@2.000ns period=4.000ns})
  Destination:            dense_resource_rf_leq_nin_ap_int_16_ap_int_48_config4_U0/mac_muladd_16s_16s_34s_35_4_1_U28/SampleNeuralNet_mac_muladd_16s_16s_34s_35_4_1_DSP48_0_U/p_reg_reg/C[40]
                            (rising edge-triggered cell DSP48E1 clocked by ap_clk  {rise@0.000ns fall@2.000ns period=4.000ns})
  Path Group:             ap_clk
  Path Type:              Setup (Max at Slow Process Corner)
  Requirement:            4.000ns  (ap_clk rise@4.000ns - ap_clk rise@0.000ns)
  Data Path Delay:        2.611ns  (logic 0.580ns (22.216%)  route 2.031ns (77.784%))
  Logic Levels:           1  (LUT5=1)
  Clock Path Skew:        -0.049ns (DCD - SCD + CPR)
    Destination Clock Delay (DCD):    0.924ns = ( 4.924 - 4.000 ) 
    Source Clock Delay      (SCD):    0.973ns
    Clock Pessimism Removal (CPR):    0.000ns
  Clock Uncertainty:      0.035ns  ((TSJ^2 + TIJ^2)^1/2 + DJ) / 2 + PE
    Total System Jitter     (TSJ):    0.071ns
    Total Input Jitter      (TIJ):    0.000ns
    Discrete Jitter          (DJ):    0.000ns
    Phase Error              (PE):    0.000ns

    Location             Delay type                Incr(ns)  Path(ns)    Netlist Resource(s)
  -------------------------------------------------------------------    -------------------
                         (clock ap_clk rise edge)     0.000     0.000 r  
                                                      0.000     0.000 r  ap_clk (IN)
                         net (fo=6960, unset)         0.973     0.973    dense_resource_rf_leq_nin_ap_int_16_ap_int_48_config4_U0/ap_clk
    SLICE_X11Y14         FDRE                                         r  dense_resource_rf_leq_nin_ap_int_16_ap_int_48_config4_U0/ap_loop_init_pp0_iter4_reg_reg__0/C
  -------------------------------------------------------------------    -------------------
    SLICE_X11Y14         FDRE (Prop_fdre_C_Q)         0.456     1.429 f  dense_resource_rf_leq_nin_ap_int_16_ap_int_48_config4_U0/ap_loop_init_pp0_iter4_reg_reg__0/Q
                         net (fo=264, routed)         1.057     2.486    dense_resource_rf_leq_nin_ap_int_16_ap_int_48_config4_U0/mac_muladd_16s_16s_34s_35_4_1_U28/SampleNeuralNet_mac_muladd_16s_16s_34s_35_4_1_DSP48_0_U/ap_loop_init_pp0_iter4_reg
    SLICE_X10Y13         LUT5 (Prop_lut5_I0_O)        0.124     2.610 r  dense_resource_rf_leq_nin_ap_int_16_ap_int_48_config4_U0/mac_muladd_16s_16s_34s_35_4_1_U28/SampleNeuralNet_mac_muladd_16s_16s_34s_35_4_1_DSP48_0_U/p_reg_reg_i_1__2/O
                         net (fo=15, routed)          0.974     3.584    dense_resource_rf_leq_nin_ap_int_16_ap_int_48_config4_U0/mac_muladd_16s_16s_34s_35_4_1_U28/SampleNeuralNet_mac_muladd_16s_16s_34s_35_4_1_DSP48_0_U/p_reg_reg_i_1__2_n_0
    DSP48_X0Y5           DSP48E1                                      r  dense_resource_rf_leq_nin_ap_int_16_ap_int_48_config4_U0/mac_muladd_16s_16s_34s_35_4_1_U28/SampleNeuralNet_mac_muladd_16s_16s_34s_35_4_1_DSP48_0_U/p_reg_reg/C[40]
  -------------------------------------------------------------------    -------------------

                         (clock ap_clk rise edge)     4.000     4.000 r  
                                                      0.000     4.000 r  ap_clk (IN)
                         net (fo=6960, unset)         0.924     4.924    dense_resource_rf_leq_nin_ap_int_16_ap_int_48_config4_U0/mac_muladd_16s_16s_34s_35_4_1_U28/SampleNeuralNet_mac_muladd_16s_16s_34s_35_4_1_DSP48_0_U/ap_clk
    DSP48_X0Y5           DSP48E1                                      r  dense_resource_rf_leq_nin_ap_int_16_ap_int_48_config4_U0/mac_muladd_16s_16s_34s_35_4_1_U28/SampleNeuralNet_mac_muladd_16s_16s_34s_35_4_1_DSP48_0_U/p_reg_reg/CLK
                         clock pessimism              0.000     4.924    
                         clock uncertainty           -0.035     4.889    
    DSP48_X0Y5           DSP48E1 (Setup_dsp48e1_CLK_C[40])
                                                     -1.701     3.188    dense_resource_rf_leq_nin_ap_int_16_ap_int_48_config4_U0/mac_muladd_16s_16s_34s_35_4_1_U28/SampleNeuralNet_mac_muladd_16s_16s_34s_35_4_1_DSP48_0_U/p_reg_reg
  -------------------------------------------------------------------
                         required time                          3.188    
                         arrival time                          -3.584    
  -------------------------------------------------------------------
                         slack                                 -0.396    




