Copyright 1986-2022 Xilinx, Inc. All Rights Reserved. Copyright 2022-2024 Advanced Micro Devices, Inc. All Rights Reserved.
---------------------------------------------------------------------------------------------------------------------------------------------
| Tool Version : Vivado v.2024.1 (lin64) Build 5076996 Wed May 22 18:36:09 MDT 2024
| Date         : Thu Sep  3 04:12:30 2026
| Host         : ei-lan-400 running 64-bit Debian GNU/Linux 12 (bookworm)
| Command      : report_timing_summary -file ./Analysis/Timing_Report_Implementation.rpt
| Design       : SampleNeuralNet
| Device       : 7z010-clg400
| Speed File   : -1  PRODUCTION 1.12 2019-11-22
| Design State : Routed
---------------------------------------------------------------------------------------------------------------------------------------------

Timing Summary Report

------------------------------------------------------------------------------------------------
| Timer Settings
| --------------
------------------------------------------------------------------------------------------------

  Enable Multi Corner Analysis               :  Yes
  Enable Pessimism Removal                   :  Yes
  Pessimism Removal Resolution               :  Nearest Common Node
  Enable Input Delay Default Clock           :  No
  Enable Preset / Clear Arcs                 :  No
  Disable Flight Delays                      :  No
  Ignore I/O Paths                           :  No
  Timing Early Launch at Borrowing Latches   :  No
  Borrow Time for Max Delay Exceptions       :  Yes
  Merge Timing Exceptions                    :  Yes
  Inter-SLR Compensation                     :  Conservative

  Corner  Analyze    Analyze    
  Name    Max Paths  Min Paths  
  ------  ---------  ---------  
  Slow    Yes        Yes        
  Fast    Yes        Yes        


------------------------------------------------------------------------------------------------
| Report Methodology
| ------------------
------------------------------------------------------------------------------------------------

No report available as report_methodology has not been run prior. Run report_methodology on the current design for the summary of methodology violations.



check_timing report

Table of Contents
-----------------
1. checking no_clock (0)
2. checking constant_clock (0)
3. checking pulse_width_clock (0)
4. checking unconstrained_internal_endpoints (0)
5. checking no_input_delay (131)
6. checking no_output_delay (139)
7. checking multiple_clock (0)
8. checking generated_clocks (0)
9. checking loops (0)
10. checking partial_input_delay (0)
11. checking partial_output_delay (0)
12. checking latch_loops (0)

1. checking no_clock (0)
------------------------
 There are 0 register/latch pins with no clock.


2. checking constant_clock (0)
------------------------------
 There are 0 register/latch pins with constant_clock.


3. checking pulse_width_clock (0)
---------------------------------
 There are 0 register/latch pins which need pulse_width check


4. checking unconstrained_internal_endpoints (0)
------------------------------------------------
 There are 0 pins that are not constrained for maximum delay.

 There are 0 pins that are not constrained for maximum delay due to constant clock.


5. checking no_input_delay (131)
--------------------------------
 There are 131 input ports with no input delay specified. (HIGH)

 There are 0 input ports with no input delay but user has a false path constraint.


6. checking no_output_delay (139)
---------------------------------
 There are 139 ports with no output delay specified. (HIGH)

 There are 0 ports with no output delay but user has a false path constraint

 There are 0 ports with no output delay but with a timing clock defined on it or propagating through it


7. checking multiple_clock (0)
------------------------------
 There are 0 register/latch pins with multiple clocks.


8. checking generated_clocks (0)
--------------------------------
 There are 0 generated clocks that are not connected to a clock source.


9. checking loops (0)
---------------------
 There are 0 combinational loops in the design.


10. checking partial_input_delay (0)
------------------------------------
 There are 0 input ports with partial input delay specified.


11. checking partial_output_delay (0)
-------------------------------------
 There are 0 ports with partial output delay specified.


12. checking latch_loops (0)
----------------------------
 There are 0 combinational latch loops in the design through latch input



------------------------------------------------------------------------------------------------
| Design Timing Summary
| ---------------------
------------------------------------------------------------------------------------------------

    WNS(ns)      TNS(ns)  TNS Failing Endpoints  TNS Total Endpoints      WHS(ns)      THS(ns)  THS Failing Endpoints  THS Total Endpoints     WPWS(ns)     TPWS(ns)  TPWS Failing Endpoints  TPWS Total Endpoints  
    -------      -------  ---------------------  -------------------      -------      -------  ---------------------  -------------------     --------     --------  ----------------------  --------------------  
     -0.517     -174.391                   1095                15288        0.096        0.000                      0                15288        1.020        0.000                       0                  6961  


Timing constraints are not met.


------------------------------------------------------------------------------------------------
| Clock Summary
| -------------
------------------------------------------------------------------------------------------------

Clock   Waveform(ns)         Period(ns)      Frequency(MHz)
-----   ------------         ----------      --------------
ap_clk  {0.000 2.000}        4.000           250.000         


------------------------------------------------------------------------------------------------
| Intra Clock Table
| -----------------
------------------------------------------------------------------------------------------------

Clock             WNS(ns)      TNS(ns)  TNS Failing Endpoints  TNS Total Endpoints      WHS(ns)      THS(ns)  THS Failing Endpoints  THS Total Endpoints     WPWS(ns)     TPWS(ns)  TPWS Failing Endpoints  TPWS Total Endpoints  
-----             -------      -------  ---------------------  -------------------      -------      -------  ---------------------  -------------------     --------     --------  ----------------------  --------------------  
ap_clk             -0.517     -174.391                   1095                15288        0.096        0.000                      0                15288        1.020        0.000                       0                  6961  


------------------------------------------------------------------------------------------------
| Inter Clock Table
| -----------------
------------------------------------------------------------------------------------------------

From Clock    To Clock          WNS(ns)      TNS(ns)  TNS Failing Endpoints  TNS Total Endpoints      WHS(ns)      THS(ns)  THS Failing Endpoints  THS Total Endpoints  
----------    --------          -------      -------  ---------------------  -------------------      -------      -------  ---------------------  -------------------  


------------------------------------------------------------------------------------------------
| Other Path Groups Table
| -----------------------
------------------------------------------------------------------------------------------------

Path Group    From Clock    To Clock          WNS(ns)      TNS(ns)  TNS Failing Endpoints  TNS Total Endpoints      WHS(ns)      THS(ns)  THS Failing Endpoints  THS Total Endpoints  
----------    ----------    --------          -------      -------  ---------------------  -------------------      -------      -------  ---------------------  -------------------  


------------------------------------------------------------------------------------------------
| Timing Details
| --------------
------------------------------------------------------------------------------------------------


---------------------------------------------------------------------------------------------------
From Clock:  ap_clk
  To Clock:  ap_clk

Setup :         1095  Failing Endpoints,  Worst Slack       -0.517ns,  Total Violation     -174.391ns
Hold  :            0  Failing Endpoints,  Worst Slack        0.096ns,  Total Violation        0.000ns
PW    :            0  Failing Endpoints,  Worst Slack        1.020ns,  Total Violation        0.000ns
---------------------------------------------------------------------------------------------------


Max Delay Paths
--------------------------------------------------------------------------------------
Slack (VIOLATED) :        -0.517ns  (required time - arrival time)
  Source:                 dense_resource_rf_leq_nin_ap_int_16_ap_int_48_config2_U0/icmp_ln46_reg_610_pp0_iter10_reg_reg[0]__0_rep/C
                            (rising edge-triggered cell FDRE clocked by ap_clk  {rise@0.000ns fall@2.000ns period=4.000ns})
  Destination:            dense_resource_rf_leq_nin_ap_int_16_ap_int_48_config2_U0/mac_muladd_16s_16s_34s_34_4_1_U8/SampleNeuralNet_mac_muladd_16s_16s_34s_34_4_1_DSP48_0_U/p_reg_reg/C[27]
                            (rising edge-triggered cell DSP48E1 clocked by ap_clk  {rise@0.000ns fall@2.000ns period=4.000ns})
  Path Group:             ap_clk
  Path Type:              Setup (Max at Slow Process Corner)
  Requirement:            4.000ns  (ap_clk rise@4.000ns - ap_clk rise@0.000ns)
  Data Path Delay:        2.732ns  (logic 0.580ns (21.230%)  route 2.152ns (78.770%))
  Logic Levels:           1  (LUT4=1)
  Clock Path Skew:        -0.049ns (DCD - SCD + CPR)
    Destination Clock Delay (DCD):    0.924ns = ( 4.924 - 4.000 ) 
    Source Clock Delay      (SCD):    0.973ns
    Clock Pessimism Removal (CPR):    0.000ns
  Clock Uncertainty:      0.035ns  ((TSJ^2 + TIJ^2)^1/2 + DJ) / 2 + PE
    Total System Jitter     (TSJ):    0.071ns
    Total Input Jitter      (TIJ):    0.000ns
    Discrete Jitter          (DJ):    0.000ns
    Phase Error              (PE):    0.000ns

    Location             Delay type                Incr(ns)  Path(ns)    Netlist Resource(s)
  -------------------------------------------------------------------    -------------------
                         (clock ap_clk rise edge)     0.000     0.000 r  
                                                      0.000     0.000 r  ap_clk (IN)
                         net (fo=6960, unset)         0.973     0.973    dense_resource_rf_leq_nin_ap_int_16_ap_int_48_config2_U0/ap_clk
    SLICE_X15Y37         FDRE                                         r  dense_resource_rf_leq_nin_ap_int_16_ap_int_48_config2_U0/icmp_ln46_reg_610_pp0_iter10_reg_reg[0]__0_rep/C
  -------------------------------------------------------------------    -------------------
    SLICE_X15Y37         FDRE (Prop_fdre_C_Q)         0.456     1.429 r  dense_resource_rf_leq_nin_ap_int_16_ap_int_48_config2_U0/icmp_ln46_reg_610_pp0_iter10_reg_reg[0]__0_rep/Q
                         net (fo=69, routed)          1.172     2.601    dense_resource_rf_leq_nin_ap_int_16_ap_int_48_config2_U0/mac_muladd_16s_16s_34s_34_4_1_U8/SampleNeuralNet_mac_muladd_16s_16s_34s_34_4_1_DSP48_0_U/p_reg_reg_1
    SLICE_X19Y36         LUT4 (Prop_lut4_I2_O)        0.124     2.725 r  dense_resource_rf_leq_nin_ap_int_16_ap_int_48_config2_U0/mac_muladd_16s_16s_34s_34_4_1_U8/SampleNeuralNet_mac_muladd_16s_16s_34s_34_4_1_DSP48_0_U/p_reg_reg_i_7__9/O
                         net (fo=1, routed)           0.980     3.705    dense_resource_rf_leq_nin_ap_int_16_ap_int_48_config2_U0/mac_muladd_16s_16s_34s_34_4_1_U8/SampleNeuralNet_mac_muladd_16s_16s_34s_34_4_1_DSP48_0_U/p_reg_reg_i_7__9_n_0
    DSP48_X0Y15          DSP48E1                                      r  dense_resource_rf_leq_nin_ap_int_16_ap_int_48_config2_U0/mac_muladd_16s_16s_34s_34_4_1_U8/SampleNeuralNet_mac_muladd_16s_16s_34s_34_4_1_DSP48_0_U/p_reg_reg/C[27]
  -------------------------------------------------------------------    -------------------

                         (clock ap_clk rise edge)     4.000     4.000 r  
                                                      0.000     4.000 r  ap_clk (IN)
                         net (fo=6960, unset)         0.924     4.924    dense_resource_rf_leq_nin_ap_int_16_ap_int_48_config2_U0/mac_muladd_16s_16s_34s_34_4_1_U8/SampleNeuralNet_mac_muladd_16s_16s_34s_34_4_1_DSP48_0_U/ap_clk
    DSP48_X0Y15          DSP48E1                                      r  dense_resource_rf_leq_nin_ap_int_16_ap_int_48_config2_U0/mac_muladd_16s_16s_34s_34_4_1_U8/SampleNeuralNet_mac_muladd_16s_16s_34s_34_4_1_DSP48_0_U/p_reg_reg/CLK
                         clock pessimism              0.000     4.924    
                         clock uncertainty           -0.035     4.889    
    DSP48_X0Y15          DSP48E1 (Setup_dsp48e1_CLK_C[27])
                                                     -1.701     3.188    dense_resource_rf_leq_nin_ap_int_16_ap_int_48_config2_U0/mac_muladd_16s_16s_34s_34_4_1_U8/SampleNeuralNet_mac_muladd_16s_16s_34s_34_4_1_DSP48_0_U/p_reg_reg
  -------------------------------------------------------------------
                         required time                          3.188    
                         arrival time                          -3.705    
  -------------------------------------------------------------------
                         slack                                 -0.517    





Min Delay Paths
--------------------------------------------------------------------------------------
Slack (MET) :             0.096ns  (arrival time - required time)
  Source:                 thresholded_relu_ap_int_48_ap_int_48_ap_int_16_thresholdedrelu_config3_U0/trunc_ln552_18_reg_312_pp0_iter1_reg_reg[7]/C
                            (rising edge-triggered cell FDRE clocked by ap_clk  {rise@0.000ns fall@2.000ns period=4.000ns})
  Destination:            thresholded_relu_ap_int_48_ap_int_48_ap_int_16_thresholdedrelu_config3_U0/ap_return_4_preg_reg[7]/D
                            (rising edge-triggered cell FDRE clocked by ap_clk  {rise@0.000ns fall@2.000ns period=4.000ns})
  Path Group:             ap_clk
  Path Type:              Hold (Min at Fast Process Corner)
  Requirement:            0.000ns  (ap_clk rise@0.000ns - ap_clk rise@0.000ns)
  Data Path Delay:        0.238ns  (logic 0.186ns (78.117%)  route 0.052ns (21.883%))
  Logic Levels:           1  (LUT4=1)
  Clock Path Skew:        0.022ns (DCD - SCD - CPR)
    Destination Clock Delay (DCD):    0.432ns
    Source Clock Delay      (SCD):    0.410ns
    Clock Pessimism Removal (CPR):    -0.000ns

    Location             Delay type                Incr(ns)  Path(ns)    Netlist Resource(s)
  -------------------------------------------------------------------    -------------------
                         (clock ap_clk rise edge)     0.000     0.000 r  
                                                      0.000     0.000 r  ap_clk (IN)
                         net (fo=6960, unset)         0.410     0.410    thresholded_relu_ap_int_48_ap_int_48_ap_int_16_thresholdedrelu_config3_U0/ap_clk
    SLICE_X17Y44         FDRE                                         r  thresholded_relu_ap_int_48_ap_int_48_ap_int_16_thresholdedrelu_config3_U0/trunc_ln552_18_reg_312_pp0_iter1_reg_reg[7]/C
  -------------------------------------------------------------------    -------------------
    SLICE_X17Y44         FDRE (Prop_fdre_C_Q)         0.141     0.551 r  thresholded_relu_ap_int_48_ap_int_48_ap_int_16_thresholdedrelu_config3_U0/trunc_ln552_18_reg_312_pp0_iter1_reg_reg[7]/Q
                         net (fo=1, routed)           0.052     0.603    thresholded_relu_ap_int_48_ap_int_48_ap_int_16_thresholdedrelu_config3_U0/trunc_ln552_18_reg_312_pp0_iter1_reg[7]
    SLICE_X16Y44         LUT4 (Prop_lut4_I2_O)        0.045     0.648 r  thresholded_relu_ap_int_48_ap_int_48_ap_int_16_thresholdedrelu_config3_U0/ap_return_4_preg[7]_i_1/O
                         net (fo=2, routed)           0.000     0.648    thresholded_relu_ap_int_48_ap_int_48_ap_int_16_thresholdedrelu_config3_U0/ap_return_4_preg_reg[15]_0[7]
    SLICE_X16Y44         FDRE                                         r  thresholded_relu_ap_int_48_ap_int_48_ap_int_16_thresholdedrelu_config3_U0/ap_return_4_preg_reg[7]/D
  -------------------------------------------------------------------    -------------------

                         (clock ap_clk rise edge)     0.000     0.000 r  
                                                      0.000     0.000 r  ap_clk (IN)
                         net (fo=6960, unset)         0.432     0.432    thresholded_relu_ap_int_48_ap_int_48_ap_int_16_thresholdedrelu_config3_U0/ap_clk
    SLICE_X16Y44         FDRE                                         r  thresholded_relu_ap_int_48_ap_int_48_ap_int_16_thresholdedrelu_config3_U0/ap_return_4_preg_reg[7]/C
                         clock pessimism              0.000     0.432    
    SLICE_X16Y44         FDRE (Hold_fdre_C_D)         0.121     0.553    thresholded_relu_ap_int_48_ap_int_48_ap_int_16_thresholdedrelu_config3_U0/ap_return_4_preg_reg[7]
  -------------------------------------------------------------------
                         required time                         -0.553    
                         arrival time                           0.648    
  -------------------------------------------------------------------
                         slack                                  0.096    





Pulse Width Checks
--------------------------------------------------------------------------------------
Clock Name:         ap_clk
Waveform(ns):       { 0.000 2.000 }
Period(ns):         4.000
Sources:            { ap_clk }

Check Type        Corner  Lib Pin             Reference Pin  Required(ns)  Actual(ns)  Slack(ns)  Location      Pin
Min Period        n/a     RAMB18E1/CLKARDCLK  n/a            2.576         4.000       1.424      RAMB18_X1Y14  dense_resource_rf_leq_nin_ap_int_16_ap_int_48_config2_U0/w2_95_U/q0_t0_reg/CLKARDCLK
Low Pulse Width   Slow    SRL16E/CLK          n/a            0.980         2.000       1.020      SLICE_X24Y33  dense_resource_rf_leq_nin_ap_int_16_ap_int_48_config2_U0/ap_loop_exit_ready_pp0_iter9_reg_reg_srl9/CLK
High Pulse Width  Slow    SRL16E/CLK          n/a            0.980         2.000       1.020      SLICE_X24Y33  dense_resource_rf_leq_nin_ap_int_16_ap_int_48_config2_U0/ap_loop_exit_ready_pp0_iter9_reg_reg_srl9/CLK



